09-13 15:41:30.614  2580  6024 I ActivityTaskManager: START u0 {act=android.intent.action.MAIN cat=[android.intent.category.LAUNCHER] flg=0x10200000 cmp=com.gamepub.pt/com.unity3d.player.UnityPlayerActivity bnds=[548,468][800,756] mCallingUid=10181} from uid 10181
09-13 15:41:30.630  2580  6024 I OplusScreenSecurityMask: onStackAdded task = Task{aca9eb9 #107 type=standard A=12448:com.gamepub.pt U=0 visible=false mode=fullscreen translucent=true sz=0} record = null displayId = 0
09-13 15:41:30.634  2580  6024 D CompactWindowManagerService: onOriginListAdded child: ActivityRecord{b822fe u0 com.gamepub.pt/com.unity3d.player.UnityPlayerActivity t107}; parent: Task{aca9eb9 #107 type=standard A=12448:com.gamepub.pt U=0 visible=true mode=fullscreen translucent=true sz=1}
09-13 15:41:30.634  2580  6024 I OplusCompactWindowManagerService: supportMultiResume :true in package :com.gamepub.pt
09-13 15:41:30.634  2580  6024 D TaskExtImpl: add ActivityRecord{b822fe u0 com.gamepub.pt/com.unity3d.player.UnityPlayerActivity t107} to mActivityRecordSum = Counter{ com.gamepub.pt/com.unity3d.player.UnityPlayerActivity(1) }
09-13 15:41:30.636  2580  6024 D ActivityTaskManager: getStartingWindowType: newTask=true, taskSwitch=true, processRunning=true, allowTaskSnapshot=true, activityCreated=false, snapshot=null, record:ActivityRecord{b822fe u0 com.gamepub.pt/com.unity3d.player.UnityPlayerActivity t107}
09-13 15:41:30.638  2580  6024 V OplusZoomWindowManagerService: windowMode: 0 ,stack: Task{aca9eb9 #107 type=standard A=12448:com.gamepub.pt U=0 visible=true mode=fullscreen translucent=true sz=1}
09-13 15:41:30.644  3233  3461 D WindowManager: Add to mViews: android.widget.FrameLayout{2809bc8 V.E...... ......I. 0,0-0,0},pkg= com.gamepub.pt
09-13 15:41:30.650  2580  6062 I OplusHansManager : front pkg: com.gamepub.pt, uid: 12448, prev pkg: com.android.launcher, prev uid: 10181
09-13 15:41:30.650  2580  3724 I OplusHansManager : uid=12448, pkg=com.gamepub.pt R exit SM
09-13 15:41:30.651  2580  6062 I ActivityTaskManager: The Process com.gamepub.pt Already Exists in BG. So sending its PID: 32035
09-13 15:41:30.651  2580  3724 I OplusHansManager : uid=12448, pkg=com.gamepub.pt R exit()
09-13 15:41:30.655  2580  3749 I OplusResourcePreloadManager: resume pkg: com.gamepub.pt, uid:12448, prev pkg: com.android.launcher, prev uid: 10181
09-13 15:41:30.656  2580  4003 V DCSEX-AppSwitchManager: OnAppSwitchObserver: onAppExit, resuming = com.gamepub.pt, target = com.android.launcher, is ResumingFirstStart =  false, is ResumingMultiApp =  false, extensionInfo =  Bundle[{taskId=107, uid=12448}]
09-13 15:41:30.656  2580  6062 I InputDispatcher: setFocusedApplication displayId=0 ActivityRecord{b822fe u0 com.gamepub.pt/com.unity3d.player.UnityPlayerActivity t107}
09-13 15:41:30.657  2580  7693 D DCSEX-AppLaunchEventRecorder: onAppSwitch from = com.android.launcher to = com.gamepub.pt
09-13 15:41:30.662  2580  4003 D OplusEapManager: mTargetEnterName :com.gamepub.pt
09-13 15:41:30.662  2580  4003 V DCSEX-AppSwitchManager: OnAppSwitchObserver: onAppEnter, launchedFrom =  com.android.launcher, target =  com.gamepub.pt, is firstStart =  false, is multiApp =  false, extensionInfo =  Bundle[{taskId=107, pid=32035, uid=12448}]
09-13 15:41:30.662  2580  4003 D VRR [OPlusFrontAppManager]: OnAppSwitchObserver: onAppEnter , info.targetName = com.gamepub.pt
09-13 15:41:30.662  2580  2654 D VRR [OPlusRefreshRateService]: handleFrontAppChange pkgName: com.gamepub.pt
09-13 15:41:30.662  2580  2654 D VRR [OPlusExternalRefreshRateManager]: setFrontPackageName pkgName: com.gamepub.pt CurPkgName: null
09-13 15:41:30.663  2580  3846 D OplusDisplayPolicy: com.gamepub.pt, no change cutoutMode: 0
09-13 15:41:30.664  2580  2612 D OplusKeepAliveManager: TOP_APP is ProcessRecord{7ded0f9 32035:com.gamepub.pt/u0a2448} uid is 12448
09-13 15:41:30.665  2580  2637 E OplusThermalStats: Error getting package info: com.gamepub.pt
09-13 15:41:30.667  3905 10720 W Battery : ThermalControlUtils: mForegroundPkg=com.gamepub.pt
09-13 15:41:30.672  2580  4963 D OplusDisplayPolicy: com.gamepub.pt, no change cutoutMode: 0
09-13 15:41:30.692  1381  1381 D OplusLayer: setBuffer sequence=4763, name=Splash Screen com.gamepub.pt#0
09-13 15:41:30.709  2580  2613 D CompactWindowManagerService: updateBackgroundSurface openingApp: ActivityRecord{b822fe u0 com.gamepub.pt/com.unity3d.player.UnityPlayerActivity t107}
09-13 15:41:30.727  2580  2613 I WindowStateExtImpl: onSurfaceShowChange show = true mPackageName = com.gamepub.pt parentPkgName = com.gamepub.pt
09-13 15:41:30.757  2580  4963 D OplusWifiTransactionHelper: notifyGameInfoJsonStr: gameInfo = {"PKG_NAME":"com.gamepub.pt","GAME_PLAYING":1}
09-13 15:41:30.764  3847 21757 D OplusLinkLatencyManagerService: gameOptimizeSetLoad.id:2, pkgName:com.gamepub.pt
09-13 15:41:30.771 30857 30891 I Quality : 17001301:32035 com.gamepub.pt GAME_START
09-13 15:41:30.775 32035 32035 D nativeloader: Load /data/app/~~jIA4Sf3SfLvloX-x2iPKQg==/com.gamepub.pt--ru4eygTYKgOWUIGB_6OVw==/lib/arm64/libModLoader.so using ns clns-5 from class loader (caller=/data/app/~~jIA4Sf3SfLvloX-x2iPKQg==/com.gamepub.pt--ru4eygTYKgOWUIGB_6OVw==/base.apk!classes3.dex): ok
09-13 15:41:30.778  2580  3846 D OplusWifiTransactionHelper: Get notifyGameModeState: state = true pkgName = com.gamepub.pt
09-13 15:41:30.778  2580  3846 D OplusWifiCoexManager: setGameModeState: gameStateIn=true pkgName=com.gamepub.pt uid=12448
09-13 15:41:30.783  2580  5835 D OplusAppListInterceptManager: shouldFilterTask::packageName = com.gamepub.pt
09-13 15:41:30.787  2580  4963 D OplusWifiTransactionHelper: notifyGameInfoJsonStr: gameInfo = {"PKG_NAME":"com.gamepub.pt","APP_FOREGROUND":false}
09-13 15:41:30.808 32035 32035 D nativeloader: Load /data/app/~~jIA4Sf3SfLvloX-x2iPKQg==/com.gamepub.pt--ru4eygTYKgOWUIGB_6OVw==/lib/arm64/libfrida-gadget.so using ns clns-5 from class loader (caller=/data/app/~~jIA4Sf3SfLvloX-x2iPKQg==/com.gamepub.pt--ru4eygTYKgOWUIGB_6OVw==/base.apk!classes3.dex): ok
09-13 15:41:30.832  3905  7076 W ziparchive: Unable to open '/data/app/~~jIA4Sf3SfLvloX-x2iPKQg==/com.gamepub.pt--ru4eygTYKgOWUIGB_6OVw==/base.dm': No such file or directory
09-13 15:41:30.829  3905  3905 W LogcatParserThr: type=1400 audit(0.0:22097): avc: denied { write } for name="com.gamepub.pt--ru4eygTYKgOWUIGB_6OVw==" dev="sda11" ino=830061 scontext=u:r:system_app:s0 tcontext=u:object_r:apk_data_file:s0 tclass=dir permissive=0
09-13 15:41:30.832  3905  7076 W ziparchive: Unable to open '/data/app/~~jIA4Sf3SfLvloX-x2iPKQg==/com.gamepub.pt--ru4eygTYKgOWUIGB_6OVw==/base.dm': No such file or directory
09-13 15:41:30.857 32035 32035 D nativeloader: Load /data/app/~~jIA4Sf3SfLvloX-x2iPKQg==/com.gamepub.pt--ru4eygTYKgOWUIGB_6OVw==/lib/arm64/libmain.so using ns clns-5 from class loader (caller=/data/app/~~jIA4Sf3SfLvloX-x2iPKQg==/com.gamepub.pt--ru4eygTYKgOWUIGB_6OVw==/base.apk!classes3.dex): ok
09-13 15:41:31.003  2580  6073 V OplusZoomWindowManagerService: onAnimationFinished:  r = ActivityRecord{b822fe u0 com.gamepub.pt/com.unity3d.player.UnityPlayerActivity t107}
09-13 15:41:31.003  2580  6073 I OplusAppSwitchManagerService:  handleAppVisible , r = ActivityRecord{b822fe u0 com.gamepub.pt/com.unity3d.player.UnityPlayerActivity t107}
09-13 15:41:31.080  1377 31164 D AudioFlingerExtImpl: AudioFlingerExtImpl oplusSetParameters: keyvalue currentGamePackageName=com.gamepub.pt
09-13 15:41:31.080 16172 16443 D AppSortManager: updateApp app:com.gamepub.pt
09-13 15:41:31.081  1377 31164 D AudioFlingerExtImpl: MagicVoiceSetParameters, tempCurrentPackageName:com.gamepub.pt
09-13 15:41:31.081  1317  2983 D audio_hw_primary: adev_set_parameters: enter: currentGamePackageName=com.gamepub.pt
09-13 15:41:31.086 16172 16172 W FrameInsert: getDisplayFunctionCapability for com.gamepub.pt enter
09-13 15:41:31.087  2580  6061 D OplusWifiTransactionHelper: notifyGameInfoJsonStr: gameInfo = {"PKG_NAME":"com.gamepub.pt","PERFORMANCE_MODE":0}
09-13 15:41:31.092  2580  6024 D OplusWifiTransactionHelper: notifyGameInfoJsonStr: gameInfo = {"PKG_NAME":"com.gamepub.pt","PERFORMANCE_MODE":0}
09-13 15:41:31.111 32035 32035 I Quality : ActivityThread: activityStart delay 415 com.gamepub.pt 32035
09-13 15:41:31.114 16172 16375 D network : getData for https://games-community-sg.heytapmobile.com/games/tool/recharge/page/jump?pkgName=com.gamepub.pt started !!
09-13 15:41:31.115 16172 16375 I httpdns : HttpDnsInterceptor.preIntercept, input: https://games-community-sg.heytapmobile.com/games/tool/recharge/page/jump?pkgName=com.gamepub.pt
09-13 15:41:31.116 16172 16375 I httpdns : HttpDnsInterceptor.preIntercept, output: https://games-community-sg.heytapmobile.com/games/tool/recharge/page/jump?pkgName=com.gamepub.pt
09-13 15:41:31.118 32035 32035 D AudioManagerExtImpl: getStreamVolume packageName=com.gamepub.pt, index=0, streamType=3
09-13 15:41:31.133 32035 32035 D OplusSlideAnimOptHelper: com.gamepub.pt scrollEffectOpt enable = false
09-13 15:41:31.137 32035 32035 D WindowManager: Add to mViews: DecorView@ce03ca4[UnityPlayerActivity],pkg= com.gamepub.pt
09-13 15:41:31.145  2580  6061 D OplusDisplayPolicy: com.gamepub.pt, no change cutoutMode: 0
09-13 15:41:31.156 32035 32035 E com.gamepub.pt: ofbOpen failed with error=No such file or directory
09-13 15:41:31.156 32035 32035 E com.gamepub.pt: sysOpen failed with error=No such file or directory
09-13 15:41:31.161  2580  6073 D OplusDisplayPolicy: com.gamepub.pt, no change cutoutMode: 0
09-13 15:41:31.165  2580  6073 V WindowManager: Changing focus from null to Window{e742b2b u0 com.gamepub.pt/com.unity3d.player.UnityPlayerActivity},diplayid=0
09-13 15:41:31.165  2580  6073 D CompactWindowManagerService: notifyCompactWindowState task: Task{aca9eb9 #107 type=standard A=12448:com.gamepub.pt U=0 visible=true mode=fullscreen translucent=false sz=1}; hasFocus: true
09-13 15:41:31.165  2580  6073 D ActivityTaskManager: onWindowFocusChanged Task{aca9eb9 #107 type=standard A=12448:com.gamepub.pt U=0 visible=true mode=fullscreen translucent=false sz=1} would transfer to compact
09-13 15:41:31.170  3905  4181 W AuthDialogHelper: checkNotificationSwitchFirst() called with: context = [com.oplus.notification.NotificationCenterService@754e682], pkg = [com.gamepub.pt], uid = [12448], userId = [0], init checker
09-13 15:41:31.170  3905  4181 E AuthDialogHelper: CheckNotificationCanBeSetSecond: check com.gamepub.pt , Notification master switch on, unable to pop dialog
09-13 15:41:31.172 16172 16375 I httpdns : HttpDnsInterceptor.afterIntercept, https://games-community-sg.heytapmobile.com/games/tool/recharge/page/jump?pkgName=com.gamepub.pt#200#null
09-13 15:41:31.176 16172 16375 D network : return  NetworkResponse for https://games-community-sg.heytapmobile.com/games/tool/recharge/page/jump?pkgName=com.gamepub.pt took 62
09-13 15:41:31.176 16172 16375 D network : desiriaize for https://games-community-sg.heytapmobile.com/games/tool/recharge/page/jump?pkgName=com.gamepub.pt return  NetworkResponse took 0
09-13 15:41:31.176 16172 16375 D network : getData for https://games-community-sg.heytapmobile.com/games/tool/recharge/page/jump?pkgName=com.gamepub.pt took : 62
09-13 15:41:31.211  2580  2613 D OplusStartingWindowManager: interceptRemoveStartingWindow activity.packageName=com.gamepub.pt isSnapshot=false mStartingSurfaceRunnable=null
09-13 15:41:31.213  1381  1381 D OplusLayer: setBuffer sequence=4771, name=com.gamepub.pt/com.unity3d.player.UnityPlayerActivity#0
09-13 15:41:31.215  2580  2613 I Quality : LaunchTime2.0: com.gamepub.pt/com.unity3d.player.UnityPlayerActivity 2 570
09-13 15:41:31.217  2580  2608 W ziparchive: Unable to open '/data/app/~~jIA4Sf3SfLvloX-x2iPKQg==/com.gamepub.pt--ru4eygTYKgOWUIGB_6OVw==/base.dm': No such file or directory
09-13 15:41:31.223  2580  2608 I ActivityTaskManager: Displayed com.gamepub.pt/com.unity3d.player.UnityPlayerActivity: +601ms
09-13 15:41:31.225  2580  6061 W InputManager-JNI: Input channel object '2b147ae Splash Screen com.gamepub.pt (client)' was disposed without first being removed with the input manager!
09-13 15:41:31.232  2580  6062 I FocusResolver: updateFocusedWindow, e742b2b com.gamepub.pt/com.unity3d.player.UnityPlayerActivity on display 0, reason: Window became focusable. Previous reason: NOT_VISIBLE, result:   FocusedWindows:
09-13 15:41:31.232  2580  6062 I FocusResolver:     displayId=0, name='e742b2b com.gamepub.pt/com.unity3d.player.UnityPlayerActivity'
09-13 15:41:31.242  2580  6073 D InputMethodManagerService: isSecurity: attribute.packageName=com.gamepub.pt mCurMethodId=com.google.android.inputmethod.latin/com.android.inputmethod.latin.LatinIME
09-13 15:41:31.254  8803  8803 I GoogleInputMethodService: GoogleInputMethodService.onStartInput():1315 onStartInput(EditorInfo{EditorInfo{packageName=com.gamepub.pt, inputType=0, inputTypeString=NULL, enableLearning=false, autoCorrection=false, autoComplete=false, imeOptions=0, privateImeOptions=null, actionName=UNSPECIFIED, actionLabel=null, initialSelStart=-1, initialSelEnd=-1, initialCapsMode=0, label=null, fieldId=2131230979, fieldName=null, extras=null, hintText=null, hintLocales=[]}}, false)
09-13 15:41:31.260 32035 32125 W com.gamepub.pt: Accessing hidden method Ljava/lang/invoke/MethodHandles$Lookup;-><init>(Ljava/lang/Class;I)V (unsupported, reflection, allowed)
09-13 15:41:31.323 32035 32125 I Unity   : ApplicationInfo com.gamepub.pt version 2.5.04 build 71bdce8f-328c-4ebd-bde8-746e4996a98c
09-13 15:41:31.328  2580  4982 D OplusDisplayPolicy: com.gamepub.pt, no change cutoutMode: 0
09-13 15:41:31.330  2580  4982 D WindowManager: Acquiring screen wakelock due to Window{e742b2b u0 com.gamepub.pt/com.unity3d.player.UnityPlayerActivity}
09-13 15:41:31.341 17314  3358 I Finsky  : [3155] requestDownloadInfo() for package: com.gamepub.pt
09-13 15:41:31.344 17314  3358 I Finsky  : [3155] getSessionStates for package: com.gamepub.pt
09-13 15:41:31.346  2580  4982 D OplusDisplayPolicy: com.gamepub.pt, no change cutoutMode: 0
09-13 15:41:31.347 17314  3358 I Finsky  : [3155] requestDownloadInfo() for package: com.gamepub.pt
09-13 15:41:31.352 17314 32138 I Finsky  : [3616] com.gamepub.pt is installed but certificate mismatch
09-13 15:41:31.366 17314 32138 I Finsky  : [3616] com.gamepub.pt is installed but certificate mismatch
09-13 15:41:31.410  2580  2613 I WindowStateExtImpl: onSurfaceShowChange show = false mPackageName = com.gamepub.pt parentPkgName = com.gamepub.pt
09-13 15:41:31.425  1381  1381 D OplusLayer: ~Layer() sequence=4779, name=Surface(name=2b147ae Splash Screen com.gamepub.pt)/@0xe9906b8 - animation-leash of window_animation#0 0xb400007e1a65e600
09-13 15:41:31.425  1381  1381 D OplusLayer: ~Layer() sequence=4762, name=2b147ae Splash Screen com.gamepub.pt#0 0xb400007e1eb3de80
09-13 15:41:31.427  1381  1381 D OplusLayer: ~Layer() sequence=4763, name=Splash Screen com.gamepub.pt#0 0xb400007e1a687b80
09-13 15:41:31.688 32035 32125 D com.gamepub.pt: PlayerBase::PlayerBase()
09-13 15:41:31.691 32035 32125 D com.gamepub.pt: TrackPlayerBase::TrackPlayerBase()
09-13 15:41:31.695  1377  8199 V ListServiceUtils: checkInListByUid pid:32035 procName:com.gamepub.pt cost 169us return 0
09-13 15:41:31.695  1377  8199 V ListServiceUtils: checkInListByUid uid:12448 procName:com.gamepub.pt cost 58us return 0
09-13 15:41:31.695  1377  8199 D voice_scence_discern: get scence process name:com.gamepub.pt
09-13 15:41:31.695  1377  8199 D OplusAudioVoiceScence: scenceState=0, flags=0x104, clientPname=com.gamepub.pt
09-13 15:41:31.714  5036 20376 D DetectSceneService: activeAudioAppList = [com.gamepub.pt]
09-13 15:41:31.718  5036 20376 D DetectSceneService: activeAudioAppList = [com.gamepub.pt]
09-13 15:41:31.871  2580  6073 D SensorServiceImpl: isAllowOplusAMD =com.gamepub.pt
09-13 15:41:32.126  2580  6073 D OplusDisplayPolicy: com.gamepub.pt, no change cutoutMode: 0
09-13 15:41:32.158 32035 32125 D nativeloader: Load /data/app/~~jIA4Sf3SfLvloX-x2iPKQg==/com.gamepub.pt--ru4eygTYKgOWUIGB_6OVw==/lib/arm64/libFirebaseCppApp-10_1_1.so using ns clns-5 from class loader (caller=/data/app/~~jIA4Sf3SfLvloX-x2iPKQg==/com.gamepub.pt--ru4eygTYKgOWUIGB_6OVw==/base.apk!classes3.dex): ok
09-13 15:41:32.265 32035 32125 I com.gamepub.pt: Waiting for a blocking GC ClassLinker
09-13 15:41:32.286 32035 32125 I com.gamepub.pt: WaitForGcToComplete blocked ClassLinker on NativeAlloc for 21.716ms
09-13 15:41:32.357  2580  4982 D ConnectivityService: requestNetwork for uid/pid:12448/32035 activeRequest: null callbackRequest: 2151 [NetworkRequest [ REQUEST id=2152, [ Capabilities: INTERNET&NOT_RESTRICTED&TRUSTED&NOT_VCN_MANAGED Uid: 12448 RequestorUid: 12448 RequestorPkg: com.gamepub.pt UnderlyingNetworks: Null] ]] callback flags: 0 order: 2147483647 isUidTracked: false declaredMethods: ALL
09-13 15:41:32.363  2580  2938 D WifiNetworkFactory: got request NetworkRequest [ REQUEST id=2152, [ Capabilities: INTERNET&NOT_RESTRICTED&TRUSTED&NOT_VCN_MANAGED Uid: 12448 RequestorUid: 12448 RequestorPkg: com.gamepub.pt UnderlyingNetworks: Null] ]
09-13 15:41:32.363  2580  2938 D UntrustedWifiNetworkFactory: got request NetworkRequest [ REQUEST id=2152, [ Capabilities: INTERNET&NOT_RESTRICTED&TRUSTED&NOT_VCN_MANAGED Uid: 12448 RequestorUid: 12448 RequestorPkg: com.gamepub.pt UnderlyingNetworks: Null] ]
09-13 15:41:32.364  2580  2938 D OemPaidWifiNetworkFactory: got request NetworkRequest [ REQUEST id=2152, [ Capabilities: INTERNET&NOT_RESTRICTED&TRUSTED&NOT_VCN_MANAGED Uid: 12448 RequestorUid: 12448 RequestorPkg: com.gamepub.pt UnderlyingNetworks: Null] ]
09-13 15:41:32.447 32035 32035 W com.gamepub.pt: Entry not found
09-13 15:41:32.514 32035 32125 D AudioManagerExtImpl: getStreamVolume packageName=com.gamepub.pt, index=0, streamType=3
09-13 15:41:32.570 32035 32125 D AudioManagerExtImpl: getStreamVolume packageName=com.gamepub.pt, index=0, streamType=3
09-13 15:41:32.595  2580  2629 I ActivityManager: Start proc 32235:com.google.android.webview:sandboxed_process0:org.chromium.content.app.SandboxedProcessService0:0/u0i49 for  {com.gamepub.pt/org.chromium.content.app.SandboxedProcessService0:0}
09-13 15:41:32.619 32035 32179 E com.gamepub.pt: Attempt to load writable dex file: /data/user/0/com.gamepub.pt/cache/app_resources_lib.jar
09-13 15:41:32.619 32035 32179 W ziparchive: Unable to open '/data/user/0/com.gamepub.pt/cache/app_resources_lib.dm': No such file or directory
09-13 15:41:32.646  1381  1381 D OplusLayer: setBuffer sequence=4776, name=SurfaceView[com.gamepub.pt/com.unity3d.player.UnityPlayerActivity](BLAST)#0
09-13 15:41:32.650 32035 32179 E com.gamepub.pt: Attempt to load writable dex file: /data/user/0/com.gamepub.pt/cache/google_api_resources_lib.jar
09-13 15:41:32.651 32035 32179 W ziparchive: Unable to open '/data/user/0/com.gamepub.pt/cache/google_api_resources_lib.dm': No such file or directory
09-13 15:41:32.689  2580  4982 D ConnectivityService: requestNetwork for uid/pid:12448/32035 activeRequest: null callbackRequest: 2153 [NetworkRequest [ REQUEST id=2154, [ Capabilities: INTERNET&NOT_RESTRICTED&TRUSTED&NOT_VCN_MANAGED Uid: 12448 RequestorUid: 12448 RequestorPkg: com.gamepub.pt UnderlyingNetworks: Null] ]] callback flags: 0 order: 2147483647 isUidTracked: false declaredMethods: ALL
09-13 15:41:32.692  2580  2938 D WifiNetworkFactory: got request NetworkRequest [ REQUEST id=2154, [ Capabilities: INTERNET&NOT_RESTRICTED&TRUSTED&NOT_VCN_MANAGED Uid: 12448 RequestorUid: 12448 RequestorPkg: com.gamepub.pt UnderlyingNetworks: Null] ]
09-13 15:41:32.692  2580  2938 D UntrustedWifiNetworkFactory: got request NetworkRequest [ REQUEST id=2154, [ Capabilities: INTERNET&NOT_RESTRICTED&TRUSTED&NOT_VCN_MANAGED Uid: 12448 RequestorUid: 12448 RequestorPkg: com.gamepub.pt UnderlyingNetworks: Null] ]
09-13 15:41:32.693  2580  2938 D OemPaidWifiNetworkFactory: got request NetworkRequest [ REQUEST id=2154, [ Capabilities: INTERNET&NOT_RESTRICTED&TRUSTED&NOT_VCN_MANAGED Uid: 12448 RequestorUid: 12448 RequestorPkg: com.gamepub.pt UnderlyingNetworks: Null] ]
09-13 15:41:32.744 32035 32276 I CameraManagerExtImpl: packagename is com.gamepub.pt
09-13 15:41:32.744 32035 32276 I OplusCameraManager: saveOpPackageName, mOpPackageName: com.gamepub.pt
09-13 15:41:32.745 32035 32276 I OplusCameraManagerGlobal: setClientInfo, packageName: com.gamepub.pt, uid: 12448, pid: 32035
09-13 15:41:32.759 32035 32179 E com.gamepub.pt: Attempt to load writable dex file: /data/user/0/com.gamepub.pt/cache/app_resources_lib.jar
09-13 15:41:32.759 32035 32179 W ziparchive: Unable to open '/data/user/0/com.gamepub.pt/cache/app_resources_lib.dm': No such file or directory
09-13 15:41:32.794 32035 32179 E com.gamepub.pt: Attempt to load writable dex file: /data/user/0/com.gamepub.pt/cache/google_api_resources_lib.jar
09-13 15:41:32.794 32035 32179 W ziparchive: Unable to open '/data/user/0/com.gamepub.pt/cache/google_api_resources_lib.dm': No such file or directory
09-13 15:41:32.883 32035 32179 D nativeloader: Load libFirebaseCppApp-10_1_0.so using ns clns-5 from class loader (caller=/data/app/~~jIA4Sf3SfLvloX-x2iPKQg==/com.gamepub.pt--ru4eygTYKgOWUIGB_6OVw==/base.apk!classes3.dex): dlopen failed: library "libFirebaseCppApp-10_1_0.so" not found
09-13 15:41:32.897 32035 32179 E com.gamepub.pt: Attempt to load writable dex file: /data/user/0/com.gamepub.pt/cache/auth_resources_lib.jar
09-13 15:41:32.897 32035 32179 W ziparchive: Unable to open '/data/user/0/com.gamepub.pt/cache/auth_resources_lib.dm': No such file or directory
09-13 15:41:32.898 32035 32179 I com.gamepub.pt: Waiting for a blocking GC ClassLinker
09-13 15:41:32.983  2580  3846 D ConnectivityService: requestNetwork for uid/pid:12448/32035 activeRequest: null callbackRequest: 2156 [NetworkRequest [ REQUEST id=2157, [ Capabilities: INTERNET&NOT_RESTRICTED&TRUSTED&NOT_VCN_MANAGED Uid: 12448 RequestorUid: 12448 RequestorPkg: com.gamepub.pt UnderlyingNetworks: Null] ]] callback flags: 0 order: 2147483647 isUidTracked: false declaredMethods: ALL
09-13 15:41:32.984  2580  2938 D WifiNetworkFactory: got request NetworkRequest [ REQUEST id=2157, [ Capabilities: INTERNET&NOT_RESTRICTED&TRUSTED&NOT_VCN_MANAGED Uid: 12448 RequestorUid: 12448 RequestorPkg: com.gamepub.pt UnderlyingNetworks: Null] ]
09-13 15:41:32.984  2580  2938 D UntrustedWifiNetworkFactory: got request NetworkRequest [ REQUEST id=2157, [ Capabilities: INTERNET&NOT_RESTRICTED&TRUSTED&NOT_VCN_MANAGED Uid: 12448 RequestorUid: 12448 RequestorPkg: com.gamepub.pt UnderlyingNetworks: Null] ]
09-13 15:41:32.984  2580  2938 D OemPaidWifiNetworkFactory: got request NetworkRequest [ REQUEST id=2157, [ Capabilities: INTERNET&NOT_RESTRICTED&TRUSTED&NOT_VCN_MANAGED Uid: 12448 RequestorUid: 12448 RequestorPkg: com.gamepub.pt UnderlyingNetworks: Null] ]
09-13 15:41:32.994 32035 32045 I com.gamepub.pt: Background young concurrent copying GC freed 3616KB AllocSpace bytes, 24(608KB) LOS objects, 19% free, 9662KB/11MB, paused 1.066ms,1.656ms total 128.062ms
09-13 15:41:32.994 32035 32179 I com.gamepub.pt: WaitForGcToComplete blocked ClassLinker on Background for 96.329ms
09-13 15:41:33.030 32035 32308 E com.gamepub.pt: Attempt to load writable dex file: /data/user/0/com.gamepub.pt/app_pccache/5/B6EA2E920DF34AD079952BEB09AEEF53F19B467E/pcam.jar
09-13 15:41:33.030 32035 32308 W ziparchive: Unable to open '/data/user/0/com.gamepub.pt/app_pccache/5/B6EA2E920DF34AD079952BEB09AEEF53F19B467E/pcam.dm': No such file or directory
09-13 15:41:33.093 32035 32035 W AdWorker(Defaul: type=1400 audit(0.0:22098): avc: granted { execute } for path="/data/data/com.gamepub.pt/app_pccache/5/B6EA2E920DF34AD079952BEB09AEEF53F19B467E/pcam.jar" dev="sda11" ino=2096532 scontext=u:r:untrusted_app:s0:c144,c265,c512,c768 tcontext=u:object_r:app_data_file:s0:c144,c265,c512,c768 tclass=file app=com.gamepub.pt
09-13 15:41:33.107 32035 32308 D nativeloader: Load /data/user/0/com.gamepub.pt/app_pccache/5/B6EA2E920DF34AD079952BEB09AEEF53F19B467E/pcam.jar!/libd61C20FA7A391.so using isolated ns clns-13 (caller=/data/user/0/com.gamepub.pt/app_pccache/5/B6EA2E920DF34AD079952BEB09AEEF53F19B467E/pcam.jar): ok
09-13 15:41:33.158 32035 32035 D AudioManagerExtImpl: getStreamVolume packageName=com.gamepub.pt, index=0, streamType=3
09-13 15:41:33.161  5008  8617 D OplusAtlasService: getAttributeByAppName module:oplus-getStreamMaxVolume packageName:com.gamepub.pt
09-13 15:41:33.194 32035 32045 I com.gamepub.pt: Background concurrent copying GC freed 3911KB AllocSpace bytes, 23(504KB) LOS objects, 49% free, 9003KB/17MB, paused 577us,495us total 122.937ms
09-13 15:41:33.206 32035 32035 D UnityAds: com.unity3d.services.core.misc.Utilities.writeFile() (line:129) :: Wrote file: /data/user/0/com.gamepub.pt/files/UnityAdsStorage-public-data.json
09-13 15:41:33.243 32035 32059 E com.gamepub.pt: No package ID 6a found for ID 0x6a0b000f.
09-13 15:41:33.272 32035 32308 I AudioManager: In isSpeakerphoneOn(), calling application: com.gamepub.pt
09-13 15:41:33.275 32035 32308 D AudioManagerExtImpl: getStreamVolume packageName=com.gamepub.pt, index=0, streamType=3
09-13 15:41:33.273 32035 32035 W com.gamepub.pt: type=1400 audit(0.0:22099): avc: denied { read } for name="/" dev="dm-15" ino=58 scontext=u:r:untrusted_app:s0:c144,c265,c512,c768 tcontext=u:object_r:rootfs:s0 tclass=dir permissive=0 app=com.gamepub.pt
09-13 15:41:33.281 32035 32308 D AudioManagerExtImpl: getStreamVolume packageName=com.gamepub.pt, index=0, streamType=2
09-13 15:41:33.336 32035 32035 W com.gamepub.pt: Attempt to remove non-JNI local reference
09-13 15:41:33.341  2580  6061 D OplusDisplayPolicy: com.gamepub.pt, no change cutoutMode: 0
09-13 15:41:33.393 32035 32200 I AudioManager: In isSpeakerphoneOn(), calling application: com.gamepub.pt
09-13 15:41:33.403 32035 32200 D AudioManagerExtImpl: getStreamVolume packageName=com.gamepub.pt, index=0, streamType=3
09-13 15:41:33.406 32035 32035 I Quality : Skipped: true 3 cost 60.168373 refreshRate 0 processName com.gamepub.pt
09-13 15:41:33.415 32035 32200 D AudioManagerExtImpl: getStreamVolume packageName=com.gamepub.pt, index=0, streamType=2
09-13 15:41:33.435 32035 32337 W com.gamepub.pt: Accessing hidden method Ldalvik/system/CloseGuard;->get()Ldalvik/system/CloseGuard; (unsupported,core-platform-api, reflection, allowed)
09-13 15:41:33.435 32035 32337 W com.gamepub.pt: Accessing hidden method Ldalvik/system/CloseGuard;->open(Ljava/lang/String;)V (unsupported,core-platform-api, reflection, allowed)
09-13 15:41:33.435 32035 32337 W com.gamepub.pt: Accessing hidden method Ldalvik/system/CloseGuard;->warnIfOpen()V (unsupported,core-platform-api, reflection, allowed)
09-13 15:41:33.585 32035 32319 V ironSourceSDK: INTERNAL: UIThread: false h run - collecting data for events: {isLimitAdTrackingEnabled=false, appVersion=2.5.04, mobileCarrier=Mobifone, tz=Asia/Ho_Chi_Minh, icc=vn, advertisingId=cdda8b38-56dc-4ead-b4a0-6a0b011e718f, language=vi, battery=83, mcc=452, connectionType=wifi, internalFreeMemory=57361, osVersion=31(12), appKey=15faaf7b5, firstSession=false, deviceOEM=OPPO, auid=59d19268-e75e-4e49-96fa-55997a550ac3, mnc=1, deviceOS=Android, mt=AdMob310, bundleId=com.gamepub.pt, sessionId=9cc1557c-c769-413d-b245-69254ce991c7, externalFreeMemory=57361, advertisingIdType=GAID, jb=false, sdkVersion=7.2.3.1, deviceModel=CPH2113, gmtMinutesOffset=420}
09-13 15:41:33.648 32035 32213 I AudioManager: In isSpeakerphoneOn(), calling application: com.gamepub.pt
09-13 15:41:33.658 32035 32213 D AudioManagerExtImpl: getStreamVolume packageName=com.gamepub.pt, index=0, streamType=3
09-13 15:41:33.663 32035 32213 D AudioManagerExtImpl: getStreamVolume packageName=com.gamepub.pt, index=0, streamType=2
09-13 15:41:33.669 32035 32326 D AudioManagerExtImpl: getStreamVolume packageName=com.gamepub.pt, index=0, streamType=3
09-13 15:41:33.669  5008  8617 D OplusAtlasService: getAttributeByAppName module:oplus-getStreamMaxVolume packageName:com.gamepub.pt
09-13 15:41:33.671 32035 32204 I AudioManager: In isSpeakerphoneOn(), calling application: com.gamepub.pt
09-13 15:41:33.675 32035 32204 D AudioManagerExtImpl: getStreamVolume packageName=com.gamepub.pt, index=0, streamType=3
09-13 15:41:33.687 32035 32204 D AudioManagerExtImpl: getStreamVolume packageName=com.gamepub.pt, index=0, streamType=2
09-13 15:41:33.824  5008  8617 D OplusAtlasService: getAttributeByAppName module:oplus-getStreamMaxVolume packageName:com.gamepub.pt
09-13 15:41:33.830 32035 32337 D AudioManagerExtImpl: getStreamVolume packageName=com.gamepub.pt, index=0, streamType=3
09-13 15:41:34.043 32035 32045 I com.gamepub.pt: Background young concurrent copying GC freed 6583KB AllocSpace bytes, 34(892KB) LOS objects, 0% free, 20MB/20MB, paused 1.410ms,2.183ms total 258.397ms
09-13 15:41:34.172 32035 32045 I com.gamepub.pt: Background concurrent copying GC freed 3055KB AllocSpace bytes, 14(17MB) LOS objects, 50% free, 22MB/44MB, paused 5.812ms,1.476ms total 126.509ms
09-13 15:41:34.194 32035 32035 I Quality : Skipped: true 8 cost 149.04909 refreshRate 0 processName com.gamepub.pt
09-13 15:41:34.429 17314  3358 I Finsky  : [3155] com.gamepub.pt: Account from first account - [0lZTY1HnOeF5H89UIj3abDG2uiFQYAS2-dZyNwldDdo]
09-13 15:41:34.430 17314  3358 I Finsky  : [3155] Billing preferred account via installer for com.gamepub.pt: [0lZTY1HnOeF5H89UIj3abDG2uiFQYAS2-dZyNwldDdo]
09-13 15:41:34.436 17314  3358 I Finsky  : [3155] com.gamepub.pt: Account from first account - [0lZTY1HnOeF5H89UIj3abDG2uiFQYAS2-dZyNwldDdo]
09-13 15:41:34.437 17314  3358 I Finsky  : [3155] Billing preferred account via installer for com.gamepub.pt: [0lZTY1HnOeF5H89UIj3abDG2uiFQYAS2-dZyNwldDdo]
09-13 15:41:34.625  5008  8617 D OplusAtlasService: getAttributeByAppName module:oplus-getStreamMaxVolume packageName:com.gamepub.pt
09-13 15:41:34.719 32035 32326 D AudioManagerExtImpl: getStreamVolume packageName=com.gamepub.pt, index=0, streamType=3
09-13 15:41:34.720  5008  8617 D OplusAtlasService: getAttributeByAppName module:oplus-getStreamMaxVolume packageName:com.gamepub.pt
09-13 15:41:34.871 32035 32326 D AudioManagerExtImpl: getStreamVolume packageName=com.gamepub.pt, index=0, streamType=3
09-13 15:41:34.872  5008  8617 D OplusAtlasService: getAttributeByAppName module:oplus-getStreamMaxVolume packageName:com.gamepub.pt
09-13 15:41:35.041 32035 32342 I UnityAds: com.unity3d.services.core.api.Sdk.logInfo() (line:85) :: Requesting configuration from https://publisher-config.unityads.unity3d.com/games/4876663/configuration?deviceMake=OPPO&screenDensity=480&screenSize=268435810&idfi=59d19268-e75e-4e49-96fa-55997a550ac3&auid=59d19268-e75e-4e49-96fa-55997a550ac3&advertisingTrackingId=cdda8b38-56dc-4ead-b4a0-6a0b011e718f&limitAdTracking=false&installationId=2caa307f4304b81c39907aad650f897c&connectionType=wifi&screenHeight=2161&screenWidth=1080&usePerPlacementLoad=true&bundleId=com.gamepub.pt&encrypted=false&rooted=false&platform=android&sdkVersion=4210&osVersion=12&deviceModel=CPH2113&language=vi_VN&test=false&analyticsUserId=2caa307f4304b81c39907aad650f897c&analyticsSessionId=5600945640903983399&first=false&mediation.name=AdMob&mediation.version=4.2.1&mediation.adapter_version=4.2.1.1&userLevelFlagDetected=false&store=EuIDEt8DBsncxGxl2LZUlDYLaiAbkrcs7AJ4Qkyr6xtQb73cNVo2Bk62haEbMcpH9tl6fznGsauM5QhP8_Wko4SJ6eis5BTl0UKEdn_etJa8Sirtqpu-vNynyBuCp7gGy0FE3g-UIquTDgt-znPu_uskhBcgVRyrjH3S8EmzS8eOb7aMmkbDsnTUX2hBJ7d3_7oc6M7SXnzi9Dds2za-ndsIALnjMkEhdQ7GkjFrgnZ6kjD1-l7TsQSJDAdPFUJ14uH-QAJP8u8lqHDtW7zITi98V_w6arxw7wPFNIK2fDW5IDazbCsvxwRyljDE8A9yVUiV1t9ZkrCv0lclz3sshLPV31T5Oi8eRzGSfXq2h1FcSNjF_mJHvcEAk5EGEGdMXfTONbCIeuoTgkMlYYn3C9yASQkbcvuhcsGMfsi2s3YpECwUqxfqb8U3nSIKnsNtMTK3OvhAegu5H8FibFFooPWlDkFxQwl7ZjA-Dag00lvxNERCzST5Lc1XTEENK4p4i1Q2Icn6w5-64b1JpKa7cMHCHiyKFZyWgWx2DRxYhOMI5-7LSnTo6xdQlU2e3LtbgUIiC5xja6Aim0Ib07j8T8X8Zb-TX10EiQxu4l-YznHOllSEA9h4EWcL2op1jJJT5ObV-vA%3D
09-13 15:41:35.466 32035 32342 D AudioManagerExtImpl: getStreamVolume packageName=com.gamepub.pt, index=0, streamType=1
09-13 15:41:35.757 32035 32342 D AudioManagerExtImpl: getStreamVolume packageName=com.gamepub.pt, index=0, streamType=3
09-13 15:41:35.758  5008  8617 D OplusAtlasService: getAttributeByAppName module:oplus-getStreamMaxVolume packageName:com.gamepub.pt
09-13 15:41:35.781 32035 32116 I ModMenu : Attempting to dlopen: /data/app/~~jIA4Sf3SfLvloX-x2iPKQg==/com.gamepub.pt--ru4eygTYKgOWUIGB_6OVw==/lib/arm64/libModMenu.so
09-13 15:41:37.367  2580  4963 D VRR [OPlusRefreshRateService]:  setFrameRateTargetControl [ 0.0 , com.gamepub.pt , false , com.oplus.battery ]
09-13 15:41:37.367  2580  4963 D VRR [OPlusExternalRefreshRateManager]:  [FRTC] FrameRate : 0 com.gamepub.pt false com.oplus.battery
09-13 15:41:37.369  2580  2654 D VRR [OPlusSurfaceFlingerController]:  add frtc FrameRate : 0 com.gamepub.pt false com.oplus.battery
09-13 15:41:37.369  1381  1545 I VRR [FRTC]: setFrameRateTarget with [0, com.gamepub.pt, 0, com.oplus.battery]
09-13 15:41:37.369  1381  1545 W VRR [FRTC]: invalid param { fps 0, proc_name com.gamepub.pt, strict_mode 0, description com.oplus.battery, rate_status 0, backend Surface, enable at 2025-09-13 15:41:37, disable waiting } for current status.
09-13 15:41:39.305  2580  6043 D OplusAppListInterceptManager: shouldFilterTask::packageName = com.gamepub.pt
09-13 15:41:41.422 32035 32125 D nativeloader: Load /data/app/~~jIA4Sf3SfLvloX-x2iPKQg==/com.gamepub.pt--ru4eygTYKgOWUIGB_6OVw==/lib/arm64/libnative-googlesignin.so using ns clns-5 from class loader (caller=/data/app/~~jIA4Sf3SfLvloX-x2iPKQg==/com.gamepub.pt--ru4eygTYKgOWUIGB_6OVw==/base.apk!classes3.dex): ok
09-13 15:41:41.770 32035 32125 D nativeloader: Load /data/app/~~jIA4Sf3SfLvloX-x2iPKQg==/com.gamepub.pt--ru4eygTYKgOWUIGB_6OVw==/lib/arm64/libdiresu.so using ns clns-5 from class loader (caller=/data/app/~~jIA4Sf3SfLvloX-x2iPKQg==/com.gamepub.pt--ru4eygTYKgOWUIGB_6OVw==/base.apk!classes3.dex): ok
09-13 15:41:41.774 32035 32125 F com.gamepub.pt: java_vm_ext.cc:616] JNI DETECTED ERROR IN APPLICATION: thread Thread[39,tid=32125,Native,Thread*=0xb400007213579800,peer=0x148c09b0,"UnityMain"] using JNIEnv* from thread Thread[1,tid=32035,Runnable,Thread*=0xb40000723c012400,peer=0x70962588,"main"]
09-13 15:41:41.774 32035 32125 F com.gamepub.pt: java_vm_ext.cc:616]     in call to FindClass
09-13 15:41:41.774 32035 32125 F com.gamepub.pt: java_vm_ext.cc:616]     from int com.nhnent.appguard.Diresu.su(java.lang.String)
09-13 15:41:42.139 32035 32035 F com.gamepub.pt: thread-inl.h:373] Transitioning to Runnable with checkpoint flag, flags=2 state=Runnable
09-13 15:41:42.238 32035 32125 F com.gamepub.pt: runtime.cc:708] Runtime aborting...
09-13 15:41:42.238 32035 32125 F com.gamepub.pt: runtime.cc:708] Dumping all threads without mutator lock held
09-13 15:41:42.238 32035 32125 F com.gamepub.pt: runtime.cc:708] All threads:
09-13 15:41:42.238 32035 32125 F com.gamepub.pt: runtime.cc:708] DALVIK THREADS (154):
09-13 15:41:42.238 32035 32125 F com.gamepub.pt: runtime.cc:708] "main" prio=10 tid=1 Runnable
09-13 15:41:42.238 32035 32125 F com.gamepub.pt: runtime.cc:708]   | group="" sCount=0 ucsCount=0 flags=0 obj=0x70962588 self=0xb40000723c012400
09-13 15:41:42.238 32035 32125 F com.gamepub.pt: runtime.cc:708]   | sysTid=32035 nice=-10 cgrp=default sched=0/0 handle=0x72e3de1500
09-13 15:41:42.238 32035 32125 F com.gamepub.pt: runtime.cc:708]   | state=R schedstat=( 2914372639 115796919 1526 ) utm=252 stm=38 core=2 HZ=100
09-13 15:41:42.238 32035 32125 F com.gamepub.pt: runtime.cc:708]   | stack=0x7fd5987000-0x7fd5989000 stackSize=8188KB
09-13 15:41:42.238 32035 32125 F com.gamepub.pt: runtime.cc:708]   | held mutexes= "mutator lock"(shared held)
09-13 15:41:42.238 32035 32125 F com.gamepub.pt: runtime.cc:708]   native: #00 pc 004fc1e0  /apex/com.android.art/lib64/libart.so (art::DumpNativeStack+108) (BuildId: 4ccb65ae9ac5ad5da3af5a342d5b0b92)
09-13 15:41:42.238 32035 32125 F com.gamepub.pt: runtime.cc:708]   native: #01 pc 004fe898  /apex/com.android.art/lib64/libart.so (art::Thread::DumpStack const+376) (BuildId: 4ccb65ae9ac5ad5da3af5a342d5b0b92)
09-13 15:41:42.238 32035 32125 F com.gamepub.pt: runtime.cc:708]   native: #02 pc 0050068c  /apex/com.android.art/lib64/libart.so (art::DumpCheckpoint::Run+216) (BuildId: 4ccb65ae9ac5ad5da3af5a342d5b0b92)
09-13 15:41:42.238 32035 32125 F com.gamepub.pt: runtime.cc:708]   native: #03 pc 0022c2b0  /apex/com.android.art/lib64/libart.so (art::Thread::RunCheckpointFunction+144) (BuildId: 4ccb65ae9ac5ad5da3af5a342d5b0b92)
09-13 15:41:42.238 32035 32125 F com.gamepub.pt: runtime.cc:708]   native: #04 pc 00933e70  /apex/com.android.art/lib64/libart.so (art::Runtime::Abort+1292) (BuildId: 4ccb65ae9ac5ad5da3af5a342d5b0b92)
09-13 15:41:42.238 32035 32125 F com.gamepub.pt: runtime.cc:708]   native: #05 pc 000160fc  /apex/com.android.art/lib64/libbase.so (android::base::SetAborter::$_0::__invoke+80) (BuildId: 1470f61c05962eb04fafe76bd58bf664)
09-13 15:41:42.238 32035 32125 F com.gamepub.pt: runtime.cc:708]   native: #06 pc 000156d0  /apex/com.android.art/lib64/libbase.so (android::base::LogMessage::~LogMessage+516) (BuildId: 1470f61c05962eb04fafe76bd58bf664)
09-13 15:41:42.238 32035 32125 F com.gamepub.pt: runtime.cc:708]   native: #07 pc 00433f08  /apex/com.android.art/lib64/libart.so (artQuickGenericJniEndTrampoline+616) (BuildId: 4ccb65ae9ac5ad5da3af5a342d5b0b92)
09-13 15:41:42.238 32035 32125 F com.gamepub.pt: runtime.cc:708]   native: #08 pc 0037ef80  /apex/com.android.art/lib64/libart.so (art_quick_generic_jni_trampoline+160) (BuildId: 4ccb65ae9ac5ad5da3af5a342d5b0b92)
09-13 15:41:42.238 32035 32125 F com.gamepub.pt: runtime.cc:708]   native: #09 pc 020efae8  /memfd:jit-cache (deleted) (offset 2000000) (android.os.MessageQueue.next+344)
09-13 15:41:42.238 32035 32125 F com.gamepub.pt: runtime.cc:708]   native: #10 pc 020d9c10  /memfd:jit-cache (deleted) (offset 2000000) (android.os.Looper.loopOnce+176)
09-13 15:41:42.238 32035 32125 F com.gamepub.pt: runtime.cc:708]   native: #11 pc 00368a40  /apex/com.android.art/lib64/libart.so (art_quick_invoke_static_stub+640) (BuildId: 4ccb65ae9ac5ad5da3af5a342d5b0b92)
09-13 15:41:42.238 32035 32125 F com.gamepub.pt: runtime.cc:708]   native: #12 pc 00361e5c  /apex/com.android.art/lib64/libart.so (bool art::interpreter::DoCall<false>+2048) (BuildId: 4ccb65ae9ac5ad5da3af5a342d5b0b92)
09-13 15:41:42.238 32035 32125 F com.gamepub.pt: runtime.cc:708]   native: #13 pc 00770ba4  /apex/com.android.art/lib64/libart.so (void art::interpreter::ExecuteSwitchImplCpp<false>+12208) (BuildId: 4ccb65ae9ac5ad5da3af5a342d5b0b92)
09-13 15:41:42.238 32035 32125 F com.gamepub.pt: runtime.cc:708]   native: #14 pc 003815d8  /apex/com.android.art/lib64/libart.so (ExecuteSwitchImplAsm+8) (BuildId: 4ccb65ae9ac5ad5da3af5a342d5b0b92)
09-13 15:41:42.238 32035 32125 F com.gamepub.pt: runtime.cc:708]   native: #15 pc 00472b20  /system/framework/framework.jar (android.os.Looper.loop)
09-13 15:41:42.238 32035 32125 F com.gamepub.pt: runtime.cc:708]   native: #16 pc 003535dc  /apex/com.android.art/lib64/libart.so (artQuickToInterpreterBridge+1932) (BuildId: 4ccb65ae9ac5ad5da3af5a342d5b0b92)
09-13 15:41:42.238 32035 32125 F com.gamepub.pt: runtime.cc:708]   native: #17 pc 0037f098  /apex/com.android.art/lib64/libart.so (art_quick_to_interpreter_bridge+88) (BuildId: 4ccb65ae9ac5ad5da3af5a342d5b0b92)
09-13 15:41:42.238 32035 32125 F com.gamepub.pt: runtime.cc:708]   native: #18 pc 00781508  /apex/com.android.art/lib64/libart.so (nterp_helper+152) (BuildId: 4ccb65ae9ac5ad5da3af5a342d5b0b92)
09-13 15:41:42.238 32035 32125 F com.gamepub.pt: runtime.cc:708]   native: #19 pc 001b6238  /system/framework/framework.jar (android.app.ActivityThread.main+252)
09-13 15:41:42.238 32035 32125 F com.gamepub.pt: runtime.cc:708]   native: #20 pc 00368a40  /apex/com.android.art/lib64/libart.so (art_quick_invoke_static_stub+640) (BuildId: 4ccb65ae9ac5ad5da3af5a342d5b0b92)
09-13 15:41:42.238 32035 32125 F com.gamepub.pt: runtime.cc:708]   native: #21 pc 003644f4  /apex/com.android.art/lib64/libart.so (_jobject* art::InvokeMethod<8>+732) (BuildId: 4ccb65ae9ac5ad5da3af5a342d5b0b92)
09-13 15:41:42.238 32035 32125 F com.gamepub.pt: runtime.cc:708]   native: #22 pc 006c8668  /apex/com.android.art/lib64/libart.so (art::Method_invoke +32) (BuildId: 4ccb65ae9ac5ad5da3af5a342d5b0b92)
09-13 15:41:42.238 32035 32125 F com.gamepub.pt: runtime.cc:708]   native: #23 pc 0037ef70  /apex/com.android.art/lib64/libart.so (art_quick_generic_jni_trampoline+144) (BuildId: 4ccb65ae9ac5ad5da3af5a342d5b0b92)
09-13 15:41:42.238 32035 32125 F com.gamepub.pt: runtime.cc:708]   native: #24 pc 00368774  /apex/com.android.art/lib64/libart.so (art_quick_invoke_stub+612) (BuildId: 4ccb65ae9ac5ad5da3af5a342d5b0b92)
09-13 15:41:42.238 32035 32125 F com.gamepub.pt: runtime.cc:708]   native: #25 pc 00361de4  /apex/com.android.art/lib64/libart.so (bool art::interpreter::DoCall<false>+1928) (BuildId: 4ccb65ae9ac5ad5da3af5a342d5b0b92)
09-13 15:41:42.238 32035 32125 F com.gamepub.pt: runtime.cc:708]   native: #26 pc 00770ba4  /apex/com.android.art/lib64/libart.so (void art::interpreter::ExecuteSwitchImplCpp<false>+12208) (BuildId: 4ccb65ae9ac5ad5da3af5a342d5b0b92)
09-13 15:41:42.238 32035 32125 F com.gamepub.pt: runtime.cc:708]   native: #27 pc 003815d8  /apex/com.android.art/lib64/libart.so (ExecuteSwitchImplAsm+8) (BuildId: 4ccb65ae9ac5ad5da3af5a342d5b0b92)
09-13 15:41:42.238 32035 32125 F com.gamepub.pt: runtime.cc:708]   native: #28 pc 002b86d4  /system/framework/framework.jar (com.android.internal.os.RuntimeInit$MethodAndArgsCaller.run)
09-13 15:41:42.238 32035 32125 F com.gamepub.pt: runtime.cc:708]   native: #29 pc 003535dc  /apex/com.android.art/lib64/libart.so (artQuickToInterpreterBridge+1932) (BuildId: 4ccb65ae9ac5ad5da3af5a342d5b0b92)
09-13 15:41:42.238 32035 32125 F com.gamepub.pt: runtime.cc:708]   native: #30 pc 0037f098  /apex/com.android.art/lib64/libart.so (art_quick_to_interpreter_bridge+88) (BuildId: 4ccb65ae9ac5ad5da3af5a342d5b0b92)
09-13 15:41:42.238 32035 32125 F com.gamepub.pt: runtime.cc:708]   native: #31 pc 00783244  /apex/com.android.art/lib64/libart.so (nterp_helper+7636) (BuildId: 4ccb65ae9ac5ad5da3af5a342d5b0b92)
09-13 15:41:42.238 32035 32125 F com.gamepub.pt: runtime.cc:708]   native: #32 pc 002be8a2  /system/framework/framework.jar (com.android.internal.os.ZygoteInit.main+694)
09-13 15:41:42.238 32035 32125 F com.gamepub.pt: runtime.cc:708]   native: #33 pc 00368a40  /apex/com.android.art/lib64/libart.so (art_quick_invoke_static_stub+640) (BuildId: 4ccb65ae9ac5ad5da3af5a342d5b0b92)
09-13 15:41:42.238 32035 32125 F com.gamepub.pt: runtime.cc:708]   native: #34 pc 00353f6c  /apex/com.android.art/lib64/libart.so (art::ArtMethod::Invoke+204) (BuildId: 4ccb65ae9ac5ad5da3af5a342d5b0b92)
09-13 15:41:42.238 32035 32125 F com.gamepub.pt: runtime.cc:708]   native: #35 pc 00351f20  /apex/com.android.art/lib64/libart.so (art::JValue art::InvokeWithVarArgs<_jmethodID*>+512) (BuildId: 4ccb65ae9ac5ad5da3af5a342d5b0b92)
09-13 15:41:42.238 32035 32125 F com.gamepub.pt: runtime.cc:708]   native: #36 pc 0073e8d8  /apex/com.android.art/lib64/libart.so (art::JNI<true>::CallStaticVoidMethodV+104) (BuildId: 4ccb65ae9ac5ad5da3af5a342d5b0b92)
09-13 15:41:42.238 32035 32125 F com.gamepub.pt: runtime.cc:708]   native: #37 pc 000b3bf8  /system/lib64/libandroid_runtime.so (_JNIEnv::CallStaticVoidMethod+124) (BuildId: c75d3f6ad57947a5db6d38e9cde30284)
09-13 15:41:42.238 32035 32125 F com.gamepub.pt: runtime.cc:708]   native: #38 pc 000c00fc  /system/lib64/libandroid_runtime.so (android::AndroidRuntime::start+840) (BuildId: c75d3f6ad57947a5db6d38e9cde30284)
09-13 15:41:42.238 32035 32125 F com.gamepub.pt: runtime.cc:708]   native: #39 pc 00002684  /system/bin/app_process64 (main+1580) (BuildId: b66800b6ac5d87b7c521c256d6340555)
09-13 15:41:42.238 32035 32125 F com.gamepub.pt: runtime.cc:708]   native: #40 pc 000720c4  /apex/com.android.runtime/lib64/bionic/libc.so (__libc_init+100) (BuildId: bbbdeb7c87c74f1491f92c6e605095b0)
09-13 15:41:42.238 32035 32125 F com.gamepub.pt: runtime.cc:708]   at android.os.MessageQueue.nativePollOnce(Native method)
09-13 15:41:42.238 32035 32125 F com.gamepub.pt: runtime.cc:708]   at android.os.MessageQueue.next(MessageQueue.java:339)
09-13 15:41:42.238 32035 32125 F com.gamepub.pt: runtime.cc:708]   at android.os.Looper.loopOnce(Looper.java:179)
09-13 15:41:42.238 32035 32125 F com.gamepub.pt: runtime.cc:708]   at android.os.Looper.loop(Looper.java:344)
09-13 15:41:42.238 32035 32125 F com.gamepub.pt: runtime.cc:708]   at android.app.ActivityThread.main(ActivityThread.java:8212)
09-13 15:41:42.238 32035 32125 F com.gamepub.pt: runtime.cc:708]   at java.lang.reflect.Method.invoke(Native method)
09-13 15:41:42.238 32035 32125 F com.gamepub.pt: runtime.cc:708]   at com.android.internal.os.RuntimeInit$MethodAndArgsCaller.run(RuntimeInit.java:584)
09-13 15:41:42.238 32035 32125 F com.gamepub.pt: runtime.cc:708]   at com.android.internal.os.ZygoteInit.main(ZygoteInit.java:1034)
09-13 15:41:42.238 32035 32125 F com.gamepub.pt: runtime.cc:708] 
09-13 15:41:42.238 32035 32125 F com.gamepub.pt: runtime.cc:708] "FinalizerDaemon" prio=5 tid=6 Waiting
09-13 15:41:42.238 32035 32125 F com.gamepub.pt: runtime.cc:708]   | group="" sCount=1 ucsCount=0 flags=1 obj=0x15c00198 self=0xb4000072287e1800
09-13 15:41:42.238 32035 32125 F com.gamepub.pt: runtime.cc:708]   | sysTid=32047 nice=4 cgrp=default sched=0/0 handle=0x721bffdcb0
09-13 15:41:42.238 32035 32125 F com.gamepub.pt: runtime.cc:708]   | state=S schedstat=( 19362544 16798283 34 ) utm=1 stm=0 core=7 HZ=100
09-13 15:41:42.238 32035 32125 F com.gamepub.pt: runtime.cc:708]   | stack=0x721befa000-0x721befc000 stackSize=1039KB
09-13 15:41:42.238 32035 32125 F com.gamepub.pt: runtime.cc:708]   | held mutexes=
09-13 15:41:42.238 32035 32125 F com.gamepub.pt: runtime.cc:708]   native: #00 pc 00075f30  /apex/com.android.runtime/lib64/bionic/libc.so (syscall+32) (BuildId: bbbdeb7c87c74f1491f92c6e605095b0)
09-13 15:41:42.238 32035 32125 F com.gamepub.pt: runtime.cc:708]   native: #01 pc 0022a29c  /apex/com.android.art/lib64/libart.so (art::ConditionVariable::WaitHoldingLocks+136) (BuildId: 4ccb65ae9ac5ad5da3af5a342d5b0b92)
09-13 15:41:42.238 32035 32125 F com.gamepub.pt: runtime.cc:708]   native: #02 pc 004251bc  /apex/com.android.art/lib64/libart.so (art::Monitor::Wait+7244) (BuildId: 4ccb65ae9ac5ad5da3af5a342d5b0b92)
09-13 15:41:42.238 32035 32125 F com.gamepub.pt: runtime.cc:708]   native: #03 pc 0037ef70  /apex/com.android.art/lib64/libart.so (art_quick_generic_jni_trampoline+144) (BuildId: 4ccb65ae9ac5ad5da3af5a342d5b0b92)
09-13 15:41:42.238 32035 32125 F com.gamepub.pt: runtime.cc:708]   native: #04 pc 00368774  /apex/com.android.art/lib64/libart.so (art_quick_invoke_stub+612) (BuildId: 4ccb65ae9ac5ad5da3af5a342d5b0b92)
09-13 15:41:42.238 32035 32125 F com.gamepub.pt: runtime.cc:708]   native: #05 pc 00361de4  /apex/com.android.art/lib64/libart.so (bool art::interpreter::DoCall<false>+1928) (BuildId: 4ccb65ae9ac5ad5da3af5a342d5b0b92)
09-13 15:41:42.238 32035 32125 F com.gamepub.pt: runtime.cc:708]   native: #06 pc 00770ba4  /apex/com.android.art/lib64/libart.so (void art::interpreter::ExecuteSwitchImplCpp<false>+12208) (BuildId: 4ccb65ae9ac5ad5da3af5a342d5b0b92)
09-13 15:41:42.238 32035 32125 F com.gamepub.pt: runtime.cc:708]   native: #07 pc 003815d8  /apex/com.android.art/lib64/libart.so (ExecuteSwitchImplAsm+8) (BuildId: 4ccb65ae9ac5ad5da3af5a342d5b0b92)
09-13 15:41:42.238 32035 32125 F com.gamepub.pt: runtime.cc:708]   native: #08 pc 00106710  /apex/com.android.art/javalib/core-oj.jar (java.lang.Object.wait)
09-13 15:41:42.238 32035 32125 F com.gamepub.pt: runtime.cc:708]   native: #09 pc 00354250  /apex/com.android.art/lib64/libart.so (art::interpreter::Execute +428) (BuildId: 4ccb65ae9ac5ad5da3af5a342d5b0b92)
09-13 15:41:42.238 32035 32125 F com.gamepub.pt: runtime.cc:708]   native: #10 pc 00362678  /apex/com.android.art/lib64/libart.so (bool art::interpreter::DoCall<false>+4124) (BuildId: 4ccb65ae9ac5ad5da3af5a342d5b0b92)
09-13 15:41:42.238 32035 32125 F com.gamepub.pt: runtime.cc:708]   native: #11 pc 00770ba4  /apex/com.android.art/lib64/libart.so (void art::interpreter::ExecuteSwitchImplCpp<false>+12208) (BuildId: 4ccb65ae9ac5ad5da3af5a342d5b0b92)
09-13 15:41:42.238 32035 32125 F com.gamepub.pt: runtime.cc:708]   native: #12 pc 003815d8  /apex/com.android.art/lib64/libart.so (ExecuteSwitchImplAsm+8) (BuildId: 4ccb65ae9ac5ad5da3af5a342d5b0b92)
09-13 15:41:42.238 32035 32125 F com.gamepub.pt: runtime.cc:708]   native: #13 pc 0012b570  /apex/com.android.art/javalib/core-oj.jar (java.lang.ref.ReferenceQueue.remove)
09-13 15:41:42.238 32035 32125 F com.gamepub.pt: runtime.cc:708]   native: #14 pc 00354250  /apex/com.android.art/lib64/libart.so (art::interpreter::Execute +428) (BuildId: 4ccb65ae9ac5ad5da3af5a342d5b0b92)
09-13 15:41:42.238 32035 32125 F com.gamepub.pt: runtime.cc:708]   native: #15 pc 00362678  /apex/com.android.art/lib64/libart.so (bool art::interpreter::DoCall<false>+4124) (BuildId: 4ccb65ae9ac5ad5da3af5a342d5b0b92)
09-13 15:41:42.238 32035 32125 F com.gamepub.pt: runtime.cc:708]   native: #16 pc 00770ba4  /apex/com.android.art/lib64/libart.so (void art::interpreter::ExecuteSwitchImplCpp<false>+12208) (BuildId: 4ccb65ae9ac5ad5da3af5a342d5b0b92)
09-13 15:41:42.238 32035 32125 F com.gamepub.pt: runtime.cc:708]   native: #17 pc 003815d8  /apex/com.android.art/lib64/libart.so (ExecuteSwitchImplAsm+8) (BuildId: 4ccb65ae9ac5ad5da3af5a342d5b0b92)
09-13 15:41:42.238 32035 32125 F com.gamepub.pt: runtime.cc:708]   native: #18 pc 0012b550  /apex/com.android.art/javalib/core-oj.jar (java.lang.ref.ReferenceQueue.remove)
09-13 15:41:42.238 32035 32125 F com.gamepub.pt: runtime.cc:708]   native: #19 pc 00354250  /apex/com.android.art/lib64/libart.so (art::interpreter::Execute +428) (BuildId: 4ccb65ae9ac5ad5da3af5a342d5b0b92)
09-13 15:41:42.238 32035 32125 F com.gamepub.pt: runtime.cc:708]   native: #20 pc 00362678  /apex/com.android.art/lib64/libart.so (bool art::interpreter::DoCall<false>+4124) (BuildId: 4ccb65ae9ac5ad5da3af5a342d5b0b92)
