09-13 15:05:26.098  2580  4968 I ActivityTaskManager: START u0 {act=android.intent.action.MAIN cat=[android.intent.category.LAUNCHER] flg=0x10200000 cmp=com.gamepub.pt/com.unity3d.player.UnityPlayerActivity bnds=[544,464][796,752] mCallingUid=10181} from uid 10181
09-13 15:05:26.112  2580  4968 I OplusScreenSecurityMask: onStackAdded task = Task{ccac07c #95 type=standard A=12445:com.gamepub.pt U=0 visible=false mode=fullscreen translucent=true sz=0} record = null displayId = 0
09-13 15:05:26.116  2580  4968 D CompactWindowManagerService: onOriginListAdded child: ActivityRecord{4e1ed05 u0 com.gamepub.pt/com.unity3d.player.UnityPlayerActivity t95}; parent: Task{ccac07c #95 type=standard A=12445:com.gamepub.pt U=0 visible=true mode=fullscreen translucent=true sz=1}
09-13 15:05:26.116  2580  4968 I OplusCompactWindowManagerService: supportMultiResume :true in package :com.gamepub.pt
09-13 15:05:26.117  2580  4968 D TaskExtImpl: add ActivityRecord{4e1ed05 u0 com.gamepub.pt/com.unity3d.player.UnityPlayerActivity t95} to mActivityRecordSum = Counter{ com.gamepub.pt/com.unity3d.player.UnityPlayerActivity(1) }
09-13 15:05:26.119  2580  4968 D ActivityTaskManager: getStartingWindowType: newTask=true, taskSwitch=true, processRunning=false, allowTaskSnapshot=true, activityCreated=false, snapshot=null, record:ActivityRecord{4e1ed05 u0 com.gamepub.pt/com.unity3d.player.UnityPlayerActivity t95}
09-13 15:05:26.120  2580  4968 V OplusZoomWindowManagerService: windowMode: 0 ,stack: Task{ccac07c #95 type=standard A=12445:com.gamepub.pt U=0 visible=true mode=fullscreen translucent=true sz=1}
09-13 15:05:26.128  3233  3461 D WindowManager: Add to mViews: android.widget.FrameLayout{c55ce91 V.E...... ......I. 0,0-0,0},pkg= com.gamepub.pt
09-13 15:05:26.133  2580  5835 D OplusDisplayPolicy: com.gamepub.pt, no change cutoutMode: 0
09-13 15:05:26.137  2580  4968 I OplusHansManager : front pkg: com.gamepub.pt, uid: 12445, prev pkg: com.android.launcher, prev uid: 10181
09-13 15:05:26.143  2580  6062 D OplusDisplayPolicy: com.gamepub.pt, no change cutoutMode: 0
09-13 15:05:26.155  2580  3749 I OplusResourcePreloadManager: resume pkg: com.gamepub.pt, uid:12445, prev pkg: com.android.launcher, prev uid: 10181
09-13 15:05:26.166  1381  1381 D OplusLayer: setBuffer sequence=4323, name=Splash Screen com.gamepub.pt#0
09-13 15:05:26.174  2580  2613 D CompactWindowManagerService: updateBackgroundSurface openingApp: ActivityRecord{4e1ed05 u0 com.gamepub.pt/com.unity3d.player.UnityPlayerActivity t95}
09-13 15:05:26.210  2580  2629 I ActivityManager: Start proc 22449:com.gamepub.pt/u0a2445 for pre-top-activity {com.gamepub.pt/com.unity3d.player.UnityPlayerActivity}
09-13 15:05:26.215 22449 22449 I com.gamepub.pt: Late-enabling -Xcheck:jni
09-13 15:05:26.221  2580  2613 I WindowStateExtImpl: onSurfaceShowChange show = true mPackageName = com.gamepub.pt parentPkgName = com.gamepub.pt
09-13 15:05:26.243  2580  6072 D OplusAppListInterceptManager: shouldFilterTask::packageName = com.gamepub.pt
09-13 15:05:26.266 22449 22449 E com.gamepub.pt: Unknown bits set in runtime_flags: 0x40000000
09-13 15:05:26.266 22449 22449 I com.gamepub.pt: Using CollectorTypeCC GC.
09-13 15:05:26.315  2580  4968 I OplusAppSwitchManagerService: appswitch hasProcess ActivityRecord{4e1ed05 u0 com.gamepub.pt/com.unity3d.player.UnityPlayerActivity t95}
09-13 15:05:26.317  2580  4968 I OplusAppSwitchManagerService: appswitch hasProcess ActivityRecord{4e1ed05 u0 com.gamepub.pt/com.unity3d.player.UnityPlayerActivity t95}
09-13 15:05:26.318  2580  4003 V DCSEX-AppSwitchManager: OnAppSwitchObserver: onAppExit, resuming = com.gamepub.pt, target = com.android.launcher, is ResumingFirstStart =  true, is ResumingMultiApp =  false, extensionInfo =  Bundle[{taskId=95, uid=12445}]
09-13 15:05:26.319  2580  7693 D DCSEX-AppLaunchEventRecorder: onAppSwitch from = com.android.launcher to = com.gamepub.pt
09-13 15:05:26.320  2580  4003 D OplusEapManager: mTargetEnterName :com.gamepub.pt
09-13 15:05:26.320  2580  4003 V DCSEX-AppSwitchManager: OnAppSwitchObserver: onAppEnter, launchedFrom =  com.android.launcher, target =  com.gamepub.pt, is firstStart =  true, is multiApp =  false, extensionInfo =  Bundle[{taskId=95, pid=22449, uid=12445}]
09-13 15:05:26.321  2580  4003 D VRR [OPlusFrontAppManager]: OnAppSwitchObserver: onAppEnter , info.targetName = com.gamepub.pt
09-13 15:05:26.321  2580  2654 D VRR [OPlusRefreshRateService]: handleFrontAppChange pkgName: com.gamepub.pt
09-13 15:05:26.321  2580  2654 D VRR [OPlusExternalRefreshRateManager]: setFrontPackageName pkgName: com.gamepub.pt CurPkgName: null
09-13 15:05:26.321  3905 11574 W Battery : ThermalControlUtils: mForegroundPkg=com.gamepub.pt
09-13 15:05:26.331  2580  4968 I InputDispatcher: setFocusedApplication displayId=0 ActivityRecord{4e1ed05 u0 com.gamepub.pt/com.unity3d.player.UnityPlayerActivity t95}
09-13 15:05:26.335  5400  5594 W ziparchive: Unable to open '/data/app/~~QkjLkP2YA-5Nd9ZmBePfpg==/com.gamepub.pt-5NkTPZ-gsRFDKj9orMHMwg==/base.dm': No such file or directory
09-13 15:05:26.335  5400  5594 W ziparchive: Unable to open '/data/app/~~QkjLkP2YA-5Nd9ZmBePfpg==/com.gamepub.pt-5NkTPZ-gsRFDKj9orMHMwg==/base.dm': No such file or directory
09-13 15:05:26.329  5400  5400 W athena_handler_: type=1400 audit(0.0:21576): avc: denied { write } for name="com.gamepub.pt-5NkTPZ-gsRFDKj9orMHMwg==" dev="sda11" ino=2093745 scontext=u:r:system_app:s0 tcontext=u:object_r:apk_data_file:s0 tclass=dir permissive=0
09-13 15:05:26.343  2580  2612 D OplusKeepAliveManager: TOP_APP is ProcessRecord{55b12b9 22449:com.gamepub.pt/u0a2445} uid is 12445
09-13 15:05:26.343  2580  2637 E OplusThermalStats: Error getting package info: com.gamepub.pt
09-13 15:05:26.374  3847 19039 D OplusLinkLatencyManagerService: gameOptimizeSetLoad.id:2, pkgName:com.gamepub.pt
09-13 15:05:26.400  2580  4968 D OplusWifiTransactionHelper: notifyGameInfoJsonStr: gameInfo = {"PKG_NAME":"com.gamepub.pt","GAME_PLAYING":1}
09-13 15:05:26.404 17188 17239 I Quality : 17001301:22449 com.gamepub.pt GAME_START
09-13 15:05:26.427  2580  6067 D OplusWifiTransactionHelper: Get notifyGameModeState: state = true pkgName = com.gamepub.pt
09-13 15:05:26.428  2580  6067 D OplusWifiCoexManager: setGameModeState: gameStateIn=true pkgName=com.gamepub.pt uid=12445
09-13 15:05:26.431  2580  6067 D OplusWifiTransactionHelper: notifyGameInfoJsonStr: gameInfo = {"PKG_NAME":"com.gamepub.pt","APP_FOREGROUND":true}
09-13 15:05:26.452 22449 22449 D nativeloader: Configuring clns-4 for other apk /system/framework/org.apache.http.legacy.jar. target_sdk_version=33, uses_libraries=ALL, library_path=/data/app/~~QkjLkP2YA-5Nd9ZmBePfpg==/com.gamepub.pt-5NkTPZ-gsRFDKj9orMHMwg==/lib/arm64:/data/app/~~QkjLkP2YA-5Nd9ZmBePfpg==/com.gamepub.pt-5NkTPZ-gsRFDKj9orMHMwg==/base.apk!/lib/arm64-v8a, permitted_path=/data:/mnt/expand:/data/user/0/com.gamepub.pt
09-13 15:05:26.449  3905  3905 W LogcatParserThr: type=1400 audit(0.0:21578): avc: denied { write } for name="com.gamepub.pt-5NkTPZ-gsRFDKj9orMHMwg==" dev="sda11" ino=2093745 scontext=u:r:system_app:s0 tcontext=u:object_r:apk_data_file:s0 tclass=dir permissive=0
09-13 15:05:26.454  3905  7076 W ziparchive: Unable to open '/data/app/~~QkjLkP2YA-5Nd9ZmBePfpg==/com.gamepub.pt-5NkTPZ-gsRFDKj9orMHMwg==/base.dm': No such file or directory
09-13 15:05:26.454  3905  7076 W ziparchive: Unable to open '/data/app/~~QkjLkP2YA-5Nd9ZmBePfpg==/com.gamepub.pt-5NkTPZ-gsRFDKj9orMHMwg==/base.dm': No such file or directory
09-13 15:05:26.454 22449 22449 W ziparchive: Unable to open '/data/app/~~QkjLkP2YA-5Nd9ZmBePfpg==/com.gamepub.pt-5NkTPZ-gsRFDKj9orMHMwg==/base.dm': No such file or directory
09-13 15:05:26.454 22449 22449 W ziparchive: Unable to open '/data/app/~~QkjLkP2YA-5Nd9ZmBePfpg==/com.gamepub.pt-5NkTPZ-gsRFDKj9orMHMwg==/base.dm': No such file or directory
09-13 15:05:26.503  2580  5835 V OplusZoomWindowManagerService: onAnimationFinished:  r = ActivityRecord{4e1ed05 u0 com.gamepub.pt/com.unity3d.player.UnityPlayerActivity t95}
09-13 15:05:26.503  2580  5835 I OplusAppSwitchManagerService:  handleAppVisible , r = ActivityRecord{4e1ed05 u0 com.gamepub.pt/com.unity3d.player.UnityPlayerActivity t95}
09-13 15:05:26.667 22449 22449 D nativeloader: Configuring clns-5 for other apk /data/app/~~QkjLkP2YA-5Nd9ZmBePfpg==/com.gamepub.pt-5NkTPZ-gsRFDKj9orMHMwg==/base.apk. target_sdk_version=33, uses_libraries=, library_path=/data/app/~~QkjLkP2YA-5Nd9ZmBePfpg==/com.gamepub.pt-5NkTPZ-gsRFDKj9orMHMwg==/lib/arm64:/data/app/~~QkjLkP2YA-5Nd9ZmBePfpg==/com.gamepub.pt-5NkTPZ-gsRFDKj9orMHMwg==/base.apk!/lib/arm64-v8a, permitted_path=/data:/mnt/expand:/data/user/0/com.gamepub.pt
09-13 15:05:26.694 22449 22449 V GraphicsEnvironment: ANGLE Developer option for 'com.gamepub.pt' set to: 'default'
09-13 15:05:26.710 16172 16438 D AppSortManager: updateApp app:com.gamepub.pt
09-13 15:05:26.715  1377  8199 D AudioFlingerExtImpl: AudioFlingerExtImpl oplusSetParameters: keyvalue currentGamePackageName=com.gamepub.pt
09-13 15:05:26.715  1377  8199 D AudioFlingerExtImpl: MagicVoiceSetParameters, tempCurrentPackageName:com.gamepub.pt
09-13 15:05:26.717  2580  5835 D OplusWifiTransactionHelper: notifyGameInfoJsonStr: gameInfo = {"PKG_NAME":"com.gamepub.pt","PERFORMANCE_MODE":0}
09-13 15:05:26.717  1317 15529 D audio_hw_primary: adev_set_parameters: enter: currentGamePackageName=com.gamepub.pt
09-13 15:05:26.719 22449 22449 D nativeloader: Load /data/app/~~QkjLkP2YA-5Nd9ZmBePfpg==/com.gamepub.pt-5NkTPZ-gsRFDKj9orMHMwg==/lib/arm64/libloader.so using ns clns-5 from class loader (caller=/data/app/~~QkjLkP2YA-5Nd9ZmBePfpg==/com.gamepub.pt-5NkTPZ-gsRFDKj9orMHMwg==/base.apk): ok
09-13 15:05:26.722  2580  6072 D OplusWifiTransactionHelper: notifyGameInfoJsonStr: gameInfo = {"PKG_NAME":"com.gamepub.pt","PERFORMANCE_MODE":0}
09-13 15:05:26.736 16172 16172 W FrameInsert: getDisplayFunctionCapability for com.gamepub.pt enter
09-13 15:05:26.797 16172 16504 D network : getData for https://games-community-sg.heytapmobile.com/games/tool/recharge/page/jump?pkgName=com.gamepub.pt started !!
09-13 15:05:26.800 22449 22449 D nativeloader: Load /data/app/~~QkjLkP2YA-5Nd9ZmBePfpg==/com.gamepub.pt-5NkTPZ-gsRFDKj9orMHMwg==/lib/arm64/libcrashlytics.so using ns clns-5 from class loader (caller=/data/app/~~QkjLkP2YA-5Nd9ZmBePfpg==/com.gamepub.pt-5NkTPZ-gsRFDKj9orMHMwg==/base.apk!classes3.dex): ok
09-13 15:05:26.804 16172 16504 I httpdns : HttpDnsInterceptor.preIntercept, input: https://games-community-sg.heytapmobile.com/games/tool/recharge/page/jump?pkgName=com.gamepub.pt
09-13 15:05:26.806 16172 16504 I httpdns : HttpDnsInterceptor.preIntercept, output: https://games-community-sg.heytapmobile.com/games/tool/recharge/page/jump?pkgName=com.gamepub.pt
09-13 15:05:26.823  3905  4181 W AuthDialogHelper: checkNotificationSwitchFirst() called with: context = [com.oplus.notification.NotificationCenterService@754e682], pkg = [com.gamepub.pt], uid = [12445], userId = [0], init checker
09-13 15:05:26.826  3905  4181 E AuthDialogHelper: CheckNotificationCanBeSetSecond: check com.gamepub.pt , Notification master switch on, unable to pop dialog
09-13 15:05:26.833 22449 22449 I FirebaseCrashlytics: Initializing Firebase Crashlytics 18.3.2 for com.gamepub.pt
09-13 15:05:26.845 22449 22449 W Thread-2: type=1400 audit(0.0:21579): avc: granted { execute } for path="/data/data/com.gamepub.pt/.rwzxgkakk/ydaqzfzzt" dev="sda11" ino=830217 scontext=u:r:untrusted_app:s0:c141,c265,c512,c768 tcontext=u:object_r:app_data_file:s0:c141,c265,c512,c768 tclass=file app=com.gamepub.pt
09-13 15:05:26.867 16172 16504 I httpdns : HttpDnsInterceptor.afterIntercept, https://games-community-sg.heytapmobile.com/games/tool/recharge/page/jump?pkgName=com.gamepub.pt#200#null
09-13 15:05:26.870 16172 16504 D network : return  NetworkResponse for https://games-community-sg.heytapmobile.com/games/tool/recharge/page/jump?pkgName=com.gamepub.pt took 73
09-13 15:05:26.870 16172 16504 D network : desiriaize for https://games-community-sg.heytapmobile.com/games/tool/recharge/page/jump?pkgName=com.gamepub.pt return  NetworkResponse took 0
09-13 15:05:26.870 16172 16504 D network : getData for https://games-community-sg.heytapmobile.com/games/tool/recharge/page/jump?pkgName=com.gamepub.pt took : 73
09-13 15:05:26.914 22449 22480 W com.gamepub.pt: ClassLoaderContext classpath size mismatch. expected=1, found=0 (DLC[];PCL[base.apk*2933616277]{PCL[/system/framework/org.apache.http.legacy.jar*3034548894]#PCL[/apex/com.android.extservices/javalib/android.ext.adservices.jar*114502043]#PCL[/system/framework/com.android.media.remotedisplay.jar*3472798123]#PCL[/system/framework/com.android.location.provider.jar*3633238672]#PCL[/system/framework/org.apache.http.legacy.jar*3034548894]#PCL[/apex/com.android.extservices/javalib/android.ext.adservices.jar*114502043]} | DLC[];PCL[])
09-13 15:05:27.027 22449 22480 W com.gamepub.pt: ClassLoaderContext classpath element checksum mismatch. expected=2933616277, found=451981290 (DLC[];PCL[base.apk*2933616277]{PCL[/system/framework/org.apache.http.legacy.jar*3034548894]#PCL[/apex/com.android.extservices/javalib/android.ext.adservices.jar*114502043]#PCL[/system/framework/com.android.media.remotedisplay.jar*3472798123]#PCL[/system/framework/com.android.location.provider.jar*3633238672]#PCL[/system/framework/org.apache.http.legacy.jar*3034548894]#PCL[/apex/com.android.extservices/javalib/android.ext.adservices.jar*114502043]} | DLC[];PCL[/data/app/~~QkjLkP2YA-5Nd9ZmBePfpg==/com.gamepub.pt-5NkTPZ-gsRFDKj9orMHMwg==/base.apk*451981290]{PCL[/system/framework/org.apache.http.legacy.jar*3034548894]})
09-13 15:05:27.370  2580  5835 W PackageManager: package unknown uid 12445 pid 22449 call SetEnabledSetting(com.gamepub.pt component = androidx.work.impl.background.systemjob.SystemJobService, 1, 0x1, 0)
09-13 15:05:27.434 22449 22449 I Quality : ActivityThread: bindApplication delay 1086 com.gamepub.pt 22449
09-13 15:05:27.439 22449 22513 I Quality : Blocked msg = Package name: com.gamepub.pt [ schedGroup: 5 schedPolicy: 0 ] process the message: { when=-1s127ms what=110 target=android.app.ActivityThread$H obj=AppBindData{appInfo=ApplicationInfo{a7a8483 com.gamepub.pt}} } took 1086 ms
09-13 15:05:27.475 22449 22517 W com.gamepub.pt: Accessing hidden method Ldalvik/system/VMStack;->getStackClass2()Ljava/lang/Class; (unsupported, reflection, allowed)
09-13 15:05:27.485 22449 22449 D nativeloader: Load /data/app/~~QkjLkP2YA-5Nd9ZmBePfpg==/com.gamepub.pt-5NkTPZ-gsRFDKj9orMHMwg==/lib/arm64/libModLoader.so using ns clns-5 from class loader (caller=/data/app/~~QkjLkP2YA-5Nd9ZmBePfpg==/com.gamepub.pt-5NkTPZ-gsRFDKj9orMHMwg==/base.apk!classes3.dex): ok
09-13 15:05:27.491 22449 22449 F libc    : Fatal signal 6 (SIGABRT), code -1 (SI_QUEUE) in tid 22449 (com.gamepub.pt), pid 22449 (com.gamepub.pt)
09-13 15:05:27.489  3905  3905 W LogcatParserThr: type=1400 audit(0.0:21580): avc: denied { write } for name="com.gamepub.pt-5NkTPZ-gsRFDKj9orMHMwg==" dev="sda11" ino=2093745 scontext=u:r:system_app:s0 tcontext=u:object_r:apk_data_file:s0 tclass=dir permissive=0
09-13 15:05:27.493  3905  7076 W ziparchive: Unable to open '/data/app/~~QkjLkP2YA-5Nd9ZmBePfpg==/com.gamepub.pt-5NkTPZ-gsRFDKj9orMHMwg==/base.dm': No such file or directory
09-13 15:05:27.493  3905  7076 W ziparchive: Unable to open '/data/app/~~QkjLkP2YA-5Nd9ZmBePfpg==/com.gamepub.pt-5NkTPZ-gsRFDKj9orMHMwg==/base.dm': No such file or directory
09-13 15:05:27.517 22449 22449 W Thread-2: type=1400 audit(0.0:21581): avc: denied { execmod } for path="/system/lib64/libandroid_runtime.so" dev="dm-15" ino=15816713 scontext=u:r:untrusted_app:s0:c141,c265,c512,c768 tcontext=u:object_r:system_lib_file:s0 tclass=file permissive=0 app=com.gamepub.pt
09-13 15:05:27.555 22449 22505 E com.gamepub.pt: No package ID 6a found for ID 0x6a0b000f.
09-13 15:05:27.572 22449 22505 I FA      :   adb shell setprop debug.firebase.analytics.app com.gamepub.pt
09-13 15:05:27.601 22449 22449 W Thread-2: type=1400 audit(0.0:21582): avc: granted { execute } for path="/data/data/com.gamepub.pt/.rwzxgkakk/ydaqzfzzt" dev="sda11" ino=830217 scontext=u:r:untrusted_app:s0:c141,c265,c512,c768 tcontext=u:object_r:app_data_file:s0:c141,c265,c512,c768 tclass=file app=com.gamepub.pt
09-13 15:05:27.601 22449 22449 W Thread-2: type=1400 audit(0.0:21583): avc: granted { execute } for path="/data/data/com.gamepub.pt/.rwzxgkakk/ydaqzfzzt" dev="sda11" ino=830217 scontext=u:r:untrusted_app:s0:c141,c265,c512,c768 tcontext=u:object_r:app_data_file:s0:c141,c265,c512,c768 tclass=file app=com.gamepub.pt
09-13 15:05:27.601 22449 22449 W Thread-2: type=1400 audit(0.0:21584): avc: granted { execute } for path="/data/data/com.gamepub.pt/.rwzxgkakk/ydaqzfzzt" dev="sda11" ino=830217 scontext=u:r:untrusted_app:s0:c141,c265,c512,c768 tcontext=u:object_r:app_data_file:s0:c141,c265,c512,c768 tclass=file app=com.gamepub.pt
09-13 15:05:27.601 22449 22449 W Thread-2: type=1400 audit(0.0:21585): avc: granted { execute } for path="/data/data/com.gamepub.pt/.rwzxgkakk/ydaqzfzzt" dev="sda11" ino=830217 scontext=u:r:untrusted_app:s0:c141,c265,c512,c768 tcontext=u:object_r:app_data_file:s0:c141,c265,c512,c768 tclass=file app=com.gamepub.pt
09-13 15:05:27.730 22449 22476 W com.gamepub.pt: ClassLoaderContext type mismatch. expected=PCL, found=DLC (PCL[] | DLC[];PCL[/data/app/~~QkjLkP2YA-5Nd9ZmBePfpg==/com.gamepub.pt-5NkTPZ-gsRFDKj9orMHMwg==/base.apk*451981290]{PCL[/system/framework/org.apache.http.legacy.jar*3034548894]})
09-13 15:05:28.300 22522 22522 F DEBUG   : Process name is com.gamepub.pt, not key_process
09-13 15:05:28.300 22522 22522 F DEBUG   : Cmdline: com.gamepub.pt
09-13 15:05:28.300 22522 22522 F DEBUG   : pid: 22449, tid: 22449, name: com.gamepub.pt  >>> com.gamepub.pt <<<
09-13 15:05:28.300 22522 22522 F DEBUG   :       #04 pc 0000000000295f90  /data/data/com.gamepub.pt/.rwzxgkakk/ydaqzfzzt (deleted)
09-13 15:05:28.338  2580 22535 W ActivityTaskManager:   Force finishing activity com.gamepub.pt/com.unity3d.player.UnityPlayerActivity
09-13 15:05:28.345  2580 22535 V OplusZoomWindowManagerService: prepareZoomTransition: curStack=Task{ccac07c #95 type=standard A=12445:com.gamepub.pt U=0 visible=false mode=fullscreen translucent=true sz=1}   nextStackTask{96c37a3 #1 type=undefined ?? U=0 visible=true mode=fullscreen translucent=true sz=1}
09-13 15:05:28.450  2580  6068 D TheiaManager: KEY:packageNameVALUE:com.gamepub.pt
09-13 15:05:28.450  2580  6068 D TheiaCrashMonitor: com.gamepub.ptcrash
09-13 15:05:28.450  2580  6068 I ActivityManager: Process com.gamepub.pt (pid 22449) has died: prcp TOP 
09-13 15:05:28.455  2580  4502 I OplusHansManager : onUidGone(), 12445 com.gamepub.pt exit SM
09-13 15:05:28.467  2580  4968 D OplusWifiTransactionHelper: notifyGameInfoJsonStr: gameInfo = {"PKG_NAME":"com.gamepub.pt","GAME_PLAYING":0}
09-13 15:05:28.470  2580  6068 V OplusZoomWindowManagerService: onAnimationFinished:  r = ActivityRecord{4e1ed05 u0 com.gamepub.pt/com.unity3d.player.UnityPlayerActivity t95 f}}
09-13 15:05:28.471  2580  6068 I WindowStateExtImpl: onSurfaceShowChange show = false mPackageName = com.gamepub.pt parentPkgName = com.gamepub.pt
09-13 15:05:28.473  2580  6068 W InputManager-JNI: Input channel object 'd9901b2 Splash Screen com.gamepub.pt (client)' was disposed without first being removed with the input manager!
09-13 15:05:28.473  2580  6068 D OplusStartingWindowManager: interceptRemoveStartingWindow activity.packageName=com.gamepub.pt isSnapshot=false mStartingSurfaceRunnable=null
09-13 15:05:28.478  1381  1381 D OplusLayer: ~Layer() sequence=4322, name=d9901b2 Splash Screen com.gamepub.pt#0 0xb400007e1eb39b40
09-13 15:05:28.481  2580  6068 I OplusScreenSecurityMask: onStackRemoved task = Task{ccac07c #95 type=standard A=12445:com.gamepub.pt U=0 visible=false mode=fullscreen translucent=true sz=0} record = null displayId = 0
09-13 15:05:28.483  2580  6068 D TaskExtImpl: remove ActivityRecord{4e1ed05 u0 com.gamepub.pt/com.unity3d.player.UnityPlayerActivity t-1 f}} to mActivityRecordSum = Counter{ }
09-13 15:05:28.486  2580  6068 I OplusHansManager : front pkg: com.android.launcher, uid: 10181, prev pkg: com.gamepub.pt, prev uid: 12445
09-13 15:05:28.491  2580  3749 I OplusResourcePreloadManager: resume pkg: com.android.launcher, uid:10181, prev pkg: com.gamepub.pt, prev uid: 12445
09-13 15:05:28.494  1381  1381 D OplusLayer: ~Layer() sequence=4323, name=Splash Screen com.gamepub.pt#0 0xb400007e1eacfe00
09-13 15:05:28.512  1381  1381 D OplusLayer: ~Layer() sequence=4321, name=ActivityRecord{4e1ed05 u0 com.gamepub.pt/com.unity3d.player.UnityPlayerActivity#0 0xb400007e1ea7d200
09-13 15:05:28.512  1381  1381 D OplusLayer: ~Layer() sequence=4329, name=8c36b6f ActivityRecordInputSink com.gamepub.pt/com.unity3d.player.UnityPlayerActivity#0 0xb400007e1ac5d040
09-13 15:05:28.576  2580  6062 D OplusAppListInterceptManager: shouldFilterTask::packageName = com.gamepub.pt
09-13 15:05:28.581  2580  6061 D OplusAppListInterceptManager: shouldFilterTask::packageName = com.gamepub.pt
