09-19 22:39:17.801  2445  5783 I ActivityTaskManager: START u0 {act=android.intent.action.MAIN cat=[android.intent.category.LAUNCHER] flg=0x10200000 cmp=com.gamepub.cc.g/com.unity3d.player.UnityPlayerActivity bnds=[36,1035][288,1323] mCallingUid=10181} from uid 10181
09-19 22:39:17.817  2445  5783 I OplusScreenSecurityMask: onStackAdded task = Task{9868d49 #68 type=standard A=12478:com.gamepub.cc.g U=0 visible=false mode=fullscreen translucent=true sz=0} record = null displayId = 0
09-19 22:39:17.820  2445  5783 D CompactWindowManagerService: onOriginListAdded child: ActivityRecord{ccc964e u0 com.gamepub.cc.g/com.unity3d.player.UnityPlayerActivity t68}; parent: Task{9868d49 #68 type=standard A=12478:com.gamepub.cc.g U=0 visible=true mode=fullscreen translucent=true sz=1}
09-19 22:39:17.820  2445  5783 I OplusCompactWindowManagerService: supportMultiResume :true in package :com.gamepub.cc.g
09-19 22:39:17.820  2445  5783 D TaskExtImpl: add ActivityRecord{ccc964e u0 com.gamepub.cc.g/com.unity3d.player.UnityPlayerActivity t68} to mActivityRecordSum = Counter{ com.gamepub.cc.g/com.unity3d.player.UnityPlayerActivity(1) }
09-19 22:39:17.823  2445  5783 D ActivityTaskManager: getStartingWindowType: newTask=true, taskSwitch=true, processRunning=false, allowTaskSnapshot=true, activityCreated=false, snapshot=null, record:ActivityRecord{ccc964e u0 com.gamepub.cc.g/com.unity3d.player.UnityPlayerActivity t68}
09-19 22:39:17.824  2445  5783 V OplusZoomWindowManagerService: windowMode: 0 ,stack: Task{9868d49 #68 type=standard A=12478:com.gamepub.cc.g U=0 visible=true mode=fullscreen translucent=true sz=1}
09-19 22:39:17.833  3218  3409 D WindowManager: Add to mViews: android.widget.FrameLayout{2738974 V.E...... ......I. 0,0-0,0},pkg= com.gamepub.cc.g
09-19 22:39:17.837  2445  6549 I OplusHansManager : front pkg: com.gamepub.cc.g, uid: 12478, prev pkg: com.android.launcher, prev uid: 10181
09-19 22:39:17.843  2445  3659 D OplusDisplayPolicy: com.gamepub.cc.g, no change cutoutMode: 1
09-19 22:39:17.843  2445  3701 I OplusResourcePreloadManager: resume pkg: com.gamepub.cc.g, uid:12478, prev pkg: com.android.launcher, prev uid: 10181
09-19 22:39:17.859  2445  3659 D OplusDisplayPolicy: com.gamepub.cc.g, no change cutoutMode: 1
09-19 22:39:17.864 30665 30682 D BinderSender: sendBinder to uid 12478: packages=com.gamepub.cc.g
09-19 22:39:17.881  2445  2627 I ActivityManager: Start proc 25908:com.gamepub.cc.g/u0a2478 for pre-top-activity {com.gamepub.cc.g/com.unity3d.player.UnityPlayerActivity}
09-19 22:39:17.882  2445  2615 D CompactWindowManagerService: updateBackgroundSurface openingApp: ActivityRecord{ccc964e u0 com.gamepub.cc.g/com.unity3d.player.UnityPlayerActivity t68}
09-19 22:39:17.885  1408  1408 D OplusLayer: setBuffer sequence=2568, name=Splash Screen com.gamepub.cc.g#0
09-19 22:39:17.902  2445  2615 I WindowStateExtImpl: onSurfaceShowChange show = true mPackageName = com.gamepub.cc.g parentPkgName = com.gamepub.cc.g
09-19 22:39:17.946  2445  6549 I OplusAppSwitchManagerService: appswitch hasProcess ActivityRecord{ccc964e u0 com.gamepub.cc.g/com.unity3d.player.UnityPlayerActivity t68}
09-19 22:39:17.947  2445  6549 I OplusAppSwitchManagerService: appswitch hasProcess ActivityRecord{ccc964e u0 com.gamepub.cc.g/com.unity3d.player.UnityPlayerActivity t68}
09-19 22:39:17.947  2445  3911 V DCSEX-AppSwitchManager: OnAppSwitchObserver: onAppExit, resuming = com.gamepub.cc.g, target = com.android.launcher, is ResumingFirstStart =  true, is ResumingMultiApp =  false, extensionInfo =  Bundle[{taskId=68, uid=12478}]
09-19 22:39:17.947  2445  7944 D DCSEX-AppLaunchEventRecorder: onAppSwitch from = com.android.launcher to = com.gamepub.cc.g
09-19 22:39:17.948  2445  3911 D OplusEapManager: mTargetEnterName :com.gamepub.cc.g
09-19 22:39:17.948  2445  3911 V DCSEX-AppSwitchManager: OnAppSwitchObserver: onAppEnter, launchedFrom =  com.android.launcher, target =  com.gamepub.cc.g, is firstStart =  true, is multiApp =  false, extensionInfo =  Bundle[{taskId=68, pid=25908, uid=12478}]
09-19 22:39:17.948  2445  3911 D VRR [OPlusFrontAppManager]: OnAppSwitchObserver: onAppEnter , info.targetName = com.gamepub.cc.g
09-19 22:39:17.950  2445  2658 D VRR [OPlusRefreshRateService]: handleFrontAppChange pkgName: com.gamepub.cc.g
09-19 22:39:17.950  2445  2658 D VRR [OPlusExternalRefreshRateManager]: setFrontPackageName pkgName: com.gamepub.cc.g CurPkgName: null
09-19 22:39:17.950  3580  3604 W Battery : ThermalControlUtils: mForegroundPkg=com.gamepub.cc.g
09-19 22:39:17.954  2445  6549 I InputDispatcher: setFocusedApplication displayId=0 ActivityRecord{ccc964e u0 com.gamepub.cc.g/com.unity3d.player.UnityPlayerActivity t68}
09-19 22:39:17.952  5367  5367 W athena_handler_: type=1400 audit(0.0:17043): avc: denied { write } for name="com.gamepub.cc.g-LzyTEt1apjILzIlSHKD4Gw==" dev="sda11" ino=2175073 scontext=u:r:system_app:s0 tcontext=u:object_r:apk_data_file:s0 tclass=dir permissive=0
09-19 22:39:17.958  5367  5588 W ziparchive: Unable to open '/data/app/~~jak-woMYYy73pajBgJcWuw==/com.gamepub.cc.g-LzyTEt1apjILzIlSHKD4Gw==/base.dm': No such file or directory
09-19 22:39:17.958  5367  5588 W ziparchive: Unable to open '/data/app/~~jak-woMYYy73pajBgJcWuw==/com.gamepub.cc.g-LzyTEt1apjILzIlSHKD4Gw==/base.dm': No such file or directory
09-19 22:39:17.965  2445  2635 E OplusThermalStats: Error getting package info: com.gamepub.cc.g
09-19 22:39:17.965  2445  2614 D OplusKeepAliveManager: TOP_APP is ProcessRecord{105ab9 25908:com.gamepub.cc.g/u0a2478} uid is 12478
09-19 22:39:17.973  2445  5786 D OplusAppListInterceptManager: shouldFilterTask::packageName = com.gamepub.cc.g
09-19 22:39:17.975 30665 30684 D BinderSender: sendBinder to uid 12478: packages=com.gamepub.cc.g
09-19 22:39:18.068 25908 25908 D nativeloader: Configuring clns-4 for other apk /apex/com.android.extservices/javalib/android.ext.adservices.jar. target_sdk_version=35, uses_libraries=ALL, library_path=/data/app/~~jak-woMYYy73pajBgJcWuw==/com.gamepub.cc.g-LzyTEt1apjILzIlSHKD4Gw==/lib/arm64:/data/app/~~jak-woMYYy73pajBgJcWuw==/com.gamepub.cc.g-LzyTEt1apjILzIlSHKD4Gw==/base.apk!/lib/arm64-v8a, permitted_path=/data:/mnt/expand:/data/user/0/com.gamepub.cc.g
09-19 22:39:18.073 25908 25908 D nativeloader: Configuring clns-5 for other apk /system/framework/org.apache.http.legacy.jar. target_sdk_version=35, uses_libraries=ALL, library_path=/data/app/~~jak-woMYYy73pajBgJcWuw==/com.gamepub.cc.g-LzyTEt1apjILzIlSHKD4Gw==/lib/arm64:/data/app/~~jak-woMYYy73pajBgJcWuw==/com.gamepub.cc.g-LzyTEt1apjILzIlSHKD4Gw==/base.apk!/lib/arm64-v8a, permitted_path=/data:/mnt/expand:/data/user/0/com.gamepub.cc.g
09-19 22:39:18.075 25908 25908 W ziparchive: Unable to open '/data/app/~~jak-woMYYy73pajBgJcWuw==/com.gamepub.cc.g-LzyTEt1apjILzIlSHKD4Gw==/base.dm': No such file or directory
09-19 22:39:18.075 25908 25908 W ziparchive: Unable to open '/data/app/~~jak-woMYYy73pajBgJcWuw==/com.gamepub.cc.g-LzyTEt1apjILzIlSHKD4Gw==/base.dm': No such file or directory
09-19 22:39:18.174  2445  5783 V OplusZoomWindowManagerService: onAnimationFinished:  r = ActivityRecord{ccc964e u0 com.gamepub.cc.g/com.unity3d.player.UnityPlayerActivity t68}
09-19 22:39:18.175  2445  5783 I OplusAppSwitchManagerService:  handleAppVisible , r = ActivityRecord{ccc964e u0 com.gamepub.cc.g/com.unity3d.player.UnityPlayerActivity t68}
09-19 22:39:18.299 25908 25908 D nativeloader: Configuring clns-6 for other apk /data/app/~~jak-woMYYy73pajBgJcWuw==/com.gamepub.cc.g-LzyTEt1apjILzIlSHKD4Gw==/base.apk. target_sdk_version=35, uses_libraries=, library_path=/data/app/~~jak-woMYYy73pajBgJcWuw==/com.gamepub.cc.g-LzyTEt1apjILzIlSHKD4Gw==/lib/arm64:/data/app/~~jak-woMYYy73pajBgJcWuw==/com.gamepub.cc.g-LzyTEt1apjILzIlSHKD4Gw==/base.apk!/lib/arm64-v8a, permitted_path=/data:/mnt/expand:/data/user/0/com.gamepub.cc.g
09-19 22:39:18.452  3580  4136 W AuthDialogHelper: checkNotificationSwitchFirst() called with: context = [com.oplus.notification.NotificationCenterService@109a2b3], pkg = [com.gamepub.cc.g], uid = [12478], userId = [0], init checker
09-19 22:39:18.452  3580  4136 E AuthDialogHelper: CheckNotificationCanBeSetSecond: check com.gamepub.cc.g , Notification master switch on, unable to pop dialog
09-19 22:39:21.344 25908 25908 D nativeloader: Load /data/app/~~jak-woMYYy73pajBgJcWuw==/com.gamepub.cc.g-LzyTEt1apjILzIlSHKD4Gw==/lib/arm64/libfrida-gadget.so using ns clns-6 from class loader (caller=/data/app/~~jak-woMYYy73pajBgJcWuw==/com.gamepub.cc.g-LzyTEt1apjILzIlSHKD4Gw==/base.apk): ok
09-19 22:39:21.351 25908 25908 D nativeloader: Load /data/app/~~jak-woMYYy73pajBgJcWuw==/com.gamepub.cc.g-LzyTEt1apjILzIlSHKD4Gw==/lib/arm64/libpairipcore.so using ns clns-6 from class loader (caller=/data/app/~~jak-woMYYy73pajBgJcWuw==/com.gamepub.cc.g-LzyTEt1apjILzIlSHKD4Gw==/base.apk): ok
09-19 22:39:21.436 25908 25908 I Quality : ActivityThread: createOrUpdateClassLoaderLocked delay 3374 com.gamepub.cc.g 25908
09-19 22:39:21.443 25908 25908 V GraphicsEnvironment: ANGLE Developer option for 'com.gamepub.cc.g' set to: 'default'
09-19 22:39:21.450 25908 25908 E AndroidRuntime: Process: com.gamepub.cc.g, PID: 25908
09-19 22:39:21.450 25908 25908 E AndroidRuntime: java.lang.RuntimeException: Unable to instantiate application com.pairip.application.Application package com.gamepub.cc.g: com.pairip.SignatureCheck$SignatureTamperedException: Apk signature is invalid.
09-19 22:39:21.455  2445  3685 D OplusAppStartupMonitor: notifyUnstableAppInfo: Bundle[{unstableTime=1758296361452, reason=crash, userId=0, safecenter=unstable, exceptionMsg=Apk signature is invalid., exceptionClass=com.pairip.SignatureCheck$SignatureTamperedException, packageName=com.gamepub.cc.g, unstable_restrict_switch=true}]
09-19 22:39:21.469  2445  3659 W ActivityTaskManager:   Force finishing activity com.gamepub.cc.g/com.unity3d.player.UnityPlayerActivity
09-19 22:39:21.475  2445  3659 V OplusZoomWindowManagerService: prepareZoomTransition: curStack=Task{9868d49 #68 type=standard A=12478:com.gamepub.cc.g U=0 visible=false mode=fullscreen translucent=true sz=1}   nextStackTask{c7ec940 #1 type=undefined ?? U=0 visible=true mode=fullscreen translucent=true sz=1}
09-19 22:39:21.510  2445  6549 D TheiaManager: KEY:packageNameVALUE:com.gamepub.cc.g
09-19 22:39:21.510  2445  6549 D TheiaCrashMonitor: com.gamepub.cc.gcrash
09-19 22:39:21.510  2445  6549 I ActivityManager: Process com.gamepub.cc.g (pid 25908) has died: fg  TOP 
09-19 22:39:21.518  2445  4568 I OplusHansManager : onUidGone(), 12478 com.gamepub.cc.g exit SM
09-19 22:39:21.537  2445  6549 V OplusZoomWindowManagerService: onAnimationFinished:  r = ActivityRecord{ccc964e u0 com.gamepub.cc.g/com.unity3d.player.UnityPlayerActivity t68 f}}
09-19 22:39:21.537  2445  6549 I WindowStateExtImpl: onSurfaceShowChange show = false mPackageName = com.gamepub.cc.g parentPkgName = com.gamepub.cc.g
09-19 22:39:21.538  2445  6549 W InputManager-JNI: Input channel object 'a8e29b2 Splash Screen com.gamepub.cc.g (client)' was disposed without first being removed with the input manager!
09-19 22:39:21.539  2445  6549 D OplusStartingWindowManager: interceptRemoveStartingWindow activity.packageName=com.gamepub.cc.g isSnapshot=false mStartingSurfaceRunnable=null
09-19 22:39:21.544  2445  6549 I OplusScreenSecurityMask: onStackRemoved task = Task{9868d49 #68 type=standard A=12478:com.gamepub.cc.g U=0 visible=false mode=fullscreen translucent=true sz=0} record = null displayId = 0
09-19 22:39:21.545  2445  6549 D TaskExtImpl: remove ActivityRecord{ccc964e u0 com.gamepub.cc.g/com.unity3d.player.UnityPlayerActivity t-1 f}} to mActivityRecordSum = Counter{ }
09-19 22:39:21.547  2445  6549 I OplusHansManager : front pkg: com.android.launcher, uid: 10181, prev pkg: com.gamepub.cc.g, prev uid: 12478
09-19 22:39:21.548  1408  1408 D OplusLayer: ~Layer() sequence=2567, name=a8e29b2 Splash Screen com.gamepub.cc.g#0 0xb400006fcd691ec0
09-19 22:39:21.550  2445  3701 I OplusResourcePreloadManager: resume pkg: com.android.launcher, uid:10181, prev pkg: com.gamepub.cc.g, prev uid: 12478
09-19 22:39:21.566  1408  1408 D OplusLayer: ~Layer() sequence=2566, name=ActivityRecord{ccc964e u0 com.gamepub.cc.g/com.unity3d.player.UnityPlayerActivity#0 0xb400006fcd6dff80
09-19 22:39:21.567  1408  1408 D OplusLayer: ~Layer() sequence=2574, name=a006750 ActivityRecordInputSink com.gamepub.cc.g/com.unity3d.player.UnityPlayerActivity#0 0xb400006fcd511480
09-19 22:39:21.608  2445  3659 D OplusAppListInterceptManager: shouldFilterTask::packageName = com.gamepub.cc.g
09-19 22:39:21.609  2445  6549 D OplusAppListInterceptManager: shouldFilterTask::packageName = com.gamepub.cc.g
09-19 22:39:21.953  1408  1408 D OplusLayer: ~Layer() sequence=2568, name=Splash Screen com.gamepub.cc.g#0 0xb400006fcd6338c0
09-19 22:39:21.972  2445  2614 W ActivityTaskManager: Activity top resumed state loss timeout for ActivityRecord{ccc964e u0 com.gamepub.cc.g/com.unity3d.player.UnityPlayerActivity t-1 f}}
09-19 22:39:21.973  2445  3911 D OplusEapManager: mTargetExitName :com.gamepub.cc.g
09-19 22:39:21.973  2445  3911 V DCSEX-AppSwitchManager: OnAppSwitchObserver: onAppExit, resuming = com.android.launcher, target = com.gamepub.cc.g, is ResumingFirstStart =  false, is ResumingMultiApp =  false, extensionInfo =  Bundle[{taskId=5, uid=10181}]
09-19 22:39:21.973  2445  3911 D VRR [OPlusFrontAppManager]: OnAppSwitchObserver: onAppExit , info.targetName = com.gamepub.cc.g
09-19 22:39:21.973  2445  7944 D DCSEX-AppLaunchEventRecorder: onAppSwitch from = com.gamepub.cc.g to = com.android.launcher
09-19 22:39:21.973  2445  7944 D DCSEX-AppLaunchEventRecorder: recordExitApp = com.gamepub.cc.g
09-19 22:39:21.975  2445  2658 D VRR [OPlusExternalRefreshRateManager]: setFrontPackageName pkgName: null CurPkgName: com.gamepub.cc.g
