09-13 12:42:12.029  3233  3461 D WindowManager: Add to mViews: android.widget.FrameLayout{f973ae7 V.E...... ......I. 0,0-0,0},pkg= com.gamepub.pt
09-13 12:42:12.033  2580  3104 I OplusHansManager : front pkg: com.gamepub.pt, uid: 12438, prev pkg: com.android.launcher, prev uid: 10181
09-13 12:42:12.038  2580  3749 I OplusResourcePreloadManager: resume pkg: com.gamepub.pt, uid:12438, prev pkg: com.android.launcher, prev uid: 10181
09-13 12:42:12.040  2580  6043 D OplusDisplayPolicy: com.gamepub.pt, no change cutoutMode: 0
09-13 12:42:12.050  2580  6043 D OplusDisplayPolicy: com.gamepub.pt, no change cutoutMode: 0
09-13 12:42:12.078  1381  1381 D OplusLayer: setBuffer sequence=3516, name=Splash Screen com.gamepub.pt#0
09-13 12:42:12.081  2580  2613 D CompactWindowManagerService: updateBackgroundSurface openingApp: ActivityRecord{8a6865f u0 com.gamepub.pt/com.unity3d.player.UnityPlayerActivity t73}
09-13 12:42:12.088 16110 16110 I com.gamepub.pt: Late-enabling -Xcheck:jni
09-13 12:42:12.092  2580  2629 I ActivityManager: Start proc 16110:com.gamepub.pt/u0a2438 for pre-top-activity {com.gamepub.pt/com.unity3d.player.UnityPlayerActivity}
09-13 12:42:12.101  2580  2613 I WindowStateExtImpl: onSurfaceShowChange show = true mPackageName = com.gamepub.pt parentPkgName = com.gamepub.pt
09-13 12:42:12.117 16110 16110 E com.gamepub.pt: Unknown bits set in runtime_flags: 0x40000000
09-13 12:42:12.117 16110 16110 I com.gamepub.pt: Using CollectorTypeCC GC.
09-13 12:42:12.142  2580  3104 D OplusAppListInterceptManager: shouldFilterTask::packageName = com.gamepub.pt
09-13 12:42:12.153  2580  6043 I OplusAppSwitchManagerService: appswitch hasProcess ActivityRecord{8a6865f u0 com.gamepub.pt/com.unity3d.player.UnityPlayerActivity t73}
09-13 12:42:12.153  2580  6043 I OplusAppSwitchManagerService: appswitch hasProcess ActivityRecord{8a6865f u0 com.gamepub.pt/com.unity3d.player.UnityPlayerActivity t73}
09-13 12:42:12.154  2580  4003 V DCSEX-AppSwitchManager: OnAppSwitchObserver: onAppExit, resuming = com.gamepub.pt, target = com.android.launcher, is ResumingFirstStart =  true, is ResumingMultiApp =  false, extensionInfo =  Bundle[{taskId=73, uid=12438}]
09-13 12:42:12.154  2580  6043 I InputDispatcher: setFocusedApplication displayId=0 ActivityRecord{8a6865f u0 com.gamepub.pt/com.unity3d.player.UnityPlayerActivity t73}
09-13 12:42:12.155  2580  7693 D DCSEX-AppLaunchEventRecorder: onAppSwitch from = com.android.launcher to = com.gamepub.pt
09-13 12:42:12.156  2580  4003 D OplusEapManager: mTargetEnterName :com.gamepub.pt
09-13 12:42:12.156  2580  4003 V DCSEX-AppSwitchManager: OnAppSwitchObserver: onAppEnter, launchedFrom =  com.android.launcher, target =  com.gamepub.pt, is firstStart =  true, is multiApp =  false, extensionInfo =  Bundle[{taskId=73, pid=16110, uid=12438}]
09-13 12:42:12.156  2580  4003 D VRR [OPlusFrontAppManager]: OnAppSwitchObserver: onAppEnter , info.targetName = com.gamepub.pt
09-13 12:42:12.157  2580  2654 D VRR [OPlusRefreshRateService]: handleFrontAppChange pkgName: com.gamepub.pt
09-13 12:42:12.158  2580  2654 D VRR [OPlusExternalRefreshRateManager]: setFrontPackageName pkgName: com.gamepub.pt CurPkgName: null
09-13 12:42:12.163  2580  2637 E OplusThermalStats: Error getting package info: com.gamepub.pt
09-13 12:42:12.162  3905  4865 W Battery : ThermalControlUtils: mForegroundPkg=com.gamepub.pt
09-13 12:42:12.179  5400  5594 W ziparchive: Unable to open '/data/app/~~Czw3Zlpzjn9rEEEzoLo8Aw==/com.gamepub.pt-XzQDhEskDwJkWNWlTAl57Q==/base.dm': No such file or directory
09-13 12:42:12.179  5400  5594 W ziparchive: Unable to open '/data/app/~~Czw3Zlpzjn9rEEEzoLo8Aw==/com.gamepub.pt-XzQDhEskDwJkWNWlTAl57Q==/base.dm': No such file or directory
09-13 12:42:12.173  5400  5400 W athena_handler_: type=1400 audit(0.0:10076): avc: denied { write } for name="com.gamepub.pt-XzQDhEskDwJkWNWlTAl57Q==" dev="sda11" ino=829814 scontext=u:r:system_app:s0 tcontext=u:object_r:apk_data_file:s0 tclass=dir permissive=0
09-13 12:42:12.181  2580  2612 D OplusKeepAliveManager: TOP_APP is ProcessRecord{95bdf61 16110:com.gamepub.pt/u0a2438} uid is 12438
09-13 12:42:12.243  3847 17055 D OplusLinkLatencyManagerService: gameOptimizeSetLoad.id:2, pkgName:com.gamepub.pt
09-13 12:42:12.266 16110 16110 D nativeloader: Configuring clns-4 for other apk /system/framework/org.apache.http.legacy.jar. target_sdk_version=33, uses_libraries=ALL, library_path=/data/app/~~Czw3Zlpzjn9rEEEzoLo8Aw==/com.gamepub.pt-XzQDhEskDwJkWNWlTAl57Q==/lib/arm64:/data/app/~~Czw3Zlpzjn9rEEEzoLo8Aw==/com.gamepub.pt-XzQDhEskDwJkWNWlTAl57Q==/base.apk!/lib/arm64-v8a, permitted_path=/data:/mnt/expand:/data/user/0/com.gamepub.pt
09-13 12:42:12.268 16110 16110 W ziparchive: Unable to open '/data/app/~~Czw3Zlpzjn9rEEEzoLo8Aw==/com.gamepub.pt-XzQDhEskDwJkWNWlTAl57Q==/base.dm': No such file or directory
09-13 12:42:12.268 16110 16110 W ziparchive: Unable to open '/data/app/~~Czw3Zlpzjn9rEEEzoLo8Aw==/com.gamepub.pt-XzQDhEskDwJkWNWlTAl57Q==/base.dm': No such file or directory
09-13 12:42:12.269 13791 16144 I Quality : 17001301:16110 com.gamepub.pt GAME_START
09-13 12:42:12.313  3905  3905 W LogcatParserThr: type=1400 audit(0.0:10078): avc: denied { write } for name="com.gamepub.pt-XzQDhEskDwJkWNWlTAl57Q==" dev="sda11" ino=829814 scontext=u:r:system_app:s0 tcontext=u:object_r:apk_data_file:s0 tclass=dir permissive=0
09-13 12:42:12.316  3905  7076 W ziparchive: Unable to open '/data/app/~~Czw3Zlpzjn9rEEEzoLo8Aw==/com.gamepub.pt-XzQDhEskDwJkWNWlTAl57Q==/base.dm': No such file or directory
09-13 12:42:12.316  3905  7076 W ziparchive: Unable to open '/data/app/~~Czw3Zlpzjn9rEEEzoLo8Aw==/com.gamepub.pt-XzQDhEskDwJkWNWlTAl57Q==/base.dm': No such file or directory
09-13 12:42:12.336  2580  6043 D OplusWifiTransactionHelper: notifyGameInfoJsonStr: gameInfo = {"PKG_NAME":"com.gamepub.pt","GAME_PLAYING":1}
09-13 12:42:12.350  2580  6043 D OplusWifiTransactionHelper: Get notifyGameModeState: state = true pkgName = com.gamepub.pt
09-13 12:42:12.351  2580  6043 D OplusWifiCoexManager: setGameModeState: gameStateIn=true pkgName=com.gamepub.pt uid=12438
09-13 12:42:12.354  2580  6043 D OplusWifiTransactionHelper: notifyGameInfoJsonStr: gameInfo = {"PKG_NAME":"com.gamepub.pt","APP_FOREGROUND":true}
09-13 12:42:12.367  2580  6043 V OplusZoomWindowManagerService: onAnimationFinished:  r = ActivityRecord{8a6865f u0 com.gamepub.pt/com.unity3d.player.UnityPlayerActivity t73}
09-13 12:42:12.367  2580  6043 I OplusAppSwitchManagerService:  handleAppVisible , r = ActivityRecord{8a6865f u0 com.gamepub.pt/com.unity3d.player.UnityPlayerActivity t73}
09-13 12:42:12.489 16110 16110 D nativeloader: Configuring clns-5 for other apk /data/app/~~Czw3Zlpzjn9rEEEzoLo8Aw==/com.gamepub.pt-XzQDhEskDwJkWNWlTAl57Q==/base.apk. target_sdk_version=33, uses_libraries=, library_path=/data/app/~~Czw3Zlpzjn9rEEEzoLo8Aw==/com.gamepub.pt-XzQDhEskDwJkWNWlTAl57Q==/lib/arm64:/data/app/~~Czw3Zlpzjn9rEEEzoLo8Aw==/com.gamepub.pt-XzQDhEskDwJkWNWlTAl57Q==/base.apk!/lib/arm64-v8a, permitted_path=/data:/mnt/expand:/data/user/0/com.gamepub.pt
09-13 12:42:12.516 16110 16110 V GraphicsEnvironment: ANGLE Developer option for 'com.gamepub.pt' set to: 'default'
09-13 12:42:12.541 16110 16110 D nativeloader: Load /data/app/~~Czw3Zlpzjn9rEEEzoLo8Aw==/com.gamepub.pt-XzQDhEskDwJkWNWlTAl57Q==/lib/arm64/libloader.so using ns clns-5 from class loader (caller=/data/app/~~Czw3Zlpzjn9rEEEzoLo8Aw==/com.gamepub.pt-XzQDhEskDwJkWNWlTAl57Q==/base.apk): ok
09-13 12:42:12.544  1377  3753 D AudioFlingerExtImpl: AudioFlingerExtImpl oplusSetParameters: keyvalue currentGamePackageName=com.gamepub.pt
09-13 12:42:12.544  1377  3753 D AudioFlingerExtImpl: MagicVoiceSetParameters, tempCurrentPackageName:com.gamepub.pt
09-13 12:42:12.547  1317  1451 D audio_hw_primary: adev_set_parameters: enter: currentGamePackageName=com.gamepub.pt
09-13 12:42:12.555 16172 16454 D AppSortManager: updateApp app:com.gamepub.pt
09-13 12:42:12.559 16172 16172 W FrameInsert: getDisplayFunctionCapability for com.gamepub.pt enter
09-13 12:42:12.573  2580  3846 D OplusWifiTransactionHelper: notifyGameInfoJsonStr: gameInfo = {"PKG_NAME":"com.gamepub.pt","PERFORMANCE_MODE":0}
09-13 12:42:12.573  2580  6043 D OplusWifiTransactionHelper: notifyGameInfoJsonStr: gameInfo = {"PKG_NAME":"com.gamepub.pt","PERFORMANCE_MODE":0}
09-13 12:42:12.575 16110 16110 E com.gamepub.pt: Failed to register non-native method android.support.v4.soft.D.o(ILjava/lang/Object;)I as native
09-13 12:42:12.576 16110 16110 F com.gamepub.pt: java_vm_ext.cc:616] JNI DETECTED ERROR IN APPLICATION: JNI NewGlobalRef called with pending exception java.lang.NoSuchMethodError: no native method "Landroid/support/v4/soft/D;.o(ILjava/lang/Object;)I"
09-13 12:42:12.576 16110 16110 F com.gamepub.pt: java_vm_ext.cc:616]   at java.lang.String java.lang.Runtime.nativeLoad(java.lang.String, java.lang.ClassLoader, java.lang.Class) (Runtime.java:-2)
09-13 12:42:12.576 16110 16110 F com.gamepub.pt: java_vm_ext.cc:616]   at void java.lang.Runtime.loadLibrary0(java.lang.ClassLoader, java.lang.Class, java.lang.String) (Runtime.java:1079)
09-13 12:42:12.576 16110 16110 F com.gamepub.pt: java_vm_ext.cc:616]   at void java.lang.Runtime.loadLibrary0(java.lang.Class, java.lang.String) (Runtime.java:1003)
09-13 12:42:12.576 16110 16110 F com.gamepub.pt: java_vm_ext.cc:616]   at void java.lang.System.loadLibrary(java.lang.String) (System.java:1765)
09-13 12:42:12.576 16110 16110 F com.gamepub.pt: java_vm_ext.cc:616]   at void android.support.v4.soft.D.<clinit>() (Landroid/support/v4/soft/D;:-1)
09-13 12:42:12.576 16110 16110 F com.gamepub.pt: java_vm_ext.cc:616]   at void android.support.v4.soft.ApplicationMain.attachBaseContext(android.content.Context) (Landroid/support/v4/soft/ApplicationMain;:-1)
09-13 12:42:12.576 16110 16110 F com.gamepub.pt: java_vm_ext.cc:616]   at void android.app.Application.attach(android.content.Context) (Application.java:340)
09-13 12:42:12.576 16110 16110 F com.gamepub.pt: java_vm_ext.cc:616]   at android.app.Application android.app.Instrumentation.newApplication(java.lang.ClassLoader, java.lang.String, android.content.Context) (Instrumentation.java:1193)
09-13 12:42:12.576 16110 16110 F com.gamepub.pt: java_vm_ext.cc:616]   at android.app.Application android.app.LoadedApk.makeApplication(boolean, android.app.Instrumentation) (LoadedApk.java:1393)
09-13 12:42:12.576 16110 16110 F com.gamepub.pt: java_vm_ext.cc:616]   at void android.app.ActivityThread.handleBindApplication(android.app.ActivityThread$AppBindData) (ActivityThread.java:7003)
09-13 12:42:12.576 16110 16110 F com.gamepub.pt: java_vm_ext.cc:616]   at void android.app.ActivityThread.access$1800(android.app.ActivityThread, android.app.ActivityThread$AppBindData) (ActivityThread.java:254)
09-13 12:42:12.576 16110 16110 F com.gamepub.pt: java_vm_ext.cc:616]   at void android.app.ActivityThread$H.handleMessage(android.os.Message) (ActivityThread.java:2184)
09-13 12:42:12.576 16110 16110 F com.gamepub.pt: java_vm_ext.cc:616]   at void android.os.Handler.dispatchMessage(android.os.Message) (Handler.java:106)
09-13 12:42:12.576 16110 16110 F com.gamepub.pt: java_vm_ext.cc:616]   at boolean android.os.Looper.loopOnce(android.os.Looper, long, int) (Looper.java:233)
09-13 12:42:12.576 16110 16110 F com.gamepub.pt: java_vm_ext.cc:616]   at void android.os.Looper.loop() (Looper.java:344)
09-13 12:42:12.576 16110 16110 F com.gamepub.pt: java_vm_ext.cc:616]   at void android.app.ActivityThread.main(java.lang.String[]) (ActivityThread.java:8212)
09-13 12:42:12.576 16110 16110 F com.gamepub.pt: java_vm_ext.cc:616]   at java.lang.Object java.lang.reflect.Method.invoke(java.lang.Object, java.lang.Object[]) (Method.java:-2)
09-13 12:42:12.576 16110 16110 F com.gamepub.pt: java_vm_ext.cc:616]   at void com.android.internal.os.RuntimeInit$MethodAndArgsCaller.run() (RuntimeInit.java:584)
09-13 12:42:12.576 16110 16110 F com.gamepub.pt: java_vm_ext.cc:616]   at void com.android.internal.os.ZygoteInit.main(java.lang.String[]) (ZygoteInit.java:1034)
09-13 12:42:12.576 16110 16110 F com.gamepub.pt: java_vm_ext.cc:616] 
09-13 12:42:12.576 16110 16110 F com.gamepub.pt: java_vm_ext.cc:616]     in call to NewGlobalRef
09-13 12:42:12.576 16110 16110 F com.gamepub.pt: java_vm_ext.cc:616]     from java.lang.String java.lang.Runtime.nativeLoad(java.lang.String, java.lang.ClassLoader, java.lang.Class)
09-13 12:42:12.587 16172 16395 D network : getData for https://games-community-sg.heytapmobile.com/games/tool/recharge/page/jump?pkgName=com.gamepub.pt started !!
09-13 12:42:12.588 16172 16395 I httpdns : HttpDnsInterceptor.preIntercept, input: https://games-community-sg.heytapmobile.com/games/tool/recharge/page/jump?pkgName=com.gamepub.pt
09-13 12:42:12.589 16172 16395 I httpdns : HttpDnsInterceptor.preIntercept, output: https://games-community-sg.heytapmobile.com/games/tool/recharge/page/jump?pkgName=com.gamepub.pt
09-13 12:42:12.659  3905  4181 W AuthDialogHelper: checkNotificationSwitchFirst() called with: context = [com.oplus.notification.NotificationCenterService@754e682], pkg = [com.gamepub.pt], uid = [12438], userId = [0], init checker
09-13 12:42:12.661  3905  4181 E AuthDialogHelper: CheckNotificationCanBeSetSecond: check com.gamepub.pt , Notification master switch on, unable to pop dialog
09-13 12:42:12.708 16110 16110 F com.gamepub.pt: runtime.cc:708] Runtime aborting...
09-13 12:42:12.708 16110 16110 F com.gamepub.pt: runtime.cc:708] Dumping all threads without mutator lock held
09-13 12:42:12.708 16110 16110 F com.gamepub.pt: runtime.cc:708] All threads:
09-13 12:42:12.708 16110 16110 F com.gamepub.pt: runtime.cc:708] DALVIK THREADS (13):
09-13 12:42:12.708 16110 16110 F com.gamepub.pt: runtime.cc:708] "main" prio=10 tid=1 Runnable
09-13 12:42:12.708 16110 16110 F com.gamepub.pt: runtime.cc:708]   | group="" sCount=0 ucsCount=0 flags=0 obj=0x70962588 self=0xb40000723c012400
09-13 12:42:12.708 16110 16110 F com.gamepub.pt: runtime.cc:708]   | sysTid=16110 nice=-10 cgrp=default sched=0/0 handle=0x72e3de1500
09-13 12:42:12.708 16110 16110 F com.gamepub.pt: runtime.cc:708]   | state=R schedstat=( 427711573 32986768 117 ) utm=34 stm=7 core=6 HZ=100
09-13 12:42:12.708 16110 16110 F com.gamepub.pt: runtime.cc:708]   | stack=0x7fd5987000-0x7fd5989000 stackSize=8188KB
09-13 12:42:12.708 16110 16110 F com.gamepub.pt: runtime.cc:708]   | held mutexes= "abort lock" "mutator lock"(shared held)
09-13 12:42:12.708 16110 16110 F com.gamepub.pt: runtime.cc:708]   native: #00 pc 004fc1e0  /apex/com.android.art/lib64/libart.so (art::DumpNativeStack+108) (BuildId: 4ccb65ae9ac5ad5da3af5a342d5b0b92)
09-13 12:42:12.708 16110 16110 F com.gamepub.pt: runtime.cc:708]   native: #01 pc 004fe898  /apex/com.android.art/lib64/libart.so (art::Thread::DumpStack const+376) (BuildId: 4ccb65ae9ac5ad5da3af5a342d5b0b92)
09-13 12:42:12.708 16110 16110 F com.gamepub.pt: runtime.cc:708]   native: #02 pc 0050068c  /apex/com.android.art/lib64/libart.so (art::DumpCheckpoint::Run+216) (BuildId: 4ccb65ae9ac5ad5da3af5a342d5b0b92)
09-13 12:42:12.708 16110 16110 F com.gamepub.pt: runtime.cc:708]   native: #03 pc 00553b2c  /apex/com.android.art/lib64/libart.so (art::ThreadList::RunCheckpoint+684) (BuildId: 4ccb65ae9ac5ad5da3af5a342d5b0b92)
09-13 12:42:12.708 16110 16110 F com.gamepub.pt: runtime.cc:708]   native: #04 pc 004fffc0  /apex/com.android.art/lib64/libart.so (art::ThreadList::Dump+292) (BuildId: 4ccb65ae9ac5ad5da3af5a342d5b0b92)
09-13 12:42:12.708 16110 16110 F com.gamepub.pt: runtime.cc:708]   native: #05 pc 009377bc  /apex/com.android.art/lib64/libart.so (art::AbortState::Dump const+204) (BuildId: 4ccb65ae9ac5ad5da3af5a342d5b0b92)
09-13 12:42:12.708 16110 16110 F com.gamepub.pt: runtime.cc:708]   native: #06 pc 00933c2c  /apex/com.android.art/lib64/libart.so (art::Runtime::Abort+712) (BuildId: 4ccb65ae9ac5ad5da3af5a342d5b0b92)
09-13 12:42:12.708 16110 16110 F com.gamepub.pt: runtime.cc:708]   native: #07 pc 000160fc  /apex/com.android.art/lib64/libbase.so (android::base::SetAborter::$_0::__invoke+80) (BuildId: 1470f61c05962eb04fafe76bd58bf664)
09-13 12:42:12.708 16110 16110 F com.gamepub.pt: runtime.cc:708]   native: #08 pc 000156d0  /apex/com.android.art/lib64/libbase.so (android::base::LogMessage::~LogMessage+516) (BuildId: 1470f61c05962eb04fafe76bd58bf664)
09-13 12:42:12.708 16110 16110 F com.gamepub.pt: runtime.cc:708]   native: #09 pc 0043627c  /apex/com.android.art/lib64/libart.so (art::JavaVMExt::JniAbort+1696) (BuildId: 4ccb65ae9ac5ad5da3af5a342d5b0b92)
09-13 12:42:12.708 16110 16110 F com.gamepub.pt: runtime.cc:708]   native: #10 pc 0088eaf4  /apex/com.android.art/lib64/libart.so (art::JavaVMExt::JniAbortV+108) (BuildId: 4ccb65ae9ac5ad5da3af5a342d5b0b92)
09-13 12:42:12.708 16110 16110 F com.gamepub.pt: runtime.cc:708]   native: #11 pc 005a1a88  /apex/com.android.art/lib64/libart.so (art::::ScopedCheck::AbortF +140) (BuildId: 4ccb65ae9ac5ad5da3af5a342d5b0b92)
09-13 12:42:12.708 16110 16110 F com.gamepub.pt: runtime.cc:708]   native: #12 pc 0059c92c  /apex/com.android.art/lib64/libart.so (art::::ScopedCheck::Check +5440) (BuildId: 4ccb65ae9ac5ad5da3af5a342d5b0b92)
09-13 12:42:12.708 16110 16110 F com.gamepub.pt: runtime.cc:708]   native: #13 pc 00597784  /apex/com.android.art/lib64/libart.so (art::::CheckJNI::NewRef +196) (BuildId: 4ccb65ae9ac5ad5da3af5a342d5b0b92)
09-13 12:42:12.708 16110 16110 F com.gamepub.pt: runtime.cc:708]   native: #14 pc 00583b88  /apex/com.android.art/lib64/libart.so (art::JavaVMExt::LoadNativeLibrary+1352) (BuildId: 4ccb65ae9ac5ad5da3af5a342d5b0b92)
09-13 12:42:12.708 16110 16110 F com.gamepub.pt: runtime.cc:708]   native: #15 pc 00005914  /apex/com.android.art/lib64/libopenjdkjvm.so (JVM_NativeLoad+356) (BuildId: ee01ddb5e82126991cafcbd31e55fd49)
09-13 12:42:12.708 16110 16110 F com.gamepub.pt: runtime.cc:708]   native: #16 pc 0037ef70  /apex/com.android.art/lib64/libart.so (art_quick_generic_jni_trampoline+144) (BuildId: 4ccb65ae9ac5ad5da3af5a342d5b0b92)
09-13 12:42:12.708 16110 16110 F com.gamepub.pt: runtime.cc:708]   native: #17 pc 00368a40  /apex/com.android.art/lib64/libart.so (art_quick_invoke_static_stub+640) (BuildId: 4ccb65ae9ac5ad5da3af5a342d5b0b92)
09-13 12:42:12.708 16110 16110 F com.gamepub.pt: runtime.cc:708]   native: #18 pc 00361e5c  /apex/com.android.art/lib64/libart.so (bool art::interpreter::DoCall<false>+2048) (BuildId: 4ccb65ae9ac5ad5da3af5a342d5b0b92)
09-13 12:42:12.708 16110 16110 F com.gamepub.pt: runtime.cc:708]   native: #19 pc 00770ba4  /apex/com.android.art/lib64/libart.so (void art::interpreter::ExecuteSwitchImplCpp<false>+12208) (BuildId: 4ccb65ae9ac5ad5da3af5a342d5b0b92)
09-13 12:42:12.708 16110 16110 F com.gamepub.pt: runtime.cc:708]   native: #20 pc 003815d8  /apex/com.android.art/lib64/libart.so (ExecuteSwitchImplAsm+8) (BuildId: 4ccb65ae9ac5ad5da3af5a342d5b0b92)
09-13 12:42:12.708 16110 16110 F com.gamepub.pt: runtime.cc:708]   native: #21 pc 00109e2c  /apex/com.android.art/javalib/core-oj.jar (java.lang.Runtime.loadLibrary0)
09-13 12:42:12.708 16110 16110 F com.gamepub.pt: runtime.cc:708]   native: #22 pc 00354250  /apex/com.android.art/lib64/libart.so (art::interpreter::Execute +428) (BuildId: 4ccb65ae9ac5ad5da3af5a342d5b0b92)
09-13 12:42:12.708 16110 16110 F com.gamepub.pt: runtime.cc:708]   native: #23 pc 00362678  /apex/com.android.art/lib64/libart.so (bool art::interpreter::DoCall<false>+4124) (BuildId: 4ccb65ae9ac5ad5da3af5a342d5b0b92)
09-13 12:42:12.708 16110 16110 F com.gamepub.pt: runtime.cc:708]   native: #24 pc 00770ba4  /apex/com.android.art/lib64/libart.so (void art::interpreter::ExecuteSwitchImplCpp<false>+12208) (BuildId: 4ccb65ae9ac5ad5da3af5a342d5b0b92)
09-13 12:42:12.708 16110 16110 F com.gamepub.pt: runtime.cc:708]   native: #25 pc 003815d8  /apex/com.android.art/lib64/libart.so (ExecuteSwitchImplAsm+8) (BuildId: 4ccb65ae9ac5ad5da3af5a342d5b0b92)
09-13 12:42:12.708 16110 16110 F com.gamepub.pt: runtime.cc:708]   native: #26 pc 00109e0c  /apex/com.android.art/javalib/core-oj.jar (java.lang.Runtime.loadLibrary0)
09-13 12:42:12.708 16110 16110 F com.gamepub.pt: runtime.cc:708]   native: #27 pc 00354250  /apex/com.android.art/lib64/libart.so (art::interpreter::Execute +428) (BuildId: 4ccb65ae9ac5ad5da3af5a342d5b0b92)
09-13 12:42:12.708 16110 16110 F com.gamepub.pt: runtime.cc:708]   native: #28 pc 00362678  /apex/com.android.art/lib64/libart.so (bool art::interpreter::DoCall<false>+4124) (BuildId: 4ccb65ae9ac5ad5da3af5a342d5b0b92)
09-13 12:42:12.708 16110 16110 F com.gamepub.pt: runtime.cc:708]   native: #29 pc 00770ba4  /apex/com.android.art/lib64/libart.so (void art::interpreter::ExecuteSwitchImplCpp<false>+12208) (BuildId: 4ccb65ae9ac5ad5da3af5a342d5b0b92)
09-13 12:42:12.708 16110 16110 F com.gamepub.pt: runtime.cc:708]   native: #30 pc 003815d8  /apex/com.android.art/lib64/libart.so (ExecuteSwitchImplAsm+8) (BuildId: 4ccb65ae9ac5ad5da3af5a342d5b0b92)
09-13 12:42:12.708 16110 16110 F com.gamepub.pt: runtime.cc:708]   native: #31 pc 00115268  /apex/com.android.art/javalib/core-oj.jar (java.lang.System.loadLibrary)
09-13 12:42:12.708 16110 16110 F com.gamepub.pt: runtime.cc:708]   native: #32 pc 00354250  /apex/com.android.art/lib64/libart.so (art::interpreter::Execute +428) (BuildId: 4ccb65ae9ac5ad5da3af5a342d5b0b92)
09-13 12:42:12.708 16110 16110 F com.gamepub.pt: runtime.cc:708]   native: #33 pc 00362678  /apex/com.android.art/lib64/libart.so (bool art::interpreter::DoCall<false>+4124) (BuildId: 4ccb65ae9ac5ad5da3af5a342d5b0b92)
09-13 12:42:12.708 16110 16110 F com.gamepub.pt: runtime.cc:708]   native: #34 pc 00770ba4  /apex/com.android.art/lib64/libart.so (void art::interpreter::ExecuteSwitchImplCpp<false>+12208) (BuildId: 4ccb65ae9ac5ad5da3af5a342d5b0b92)
09-13 12:42:12.708 16110 16110 F com.gamepub.pt: runtime.cc:708]   native: #35 pc 003815d8  /apex/com.android.art/lib64/libart.so (ExecuteSwitchImplAsm+8) (BuildId: 4ccb65ae9ac5ad5da3af5a342d5b0b92)
09-13 12:42:12.708 16110 16110 F com.gamepub.pt: runtime.cc:708]   native: #36 pc 0000bf88  [anon:dalvik-classes.dex extracted in memory from /data/app/~~Czw3Zlpzjn9rEEEzoLo8Aw==/com.gamepub.pt-XzQDhEskDwJkWNWlTAl57Q==/base.apk] (android.support.v4.soft.D.<clinit>)
09-13 12:42:12.708 16110 16110 F com.gamepub.pt: runtime.cc:708]   native: #37 pc 003535dc  /apex/com.android.art/lib64/libart.so (artQuickToInterpreterBridge+1932) (BuildId: 4ccb65ae9ac5ad5da3af5a342d5b0b92)
09-13 12:42:12.708 16110 16110 F com.gamepub.pt: runtime.cc:708]   native: #38 pc 0037f098  /apex/com.android.art/lib64/libart.so (art_quick_to_interpreter_bridge+88) (BuildId: 4ccb65ae9ac5ad5da3af5a342d5b0b92)
09-13 12:42:12.708 16110 16110 F com.gamepub.pt: runtime.cc:708]   native: #39 pc 00368a40  /apex/com.android.art/lib64/libart.so (art_quick_invoke_static_stub+640) (BuildId: 4ccb65ae9ac5ad5da3af5a342d5b0b92)
09-13 12:42:12.708 16110 16110 F com.gamepub.pt: runtime.cc:708]   native: #40 pc 00474d14  /apex/com.android.art/lib64/libart.so (art::ClassLinker::InitializeClass+5260) (BuildId: 4ccb65ae9ac5ad5da3af5a342d5b0b92)
09-13 12:42:12.708 16110 16110 F com.gamepub.pt: runtime.cc:708]   native: #41 pc 005784a0  /apex/com.android.art/lib64/libart.so (art::ClassLinker::EnsureInitialized+160) (BuildId: 4ccb65ae9ac5ad5da3af5a342d5b0b92)
09-13 12:42:12.708 16110 16110 F com.gamepub.pt: runtime.cc:708]   native: #42 pc 00361f34  /apex/com.android.art/lib64/libart.so (bool art::interpreter::DoCall<false>+2264) (BuildId: 4ccb65ae9ac5ad5da3af5a342d5b0b92)
09-13 12:42:12.708 16110 16110 F com.gamepub.pt: runtime.cc:708]   native: #43 pc 00770ba4  /apex/com.android.art/lib64/libart.so (void art::interpreter::ExecuteSwitchImplCpp<false>+12208) (BuildId: 4ccb65ae9ac5ad5da3af5a342d5b0b92)
09-13 12:42:12.708 16110 16110 F com.gamepub.pt: runtime.cc:708]   native: #44 pc 003815d8  /apex/com.android.art/lib64/libart.so (ExecuteSwitchImplAsm+8) (BuildId: 4ccb65ae9ac5ad5da3af5a342d5b0b92)
09-13 12:42:12.708 16110 16110 F com.gamepub.pt: runtime.cc:708]   native: #45 pc 0000bdb8  [anon:dalvik-classes.dex extracted in memory from /data/app/~~Czw3Zlpzjn9rEEEzoLo8Aw==/com.gamepub.pt-XzQDhEskDwJkWNWlTAl57Q==/base.apk] (android.support.v4.soft.ApplicationMain.attachBaseContext)
09-13 12:42:12.708 16110 16110 F com.gamepub.pt: runtime.cc:708]   native: #46 pc 00354250  /apex/com.android.art/lib64/libart.so (art::interpreter::Execute +428) (BuildId: 4ccb65ae9ac5ad5da3af5a342d5b0b92)
09-13 12:42:12.708 16110 16110 F com.gamepub.pt: runtime.cc:708]   native: #47 pc 00362678  /apex/com.android.art/lib64/libart.so (bool art::interpreter::DoCall<false>+4124) (BuildId: 4ccb65ae9ac5ad5da3af5a342d5b0b92)
09-13 12:42:12.708 16110 16110 F com.gamepub.pt: runtime.cc:708]   native: #48 pc 00770ba4  /apex/com.android.art/lib64/libart.so (void art::interpreter::ExecuteSwitchImplCpp<false>+12208) (BuildId: 4ccb65ae9ac5ad5da3af5a342d5b0b92)
09-13 12:42:12.708 16110 16110 F com.gamepub.pt: runtime.cc:708]   native: #49 pc 003815d8  /apex/com.android.art/lib64/libart.so (ExecuteSwitchImplAsm+8) (BuildId: 4ccb65ae9ac5ad5da3af5a342d5b0b92)
09-13 12:42:12.708 16110 16110 F com.gamepub.pt: runtime.cc:708]   native: #50 pc 001d49c8  /system/framework/framework.jar (android.app.Application.attach)
09-13 12:42:12.708 16110 16110 F com.gamepub.pt: runtime.cc:708]   native: #51 pc 00354250  /apex/com.android.art/lib64/libart.so (art::interpreter::Execute +428) (BuildId: 4ccb65ae9ac5ad5da3af5a342d5b0b92)
09-13 12:42:12.708 16110 16110 F com.gamepub.pt: runtime.cc:708]   native: #52 pc 00362678  /apex/com.android.art/lib64/libart.so (bool art::interpreter::DoCall<false>+4124) (BuildId: 4ccb65ae9ac5ad5da3af5a342d5b0b92)
09-13 12:42:12.708 16110 16110 F com.gamepub.pt: runtime.cc:708]   native: #53 pc 00770ba4  /apex/com.android.art/lib64/libart.so (void art::interpreter::ExecuteSwitchImplCpp<false>+12208) (BuildId: 4ccb65ae9ac5ad5da3af5a342d5b0b92)
09-13 12:42:12.708 16110 16110 F com.gamepub.pt: runtime.cc:708]   native: #54 pc 003815d8  /apex/com.android.art/lib64/libart.so (ExecuteSwitchImplAsm+8) (BuildId: 4ccb65ae9ac5ad5da3af5a342d5b0b92)
09-13 12:42:12.708 16110 16110 F com.gamepub.pt: runtime.cc:708]   native: #55 pc 0022dac4  /system/framework/framework.jar (android.app.Instrumentation.newApplication)
09-13 12:42:12.708 16110 16110 F com.gamepub.pt: runtime.cc:708]   native: #56 pc 00354250  /apex/com.android.art/lib64/libart.so (art::interpreter::Execute +428) (BuildId: 4ccb65ae9ac5ad5da3af5a342d5b0b92)
09-13 12:42:12.708 16110 16110 F com.gamepub.pt: runtime.cc:708]   native: #57 pc 00362678  /apex/com.android.art/lib64/libart.so (bool art::interpreter::DoCall<false>+4124) (BuildId: 4ccb65ae9ac5ad5da3af5a342d5b0b92)
09-13 12:42:12.708 16110 16110 F com.gamepub.pt: runtime.cc:708]   native: #58 pc 00770ba4  /apex/com.android.art/lib64/libart.so (void art::interpreter::ExecuteSwitchImplCpp<false>+12208) (BuildId: 4ccb65ae9ac5ad5da3af5a342d5b0b92)
09-13 12:42:12.708 16110 16110 F com.gamepub.pt: runtime.cc:708]   native: #59 pc 003815d8  /apex/com.android.art/lib64/libart.so (ExecuteSwitchImplAsm+8) (BuildId: 4ccb65ae9ac5ad5da3af5a342d5b0b92)
09-13 12:42:12.708 16110 16110 F com.gamepub.pt: runtime.cc:708]   native: #60 pc 00232f50  /system/framework/framework.jar (android.app.LoadedApk.makeApplication)
09-13 12:42:12.708 16110 16110 F com.gamepub.pt: runtime.cc:708]   native: #61 pc 00354250  /apex/com.android.art/lib64/libart.so (art::interpreter::Execute +428) (BuildId: 4ccb65ae9ac5ad5da3af5a342d5b0b92)
09-13 12:42:12.708 16110 16110 F com.gamepub.pt: runtime.cc:708]   native: #62 pc 00362678  /apex/com.android.art/lib64/libart.so (bool art::interpreter::DoCall<false>+4124) (BuildId: 4ccb65ae9ac5ad5da3af5a342d5b0b92)
09-13 12:42:12.708 16110 16110 F com.gamepub.pt: runtime.cc:708]   native: #63 pc 00770ba4  /apex/com.android.art/lib64/libart.so (void art::interpreter::ExecuteSwitchImplCpp<false>+12208) (BuildId: 4ccb65ae9ac5ad5da3af5a342d5b0b92)
09-13 12:42:12.708 16110 16110 F com.gamepub.pt: runtime.cc:708]   native: #64 pc 003815d8  /apex/com.android.art/lib64/libart.so (ExecuteSwitchImplAsm+8) (BuildId: 4ccb65ae9ac5ad5da3af5a342d5b0b92)
09-13 12:42:12.708 16110 16110 F com.gamepub.pt: runtime.cc:708]   native: #65 pc 001b1b6c  /system/framework/framework.jar (android.app.ActivityThread.handleBindApplication)
09-13 12:42:12.708 16110 16110 F com.gamepub.pt: runtime.cc:708]   native: #66 pc 003535dc  /apex/com.android.art/lib64/libart.so (artQuickToInterpreterBridge+1932) (BuildId: 4ccb65ae9ac5ad5da3af5a342d5b0b92)
09-13 12:42:12.708 16110 16110 F com.gamepub.pt: runtime.cc:708]   native: #67 pc 0037f098  /apex/com.android.art/lib64/libart.so (art_quick_to_interpreter_bridge+88) (BuildId: 4ccb65ae9ac5ad5da3af5a342d5b0b92)
09-13 12:42:12.708 16110 16110 F com.gamepub.pt: runtime.cc:708]   native: #68 pc 00782420  /apex/com.android.art/lib64/libart.so (nterp_helper+4016) (BuildId: 4ccb65ae9ac5ad5da3af5a342d5b0b92)
09-13 12:42:12.708 16110 16110 F com.gamepub.pt: runtime.cc:708]   native: #69 pc 001aed74  /system/framework/framework.jar (android.app.ActivityThread.access$1800)
09-13 12:42:12.708 16110 16110 F com.gamepub.pt: runtime.cc:708]   native: #70 pc 00368a40  /apex/com.android.art/lib64/libart.so (art_quick_invoke_static_stub+640) (BuildId: 4ccb65ae9ac5ad5da3af5a342d5b0b92)
09-13 12:42:12.708 16110 16110 F com.gamepub.pt: runtime.cc:708]   native: #71 pc 00361e5c  /apex/com.android.art/lib64/libart.so (bool art::interpreter::DoCall<false>+2048) (BuildId: 4ccb65ae9ac5ad5da3af5a342d5b0b92)
09-13 12:42:12.708 16110 16110 F com.gamepub.pt: runtime.cc:708]   native: #72 pc 00770ba4  /apex/com.android.art/lib64/libart.so (void art::interpreter::ExecuteSwitchImplCpp<false>+12208) (BuildId: 4ccb65ae9ac5ad5da3af5a342d5b0b92)
09-13 12:42:12.708 16110 16110 F com.gamepub.pt: runtime.cc:708]   native: #73 pc 003815d8  /apex/com.android.art/lib64/libart.so (ExecuteSwitchImplAsm+8) (BuildId: 4ccb65ae9ac5ad5da3af5a342d5b0b92)
09-13 12:42:12.708 16110 16110 F com.gamepub.pt: runtime.cc:708]   native: #74 pc 001aa694  /system/framework/framework.jar (android.app.ActivityThread$H.handleMessage)
09-13 12:42:12.708 16110 16110 F com.gamepub.pt: runtime.cc:708]   native: #75 pc 00354250  /apex/com.android.art/lib64/libart.so (art::interpreter::Execute +428) (BuildId: 4ccb65ae9ac5ad5da3af5a342d5b0b92)
09-13 12:42:12.708 16110 16110 F com.gamepub.pt: runtime.cc:708]   native: #76 pc 00362678  /apex/com.android.art/lib64/libart.so (bool art::interpreter::DoCall<false>+4124) (BuildId: 4ccb65ae9ac5ad5da3af5a342d5b0b92)
09-13 12:42:12.708 16110 16110 F com.gamepub.pt: runtime.cc:708]   native: #77 pc 00770ba4  /apex/com.android.art/lib64/libart.so (void art::interpreter::ExecuteSwitchImplCpp<false>+12208) (BuildId: 4ccb65ae9ac5ad5da3af5a342d5b0b92)
09-13 12:42:12.708 16110 16110 F com.gamepub.pt: runtime.cc:708]   native: #78 pc 003815d8  /apex/com.android.art/lib64/libart.so (ExecuteSwitchImplAsm+8) (BuildId: 4ccb65ae9ac5ad5da3af5a342d5b0b92)
09-13 12:42:12.708 16110 16110 F com.gamepub.pt: runtime.cc:708]   native: #79 pc 00443dac  /system/framework/framework.jar (android.os.Handler.dispatchMessage)
09-13 12:42:12.708 16110 16110 F com.gamepub.pt: runtime.cc:708]   native: #80 pc 00354250  /apex/com.android.art/lib64/libart.so (art::interpreter::Execute +428) (BuildId: 4ccb65ae9ac5ad5da3af5a342d5b0b92)
09-13 12:42:12.708 16110 16110 F com.gamepub.pt: runtime.cc:708]   native: #81 pc 00362678  /apex/com.android.art/lib64/libart.so (bool art::interpreter::DoCall<false>+4124) (BuildId: 4ccb65ae9ac5ad5da3af5a342d5b0b92)
09-13 12:42:12.708 16110 16110 F com.gamepub.pt: runtime.cc:708]   native: #82 pc 00770ba4  /apex/com.android.art/lib64/libart.so (void art::interpreter::ExecuteSwitchImplCpp<false>+12208) (BuildId: 4ccb65ae9ac5ad5da3af5a342d5b0b92)
09-13 12:42:12.708 16110 16110 F com.gamepub.pt: runtime.cc:708]   native: #83 pc 003815d8  /apex/com.android.art/lib64/libart.so (ExecuteSwitchImplAsm+8) (BuildId: 4ccb65ae9ac5ad5da3af5a342d5b0b92)
09-13 12:42:12.708 16110 16110 F com.gamepub.pt: runtime.cc:708]   native: #84 pc 004722f0  /system/framework/framework.jar (android.os.Looper.loopOnce)
09-13 12:42:12.708 16110 16110 F com.gamepub.pt: runtime.cc:708]   native: #85 pc 00354250  /apex/com.android.art/lib64/libart.so (art::interpreter::Execute +428) (BuildId: 4ccb65ae9ac5ad5da3af5a342d5b0b92)
09-13 12:42:12.708 16110 16110 F com.gamepub.pt: runtime.cc:708]   native: #86 pc 00362678  /apex/com.android.art/lib64/libart.so (bool art::interpreter::DoCall<false>+4124) (BuildId: 4ccb65ae9ac5ad5da3af5a342d5b0b92)
09-13 12:42:12.708 16110 16110 F com.gamepub.pt: runtime.cc:708]   native: #87 pc 00770ba4  /apex/com.android.art/lib64/libart.so (void art::interpreter::ExecuteSwitchImplCpp<false>+12208) (BuildId: 4ccb65ae9ac5ad5da3af5a342d5b0b92)
09-13 12:42:12.708 16110 16110 F com.gamepub.pt: runtime.cc:708]   native: #88 pc 003815d8  /apex/com.android.art/lib64/libart.so (ExecuteSwitchImplAsm+8) (BuildId: 4ccb65ae9ac5ad5da3af5a342d5b0b92)
09-13 12:42:12.708 16110 16110 F com.gamepub.pt: runtime.cc:708]   native: #89 pc 00472b20  /system/framework/framework.jar (android.os.Looper.loop)
09-13 12:42:12.708 16110 16110 F com.gamepub.pt: runtime.cc:708]   native: #90 pc 003535dc  /apex/com.android.art/lib64/libart.so (artQuickToInterpreterBridge+1932) (BuildId: 4ccb65ae9ac5ad5da3af5a342d5b0b92)
09-13 12:42:12.708 16110 16110 F com.gamepub.pt: runtime.cc:708]   native: #91 pc 0037f098  /apex/com.android.art/lib64/libart.so (art_quick_to_interpreter_bridge+88) (BuildId: 4ccb65ae9ac5ad5da3af5a342d5b0b92)
09-13 12:42:12.708 16110 16110 F com.gamepub.pt: runtime.cc:708]   native: #92 pc 00781508  /apex/com.android.art/lib64/libart.so (nterp_helper+152) (BuildId: 4ccb65ae9ac5ad5da3af5a342d5b0b92)
09-13 12:42:12.708 16110 16110 F com.gamepub.pt: runtime.cc:708]   native: #93 pc 001b6238  /system/framework/framework.jar (android.app.ActivityThread.main+252)
09-13 12:42:12.708 16110 16110 F com.gamepub.pt: runtime.cc:708]   native: #94 pc 00368a40  /apex/com.android.art/lib64/libart.so (art_quick_invoke_static_stub+640) (BuildId: 4ccb65ae9ac5ad5da3af5a342d5b0b92)
09-13 12:42:12.708 16110 16110 F com.gamepub.pt: runtime.cc:708]   native: #95 pc 003644f4  /apex/com.android.art/lib64/libart.so (_jobject* art::InvokeMethod<8>+732) (BuildId: 4ccb65ae9ac5ad5da3af5a342d5b0b92)
09-13 12:42:12.708 16110 16110 F com.gamepub.pt: runtime.cc:708]   native: #96 pc 006c8668  /apex/com.android.art/lib64/libart.so (art::Method_invoke +32) (BuildId: 4ccb65ae9ac5ad5da3af5a342d5b0b92)
09-13 12:42:12.708 16110 16110 F com.gamepub.pt: runtime.cc:708]   native: #97 pc 0037ef70  /apex/com.android.art/lib64/libart.so (art_quick_generic_jni_trampoline+144) (BuildId: 4ccb65ae9ac5ad5da3af5a342d5b0b92)
09-13 12:42:12.708 16110 16110 F com.gamepub.pt: runtime.cc:708]   native: #98 pc 00368774  /apex/com.android.art/lib64/libart.so (art_quick_invoke_stub+612) (BuildId: 4ccb65ae9ac5ad5da3af5a342d5b0b92)
09-13 12:42:12.708 16110 16110 F com.gamepub.pt: runtime.cc:708]   native: #99 pc 00361de4  /apex/com.android.art/lib64/libart.so (bool art::interpreter::DoCall<false>+1928) (BuildId: 4ccb65ae9ac5ad5da3af5a342d5b0b92)
09-13 12:42:12.708 16110 16110 F com.gamepub.pt: runtime.cc:708]   native: #100 pc 00770ba4  /apex/com.android.art/lib64/libart.so (void art::interpreter::ExecuteSwitchImplCpp<false>+12208) (BuildId: 4ccb65ae9ac5ad5da3af5a342d5b0b92)
09-13 12:42:12.708 16110 16110 F com.gamepub.pt: runtime.cc:708]   native: #101 pc 003815d8  /apex/com.android.art/lib64/libart.so (ExecuteSwitchImplAsm+8) (BuildId: 4ccb65ae9ac5ad5da3af5a342d5b0b92)
09-13 12:42:12.708 16110 16110 F com.gamepub.pt: runtime.cc:708]   native: #102 pc 002b86d4  /system/framework/framework.jar (com.android.internal.os.RuntimeInit$MethodAndArgsCaller.run)
09-13 12:42:12.708 16110 16110 F com.gamepub.pt: runtime.cc:708]   native: #103 pc 003535dc  /apex/com.android.art/lib64/libart.so (artQuickToInterpreterBridge+1932) (BuildId: 4ccb65ae9ac5ad5da3af5a342d5b0b92)
09-13 12:42:12.708 16110 16110 F com.gamepub.pt: runtime.cc:708]   native: #104 pc 0037f098  /apex/com.android.art/lib64/libart.so (art_quick_to_interpreter_bridge+88) (BuildId: 4ccb65ae9ac5ad5da3af5a342d5b0b92)
09-13 12:42:12.708 16110 16110 F com.gamepub.pt: runtime.cc:708]   native: #105 pc 00783244  /apex/com.android.art/lib64/libart.so (nterp_helper+7636) (BuildId: 4ccb65ae9ac5ad5da3af5a342d5b0b92)
09-13 12:42:12.708 16110 16110 F com.gamepub.pt: runtime.cc:708]   native: #106 pc 002be8a2  /system/framework/framework.jar (com.android.internal.os.ZygoteInit.main+694)
09-13 12:42:12.708 16110 16110 F com.gamepub.pt: runtime.cc:708]   native: #107 pc 00368a40  /apex/com.android.art/lib64/libart.so (art_quick_invoke_static_stub+640) (BuildId: 4ccb65ae9ac5ad5da3af5a342d5b0b92)
09-13 12:42:12.708 16110 16110 F com.gamepub.pt: runtime.cc:708]   native: #108 pc 00353f6c  /apex/com.android.art/lib64/libart.so (art::ArtMethod::Invoke+204) (BuildId: 4ccb65ae9ac5ad5da3af5a342d5b0b92)
09-13 12:42:12.708 16110 16110 F com.gamepub.pt: runtime.cc:708]   native: #109 pc 00351f20  /apex/com.android.art/lib64/libart.so (art::JValue art::InvokeWithVarArgs<_jmethodID*>+512) (BuildId: 4ccb65ae9ac5ad5da3af5a342d5b0b92)
09-13 12:42:12.708 16110 16110 F com.gamepub.pt: runtime.cc:708]   native: #110 pc 0073e8d8  /apex/com.android.art/lib64/libart.so (art::JNI<true>::CallStaticVoidMethodV+104) (BuildId: 4ccb65ae9ac5ad5da3af5a342d5b0b92)
09-13 12:42:12.708 16110 16110 F com.gamepub.pt: runtime.cc:708]   native: #111 pc 000b3bf8  /system/lib64/libandroid_runtime.so (_JNIEnv::CallStaticVoidMethod+124) (BuildId: c75d3f6ad57947a5db6d38e9cde30284)
09-13 12:42:12.708 16110 16110 F com.gamepub.pt: runtime.cc:708]   native: #112 pc 000c00fc  /system/lib64/libandroid_runtime.so (android::AndroidRuntime::start+840) (BuildId: c75d3f6ad57947a5db6d38e9cde30284)
09-13 12:42:12.708 16110 16110 F com.gamepub.pt: runtime.cc:708]   native: #113 pc 00002684  /system/bin/app_process64 (main+1580) (BuildId: b66800b6ac5d87b7c521c256d6340555)
09-13 12:42:12.708 16110 16110 F com.gamepub.pt: runtime.cc:708]   native: #114 pc 000720c4  /apex/com.android.runtime/lib64/bionic/libc.so (__libc_init+100) (BuildId: bbbdeb7c87c74f1491f92c6e605095b0)
09-13 12:42:12.708 16110 16110 F com.gamepub.pt: runtime.cc:708]   at java.lang.Runtime.nativeLoad(Native method)
09-13 12:42:12.708 16110 16110 F com.gamepub.pt: runtime.cc:708]   at java.lang.Runtime.loadLibrary0(Runtime.java:1079)
09-13 12:42:12.708 16110 16110 F com.gamepub.pt: runtime.cc:708]   - locked <@addr=0x6f422eb8> (a java.lang.Runtime)
09-13 12:42:12.708 16110 16110 F com.gamepub.pt: runtime.cc:708]   at java.lang.Runtime.loadLibrary0(Runtime.java:1003)
09-13 12:42:12.708 16110 16110 F com.gamepub.pt: runtime.cc:708]   at java.lang.System.loadLibrary(System.java:1765)
09-13 12:42:12.708 16110 16110 F com.gamepub.pt: runtime.cc:708]   at android.support.v4.soft.D.<clinit>(unavailable:11)
09-13 12:42:12.708 16110 16110 F com.gamepub.pt: runtime.cc:708]   at android.support.v4.soft.ApplicationMain.attachBaseContext(unavailable:5)
09-13 12:42:12.708 16110 16110 F com.gamepub.pt: runtime.cc:708]   at android.app.Application.attach(Application.java:340)
09-13 12:42:12.708 16110 16110 F com.gamepub.pt: runtime.cc:708]   at android.app.Instrumentation.newApplication(Instrumentation.java:1193)
09-13 12:42:12.708 16110 16110 F com.gamepub.pt: runtime.cc:708]   at android.app.LoadedApk.makeApplication(LoadedApk.java:1393)
09-13 12:42:12.708 16110 16110 F com.gamepub.pt: runtime.cc:708]   at android.app.ActivityThread.handleBindApplication(ActivityThread.java:7003)
09-13 12:42:12.708 16110 16110 F com.gamepub.pt: runtime.cc:708]   at android.app.ActivityThread.access$1800(ActivityThread.java:254)
09-13 12:42:12.708 16110 16110 F com.gamepub.pt: runtime.cc:708]   at android.app.ActivityThread$H.handleMessage(ActivityThread.java:2184)
09-13 12:42:12.708 16110 16110 F com.gamepub.pt: runtime.cc:708]   at android.os.Handler.dispatchMessage(Handler.java:106)
09-13 12:42:12.708 16110 16110 F com.gamepub.pt: runtime.cc:708]   at android.os.Looper.loopOnce(Looper.java:233)
09-13 12:42:12.708 16110 16110 F com.gamepub.pt: runtime.cc:708]   at android.os.Looper.loop(Looper.java:344)
09-13 12:42:12.708 16110 16110 F com.gamepub.pt: runtime.cc:708]   at android.app.ActivityThread.main(ActivityThread.java:8212)
09-13 12:42:12.708 16110 16110 F com.gamepub.pt: runtime.cc:708]   at java.lang.reflect.Method.invoke(Native method)
09-13 12:42:12.708 16110 16110 F com.gamepub.pt: runtime.cc:708]   at com.android.internal.os.RuntimeInit$MethodAndArgsCaller.run(RuntimeInit.java:584)
09-13 12:42:12.708 16110 16110 F com.gamepub.pt: runtime.cc:708]   at com.android.internal.os.ZygoteInit.main(ZygoteInit.java:1034)
09-13 12:42:12.708 16110 16110 F com.gamepub.pt: runtime.cc:708] 
09-13 12:42:12.708 16110 16110 F com.gamepub.pt: runtime.cc:708] "ReferenceQueueDaemon" prio=5 tid=6 Waiting
09-13 12:42:12.708 16110 16110 F com.gamepub.pt: runtime.cc:708]   | group="" sCount=1 ucsCount=0 flags=1 obj=0x14987f00 self=0xb40000722873b000
09-13 12:42:12.708 16110 16110 F com.gamepub.pt: runtime.cc:708]   | sysTid=16123 nice=4 cgrp=default sched=0/0 handle=0x721c0fccb0
09-13 12:42:12.708 16110 16110 F com.gamepub.pt: runtime.cc:708]   | state=S schedstat=( 350418 97291 8 ) utm=0 stm=0 core=7 HZ=100
09-13 12:42:12.708 16110 16110 F com.gamepub.pt: runtime.cc:708]   | stack=0x721bff9000-0x721bffb000 stackSize=1039KB
09-13 12:42:12.708 16110 16110 F com.gamepub.pt: runtime.cc:708]   | held mutexes=
09-13 12:42:12.708 16110 16110 F com.gamepub.pt: runtime.cc:708]   native: #00 pc 00075f30  /apex/com.android.runtime/lib64/bionic/libc.so (syscall+32) (BuildId: bbbdeb7c87c74f1491f92c6e605095b0)
09-13 12:42:12.708 16110 16110 F com.gamepub.pt: runtime.cc:708]   native: #01 pc 0022a29c  /apex/com.android.art/lib64/libart.so (art::ConditionVariable::WaitHoldingLocks+136) (BuildId: 4ccb65ae9ac5ad5da3af5a342d5b0b92)
09-13 12:42:12.708 16110 16110 F com.gamepub.pt: runtime.cc:708]   native: #02 pc 004251bc  /apex/com.android.art/lib64/libart.so (art::Monitor::Wait+7244) (BuildId: 4ccb65ae9ac5ad5da3af5a342d5b0b92)
09-13 12:42:12.708 16110 16110 F com.gamepub.pt: runtime.cc:708]   native: #03 pc 0037ef70  /apex/com.android.art/lib64/libart.so (art_quick_generic_jni_trampoline+144) (BuildId: 4ccb65ae9ac5ad5da3af5a342d5b0b92)
09-13 12:42:12.708 16110 16110 F com.gamepub.pt: runtime.cc:708]   native: #04 pc 00368774  /apex/com.android.art/lib64/libart.so (art_quick_invoke_stub+612) (BuildId: 4ccb65ae9ac5ad5da3af5a342d5b0b92)
09-13 12:42:12.708 16110 16110 F com.gamepub.pt: runtime.cc:708]   native: #05 pc 00361de4  /apex/com.android.art/lib64/libart.so (bool art::interpreter::DoCall<false>+1928) (BuildId: 4ccb65ae9ac5ad5da3af5a342d5b0b92)
09-13 12:42:12.708 16110 16110 F com.gamepub.pt: runtime.cc:708]   native: #06 pc 00770ba4  /apex/com.android.art/lib64/libart.so (void art::interpreter::ExecuteSwitchImplCpp<false>+12208) (BuildId: 4ccb65ae9ac5ad5da3af5a342d5b0b92)
09-13 12:42:12.708 16110 16110 F com.gamepub.pt: runtime.cc:708]   native: #07 pc 003815d8  /apex/com.android.art/lib64/libart.so (ExecuteSwitchImplAsm+8) (BuildId: 4ccb65ae9ac5ad5da3af5a342d5b0b92)
09-13 12:42:12.708 16110 16110 F com.gamepub.pt: runtime.cc:708]   native: #08 pc 00106710  /apex/com.android.art/javalib/core-oj.jar (java.lang.Object.wait)
09-13 12:42:12.708 16110 16110 F com.gamepub.pt: runtime.cc:708]   native: #09 pc 00354250  /apex/com.android.art/lib64/libart.so (art::interpreter::Execute +428) (BuildId: 4ccb65ae9ac5ad5da3af5a342d5b0b92)
09-13 12:42:12.708 16110 16110 F com.gamepub.pt: runtime.cc:708]   native: #10 pc 00362678  /apex/com.android.art/lib64/libart.so (bool art::interpreter::DoCall<false>+4124) (BuildId: 4ccb65ae9ac5ad5da3af5a342d5b0b92)
09-13 12:42:12.708 16110 16110 F com.gamepub.pt: runtime.cc:708]   native: #11 pc 00770ba4  /apex/com.android.art/lib64/libart.so (void art::interpreter::ExecuteSwitchImplCpp<false>+12208) (BuildId: 4ccb65ae9ac5ad5da3af5a342d5b0b92)
09-13 12:42:12.708 16110 16110 F com.gamepub.pt: runtime.cc:708]   native: #12 pc 003815d8  /apex/com.android.art/lib64/libart.so (ExecuteSwitchImplAsm+8) (BuildId: 4ccb65ae9ac5ad5da3af5a342d5b0b92)
09-13 12:42:12.708 16110 16110 F com.gamepub.pt: runtime.cc:708]   native: #13 pc 001066f4  /apex/com.android.art/javalib/core-oj.jar (java.lang.Object.wait)
09-13 12:42:12.708 16110 16110 F com.gamepub.pt: runtime.cc:708]   native: #14 pc 00354250  /apex/com.android.art/lib64/libart.so (art::interpreter::Execute +428) (BuildId: 4ccb65ae9ac5ad5da3af5a342d5b0b92)
09-13 12:42:12.708 16110 16110 F com.gamepub.pt: runtime.cc:708]   native: #15 pc 00362678  /apex/com.android.art/lib64/libart.so (bool art::interpreter::DoCall<false>+4124) (BuildId: 4ccb65ae9ac5ad5da3af5a342d5b0b92)
09-13 12:42:12.708 16110 16110 F com.gamepub.pt: runtime.cc:708]   native: #16 pc 00770ba4  /apex/com.android.art/lib64/libart.so (void art::interpreter::ExecuteSwitchImplCpp<false>+12208) (BuildId: 4ccb65ae9ac5ad5da3af5a342d5b0b92)
09-13 12:42:12.708 16110 16110 F com.gamepub.pt: runtime.cc:708]   native: #17 pc 003815d8  /apex/com.android.art/lib64/libart.so (ExecuteSwitchImplAsm+8) (BuildId: 4ccb65ae9ac5ad5da3af5a342d5b0b92)
09-13 12:42:12.708 16110 16110 F com.gamepub.pt: runtime.cc:708]   native: #18 pc 0002c164  /apex/com.android.art/javalib/core-libart.jar (java.lang.Daemons$ReferenceQueueDaemon.runInternal)
09-13 12:42:12.708 16110 16110 F com.gamepub.pt: runtime.cc:708]   native: #19 pc 00354250  /apex/com.android.art/lib64/libart.so (art::interpreter::Execute +428) (BuildId: 4ccb65ae9ac5ad5da3af5a342d5b0b92)
09-13 12:42:12.708 16110 16110 F com.gamepub.pt: runtime.cc:708]   native: #20 pc 00362678  /apex/com.android.art/lib64/libart.so (bool art::interpreter::DoCall<false>+4124) (BuildId: 4ccb65ae9ac5ad5da3af5a342d5b0b92)
09-13 12:42:12.708 16110 16110 F com.gamepub.pt: runtime.cc:708]   native: #21 pc 00770ba4  /apex/com.android.art/lib64/libart.so (void art::interpreter::ExecuteSwitchImplCpp<false>+12208) (BuildId: 4ccb65ae9ac5ad5da3af5a342d5b0b92)
09-13 12:42:12.708 16110 16110 F com.gamepub.pt: runtime.cc:708]   native: #22 pc 003815d8  /apex/com.android.art/lib64/libart.so (ExecuteSwitchImplAsm+8) (BuildId: 4ccb65ae9ac5ad5da3af5a342d5b0b92)
09-13 12:42:12.708 16110 16110 F com.gamepub.pt: runtime.cc:708]   native: #23 pc 0002b314  /apex/com.android.art/javalib/core-libart.jar (java.lang.Daemons$Daemon.run)
09-13 12:42:12.708 16110 16110 F com.gamepub.pt: runtime.cc:708]   native: #24 pc 00354250  /apex/com.android.art/lib64/libart.so (art::interpreter::Execute +428) (BuildId: 4ccb65ae9ac5ad5da3af5a342d5b0b92)
09-13 12:42:12.708 16110 16110 F com.gamepub.pt: runtime.cc:708]   native: #25 pc 00362678  /apex/com.android.art/lib64/libart.so (bool art::interpreter::DoCall<false>+4124) (BuildId: 4ccb65ae9ac5ad5da3af5a342d5b0b92)
09-13 12:42:12.708 16110 16110 F com.gamepub.pt: runtime.cc:708]   native: #26 pc 00770ba4  /apex/com.android.art/lib64/libart.so (void art::interpreter::ExecuteSwitchImplCpp<false>+12208) (BuildId: 4ccb65ae9ac5ad5da3af5a342d5b0b92)
09-13 12:42:12.708 16110 16110 F com.gamepub.pt: runtime.cc:708]   native: #27 pc 003815d8  /apex/com.android.art/lib64/libart.so (ExecuteSwitchImplAsm+8) (BuildId: 4ccb65ae9ac5ad5da3af5a342d5b0b92)
09-13 12:42:12.708 16110 16110 F com.gamepub.pt: runtime.cc:708]   native: #28 pc 00117a28  /apex/com.android.art/javalib/core-oj.jar (java.lang.Thread.run)
09-13 12:42:12.708 16110 16110 F com.gamepub.pt: runtime.cc:708]   native: #29 pc 003535dc  /apex/com.android.art/lib64/libart.so (artQuickToInterpreterBridge+1932) (BuildId: 4ccb65ae9ac5ad5da3af5a342d5b0b92)
09-13 12:42:12.708 16110 16110 F com.gamepub.pt: runtime.cc:708]   native: #30 pc 0037f098  /apex/com.android.art/lib64/libart.so (art_quick_to_interpreter_bridge+88) (BuildId: 4ccb65ae9ac5ad5da3af5a342d5b0b92)
09-13 12:42:12.708 16110 16110 F com.gamepub.pt: runtime.cc:708]   native: #31 pc 00368774  /apex/com.android.art/lib64/libart.so (art_quick_invoke_stub+612) (BuildId: 4ccb65ae9ac5ad5da3af5a342d5b0b92)
09-13 12:42:12.708 16110 16110 F com.gamepub.pt: runtime.cc:708]   native: #32 pc 00353f24  /apex/com.android.art/lib64/libart.so (art::ArtMethod::Invoke+132) (BuildId: 4ccb65ae9ac5ad5da3af5a342d5b0b92)
09-13 12:42:12.708 16110 16110 F com.gamepub.pt: runtime.cc:708]   native: #33 pc 00947748  /apex/com.android.art/lib64/libart.so (art::detail::ShortyTraits<86>::Type art::ArtMethod::InvokeInstance<86>+60) (BuildId: 4ccb65ae9ac5ad5da3af5a342d5b0b92)
09-13 12:42:12.708 16110 16110 F com.gamepub.pt: runtime.cc:708]   native: #34 pc 00636e80  /apex/com.android.art/lib64/libart.so (art::Thread::CreateCallback+1344) (BuildId: 4ccb65ae9ac5ad5da3af5a342d5b0b92)
09-13 12:42:12.708 16110 16110 F com.gamepub.pt: runtime.cc:708]   native: #35 pc 000deb44  /apex/com.android.runtime/lib64/bionic/libc.so (__pthread_start+264) (BuildId: bbbdeb7c87c74f1491f92c6e605095b0)
09-13 12:42:12.708 16110 16110 F com.gamepub.pt: runtime.cc:708]   native: #36 pc 0007b2fc  /apex/com.android.runtime/lib64/bionic/libc.so (__start_thread+68) (BuildId: bbbdeb7c87c74f1491f92c6e605095b0)
09-13 12:42:12.708 16110 16110 F com.gamepub.pt: runtime.cc:708]   at java.lang.Object.wait(Native method)
09-13 12:42:12.708 16110 16110 F com.gamepub.pt: runtime.cc:708]   - waiting on <0x076f102b> (a java.lang.Class<java.lang.ref.ReferenceQueue>)
09-13 12:42:12.708 16110 16110 F com.gamepub.pt: runtime.cc:708]   at java.lang.Object.wait(Object.java:405)
09-13 12:42:12.708 16110 16110 F com.gamepub.pt: runtime.cc:708]   at java.lang.Object.wait(Object.java:543)
09-13 12:42:12.708 16110 16110 F com.gamepub.pt: runtime.cc:708]   at java.lang.Daemons$ReferenceQueueDaemon.runInternal(Daemons.java:251)
09-13 12:42:12.708 16110 16110 F com.gamepub.pt: runtime.cc:708]   - locked <0x076f102b> (a java.lang.Class<java.lang.ref.ReferenceQueue>)
09-13 12:42:12.708 16110 16110 F com.gamepub.pt: runtime.cc:708]   at java.lang.Daemons$Daemon.run(Daemons.java:131)
