09-13 14:59:01.696 18847 18868 W com.gamepub.pt: ClassLoaderContext classpath size mismatch. expected=1, found=0 (DLC[];PCL[base.apk*2933616277]{PCL[/system/framework/org.apache.http.legacy.jar*3034548894]#PCL[/apex/com.android.extservices/javalib/android.ext.adservices.jar*114502043]#PCL[/system/framework/com.android.media.remotedisplay.jar*3472798123]#PCL[/system/framework/com.android.location.provider.jar*3633238672]#PCL[/system/framework/org.apache.http.legacy.jar*3034548894]#PCL[/apex/com.android.extservices/javalib/android.ext.adservices.jar*114502043]} | DLC[];PCL[])
09-13 14:59:01.741 18847 18868 W com.gamepub.pt: ClassLoaderContext classpath element checksum mismatch. expected=2933616277, found=3611197325 (DLC[];PCL[base.apk*2933616277]{PCL[/system/framework/org.apache.http.legacy.jar*3034548894]#PCL[/apex/com.android.extservices/javalib/android.ext.adservices.jar*114502043]#PCL[/system/framework/com.android.media.remotedisplay.jar*3472798123]#PCL[/system/framework/com.android.location.provider.jar*3633238672]#PCL[/system/framework/org.apache.http.legacy.jar*3034548894]#PCL[/apex/com.android.extservices/javalib/android.ext.adservices.jar*114502043]} | DLC[];PCL[/data/app/~~z7s8Nl8QRnkKlsJlRthpUw==/com.gamepub.pt-CUi6wrhT-xtgw8ihGVqTLg==/base.apk*3611197325]{PCL[/system/framework/org.apache.http.legacy.jar*3034548894]})
09-13 14:59:01.977 18847 18875 W com.gamepub.pt: Accessing hidden method Ldalvik/system/VMStack;->getStackClass2()Ljava/lang/Class; (unsupported, reflection, allowed)
09-13 14:59:02.009 18847 18873 E com.gamepub.pt: No package ID 6a found for ID 0x6a0b000f.
09-13 14:59:02.011 18847 18873 I FA      :   adb shell setprop debug.firebase.analytics.app com.gamepub.pt
09-13 14:59:02.081 18847 18866 W com.gamepub.pt: ClassLoaderContext type mismatch. expected=PCL, found=DLC (PCL[] | DLC[];PCL[/data/app/~~z7s8Nl8QRnkKlsJlRthpUw==/com.gamepub.pt-CUi6wrhT-xtgw8ihGVqTLg==/base.apk*3611197325]{PCL[/system/framework/org.apache.http.legacy.jar*3034548894]})
09-13 14:59:02.163 18847 18847 D nativeloader: Load /data/app/~~z7s8Nl8QRnkKlsJlRthpUw==/com.gamepub.pt-CUi6wrhT-xtgw8ihGVqTLg==/lib/arm64/libcrashlytics.so using ns clns-5 from class loader (caller=/data/app/~~z7s8Nl8QRnkKlsJlRthpUw==/com.gamepub.pt-CUi6wrhT-xtgw8ihGVqTLg==/base.apk!classes3.dex): ok
09-13 14:59:02.197 18847 18847 I FirebaseCrashlytics: Initializing Firebase Crashlytics 18.3.2 for com.gamepub.pt
09-13 14:59:02.278  2580  6284 W PackageManager: package unknown uid 12443 pid 18847 call SetEnabledSetting(com.gamepub.pt component = androidx.work.impl.background.systemjob.SystemJobService, 1, 0x1, 0)
09-13 14:59:02.361 18847 18847 I Quality : ActivityThread: bindApplication delay 1110 com.gamepub.pt 18847
09-13 14:59:02.363 18847 18902 I Quality : Blocked msg = Package name: com.gamepub.pt [ schedGroup: 5 schedPolicy: 0 ] process the message: { when=-1s118ms what=110 target=android.app.ActivityThread$H obj=AppBindData{appInfo=ApplicationInfo{4677b71 com.gamepub.pt}} } took 1110 ms
09-13 14:59:02.401  3905  3905 W LogcatParserThr: type=1400 audit(0.0:19738): avc: denied { write } for name="com.gamepub.pt-CUi6wrhT-xtgw8ihGVqTLg==" dev="sda11" ino=1528516 scontext=u:r:system_app:s0 tcontext=u:object_r:apk_data_file:s0 tclass=dir permissive=0
09-13 14:59:02.407  3905  7076 W ziparchive: Unable to open '/data/app/~~z7s8Nl8QRnkKlsJlRthpUw==/com.gamepub.pt-CUi6wrhT-xtgw8ihGVqTLg==/base.dm': No such file or directory
09-13 14:59:02.407  3905  7076 W ziparchive: Unable to open '/data/app/~~z7s8Nl8QRnkKlsJlRthpUw==/com.gamepub.pt-CUi6wrhT-xtgw8ihGVqTLg==/base.dm': No such file or directory
09-13 14:59:02.432 18847 18847 D nativeloader: Load /data/app/~~z7s8Nl8QRnkKlsJlRthpUw==/com.gamepub.pt-CUi6wrhT-xtgw8ihGVqTLg==/lib/arm64/libModLoader.so using ns clns-5 from class loader (caller=/data/app/~~z7s8Nl8QRnkKlsJlRthpUw==/com.gamepub.pt-CUi6wrhT-xtgw8ihGVqTLg==/base.apk!classes3.dex): ok
09-13 14:59:02.452 18847 18891 F libc    : Fatal signal 11 (SIGSEGV), code 1 (SEGV_MAPERR), fault addr 0x0 in tid 18891 (firebase-instal), pid 18847 (com.gamepub.pt)
09-13 14:59:02.498  2580  6066 D TheiaManager: ActivityRecord{babf747 u0 com.gamepub.pt/com.unity3d.player.UnityPlayerActivity t92} callDeclaredMethod : com.android.server.wm.ActivityRecord.getPid param[] null args[]null
09-13 14:59:02.498  2580  6066 D TheiaManager: KEY:packageNameVALUE:com.gamepub.pt
09-13 14:59:02.498  2580  6066 D TheiaCrashMonitor: com.gamepub.ptcrash
09-13 14:59:02.498  2580  6066 I ActivityManager: Process com.gamepub.pt (pid 18847) has died: fg  TOP 
09-13 14:59:02.505  2580  4502 I OplusHansManager : onUidGone(), 12443 com.gamepub.pt exit SM
09-13 14:59:02.528  2580  2629 I ActivityManager: Start proc 18915:com.gamepub.pt/u0a2443 for top-activity {com.gamepub.pt/com.unity3d.player.UnityPlayerActivity}
09-13 14:59:02.530 18915 18915 I com.gamepub.pt: Late-enabling -Xcheck:jni
09-13 14:59:02.546 18915 18915 E com.gamepub.pt: Unknown bits set in runtime_flags: 0x40000000
09-13 14:59:02.546 18915 18915 I com.gamepub.pt: Using CollectorTypeCC GC.
09-13 14:59:02.570  2580  6066 I OplusAppSwitchManagerService: appswitch hasProcess ActivityRecord{babf747 u0 com.gamepub.pt/com.unity3d.player.UnityPlayerActivity t92}
09-13 14:59:02.570  2580  6066 I OplusAppSwitchManagerService: appswitch hasProcess ActivityRecord{babf747 u0 com.gamepub.pt/com.unity3d.player.UnityPlayerActivity t92}
09-13 14:59:02.575  2580  2613 D CompactWindowManagerService: updateBackgroundSurface openingApp: ActivityRecord{babf747 u0 com.gamepub.pt/com.unity3d.player.UnityPlayerActivity t92}
09-13 14:59:02.578  2580  2613 I OplusAppSwitchManagerService:  handleAppVisible , r = ActivityRecord{babf747 u0 com.gamepub.pt/com.unity3d.player.UnityPlayerActivity t92}
09-13 14:59:02.659 18915 18915 D nativeloader: Configuring clns-4 for other apk /system/framework/org.apache.http.legacy.jar. target_sdk_version=33, uses_libraries=ALL, library_path=/data/app/~~z7s8Nl8QRnkKlsJlRthpUw==/com.gamepub.pt-CUi6wrhT-xtgw8ihGVqTLg==/lib/arm64:/data/app/~~z7s8Nl8QRnkKlsJlRthpUw==/com.gamepub.pt-CUi6wrhT-xtgw8ihGVqTLg==/base.apk!/lib/arm64-v8a, permitted_path=/data:/mnt/expand:/data/user/0/com.gamepub.pt
09-13 14:59:02.661 18915 18915 W ziparchive: Unable to open '/data/app/~~z7s8Nl8QRnkKlsJlRthpUw==/com.gamepub.pt-CUi6wrhT-xtgw8ihGVqTLg==/base.dm': No such file or directory
09-13 14:59:02.661 18915 18915 W ziparchive: Unable to open '/data/app/~~z7s8Nl8QRnkKlsJlRthpUw==/com.gamepub.pt-CUi6wrhT-xtgw8ihGVqTLg==/base.dm': No such file or directory
09-13 14:59:02.858 18915 18915 D nativeloader: Configuring clns-5 for other apk /data/app/~~z7s8Nl8QRnkKlsJlRthpUw==/com.gamepub.pt-CUi6wrhT-xtgw8ihGVqTLg==/base.apk. target_sdk_version=33, uses_libraries=, library_path=/data/app/~~z7s8Nl8QRnkKlsJlRthpUw==/com.gamepub.pt-CUi6wrhT-xtgw8ihGVqTLg==/lib/arm64:/data/app/~~z7s8Nl8QRnkKlsJlRthpUw==/com.gamepub.pt-CUi6wrhT-xtgw8ihGVqTLg==/base.apk!/lib/arm64-v8a, permitted_path=/data:/mnt/expand:/data/user/0/com.gamepub.pt
09-13 14:59:02.882 18915 18915 V GraphicsEnvironment: ANGLE Developer option for 'com.gamepub.pt' set to: 'default'
09-13 14:59:02.970 18915 18939 W com.gamepub.pt: ClassLoaderContext classpath size mismatch. expected=1, found=0 (DLC[];PCL[base.apk*2933616277]{PCL[/system/framework/org.apache.http.legacy.jar*3034548894]#PCL[/apex/com.android.extservices/javalib/android.ext.adservices.jar*114502043]#PCL[/system/framework/com.android.media.remotedisplay.jar*3472798123]#PCL[/system/framework/com.android.location.provider.jar*3633238672]#PCL[/system/framework/org.apache.http.legacy.jar*3034548894]#PCL[/apex/com.android.extservices/javalib/android.ext.adservices.jar*114502043]} | DLC[];PCL[])
09-13 14:59:03.000 18915 18939 W com.gamepub.pt: ClassLoaderContext classpath element checksum mismatch. expected=2933616277, found=3611197325 (DLC[];PCL[base.apk*2933616277]{PCL[/system/framework/org.apache.http.legacy.jar*3034548894]#PCL[/apex/com.android.extservices/javalib/android.ext.adservices.jar*114502043]#PCL[/system/framework/com.android.media.remotedisplay.jar*3472798123]#PCL[/system/framework/com.android.location.provider.jar*3633238672]#PCL[/system/framework/org.apache.http.legacy.jar*3034548894]#PCL[/apex/com.android.extservices/javalib/android.ext.adservices.jar*114502043]} | DLC[];PCL[/data/app/~~z7s8Nl8QRnkKlsJlRthpUw==/com.gamepub.pt-CUi6wrhT-xtgw8ihGVqTLg==/base.apk*3611197325]{PCL[/system/framework/org.apache.http.legacy.jar*3034548894]})
09-13 14:59:03.166 18915 18948 W com.gamepub.pt: Accessing hidden method Ldalvik/system/VMStack;->getStackClass2()Ljava/lang/Class; (unsupported, reflection, allowed)
09-13 14:59:03.183 18915 18945 E com.gamepub.pt: No package ID 6a found for ID 0x6a0b000f.
09-13 14:59:03.185 18915 18945 I FA      :   adb shell setprop debug.firebase.analytics.app com.gamepub.pt
09-13 14:59:03.241 18915 18935 W com.gamepub.pt: ClassLoaderContext type mismatch. expected=PCL, found=DLC (PCL[] | DLC[];PCL[/data/app/~~z7s8Nl8QRnkKlsJlRthpUw==/com.gamepub.pt-CUi6wrhT-xtgw8ihGVqTLg==/base.apk*3611197325]{PCL[/system/framework/org.apache.http.legacy.jar*3034548894]})
09-13 14:59:03.277 18915 18915 D nativeloader: Load /data/app/~~z7s8Nl8QRnkKlsJlRthpUw==/com.gamepub.pt-CUi6wrhT-xtgw8ihGVqTLg==/lib/arm64/libcrashlytics.so using ns clns-5 from class loader (caller=/data/app/~~z7s8Nl8QRnkKlsJlRthpUw==/com.gamepub.pt-CUi6wrhT-xtgw8ihGVqTLg==/base.apk!classes3.dex): ok
09-13 14:59:03.299 18915 18915 I FirebaseCrashlytics: Initializing Firebase Crashlytics 18.3.2 for com.gamepub.pt
09-13 14:59:03.372  2580  6066 W PackageManager: package unknown uid 12443 pid 18915 call SetEnabledSetting(com.gamepub.pt component = androidx.work.impl.background.systemjob.SystemJobService, 1, 0x1, 0)
09-13 14:59:03.428 18915 18915 I Quality : ActivityThread: bindApplication delay 844 com.gamepub.pt 18915
09-13 14:59:03.475 18915 18915 D nativeloader: Load /data/app/~~z7s8Nl8QRnkKlsJlRthpUw==/com.gamepub.pt-CUi6wrhT-xtgw8ihGVqTLg==/lib/arm64/libModLoader.so using ns clns-5 from class loader (caller=/data/app/~~z7s8Nl8QRnkKlsJlRthpUw==/com.gamepub.pt-CUi6wrhT-xtgw8ihGVqTLg==/base.apk!classes3.dex): ok
09-13 14:59:03.508  2580  3674 D TheiaManager: ActivityRecord{babf747 u0 com.gamepub.pt/com.unity3d.player.UnityPlayerActivity t92} callDeclaredMethod : com.android.server.wm.ActivityRecord.getPid param[] null args[]null
09-13 14:59:03.508  2580  3674 D TheiaManager: KEY:packageNameVALUE:com.gamepub.pt
09-13 14:59:03.508  2580  3674 D TheiaCrashMonitor: com.gamepub.ptcrash
09-13 14:59:03.508  2580  3674 I ActivityManager: Process com.gamepub.pt (pid 18915) has died: fg  TOP 
09-13 14:59:03.513  2580  4502 I OplusHansManager : onUidGone(), 12443 com.gamepub.pt exit SM
09-13 14:59:03.534  2580  2629 I ActivityManager: Start proc 18980:com.gamepub.pt/u0a2443 for top-activity {com.gamepub.pt/com.unity3d.player.UnityPlayerActivity}
09-13 14:59:03.539 18980 18980 I com.gamepub.pt: Late-enabling -Xcheck:jni
09-13 14:59:03.555 18980 18980 E com.gamepub.pt: Unknown bits set in runtime_flags: 0x40000000
09-13 14:59:03.555 18980 18980 I com.gamepub.pt: Using CollectorTypeCC GC.
09-13 14:59:03.579  2580  6284 I OplusAppSwitchManagerService: appswitch hasProcess ActivityRecord{babf747 u0 com.gamepub.pt/com.unity3d.player.UnityPlayerActivity t92}
09-13 14:59:03.579  2580  6284 I OplusAppSwitchManagerService: appswitch hasProcess ActivityRecord{babf747 u0 com.gamepub.pt/com.unity3d.player.UnityPlayerActivity t92}
09-13 14:59:03.584  2580  2613 D CompactWindowManagerService: updateBackgroundSurface openingApp: ActivityRecord{babf747 u0 com.gamepub.pt/com.unity3d.player.UnityPlayerActivity t92}
09-13 14:59:03.586  2580  2613 I OplusAppSwitchManagerService:  handleAppVisible , r = ActivityRecord{babf747 u0 com.gamepub.pt/com.unity3d.player.UnityPlayerActivity t92}
09-13 14:59:03.659 18980 18980 D nativeloader: Configuring clns-4 for other apk /system/framework/org.apache.http.legacy.jar. target_sdk_version=33, uses_libraries=ALL, library_path=/data/app/~~z7s8Nl8QRnkKlsJlRthpUw==/com.gamepub.pt-CUi6wrhT-xtgw8ihGVqTLg==/lib/arm64:/data/app/~~z7s8Nl8QRnkKlsJlRthpUw==/com.gamepub.pt-CUi6wrhT-xtgw8ihGVqTLg==/base.apk!/lib/arm64-v8a, permitted_path=/data:/mnt/expand:/data/user/0/com.gamepub.pt
09-13 14:59:03.661 18980 18980 W ziparchive: Unable to open '/data/app/~~z7s8Nl8QRnkKlsJlRthpUw==/com.gamepub.pt-CUi6wrhT-xtgw8ihGVqTLg==/base.dm': No such file or directory
09-13 14:59:03.661 18980 18980 W ziparchive: Unable to open '/data/app/~~z7s8Nl8QRnkKlsJlRthpUw==/com.gamepub.pt-CUi6wrhT-xtgw8ihGVqTLg==/base.dm': No such file or directory
09-13 14:59:03.861 18980 18980 D nativeloader: Configuring clns-5 for other apk /data/app/~~z7s8Nl8QRnkKlsJlRthpUw==/com.gamepub.pt-CUi6wrhT-xtgw8ihGVqTLg==/base.apk. target_sdk_version=33, uses_libraries=, library_path=/data/app/~~z7s8Nl8QRnkKlsJlRthpUw==/com.gamepub.pt-CUi6wrhT-xtgw8ihGVqTLg==/lib/arm64:/data/app/~~z7s8Nl8QRnkKlsJlRthpUw==/com.gamepub.pt-CUi6wrhT-xtgw8ihGVqTLg==/base.apk!/lib/arm64-v8a, permitted_path=/data:/mnt/expand:/data/user/0/com.gamepub.pt
09-13 14:59:03.884 18980 18980 V GraphicsEnvironment: ANGLE Developer option for 'com.gamepub.pt' set to: 'default'
09-13 14:59:03.972 18980 18999 W com.gamepub.pt: ClassLoaderContext classpath size mismatch. expected=1, found=0 (DLC[];PCL[base.apk*2933616277]{PCL[/system/framework/org.apache.http.legacy.jar*3034548894]#PCL[/apex/com.android.extservices/javalib/android.ext.adservices.jar*114502043]#PCL[/system/framework/com.android.media.remotedisplay.jar*3472798123]#PCL[/system/framework/com.android.location.provider.jar*3633238672]#PCL[/system/framework/org.apache.http.legacy.jar*3034548894]#PCL[/apex/com.android.extservices/javalib/android.ext.adservices.jar*114502043]} | DLC[];PCL[])
09-13 14:59:04.002 18980 18999 W com.gamepub.pt: ClassLoaderContext classpath element checksum mismatch. expected=2933616277, found=3611197325 (DLC[];PCL[base.apk*2933616277]{PCL[/system/framework/org.apache.http.legacy.jar*3034548894]#PCL[/apex/com.android.extservices/javalib/android.ext.adservices.jar*114502043]#PCL[/system/framework/com.android.media.remotedisplay.jar*3472798123]#PCL[/system/framework/com.android.location.provider.jar*3633238672]#PCL[/system/framework/org.apache.http.legacy.jar*3034548894]#PCL[/apex/com.android.extservices/javalib/android.ext.adservices.jar*114502043]} | DLC[];PCL[/data/app/~~z7s8Nl8QRnkKlsJlRthpUw==/com.gamepub.pt-CUi6wrhT-xtgw8ihGVqTLg==/base.apk*3611197325]{PCL[/system/framework/org.apache.http.legacy.jar*3034548894]})
09-13 14:59:04.172 18980 19006 W com.gamepub.pt: Accessing hidden method Ldalvik/system/VMStack;->getStackClass2()Ljava/lang/Class; (unsupported, reflection, allowed)
09-13 14:59:04.190 18980 19004 E com.gamepub.pt: No package ID 6a found for ID 0x6a0b000f.
09-13 14:59:04.192 18980 19004 I FA      :   adb shell setprop debug.firebase.analytics.app com.gamepub.pt
09-13 14:59:04.247 18980 18997 W com.gamepub.pt: ClassLoaderContext type mismatch. expected=PCL, found=DLC (PCL[] | DLC[];PCL[/data/app/~~z7s8Nl8QRnkKlsJlRthpUw==/com.gamepub.pt-CUi6wrhT-xtgw8ihGVqTLg==/base.apk*3611197325]{PCL[/system/framework/org.apache.http.legacy.jar*3034548894]})
09-13 14:59:04.281 18980 18980 D nativeloader: Load /data/app/~~z7s8Nl8QRnkKlsJlRthpUw==/com.gamepub.pt-CUi6wrhT-xtgw8ihGVqTLg==/lib/arm64/libcrashlytics.so using ns clns-5 from class loader (caller=/data/app/~~z7s8Nl8QRnkKlsJlRthpUw==/com.gamepub.pt-CUi6wrhT-xtgw8ihGVqTLg==/base.apk!classes3.dex): ok
09-13 14:59:04.303 18980 18980 I FirebaseCrashlytics: Initializing Firebase Crashlytics 18.3.2 for com.gamepub.pt
09-13 14:59:04.370  2580  3674 W PackageManager: package unknown uid 12443 pid 18980 call SetEnabledSetting(com.gamepub.pt component = androidx.work.impl.background.systemjob.SystemJobService, 1, 0x1, 0)
09-13 14:59:04.431 18980 18980 I Quality : ActivityThread: bindApplication delay 846 com.gamepub.pt 18980
09-13 14:59:04.484 18980 18980 D nativeloader: Load /data/app/~~z7s8Nl8QRnkKlsJlRthpUw==/com.gamepub.pt-CUi6wrhT-xtgw8ihGVqTLg==/lib/arm64/libModLoader.so using ns clns-5 from class loader (caller=/data/app/~~z7s8Nl8QRnkKlsJlRthpUw==/com.gamepub.pt-CUi6wrhT-xtgw8ihGVqTLg==/base.apk!classes3.dex): ok
09-13 14:59:04.493 18980 19023 F libc    : Fatal signal 11 (SIGSEGV), code 1 (SEGV_MAPERR), fault addr 0x0 in tid 19023 (lytics.startup1), pid 18980 (com.gamepub.pt)
09-13 14:59:04.587  2580  6072 D TheiaManager: ActivityRecord{babf747 u0 com.gamepub.pt/com.unity3d.player.UnityPlayerActivity t92} callDeclaredMethod : com.android.server.wm.ActivityRecord.getPid param[] null args[]null
09-13 14:59:04.588  2580  6072 D TheiaManager: KEY:packageNameVALUE:com.gamepub.pt
09-13 14:59:04.588  2580  6072 D TheiaCrashMonitor: com.gamepub.ptcrash
09-13 14:59:04.588  2580  6072 I ActivityManager: Process com.gamepub.pt (pid 18980) has died: fg  TOP 
09-13 14:59:04.594  2580  4502 I OplusHansManager : onUidGone(), 12443 com.gamepub.pt exit SM
09-13 14:59:04.618  2580  2629 I ActivityManager: Start proc 19046:com.gamepub.pt/u0a2443 for top-activity {com.gamepub.pt/com.unity3d.player.UnityPlayerActivity}
09-13 14:59:04.623 19046 19046 I com.gamepub.pt: Late-enabling -Xcheck:jni
09-13 14:59:04.639 19046 19046 E com.gamepub.pt: Unknown bits set in runtime_flags: 0x40000000
09-13 14:59:04.639 19046 19046 I com.gamepub.pt: Using CollectorTypeCC GC.
09-13 14:59:04.662  2580  6072 I OplusAppSwitchManagerService: appswitch hasProcess ActivityRecord{babf747 u0 com.gamepub.pt/com.unity3d.player.UnityPlayerActivity t92}
09-13 14:59:04.662  2580  6072 I OplusAppSwitchManagerService: appswitch hasProcess ActivityRecord{babf747 u0 com.gamepub.pt/com.unity3d.player.UnityPlayerActivity t92}
09-13 14:59:04.666  2580  2613 D CompactWindowManagerService: updateBackgroundSurface openingApp: ActivityRecord{babf747 u0 com.gamepub.pt/com.unity3d.player.UnityPlayerActivity t92}
09-13 14:59:04.668  2580  2613 I OplusAppSwitchManagerService:  handleAppVisible , r = ActivityRecord{babf747 u0 com.gamepub.pt/com.unity3d.player.UnityPlayerActivity t92}
09-13 14:59:04.744 19046 19046 D nativeloader: Configuring clns-4 for other apk /system/framework/org.apache.http.legacy.jar. target_sdk_version=33, uses_libraries=ALL, library_path=/data/app/~~z7s8Nl8QRnkKlsJlRthpUw==/com.gamepub.pt-CUi6wrhT-xtgw8ihGVqTLg==/lib/arm64:/data/app/~~z7s8Nl8QRnkKlsJlRthpUw==/com.gamepub.pt-CUi6wrhT-xtgw8ihGVqTLg==/base.apk!/lib/arm64-v8a, permitted_path=/data:/mnt/expand:/data/user/0/com.gamepub.pt
09-13 14:59:04.746 19046 19046 W ziparchive: Unable to open '/data/app/~~z7s8Nl8QRnkKlsJlRthpUw==/com.gamepub.pt-CUi6wrhT-xtgw8ihGVqTLg==/base.dm': No such file or directory
09-13 14:59:04.746 19046 19046 W ziparchive: Unable to open '/data/app/~~z7s8Nl8QRnkKlsJlRthpUw==/com.gamepub.pt-CUi6wrhT-xtgw8ihGVqTLg==/base.dm': No such file or directory
09-13 14:59:04.946 19046 19046 D nativeloader: Configuring clns-5 for other apk /data/app/~~z7s8Nl8QRnkKlsJlRthpUw==/com.gamepub.pt-CUi6wrhT-xtgw8ihGVqTLg==/base.apk. target_sdk_version=33, uses_libraries=, library_path=/data/app/~~z7s8Nl8QRnkKlsJlRthpUw==/com.gamepub.pt-CUi6wrhT-xtgw8ihGVqTLg==/lib/arm64:/data/app/~~z7s8Nl8QRnkKlsJlRthpUw==/com.gamepub.pt-CUi6wrhT-xtgw8ihGVqTLg==/base.apk!/lib/arm64-v8a, permitted_path=/data:/mnt/expand:/data/user/0/com.gamepub.pt
09-13 14:59:04.969 19046 19046 V GraphicsEnvironment: ANGLE Developer option for 'com.gamepub.pt' set to: 'default'
09-13 14:59:05.066 19046 19067 W com.gamepub.pt: ClassLoaderContext classpath size mismatch. expected=1, found=0 (DLC[];PCL[base.apk*2933616277]{PCL[/system/framework/org.apache.http.legacy.jar*3034548894]#PCL[/apex/com.android.extservices/javalib/android.ext.adservices.jar*114502043]#PCL[/system/framework/com.android.media.remotedisplay.jar*3472798123]#PCL[/system/framework/com.android.location.provider.jar*3633238672]#PCL[/system/framework/org.apache.http.legacy.jar*3034548894]#PCL[/apex/com.android.extservices/javalib/android.ext.adservices.jar*114502043]} | DLC[];PCL[])
09-13 14:59:05.139 19046 19067 W com.gamepub.pt: ClassLoaderContext classpath element checksum mismatch. expected=2933616277, found=3611197325 (DLC[];PCL[base.apk*2933616277]{PCL[/system/framework/org.apache.http.legacy.jar*3034548894]#PCL[/apex/com.android.extservices/javalib/android.ext.adservices.jar*114502043]#PCL[/system/framework/com.android.media.remotedisplay.jar*3472798123]#PCL[/system/framework/com.android.location.provider.jar*3633238672]#PCL[/system/framework/org.apache.http.legacy.jar*3034548894]#PCL[/apex/com.android.extservices/javalib/android.ext.adservices.jar*114502043]} | DLC[];PCL[/data/app/~~z7s8Nl8QRnkKlsJlRthpUw==/com.gamepub.pt-CUi6wrhT-xtgw8ihGVqTLg==/base.apk*3611197325]{PCL[/system/framework/org.apache.http.legacy.jar*3034548894]})
09-13 14:59:05.294 19046 19065 W com.gamepub.pt: ClassLoaderContext type mismatch. expected=PCL, found=DLC (PCL[] | DLC[];PCL[/data/app/~~z7s8Nl8QRnkKlsJlRthpUw==/com.gamepub.pt-CUi6wrhT-xtgw8ihGVqTLg==/base.apk*3611197325]{PCL[/system/framework/org.apache.http.legacy.jar*3034548894]})
09-13 14:59:05.307 19046 19075 W com.gamepub.pt: Accessing hidden method Ldalvik/system/VMStack;->getStackClass2()Ljava/lang/Class; (unsupported, reflection, allowed)
09-13 14:59:05.339 19046 19073 E com.gamepub.pt: No package ID 6a found for ID 0x6a0b000f.
09-13 14:59:05.342 19046 19073 I FA      :   adb shell setprop debug.firebase.analytics.app com.gamepub.pt
09-13 14:59:05.368 19046 19046 D nativeloader: Load /data/app/~~z7s8Nl8QRnkKlsJlRthpUw==/com.gamepub.pt-CUi6wrhT-xtgw8ihGVqTLg==/lib/arm64/libcrashlytics.so using ns clns-5 from class loader (caller=/data/app/~~z7s8Nl8QRnkKlsJlRthpUw==/com.gamepub.pt-CUi6wrhT-xtgw8ihGVqTLg==/base.apk!classes3.dex): ok
09-13 14:59:05.390 19046 19046 I FirebaseCrashlytics: Initializing Firebase Crashlytics 18.3.2 for com.gamepub.pt
09-13 14:59:05.450  2580  6066 W PackageManager: package unknown uid 12443 pid 19046 call SetEnabledSetting(com.gamepub.pt component = androidx.work.impl.background.systemjob.SystemJobService, 1, 0x1, 0)
09-13 14:59:05.507 19046 19046 I Quality : ActivityThread: bindApplication delay 839 com.gamepub.pt 19046
09-13 14:59:05.553 19046 19046 D nativeloader: Load /data/app/~~z7s8Nl8QRnkKlsJlRthpUw==/com.gamepub.pt-CUi6wrhT-xtgw8ihGVqTLg==/lib/arm64/libModLoader.so using ns clns-5 from class loader (caller=/data/app/~~z7s8Nl8QRnkKlsJlRthpUw==/com.gamepub.pt-CUi6wrhT-xtgw8ihGVqTLg==/base.apk!classes3.dex): ok
09-13 14:59:05.563 19046 19046 F com.gamepub.pt: mutex.cc:432] destroying mutex with owner or contenders. Owner:19056
09-13 14:59:05.710 19046 19092 F libc    : Fatal signal 6 (SIGABRT), code -1 (SI_QUEUE) in tid 19092 (firebase-instal), pid 19046 (com.gamepub.pt)
09-13 14:59:05.881 19046 19046 F com.gamepub.pt: runtime.cc:708] Runtime aborting...
09-13 14:59:05.881 19046 19046 F com.gamepub.pt: runtime.cc:708] Dumping all threads without mutator lock held
09-13 14:59:05.881 19046 19046 F com.gamepub.pt: runtime.cc:708] All threads:
09-13 14:59:05.881 19046 19046 F com.gamepub.pt: runtime.cc:708] DALVIK THREADS (36):
09-13 14:59:05.881 19046 19046 F com.gamepub.pt: runtime.cc:708] "main" prio=10 tid=1 Runnable
09-13 14:59:05.881 19046 19046 F com.gamepub.pt: runtime.cc:708]   | group="" sCount=0 ucsCount=0 flags=0 obj=0x70962588 self=0xb40000723c012400
09-13 14:59:05.881 19046 19046 F com.gamepub.pt: runtime.cc:708]   | sysTid=19046 nice=-10 cgrp=default sched=0/0 handle=0x72e3de1500
09-13 14:59:05.881 19046 19046 F com.gamepub.pt: runtime.cc:708]   | state=R schedstat=( 895354429 1293177 166 ) utm=83 stm=6 core=6 HZ=100
09-13 14:59:05.881 19046 19046 F com.gamepub.pt: runtime.cc:708]   | stack=0x7fd5987000-0x7fd5989000 stackSize=8188KB
09-13 14:59:05.881 19046 19046 F com.gamepub.pt: runtime.cc:708]   | held mutexes= "abort lock" "mutator lock"(shared held)
09-13 14:59:05.881 19046 19046 F com.gamepub.pt: runtime.cc:708]   native: #00 pc 004fc1e0  /apex/com.android.art/lib64/libart.so (art::DumpNativeStack+108) (BuildId: 4ccb65ae9ac5ad5da3af5a342d5b0b92)
09-13 14:59:05.881 19046 19046 F com.gamepub.pt: runtime.cc:708]   native: #01 pc 004fe898  /apex/com.android.art/lib64/libart.so (art::Thread::DumpStack const+376) (BuildId: 4ccb65ae9ac5ad5da3af5a342d5b0b92)
09-13 14:59:05.881 19046 19046 F com.gamepub.pt: runtime.cc:708]   native: #02 pc 0050068c  /apex/com.android.art/lib64/libart.so (art::DumpCheckpoint::Run+216) (BuildId: 4ccb65ae9ac5ad5da3af5a342d5b0b92)
09-13 14:59:05.881 19046 19046 F com.gamepub.pt: runtime.cc:708]   native: #03 pc 00553b2c  /apex/com.android.art/lib64/libart.so (art::ThreadList::RunCheckpoint+684) (BuildId: 4ccb65ae9ac5ad5da3af5a342d5b0b92)
09-13 14:59:05.881 19046 19046 F com.gamepub.pt: runtime.cc:708]   native: #04 pc 004fffc0  /apex/com.android.art/lib64/libart.so (art::ThreadList::Dump+292) (BuildId: 4ccb65ae9ac5ad5da3af5a342d5b0b92)
09-13 14:59:05.881 19046 19046 F com.gamepub.pt: runtime.cc:708]   native: #05 pc 009377bc  /apex/com.android.art/lib64/libart.so (art::AbortState::Dump const+204) (BuildId: 4ccb65ae9ac5ad5da3af5a342d5b0b92)
09-13 14:59:05.881 19046 19046 F com.gamepub.pt: runtime.cc:708]   native: #06 pc 00933c2c  /apex/com.android.art/lib64/libart.so (art::Runtime::Abort+712) (BuildId: 4ccb65ae9ac5ad5da3af5a342d5b0b92)
09-13 14:59:05.881 19046 19046 F com.gamepub.pt: runtime.cc:708]   native: #07 pc 000160fc  /apex/com.android.art/lib64/libbase.so (android::base::SetAborter::$_0::__invoke+80) (BuildId: 1470f61c05962eb04fafe76bd58bf664)
09-13 14:59:05.881 19046 19046 F com.gamepub.pt: runtime.cc:708]   native: #08 pc 000156d0  /apex/com.android.art/lib64/libbase.so (android::base::LogMessage::~LogMessage+516) (BuildId: 1470f61c05962eb04fafe76bd58bf664)
09-13 14:59:05.881 19046 19046 F com.gamepub.pt: runtime.cc:708]   native: #09 pc 00305838  /apex/com.android.art/lib64/libart.so (art::Mutex::~Mutex+384) (BuildId: 4ccb65ae9ac5ad5da3af5a342d5b0b92)
09-13 14:59:05.881 19046 19046 F com.gamepub.pt: runtime.cc:708]   native: #10 pc 000e254c  /apex/com.android.runtime/lib64/bionic/libc.so (__cxa_finalize+292) (BuildId: bbbdeb7c87c74f1491f92c6e605095b0)
09-13 14:59:05.881 19046 19046 F com.gamepub.pt: runtime.cc:708]   native: #11 pc 000d33b0  /apex/com.android.runtime/lib64/bionic/libc.so (exit+28) (BuildId: bbbdeb7c87c74f1491f92c6e605095b0)
09-13 14:59:05.881 19046 19046 F com.gamepub.pt: runtime.cc:708]   native: #12 pc 0001ef94  /data/app/~~z7s8Nl8QRnkKlsJlRthpUw==/com.gamepub.pt-CUi6wrhT-xtgw8ihGVqTLg==/lib/arm64/libModLoader.so (JNI_OnLoad+820) (BuildId: 7d79a6f82290784946021d5f7e1849a6105772d7)
09-13 14:59:05.881 19046 19046 F com.gamepub.pt: runtime.cc:708]   native: #13 pc 00583b40  /apex/com.android.art/lib64/libart.so (art::JavaVMExt::LoadNativeLibrary+1280) (BuildId: 4ccb65ae9ac5ad5da3af5a342d5b0b92)
09-13 14:59:05.881 19046 19046 F com.gamepub.pt: runtime.cc:708]   native: #14 pc 00005914  /apex/com.android.art/lib64/libopenjdkjvm.so (JVM_NativeLoad+356) (BuildId: ee01ddb5e82126991cafcbd31e55fd49)
09-13 14:59:05.881 19046 19046 F com.gamepub.pt: runtime.cc:708]   native: #15 pc 0037ef70  /apex/com.android.art/lib64/libart.so (art_quick_generic_jni_trampoline+144) (BuildId: 4ccb65ae9ac5ad5da3af5a342d5b0b92)
09-13 14:59:05.881 19046 19046 F com.gamepub.pt: runtime.cc:708]   native: #16 pc 00368a40  /apex/com.android.art/lib64/libart.so (art_quick_invoke_static_stub+640) (BuildId: 4ccb65ae9ac5ad5da3af5a342d5b0b92)
09-13 14:59:05.881 19046 19046 F com.gamepub.pt: runtime.cc:708]   native: #17 pc 00361e5c  /apex/com.android.art/lib64/libart.so (bool art::interpreter::DoCall<false>+2048) (BuildId: 4ccb65ae9ac5ad5da3af5a342d5b0b92)
09-13 14:59:05.881 19046 19046 F com.gamepub.pt: runtime.cc:708]   native: #18 pc 00770ba4  /apex/com.android.art/lib64/libart.so (void art::interpreter::ExecuteSwitchImplCpp<false>+12208) (BuildId: 4ccb65ae9ac5ad5da3af5a342d5b0b92)
09-13 14:59:05.881 19046 19046 F com.gamepub.pt: runtime.cc:708]   native: #19 pc 003815d8  /apex/com.android.art/lib64/libart.so (ExecuteSwitchImplAsm+8) (BuildId: 4ccb65ae9ac5ad5da3af5a342d5b0b92)
09-13 14:59:05.881 19046 19046 F com.gamepub.pt: runtime.cc:708]   native: #20 pc 00109e2c  /apex/com.android.art/javalib/core-oj.jar (java.lang.Runtime.loadLibrary0)
09-13 14:59:05.881 19046 19046 F com.gamepub.pt: runtime.cc:708]   native: #21 pc 00354250  /apex/com.android.art/lib64/libart.so (art::interpreter::Execute +428) (BuildId: 4ccb65ae9ac5ad5da3af5a342d5b0b92)
09-13 14:59:05.881 19046 19046 F com.gamepub.pt: runtime.cc:708]   native: #22 pc 00362678  /apex/com.android.art/lib64/libart.so (bool art::interpreter::DoCall<false>+4124) (BuildId: 4ccb65ae9ac5ad5da3af5a342d5b0b92)
09-13 14:59:05.881 19046 19046 F com.gamepub.pt: runtime.cc:708]   native: #23 pc 00770ba4  /apex/com.android.art/lib64/libart.so (void art::interpreter::ExecuteSwitchImplCpp<false>+12208) (BuildId: 4ccb65ae9ac5ad5da3af5a342d5b0b92)
09-13 14:59:05.881 19046 19046 F com.gamepub.pt: runtime.cc:708]   native: #24 pc 003815d8  /apex/com.android.art/lib64/libart.so (ExecuteSwitchImplAsm+8) (BuildId: 4ccb65ae9ac5ad5da3af5a342d5b0b92)
09-13 14:59:05.881 19046 19046 F com.gamepub.pt: runtime.cc:708]   native: #25 pc 00109e0c  /apex/com.android.art/javalib/core-oj.jar (java.lang.Runtime.loadLibrary0)
09-13 14:59:05.881 19046 19046 F com.gamepub.pt: runtime.cc:708]   native: #26 pc 00354250  /apex/com.android.art/lib64/libart.so (art::interpreter::Execute +428) (BuildId: 4ccb65ae9ac5ad5da3af5a342d5b0b92)
09-13 14:59:05.881 19046 19046 F com.gamepub.pt: runtime.cc:708]   native: #27 pc 00362678  /apex/com.android.art/lib64/libart.so (bool art::interpreter::DoCall<false>+4124) (BuildId: 4ccb65ae9ac5ad5da3af5a342d5b0b92)
09-13 14:59:05.881 19046 19046 F com.gamepub.pt: runtime.cc:708]   native: #28 pc 00770ba4  /apex/com.android.art/lib64/libart.so (void art::interpreter::ExecuteSwitchImplCpp<false>+12208) (BuildId: 4ccb65ae9ac5ad5da3af5a342d5b0b92)
09-13 14:59:05.881 19046 19046 F com.gamepub.pt: runtime.cc:708]   native: #29 pc 003815d8  /apex/com.android.art/lib64/libart.so (ExecuteSwitchImplAsm+8) (BuildId: 4ccb65ae9ac5ad5da3af5a342d5b0b92)
09-13 14:59:05.881 19046 19046 F com.gamepub.pt: runtime.cc:708]   native: #30 pc 00115268  /apex/com.android.art/javalib/core-oj.jar (java.lang.System.loadLibrary)
09-13 14:59:05.881 19046 19046 F com.gamepub.pt: runtime.cc:708]   native: #31 pc 00354250  /apex/com.android.art/lib64/libart.so (art::interpreter::Execute +428) (BuildId: 4ccb65ae9ac5ad5da3af5a342d5b0b92)
09-13 14:59:05.881 19046 19046 F com.gamepub.pt: runtime.cc:708]   native: #32 pc 00362678  /apex/com.android.art/lib64/libart.so (bool art::interpreter::DoCall<false>+4124) (BuildId: 4ccb65ae9ac5ad5da3af5a342d5b0b92)
09-13 14:59:05.881 19046 19046 F com.gamepub.pt: runtime.cc:708]   native: #33 pc 00770ba4  /apex/com.android.art/lib64/libart.so (void art::interpreter::ExecuteSwitchImplCpp<false>+12208) (BuildId: 4ccb65ae9ac5ad5da3af5a342d5b0b92)
09-13 14:59:05.881 19046 19046 F com.gamepub.pt: runtime.cc:708]   native: #34 pc 003815d8  /apex/com.android.art/lib64/libart.so (ExecuteSwitchImplAsm+8) (BuildId: 4ccb65ae9ac5ad5da3af5a342d5b0b92)
09-13 14:59:05.881 19046 19046 F com.gamepub.pt: runtime.cc:708]   native: #35 pc 007913b4  [anon:dalvik-classes3.dex extracted in memory from /data/app/~~z7s8Nl8QRnkKlsJlRthpUw==/com.gamepub.pt-CUi6wrhT-xtgw8ihGVqTLg==/base.apk] (com.unity3d.player.UnityPlayerActivity.onCreate)
09-13 14:59:05.881 19046 19046 F com.gamepub.pt: runtime.cc:708]   native: #36 pc 00354250  /apex/com.android.art/lib64/libart.so (art::interpreter::Execute +428) (BuildId: 4ccb65ae9ac5ad5da3af5a342d5b0b92)
09-13 14:59:05.881 19046 19046 F com.gamepub.pt: runtime.cc:708]   native: #37 pc 00362678  /apex/com.android.art/lib64/libart.so (bool art::interpreter::DoCall<false>+4124) (BuildId: 4ccb65ae9ac5ad5da3af5a342d5b0b92)
09-13 14:59:05.881 19046 19046 F com.gamepub.pt: runtime.cc:708]   native: #38 pc 00770ba4  /apex/com.android.art/lib64/libart.so (void art::interpreter::ExecuteSwitchImplCpp<false>+12208) (BuildId: 4ccb65ae9ac5ad5da3af5a342d5b0b92)
09-13 14:59:05.881 19046 19046 F com.gamepub.pt: runtime.cc:708]   native: #39 pc 003815d8  /apex/com.android.art/lib64/libart.so (ExecuteSwitchImplAsm+8) (BuildId: 4ccb65ae9ac5ad5da3af5a342d5b0b92)
09-13 14:59:05.881 19046 19046 F com.gamepub.pt: runtime.cc:708]   native: #40 pc 001be094  /system/framework/framework.jar (android.app.Activity.performCreate)
09-13 14:59:05.881 19046 19046 F com.gamepub.pt: runtime.cc:708]   native: #41 pc 00354250  /apex/com.android.art/lib64/libart.so (art::interpreter::Execute +428) (BuildId: 4ccb65ae9ac5ad5da3af5a342d5b0b92)
09-13 14:59:05.881 19046 19046 F com.gamepub.pt: runtime.cc:708]   native: #42 pc 00362678  /apex/com.android.art/lib64/libart.so (bool art::interpreter::DoCall<false>+4124) (BuildId: 4ccb65ae9ac5ad5da3af5a342d5b0b92)
09-13 14:59:05.881 19046 19046 F com.gamepub.pt: runtime.cc:708]   native: #43 pc 00770ba4  /apex/com.android.art/lib64/libart.so (void art::interpreter::ExecuteSwitchImplCpp<false>+12208) (BuildId: 4ccb65ae9ac5ad5da3af5a342d5b0b92)
09-13 14:59:05.881 19046 19046 F com.gamepub.pt: runtime.cc:708]   native: #44 pc 003815d8  /apex/com.android.art/lib64/libart.so (ExecuteSwitchImplAsm+8) (BuildId: 4ccb65ae9ac5ad5da3af5a342d5b0b92)
09-13 14:59:05.881 19046 19046 F com.gamepub.pt: runtime.cc:708]   native: #45 pc 001be078  /system/framework/framework.jar (android.app.Activity.performCreate)
09-13 14:59:05.881 19046 19046 F com.gamepub.pt: runtime.cc:708]   native: #46 pc 00354250  /apex/com.android.art/lib64/libart.so (art::interpreter::Execute +428) (BuildId: 4ccb65ae9ac5ad5da3af5a342d5b0b92)
09-13 14:59:05.881 19046 19046 F com.gamepub.pt: runtime.cc:708]   native: #47 pc 00362678  /apex/com.android.art/lib64/libart.so (bool art::interpreter::DoCall<false>+4124) (BuildId: 4ccb65ae9ac5ad5da3af5a342d5b0b92)
09-13 14:59:05.881 19046 19046 F com.gamepub.pt: runtime.cc:708]   native: #48 pc 00770ba4  /apex/com.android.art/lib64/libart.so (void art::interpreter::ExecuteSwitchImplCpp<false>+12208) (BuildId: 4ccb65ae9ac5ad5da3af5a342d5b0b92)
09-13 14:59:05.881 19046 19046 F com.gamepub.pt: runtime.cc:708]   native: #49 pc 003815d8  /apex/com.android.art/lib64/libart.so (ExecuteSwitchImplAsm+8) (BuildId: 4ccb65ae9ac5ad5da3af5a342d5b0b92)
09-13 14:59:05.881 19046 19046 F com.gamepub.pt: runtime.cc:708]   native: #50 pc 0022e8b4  /system/framework/framework.jar (android.app.Instrumentation.callActivityOnCreate)
09-13 14:59:05.881 19046 19046 F com.gamepub.pt: runtime.cc:708]   native: #51 pc 00354250  /apex/com.android.art/lib64/libart.so (art::interpreter::Execute +428) (BuildId: 4ccb65ae9ac5ad5da3af5a342d5b0b92)
09-13 14:59:05.881 19046 19046 F com.gamepub.pt: runtime.cc:708]   native: #52 pc 00362678  /apex/com.android.art/lib64/libart.so (bool art::interpreter::DoCall<false>+4124) (BuildId: 4ccb65ae9ac5ad5da3af5a342d5b0b92)
09-13 14:59:05.881 19046 19046 F com.gamepub.pt: runtime.cc:708]   native: #53 pc 00770ba4  /apex/com.android.art/lib64/libart.so (void art::interpreter::ExecuteSwitchImplCpp<false>+12208) (BuildId: 4ccb65ae9ac5ad5da3af5a342d5b0b92)
09-13 14:59:05.881 19046 19046 F com.gamepub.pt: runtime.cc:708]   native: #54 pc 003815d8  /apex/com.android.art/lib64/libart.so (ExecuteSwitchImplAsm+8) (BuildId: 4ccb65ae9ac5ad5da3af5a342d5b0b92)
09-13 14:59:05.881 19046 19046 F com.gamepub.pt: runtime.cc:708]   native: #55 pc 001ab608  /system/framework/framework.jar (android.app.ActivityThread.performLaunchActivity)
09-13 14:59:05.881 19046 19046 F com.gamepub.pt: runtime.cc:708]   native: #56 pc 00354250  /apex/com.android.art/lib64/libart.so (art::interpreter::Execute +428) (BuildId: 4ccb65ae9ac5ad5da3af5a342d5b0b92)
09-13 14:59:05.881 19046 19046 F com.gamepub.pt: runtime.cc:708]   native: #57 pc 00362678  /apex/com.android.art/lib64/libart.so (bool art::interpreter::DoCall<false>+4124) (BuildId: 4ccb65ae9ac5ad5da3af5a342d5b0b92)
09-13 14:59:05.881 19046 19046 F com.gamepub.pt: runtime.cc:708]   native: #58 pc 00770ba4  /apex/com.android.art/lib64/libart.so (void art::interpreter::ExecuteSwitchImplCpp<false>+12208) (BuildId: 4ccb65ae9ac5ad5da3af5a342d5b0b92)
09-13 14:59:05.881 19046 19046 F com.gamepub.pt: runtime.cc:708]   native: #59 pc 003815d8  /apex/com.android.art/lib64/libart.so (ExecuteSwitchImplAsm+8) (BuildId: 4ccb65ae9ac5ad5da3af5a342d5b0b92)
09-13 14:59:05.881 19046 19046 F com.gamepub.pt: runtime.cc:708]   native: #60 pc 001ab4d0  /system/framework/framework.jar (android.app.ActivityThread.handleLaunchActivity)
09-13 14:59:05.881 19046 19046 F com.gamepub.pt: runtime.cc:708]   native: #61 pc 00354250  /apex/com.android.art/lib64/libart.so (art::interpreter::Execute +428) (BuildId: 4ccb65ae9ac5ad5da3af5a342d5b0b92)
09-13 14:59:05.881 19046 19046 F com.gamepub.pt: runtime.cc:708]   native: #62 pc 00362678  /apex/com.android.art/lib64/libart.so (bool art::interpreter::DoCall<false>+4124) (BuildId: 4ccb65ae9ac5ad5da3af5a342d5b0b92)
09-13 14:59:05.881 19046 19046 F com.gamepub.pt: runtime.cc:708]   native: #63 pc 00770ba4  /apex/com.android.art/lib64/libart.so (void art::interpreter::ExecuteSwitchImplCpp<false>+12208) (BuildId: 4ccb65ae9ac5ad5da3af5a342d5b0b92)
09-13 14:59:05.881 19046 19046 F com.gamepub.pt: runtime.cc:708]   native: #64 pc 003815d8  /apex/com.android.art/lib64/libart.so (ExecuteSwitchImplAsm+8) (BuildId: 4ccb65ae9ac5ad5da3af5a342d5b0b92)
09-13 14:59:05.881 19046 19046 F com.gamepub.pt: runtime.cc:708]   native: #65 pc 002c22a4  /system/framework/framework.jar (android.app.servertransaction.LaunchActivityItem.execute)
09-13 14:59:05.881 19046 19046 F com.gamepub.pt: runtime.cc:708]   native: #66 pc 00354250  /apex/com.android.art/lib64/libart.so (art::interpreter::Execute +428) (BuildId: 4ccb65ae9ac5ad5da3af5a342d5b0b92)
09-13 14:59:05.881 19046 19046 F com.gamepub.pt: runtime.cc:708]   native: #67 pc 00362678  /apex/com.android.art/lib64/libart.so (bool art::interpreter::DoCall<false>+4124) (BuildId: 4ccb65ae9ac5ad5da3af5a342d5b0b92)
09-13 14:59:05.881 19046 19046 F com.gamepub.pt: runtime.cc:708]   native: #68 pc 00770ba4  /apex/com.android.art/lib64/libart.so (void art::interpreter::ExecuteSwitchImplCpp<false>+12208) (BuildId: 4ccb65ae9ac5ad5da3af5a342d5b0b92)
09-13 14:59:05.881 19046 19046 F com.gamepub.pt: runtime.cc:708]   native: #69 pc 003815d8  /apex/com.android.art/lib64/libart.so (ExecuteSwitchImplAsm+8) (BuildId: 4ccb65ae9ac5ad5da3af5a342d5b0b92)
09-13 14:59:05.881 19046 19046 F com.gamepub.pt: runtime.cc:708]   native: #70 pc 002c4854  /system/framework/framework.jar (android.app.servertransaction.TransactionExecutor.executeCallbacks)
09-13 14:59:05.881 19046 19046 F com.gamepub.pt: runtime.cc:708]   native: #71 pc 00354250  /apex/com.android.art/lib64/libart.so (art::interpreter::Execute +428) (BuildId: 4ccb65ae9ac5ad5da3af5a342d5b0b92)
09-13 14:59:05.881 19046 19046 F com.gamepub.pt: runtime.cc:708]   native: #72 pc 00362678  /apex/com.android.art/lib64/libart.so (bool art::interpreter::DoCall<false>+4124) (BuildId: 4ccb65ae9ac5ad5da3af5a342d5b0b92)
09-13 14:59:05.881 19046 19046 F com.gamepub.pt: runtime.cc:708]   native: #73 pc 00770ba4  /apex/com.android.art/lib64/libart.so (void art::interpreter::ExecuteSwitchImplCpp<false>+12208) (BuildId: 4ccb65ae9ac5ad5da3af5a342d5b0b92)
09-13 14:59:05.881 19046 19046 F com.gamepub.pt: runtime.cc:708]   native: #74 pc 003815d8  /apex/com.android.art/lib64/libart.so (ExecuteSwitchImplAsm+8) (BuildId: 4ccb65ae9ac5ad5da3af5a342d5b0b92)
09-13 14:59:05.881 19046 19046 F com.gamepub.pt: runtime.cc:708]   native: #75 pc 002c4798  /system/framework/framework.jar (android.app.servertransaction.TransactionExecutor.execute)
09-13 14:59:05.881 19046 19046 F com.gamepub.pt: runtime.cc:708]   native: #76 pc 00354250  /apex/com.android.art/lib64/libart.so (art::interpreter::Execute +428) (BuildId: 4ccb65ae9ac5ad5da3af5a342d5b0b92)
09-13 14:59:05.881 19046 19046 F com.gamepub.pt: runtime.cc:708]   native: #77 pc 00362678  /apex/com.android.art/lib64/libart.so (bool art::interpreter::DoCall<false>+4124) (BuildId: 4ccb65ae9ac5ad5da3af5a342d5b0b92)
09-13 14:59:05.881 19046 19046 F com.gamepub.pt: runtime.cc:708]   native: #78 pc 00770ba4  /apex/com.android.art/lib64/libart.so (void art::interpreter::ExecuteSwitchImplCpp<false>+12208) (BuildId: 4ccb65ae9ac5ad5da3af5a342d5b0b92)
09-13 14:59:05.881 19046 19046 F com.gamepub.pt: runtime.cc:708]   native: #79 pc 003815d8  /apex/com.android.art/lib64/libart.so (ExecuteSwitchImplAsm+8) (BuildId: 4ccb65ae9ac5ad5da3af5a342d5b0b92)
09-13 14:59:05.881 19046 19046 F com.gamepub.pt: runtime.cc:708]   native: #80 pc 001aa694  /system/framework/framework.jar (android.app.ActivityThread$H.handleMessage)
09-13 14:59:05.881 19046 19046 F com.gamepub.pt: runtime.cc:708]   native: #81 pc 00354250  /apex/com.android.art/lib64/libart.so (art::interpreter::Execute +428) (BuildId: 4ccb65ae9ac5ad5da3af5a342d5b0b92)
09-13 14:59:05.881 19046 19046 F com.gamepub.pt: runtime.cc:708]   native: #82 pc 00362678  /apex/com.android.art/lib64/libart.so (bool art::interpreter::DoCall<false>+4124) (BuildId: 4ccb65ae9ac5ad5da3af5a342d5b0b92)
09-13 14:59:05.881 19046 19046 F com.gamepub.pt: runtime.cc:708]   native: #83 pc 00770ba4  /apex/com.android.art/lib64/libart.so (void art::interpreter::ExecuteSwitchImplCpp<false>+12208) (BuildId: 4ccb65ae9ac5ad5da3af5a342d5b0b92)
09-13 14:59:05.881 19046 19046 F com.gamepub.pt: runtime.cc:708]   native: #84 pc 003815d8  /apex/com.android.art/lib64/libart.so (ExecuteSwitchImplAsm+8) (BuildId: 4ccb65ae9ac5ad5da3af5a342d5b0b92)
09-13 14:59:05.881 19046 19046 F com.gamepub.pt: runtime.cc:708]   native: #85 pc 00443dac  /system/framework/framework.jar (android.os.Handler.dispatchMessage)
09-13 14:59:05.881 19046 19046 F com.gamepub.pt: runtime.cc:708]   native: #86 pc 00354250  /apex/com.android.art/lib64/libart.so (art::interpreter::Execute +428) (BuildId: 4ccb65ae9ac5ad5da3af5a342d5b0b92)
09-13 14:59:05.881 19046 19046 F com.gamepub.pt: runtime.cc:708]   native: #87 pc 00362678  /apex/com.android.art/lib64/libart.so (bool art::interpreter::DoCall<false>+4124) (BuildId: 4ccb65ae9ac5ad5da3af5a342d5b0b92)
09-13 14:59:05.881 19046 19046 F com.gamepub.pt: runtime.cc:708]   native: #88 pc 00770ba4  /apex/com.android.art/lib64/libart.so (void art::interpreter::ExecuteSwitchImplCpp<false>+12208) (BuildId: 4ccb65ae9ac5ad5da3af5a342d5b0b92)
09-13 14:59:05.881 19046 19046 F com.gamepub.pt: runtime.cc:708]   native: #89 pc 003815d8  /apex/com.android.art/lib64/libart.so (ExecuteSwitchImplAsm+8) (BuildId: 4ccb65ae9ac5ad5da3af5a342d5b0b92)
09-13 14:59:05.881 19046 19046 F com.gamepub.pt: runtime.cc:708]   native: #90 pc 004722f0  /system/framework/framework.jar (android.os.Looper.loopOnce)
09-13 14:59:05.881 19046 19046 F com.gamepub.pt: runtime.cc:708]   native: #91 pc 00354250  /apex/com.android.art/lib64/libart.so (art::interpreter::Execute +428) (BuildId: 4ccb65ae9ac5ad5da3af5a342d5b0b92)
09-13 14:59:05.881 19046 19046 F com.gamepub.pt: runtime.cc:708]   native: #92 pc 00362678  /apex/com.android.art/lib64/libart.so (bool art::interpreter::DoCall<false>+4124) (BuildId: 4ccb65ae9ac5ad5da3af5a342d5b0b92)
09-13 14:59:05.881 19046 19046 F com.gamepub.pt: runtime.cc:708]   native: #93 pc 00770ba4  /apex/com.android.art/lib64/libart.so (void art::interpreter::ExecuteSwitchImplCpp<false>+12208) (BuildId: 4ccb65ae9ac5ad5da3af5a342d5b0b92)
09-13 14:59:05.881 19046 19046 F com.gamepub.pt: runtime.cc:708]   native: #94 pc 003815d8  /apex/com.android.art/lib64/libart.so (ExecuteSwitchImplAsm+8) (BuildId: 4ccb65ae9ac5ad5da3af5a342d5b0b92)
09-13 14:59:05.881 19046 19046 F com.gamepub.pt: runtime.cc:708]   native: #95 pc 00472b20  /system/framework/framework.jar (android.os.Looper.loop)
09-13 14:59:05.881 19046 19046 F com.gamepub.pt: runtime.cc:708]   native: #96 pc 003535dc  /apex/com.android.art/lib64/libart.so (artQuickToInterpreterBridge+1932) (BuildId: 4ccb65ae9ac5ad5da3af5a342d5b0b92)
09-13 14:59:05.881 19046 19046 F com.gamepub.pt: runtime.cc:708]   native: #97 pc 0037f098  /apex/com.android.art/lib64/libart.so (art_quick_to_interpreter_bridge+88) (BuildId: 4ccb65ae9ac5ad5da3af5a342d5b0b92)
09-13 14:59:05.881 19046 19046 F com.gamepub.pt: runtime.cc:708]   native: #98 pc 00781508  /apex/com.android.art/lib64/libart.so (nterp_helper+152) (BuildId: 4ccb65ae9ac5ad5da3af5a342d5b0b92)
09-13 14:59:05.881 19046 19046 F com.gamepub.pt: runtime.cc:708]   native: #99 pc 001b6238  /system/framework/framework.jar (android.app.ActivityThread.main+252)
09-13 14:59:05.881 19046 19046 F com.gamepub.pt: runtime.cc:708]   native: #100 pc 00368a40  /apex/com.android.art/lib64/libart.so (art_quick_invoke_static_stub+640) (BuildId: 4ccb65ae9ac5ad5da3af5a342d5b0b92)
09-13 14:59:05.881 19046 19046 F com.gamepub.pt: runtime.cc:708]   native: #101 pc 003644f4  /apex/com.android.art/lib64/libart.so (_jobject* art::InvokeMethod<8>+732) (BuildId: 4ccb65ae9ac5ad5da3af5a342d5b0b92)
09-13 14:59:05.881 19046 19046 F com.gamepub.pt: runtime.cc:708]   native: #102 pc 006c8668  /apex/com.android.art/lib64/libart.so (art::Method_invoke +32) (BuildId: 4ccb65ae9ac5ad5da3af5a342d5b0b92)
09-13 14:59:05.881 19046 19046 F com.gamepub.pt: runtime.cc:708]   native: #103 pc 0037ef70  /apex/com.android.art/lib64/libart.so (art_quick_generic_jni_trampoline+144) (BuildId: 4ccb65ae9ac5ad5da3af5a342d5b0b92)
09-13 14:59:05.881 19046 19046 F com.gamepub.pt: runtime.cc:708]   native: #104 pc 00368774  /apex/com.android.art/lib64/libart.so (art_quick_invoke_stub+612) (BuildId: 4ccb65ae9ac5ad5da3af5a342d5b0b92)
09-13 14:59:05.881 19046 19046 F com.gamepub.pt: runtime.cc:708]   native: #105 pc 00361de4  /apex/com.android.art/lib64/libart.so (bool art::interpreter::DoCall<false>+1928) (BuildId: 4ccb65ae9ac5ad5da3af5a342d5b0b92)
09-13 14:59:05.881 19046 19046 F com.gamepub.pt: runtime.cc:708]   native: #106 pc 00770ba4  /apex/com.android.art/lib64/libart.so (void art::interpreter::ExecuteSwitchImplCpp<false>+12208) (BuildId: 4ccb65ae9ac5ad5da3af5a342d5b0b92)
09-13 14:59:05.881 19046 19046 F com.gamepub.pt: runtime.cc:708]   native: #107 pc 003815d8  /apex/com.android.art/lib64/libart.so (ExecuteSwitchImplAsm+8) (BuildId: 4ccb65ae9ac5ad5da3af5a342d5b0b92)
09-13 14:59:05.881 19046 19046 F com.gamepub.pt: runtime.cc:708]   native: #108 pc 002b86d4  /system/framework/framework.jar (com.android.internal.os.RuntimeInit$MethodAndArgsCaller.run)
09-13 14:59:05.881 19046 19046 F com.gamepub.pt: runtime.cc:708]   native: #109 pc 003535dc  /apex/com.android.art/lib64/libart.so (artQuickToInterpreterBridge+1932) (BuildId: 4ccb65ae9ac5ad5da3af5a342d5b0b92)
09-13 14:59:05.881 19046 19046 F com.gamepub.pt: runtime.cc:708]   native: #110 pc 0037f098  /apex/com.android.art/lib64/libart.so (art_quick_to_interpreter_bridge+88) (BuildId: 4ccb65ae9ac5ad5da3af5a342d5b0b92)
09-13 14:59:05.881 19046 19046 F com.gamepub.pt: runtime.cc:708]   native: #111 pc 00783244  /apex/com.android.art/lib64/libart.so (nterp_helper+7636) (BuildId: 4ccb65ae9ac5ad5da3af5a342d5b0b92)
09-13 14:59:05.881 19046 19046 F com.gamepub.pt: runtime.cc:708]   native: #112 pc 002be8a2  /system/framework/framework.jar (com.android.internal.os.ZygoteInit.main+694)
09-13 14:59:05.881 19046 19046 F com.gamepub.pt: runtime.cc:708]   native: #113 pc 00368a40  /apex/com.android.art/lib64/libart.so (art_quick_invoke_static_stub+640) (BuildId: 4ccb65ae9ac5ad5da3af5a342d5b0b92)
09-13 14:59:05.881 19046 19046 F com.gamepub.pt: runtime.cc:708]   native: #114 pc 00353f6c  /apex/com.android.art/lib64/libart.so (art::ArtMethod::Invoke+204) (BuildId: 4ccb65ae9ac5ad5da3af5a342d5b0b92)
09-13 14:59:05.881 19046 19046 F com.gamepub.pt: runtime.cc:708]   native: #115 pc 00351f20  /apex/com.android.art/lib64/libart.so (art::JValue art::InvokeWithVarArgs<_jmethodID*>+512) (BuildId: 4ccb65ae9ac5ad5da3af5a342d5b0b92)
09-13 14:59:05.881 19046 19046 F com.gamepub.pt: runtime.cc:708]   native: #116 pc 0073e8d8  /apex/com.android.art/lib64/libart.so (art::JNI<true>::CallStaticVoidMethodV+104) (BuildId: 4ccb65ae9ac5ad5da3af5a342d5b0b92)
09-13 14:59:05.881 19046 19046 F com.gamepub.pt: runtime.cc:708]   native: #117 pc 000b3bf8  /system/lib64/libandroid_runtime.so (_JNIEnv::CallStaticVoidMethod+124) (BuildId: c75d3f6ad57947a5db6d38e9cde30284)
09-13 14:59:05.881 19046 19046 F com.gamepub.pt: runtime.cc:708]   native: #118 pc 000c00fc  /system/lib64/libandroid_runtime.so (android::AndroidRuntime::start+840) (BuildId: c75d3f6ad57947a5db6d38e9cde30284)
09-13 14:59:05.881 19046 19046 F com.gamepub.pt: runtime.cc:708]   native: #119 pc 00002684  /system/bin/app_process64 (main+1580) (BuildId: b66800b6ac5d87b7c521c256d6340555)
09-13 14:59:05.881 19046 19046 F com.gamepub.pt: runtime.cc:708]   native: #120 pc 000720c4  /apex/com.android.runtime/lib64/bionic/libc.so (__libc_init+100) (BuildId: bbbdeb7c87c74f1491f92c6e605095b0)
09-13 14:59:05.881 19046 19046 F com.gamepub.pt: runtime.cc:708]   at java.lang.Runtime.nativeLoad(Native method)
09-13 14:59:05.881 19046 19046 F com.gamepub.pt: runtime.cc:708]   at java.lang.Runtime.loadLibrary0(Runtime.java:1079)
09-13 14:59:05.881 19046 19046 F com.gamepub.pt: runtime.cc:708]   - locked <@addr=0x6f422eb8> (a java.lang.Runtime)
09-13 14:59:05.881 19046 19046 F com.gamepub.pt: runtime.cc:708]   at java.lang.Runtime.loadLibrary0(Runtime.java:1003)
09-13 14:59:05.881 19046 19046 F com.gamepub.pt: runtime.cc:708]   at java.lang.System.loadLibrary(System.java:1765)
09-13 14:59:05.881 19046 19046 F com.gamepub.pt: runtime.cc:708]   at com.unity3d.player.UnityPlayerActivity.onCreate(unavailable:2)
09-13 14:59:05.881 19046 19046 F com.gamepub.pt: runtime.cc:708]   at android.app.Activity.performCreate(Activity.java:8129)
09-13 14:59:05.881 19046 19046 F com.gamepub.pt: runtime.cc:708]   at android.app.Activity.performCreate(Activity.java:8109)
09-13 14:59:05.881 19046 19046 F com.gamepub.pt: runtime.cc:708]   at android.app.Instrumentation.callActivityOnCreate(Instrumentation.java:1344)
