09-13 16:00:31.809  8450  8521 F com.gamepub.pt: runtime.cc:708]   at java.util.concurrent.ThreadPoolExecutor.getTask(ThreadPoolExecutor.java:1071)
09-13 16:00:31.809  8450  8521 F com.gamepub.pt: runtime.cc:708]   native: #21 pc 00947748  /apex/com.android.art/lib64/libart.so (art::detail::ShortyTraits<86>::Type art::ArtMethod::InvokeInstance<86>+60) (BuildId: 4ccb65ae9ac5ad5da3af5a342d5b0b92)
09-13 16:00:31.809  8450  8521 F com.gamepub.pt: runtime.cc:708]   native: #22 pc 00636e80  /apex/com.android.art/lib64/libart.so (art::Thread::CreateCallback+1344) (BuildId: 4ccb65ae9ac5ad5da3af5a342d5b0b92)
09-13 16:00:31.809  8450  8521 F com.gamepub.pt: runtime.cc:708]   native: #23 pc 000deb44  /apex/com.android.runtime/lib64/bionic/libc.so (__pthread_start+264) (BuildId: bbbdeb7c87c74f1491f92c6e605095b0)
09-13 16:00:31.809  8450  8521 F com.gamepub.pt: runtime.cc:708]   native: #24 pc 0007b2fc  /apex/com.android.runtime/lib64/bionic/libc.so (__start_thread+68) (BuildId: bbbdeb7c87c74f1491f92c6e605095b0)
09-13 16:00:31.809  8450  8521 F com.gamepub.pt: runtime.cc:708]   at android.os.MessageQueue.nativePollOnce(Native method)
09-13 16:00:31.809  8450  8521 F com.gamepub.pt: runtime.cc:708]   at android.os.MessageQueue.next(MessageQueue.java:339)
09-13 16:00:31.809  8450  8521 F com.gamepub.pt: runtime.cc:708]   at android.os.Looper.loopOnce(Looper.java:179)
09-13 16:00:31.809  8450  8521 F com.gamepub.pt: runtime.cc:708]   at android.os.Looper.loop(Looper.java:344)
09-13 16:00:31.809  8450  8521 F com.gamepub.pt: runtime.cc:708]   at android.os.HandlerThread.run(HandlerThread.java:67)
09-13 16:00:31.809  8450  8521 F com.gamepub.pt: runtime.cc:708] 
09-13 16:00:31.809  8450  8521 F com.gamepub.pt: runtime.cc:708] "pool-22-thread-1" prio=4 tid=161 Waiting
09-13 16:00:31.809  8450  8521 F com.gamepub.pt: runtime.cc:708]   | group="" sCount=1 ucsCount=0 flags=1 obj=0x141f16c8 self=0xb400006bd3122000
09-13 16:00:31.809  8450  8521 F com.gamepub.pt: runtime.cc:708]   | sysTid=8878 nice=10 cgrp=default sched=0/0 handle=0x6bdecddcb0
09-13 16:00:31.809  8450  8521 F com.gamepub.pt: runtime.cc:708]   | state=S schedstat=( 55559114 17347084 71 ) utm=5 stm=0 core=0 HZ=100
09-13 16:00:31.809  8450  8521 F com.gamepub.pt: runtime.cc:708]   | stack=0x6bdebda000-0x6bdebdc000 stackSize=1039KB
09-13 16:00:31.809  8450  8521 F com.gamepub.pt: runtime.cc:708]   | held mutexes=
09-13 16:00:31.809  8450  8521 F com.gamepub.pt: runtime.cc:708]   native: #00 pc 00075f30  /apex/com.android.runtime/lib64/bionic/libc.so (syscall+32) (BuildId: bbbdeb7c87c74f1491f92c6e605095b0)
09-13 16:00:31.809  8450  8521 F com.gamepub.pt: runtime.cc:708]   native: #01 pc 0042819c  /apex/com.android.art/lib64/libart.so (art::Thread::Park+668) (BuildId: 4ccb65ae9ac5ad5da3af5a342d5b0b92)
09-13 16:00:31.809  8450  8521 F com.gamepub.pt: runtime.cc:708]   native: #02 pc 00427bf0  /apex/com.android.art/lib64/libart.so (art::Unsafe_park +164) (BuildId: 4ccb65ae9ac5ad5da3af5a342d5b0b92)
09-13 16:00:31.809  8450  8521 F com.gamepub.pt: runtime.cc:708]   native: #03 pc 0037ef70  /apex/com.android.art/lib64/libart.so (art_quick_generic_jni_trampoline+144) (BuildId: 4ccb65ae9ac5ad5da3af5a342d5b0b92)
09-13 16:00:31.809  8450  8521 F com.gamepub.pt: runtime.cc:708]   native: #04 pc 00368774  /apex/com.android.art/lib64/libart.so (art_quick_invoke_stub+612) (BuildId: 4ccb65ae9ac5ad5da3af5a342d5b0b92)
09-13 16:00:31.809  8450  8521 F com.gamepub.pt: runtime.cc:708]   native: #05 pc 00361de4  /apex/com.android.art/lib64/libart.so (bool art::interpreter::DoCall<false>+1928) (BuildId: 4ccb65ae9ac5ad5da3af5a342d5b0b92)
09-13 16:00:31.809  8450  8521 F com.gamepub.pt: runtime.cc:708]   native: #06 pc 00770ba4  /apex/com.android.art/lib64/libart.so (void art::interpreter::ExecuteSwitchImplCpp<false>+12208) (BuildId: 4ccb65ae9ac5ad5da3af5a342d5b0b92)
09-13 16:00:31.809  8450  8521 F com.gamepub.pt: runtime.cc:708]   native: #07 pc 003815d8  /apex/com.android.art/lib64/libart.so (ExecuteSwitchImplAsm+8) (BuildId: 4ccb65ae9ac5ad5da3af5a342d5b0b92)
09-13 16:00:31.809  8450  8521 F com.gamepub.pt: runtime.cc:708]   native: #08 pc 002610b8  /apex/com.android.art/javalib/core-oj.jar (java.util.concurrent.locks.LockSupport.park)
09-13 16:00:31.809  8450  8521 F com.gamepub.pt: runtime.cc:708]   native: #09 pc 00354250  /apex/com.android.art/lib64/libart.so (art::interpreter::Execute +428) (BuildId: 4ccb65ae9ac5ad5da3af5a342d5b0b92)
09-13 16:00:31.809  8450  8521 F com.gamepub.pt: runtime.cc:708]   native: #10 pc 00362678  /apex/com.android.art/lib64/libart.so (bool art::interpreter::DoCall<false>+4124) (BuildId: 4ccb65ae9ac5ad5da3af5a342d5b0b92)
09-13 16:00:31.809  8450  8521 F com.gamepub.pt: runtime.cc:708]   native: #11 pc 00770ba4  /apex/com.android.art/lib64/libart.so (void art::interpreter::ExecuteSwitchImplCpp<false>+12208) (BuildId: 4ccb65ae9ac5ad5da3af5a342d5b0b92)
09-13 16:00:31.809  8450  8521 F com.gamepub.pt: runtime.cc:708]   native: #12 pc 003815d8  /apex/com.android.art/lib64/libart.so (ExecuteSwitchImplAsm+8) (BuildId: 4ccb65ae9ac5ad5da3af5a342d5b0b92)
09-13 16:00:31.809  8450  8521 F com.gamepub.pt: runtime.cc:708]   native: #13 pc 0025f974  /apex/com.android.art/javalib/core-oj.jar (java.util.concurrent.locks.AbstractQueuedSynchronizer$ConditionNode.block)
09-13 16:00:31.809  8450  8521 F com.gamepub.pt: runtime.cc:708]   native: #14 pc 003535dc  /apex/com.android.art/lib64/libart.so (artQuickToInterpreterBridge+1932) (BuildId: 4ccb65ae9ac5ad5da3af5a342d5b0b92)
09-13 16:00:31.809  8450  8521 F com.gamepub.pt: runtime.cc:708]   native: #15 pc 0037f098  /apex/com.android.art/lib64/libart.so (art_quick_to_interpreter_bridge+88) (BuildId: 4ccb65ae9ac5ad5da3af5a342d5b0b92)
09-13 16:00:31.809  8450  8521 F com.gamepub.pt: runtime.cc:708]   native: #16 pc 00783244  /apex/com.android.art/lib64/libart.so (nterp_helper+7636) (BuildId: 4ccb65ae9ac5ad5da3af5a342d5b0b92)
09-13 16:00:31.809  8450  8521 F com.gamepub.pt: runtime.cc:708]   native: #17 pc 002497ac  /apex/com.android.art/javalib/core-oj.jar (java.util.concurrent.ForkJoinPool.unmanagedBlock+16)
09-13 16:00:31.809  8450  8521 F com.gamepub.pt: runtime.cc:708]   native: #18 pc 007814a4  /apex/com.android.art/lib64/libart.so (nterp_helper+52) (BuildId: 4ccb65ae9ac5ad5da3af5a342d5b0b92)
09-13 16:00:31.809  8450  8521 F com.gamepub.pt: runtime.cc:708]   native: #19 pc 002494ae  /apex/com.android.art/javalib/core-oj.jar (java.util.concurrent.ForkJoinPool.managedBlock+42)
09-13 16:00:31.809  8450  8521 F com.gamepub.pt: runtime.cc:708]   native: #20 pc 00368a40  /apex/com.android.art/lib64/libart.so (art_quick_invoke_static_stub+640) (BuildId: 4ccb65ae9ac5ad5da3af5a342d5b0b92)
09-13 16:00:31.809  8450  8521 F com.gamepub.pt: runtime.cc:708]   native: #21 pc 00361e5c  /apex/com.android.art/lib64/libart.so (bool art::interpreter::DoCall<false>+2048) (BuildId: 4ccb65ae9ac5ad5da3af5a342d5b0b92)
09-13 16:00:31.809  8450  8521 F com.gamepub.pt: runtime.cc:708]   native: #22 pc 00770ba4  /apex/com.android.art/lib64/libart.so (void art::interpreter::ExecuteSwitchImplCpp<false>+12208) (BuildId: 4ccb65ae9ac5ad5da3af5a342d5b0b92)
09-13 16:00:31.809  8450  8521 F com.gamepub.pt: runtime.cc:708]   native: #23 pc 003815d8  /apex/com.android.art/lib64/libart.so (ExecuteSwitchImplAsm+8) (BuildId: 4ccb65ae9ac5ad5da3af5a342d5b0b92)
09-13 16:00:31.809  8450  8521 F com.gamepub.pt: runtime.cc:708]   native: #24 pc 0025ff5c  /apex/com.android.art/javalib/core-oj.jar (java.util.concurrent.locks.AbstractQueuedSynchronizer$ConditionObject.await)
09-13 16:00:31.809  8450  8521 F com.gamepub.pt: runtime.cc:708]   native: #25 pc 00354250  /apex/com.android.art/lib64/libart.so (art::interpreter::Execute +428) (BuildId: 4ccb65ae9ac5ad5da3af5a342d5b0b92)
09-13 16:00:31.809  8450  8521 F com.gamepub.pt: runtime.cc:708]   native: #26 pc 00362678  /apex/com.android.art/lib64/libart.so (bool art::interpreter::DoCall<false>+4124) (BuildId: 4ccb65ae9ac5ad5da3af5a342d5b0b92)
09-13 16:00:31.809  8450  8521 F com.gamepub.pt: runtime.cc:708]   native: #27 pc 00770ba4  /apex/com.android.art/lib64/libart.so (void art::interpreter::ExecuteSwitchImplCpp<false>+12208) (BuildId: 4ccb65ae9ac5ad5da3af5a342d5b0b92)
09-13 16:00:31.809  8450  8521 F com.gamepub.pt: runtime.cc:708]   native: #28 pc 003815d8  /apex/com.android.art/lib64/libart.so (ExecuteSwitchImplAsm+8) (BuildId: 4ccb65ae9ac5ad5da3af5a342d5b0b92)
09-13 16:00:31.809  8450  8521 F com.gamepub.pt: runtime.cc:708]   native: #29 pc 0024e438  /apex/com.android.art/javalib/core-oj.jar (java.util.concurrent.LinkedBlockingQueue.take)
09-13 16:00:31.809  8450  8521 F com.gamepub.pt: runtime.cc:708]   native: #30 pc 003535dc  /apex/com.android.art/lib64/libart.so (artQuickToInterpreterBridge+1932) (BuildId: 4ccb65ae9ac5ad5da3af5a342d5b0b92)
09-13 16:00:31.809  8450  8521 F com.gamepub.pt: runtime.cc:708]   native: #31 pc 0037f098  /apex/com.android.art/lib64/libart.so (art_quick_to_interpreter_bridge+88) (BuildId: 4ccb65ae9ac5ad5da3af5a342d5b0b92)
09-13 16:00:31.809  8450  8521 F com.gamepub.pt: runtime.cc:708]   native: #32 pc 02028b30  /memfd:jit-cache (deleted) (offset 2000000) (java.util.concurrent.ThreadPoolExecutor.getTask+608)
09-13 16:00:31.809  8450  8521 F com.gamepub.pt: runtime.cc:708]   native: #33 pc 0201f850  /memfd:jit-cache (deleted) (offset 2000000) (java.util.concurrent.ThreadPoolExecutor.runWorker+192)
09-13 16:00:31.809  8450  8521 F com.gamepub.pt: runtime.cc:708]   native: #34 pc 00368774  /apex/com.android.art/lib64/libart.so (art_quick_invoke_stub+612) (BuildId: 4ccb65ae9ac5ad5da3af5a342d5b0b92)
09-13 16:00:31.809  8450  8521 F com.gamepub.pt: runtime.cc:708]   native: #35 pc 00361de4  /apex/com.android.art/lib64/libart.so (bool art::interpreter::DoCall<false>+1928) (BuildId: 4ccb65ae9ac5ad5da3af5a342d5b0b92)
09-13 16:00:31.809  8450  8521 F com.gamepub.pt: runtime.cc:708]   native: #36 pc 00770ba4  /apex/com.android.art/lib64/libart.so (void art::interpreter::ExecuteSwitchImplCpp<false>+12208) (BuildId: 4ccb65ae9ac5ad5da3af5a342d5b0b92)
09-13 16:00:31.809  8450  8521 F com.gamepub.pt: runtime.cc:708]   native: #37 pc 003815d8  /apex/com.android.art/lib64/libart.so (ExecuteSwitchImplAsm+8) (BuildId: 4ccb65ae9ac5ad5da3af5a342d5b0b92)
09-13 16:00:31.809  8450  8521 F com.gamepub.pt: runtime.cc:708]   native: #38 pc 0025723c  /apex/com.android.art/javalib/core-oj.jar (java.util.concurrent.ThreadPoolExecutor$Worker.run)
09-13 16:00:31.809  8450  8521 F com.gamepub.pt: runtime.cc:708]   native: #39 pc 00354250  /apex/com.android.art/lib64/libart.so (art::interpreter::Execute +428) (BuildId: 4ccb65ae9ac5ad5da3af5a342d5b0b92)
09-13 16:00:31.809  8450  8521 F com.gamepub.pt: runtime.cc:708]   native: #40 pc 00362678  /apex/com.android.art/lib64/libart.so (bool art::interpreter::DoCall<false>+4124) (BuildId: 4ccb65ae9ac5ad5da3af5a342d5b0b92)
09-13 16:00:31.809  8450  8521 F com.gamepub.pt: runtime.cc:708]   native: #04 pc 0037ef70  /apex/com.android.art/lib64/libart.so (art_quick_generic_jni_trampoline+144) (BuildId: 4ccb65ae9ac5ad5da3af5a342d5b0b92)
09-13 16:00:31.809  8450  8521 F com.gamepub.pt: runtime.cc:708]   native: #05 pc 020fc578  /memfd:jit-cache (deleted) (offset 2000000) (android.os.MessageQueue.next+344)
09-13 16:00:31.809  8450  8521 F com.gamepub.pt: runtime.cc:708]   native: #06 pc 020e0ee0  /memfd:jit-cache (deleted) (offset 2000000) (android.os.Looper.loopOnce+176)
09-13 16:00:31.809  8450  8521 F com.gamepub.pt: runtime.cc:708]   native: #07 pc 00368a40  /apex/com.android.art/lib64/libart.so (art_quick_invoke_static_stub+640) (BuildId: 4ccb65ae9ac5ad5da3af5a342d5b0b92)
09-13 16:00:31.809  8450  8521 F com.gamepub.pt: runtime.cc:708]   native: #08 pc 00361e5c  /apex/com.android.art/lib64/libart.so (bool art::interpreter::DoCall<false>+2048) (BuildId: 4ccb65ae9ac5ad5da3af5a342d5b0b92)
09-13 16:00:31.809  8450  8521 F com.gamepub.pt: runtime.cc:708]   native: #09 pc 00770ba4  /apex/com.android.art/lib64/libart.so (void art::interpreter::ExecuteSwitchImplCpp<false>+12208) (BuildId: 4ccb65ae9ac5ad5da3af5a342d5b0b92)
09-13 16:00:31.809  8450  8521 F com.gamepub.pt: runtime.cc:708]   native: #10 pc 003815d8  /apex/com.android.art/lib64/libart.so (ExecuteSwitchImplAsm+8) (BuildId: 4ccb65ae9ac5ad5da3af5a342d5b0b92)
09-13 16:00:31.809  8450  8521 F com.gamepub.pt: runtime.cc:708]   native: #11 pc 00472b20  /system/framework/framework.jar (android.os.Looper.loop)
09-13 16:00:31.809  8450  8521 F com.gamepub.pt: runtime.cc:708]   native: #12 pc 00354250  /apex/com.android.art/lib64/libart.so (art::interpreter::Execute +428) (BuildId: 4ccb65ae9ac5ad5da3af5a342d5b0b92)
09-13 16:00:31.809  8450  8521 F com.gamepub.pt: runtime.cc:708]   native: #13 pc 00362678  /apex/com.android.art/lib64/libart.so (bool art::interpreter::DoCall<false>+4124) (BuildId: 4ccb65ae9ac5ad5da3af5a342d5b0b92)
09-13 16:00:31.809  8450  8521 F com.gamepub.pt: runtime.cc:708]   native: #14 pc 00770ba4  /apex/com.android.art/lib64/libart.so (void art::interpreter::ExecuteSwitchImplCpp<false>+12208) (BuildId: 4ccb65ae9ac5ad5da3af5a342d5b0b92)
09-13 16:00:31.809  8450  8521 F com.gamepub.pt: runtime.cc:708]   native: #15 pc 003815d8  /apex/com.android.art/lib64/libart.so (ExecuteSwitchImplAsm+8) (BuildId: 4ccb65ae9ac5ad5da3af5a342d5b0b92)
09-13 16:00:31.809  8450  8521 F com.gamepub.pt: runtime.cc:708]   native: #16 pc 00443468  /system/framework/framework.jar (android.os.HandlerThread.run)
09-13 16:00:31.809  8450  8521 F com.gamepub.pt: runtime.cc:708]   native: #17 pc 003535dc  /apex/com.android.art/lib64/libart.so (artQuickToInterpreterBridge+1932) (BuildId: 4ccb65ae9ac5ad5da3af5a342d5b0b92)
09-13 16:00:31.809  8450  8521 F com.gamepub.pt: runtime.cc:708]   native: #18 pc 0037f098  /apex/com.android.art/lib64/libart.so (art_quick_to_interpreter_bridge+88) (BuildId: 4ccb65ae9ac5ad5da3af5a342d5b0b92)
09-13 16:00:31.809  8450  8521 F com.gamepub.pt: runtime.cc:708]   native: #19 pc 00368774  /apex/com.android.art/lib64/libart.so (art_quick_invoke_stub+612) (BuildId: 4ccb65ae9ac5ad5da3af5a342d5b0b92)
09-13 16:00:31.809  8450  8521 F com.gamepub.pt: runtime.cc:708]   native: #20 pc 00353f24  /apex/com.android.art/lib64/libart.so (art::ArtMethod::Invoke+132) (BuildId: 4ccb65ae9ac5ad5da3af5a342d5b0b92)
09-13 16:00:31.809  8450  8521 F com.gamepub.pt: runtime.cc:708]   native: #21 pc 00947748  /apex/com.android.art/lib64/libart.so (art::detail::ShortyTraits<86>::Type art::ArtMethod::InvokeInstance<86>+60) (BuildId: 4ccb65ae9ac5ad5da3af5a342d5b0b92)
09-13 16:00:31.809  8450  8521 F com.gamepub.pt: runtime.cc:708]   native: #22 pc 00636e80  /apex/com.android.art/lib64/libart.so (art::Thread::CreateCallback+1344) (BuildId: 4ccb65ae9ac5ad5da3af5a342d5b0b92)
09-13 16:00:31.809  8450  8521 F com.gamepub.pt: runtime.cc:708]   native: #23 pc 000deb44  /apex/com.android.runtime/lib64/bionic/libc.so (__pthread_start+264) (BuildId: bbbdeb7c87c74f1491f92c6e605095b0)
09-13 16:00:31.809  8450  8521 F com.gamepub.pt: runtime.cc:708]   native: #24 pc 0007b2fc  /apex/com.android.runtime/lib64/bionic/libc.so (__start_thread+68) (BuildId: bbbdeb7c87c74f1491f92c6e605095b0)
09-13 16:00:31.809  8450  8521 F com.gamepub.pt: runtime.cc:708]   at android.os.MessageQueue.nativePollOnce(Native method)
09-13 16:00:31.809  8450  8521 F com.gamepub.pt: runtime.cc:708]   at android.os.MessageQueue.next(MessageQueue.java:339)
09-13 16:00:31.809  8450  8521 F com.gamepub.pt: runtime.cc:708]   at android.os.Looper.loopOnce(Looper.java:179)
09-13 16:00:31.809  8450  8521 F com.gamepub.pt: runtime.cc:708]   at android.os.Looper.loop(Looper.java:344)
09-13 16:00:31.809  8450  8521 F com.gamepub.pt: runtime.cc:708]   at android.os.HandlerThread.run(HandlerThread.java:67)
09-13 16:00:31.809  8450  8521 F com.gamepub.pt: runtime.cc:708] 
09-13 16:00:31.809  8450  8521 F com.gamepub.pt: runtime.cc:708] "OkHttp Http2Connection" prio=5 tid=166 TimedWaiting
09-13 16:00:31.809  8450  8521 F com.gamepub.pt: runtime.cc:708]   | group="" sCount=1 ucsCount=0 flags=1 obj=0x14c40370 self=0xb400007107213800
09-13 16:00:31.809  8450  8521 F com.gamepub.pt: runtime.cc:708]   | sysTid=8898 nice=0 cgrp=default sched=0/0 handle=0x6bc8bfbcb0
09-13 16:00:31.809  8450  8521 F com.gamepub.pt: runtime.cc:708]   | state=S schedstat=( 497291 0 1 ) utm=0 stm=0 core=3 HZ=100
09-13 16:00:31.809  8450  8521 F com.gamepub.pt: runtime.cc:708]   | stack=0x6bc8af8000-0x6bc8afa000 stackSize=1039KB
09-13 16:00:31.809  8450  8521 F com.gamepub.pt: runtime.cc:708]   | held mutexes=
09-13 16:00:31.809  8450  8521 F com.gamepub.pt: runtime.cc:708]   native: #00 pc 00075f34  /apex/com.android.runtime/lib64/bionic/libc.so (syscall+36) (BuildId: bbbdeb7c87c74f1491f92c6e605095b0)
09-13 16:00:31.809  8450  8521 F com.gamepub.pt: runtime.cc:708]   native: #01 pc 00428148  /apex/com.android.art/lib64/libart.so (art::Thread::Park+584) (BuildId: 4ccb65ae9ac5ad5da3af5a342d5b0b92)
09-13 16:00:31.809  8450  8521 F com.gamepub.pt: runtime.cc:708]   native: #02 pc 00427bf0  /apex/com.android.art/lib64/libart.so (art::Unsafe_park +164) (BuildId: 4ccb65ae9ac5ad5da3af5a342d5b0b92)
09-13 16:00:31.809  8450  8521 F com.gamepub.pt: runtime.cc:708]   native: #03 pc 0037ef70  /apex/com.android.art/lib64/libart.so (art_quick_generic_jni_trampoline+144) (BuildId: 4ccb65ae9ac5ad5da3af5a342d5b0b92)
09-13 16:00:31.809  8450  8521 F com.gamepub.pt: runtime.cc:708]   native: #04 pc 00368774  /apex/com.android.art/lib64/libart.so (art_quick_invoke_stub+612) (BuildId: 4ccb65ae9ac5ad5da3af5a342d5b0b92)
09-13 16:00:31.809  8450  8521 F com.gamepub.pt: runtime.cc:708]   native: #05 pc 00361de4  /apex/com.android.art/lib64/libart.so (bool art::interpreter::DoCall<false>+1928) (BuildId: 4ccb65ae9ac5ad5da3af5a342d5b0b92)
09-13 16:00:31.809  8450  8521 F com.gamepub.pt: runtime.cc:708]   native: #06 pc 00770ba4  /apex/com.android.art/lib64/libart.so (void art::interpreter::ExecuteSwitchImplCpp<false>+12208) (BuildId: 4ccb65ae9ac5ad5da3af5a342d5b0b92)
09-13 16:00:31.809  8450  8521 F com.gamepub.pt: runtime.cc:708]   native: #07 pc 003815d8  /apex/com.android.art/lib64/libart.so (ExecuteSwitchImplAsm+8) (BuildId: 4ccb65ae9ac5ad5da3af5a342d5b0b92)
09-13 16:00:31.809  8450  8521 F com.gamepub.pt: runtime.cc:708]   native: #08 pc 00261114  /apex/com.android.art/javalib/core-oj.jar (java.util.concurrent.locks.LockSupport.parkNanos)
09-13 16:00:31.809  8450  8521 F com.gamepub.pt: runtime.cc:708]   native: #09 pc 00354250  /apex/com.android.art/lib64/libart.so (art::interpreter::Execute +428) (BuildId: 4ccb65ae9ac5ad5da3af5a342d5b0b92)
09-13 16:00:31.809  8450  8521 F com.gamepub.pt: runtime.cc:708]   native: #10 pc 00362678  /apex/com.android.art/lib64/libart.so (bool art::interpreter::DoCall<false>+4124) (BuildId: 4ccb65ae9ac5ad5da3af5a342d5b0b92)
09-13 16:00:31.809  8450  8521 F com.gamepub.pt: runtime.cc:708]   native: #11 pc 00770ba4  /apex/com.android.art/lib64/libart.so (void art::interpreter::ExecuteSwitchImplCpp<false>+12208) (BuildId: 4ccb65ae9ac5ad5da3af5a342d5b0b92)
09-13 16:00:31.809  8450  8521 F com.gamepub.pt: runtime.cc:708]   native: #12 pc 003815d8  /apex/com.android.art/lib64/libart.so (ExecuteSwitchImplAsm+8) (BuildId: 4ccb65ae9ac5ad5da3af5a342d5b0b92)
09-13 16:00:31.809  8450  8521 F com.gamepub.pt: runtime.cc:708]   native: #13 pc 00255f04  /apex/com.android.art/javalib/core-oj.jar (java.util.concurrent.SynchronousQueue$TransferStack.transfer)
09-13 16:00:31.809  8450  8521 F com.gamepub.pt: runtime.cc:708]   native: #14 pc 00354250  /apex/com.android.art/lib64/libart.so (art::interpreter::Execute +428) (BuildId: 4ccb65ae9ac5ad5da3af5a342d5b0b92)
09-13 16:00:31.809  8450  8521 F com.gamepub.pt: runtime.cc:708]   native: #15 pc 00362678  /apex/com.android.art/lib64/libart.so (bool art::interpreter::DoCall<false>+4124) (BuildId: 4ccb65ae9ac5ad5da3af5a342d5b0b92)
09-13 16:00:31.809  8450  8521 F com.gamepub.pt: runtime.cc:708]   native: #16 pc 00770ba4  /apex/com.android.art/lib64/libart.so (void art::interpreter::ExecuteSwitchImplCpp<false>+12208) (BuildId: 4ccb65ae9ac5ad5da3af5a342d5b0b92)
09-13 16:00:31.809  8450  8521 F com.gamepub.pt: runtime.cc:708]   native: #17 pc 003815d8  /apex/com.android.art/lib64/libart.so (ExecuteSwitchImplAsm+8) (BuildId: 4ccb65ae9ac5ad5da3af5a342d5b0b92)
09-13 16:00:31.809  8450  8521 F com.gamepub.pt: runtime.cc:708]   native: #18 pc 002564b4  /apex/com.android.art/javalib/core-oj.jar (java.util.concurrent.SynchronousQueue.poll)
09-13 16:00:31.809  8450  8521 F com.gamepub.pt: runtime.cc:708]   native: #19 pc 003535dc  /apex/com.android.art/lib64/libart.so (artQuickToInterpreterBridge+1932) (BuildId: 4ccb65ae9ac5ad5da3af5a342d5b0b92)
09-13 16:00:31.809  8450  8521 F com.gamepub.pt: runtime.cc:708]   native: #20 pc 0037f098  /apex/com.android.art/lib64/libart.so (art_quick_to_interpreter_bridge+88) (BuildId: 4ccb65ae9ac5ad5da3af5a342d5b0b92)
09-13 16:00:31.809  8450  8521 F com.gamepub.pt: runtime.cc:708]   native: #21 pc 02028adc  /memfd:jit-cache (deleted) (offset 2000000) (java.util.concurrent.ThreadPoolExecutor.getTask+524)
09-13 16:00:31.809  8450  8521 F com.gamepub.pt: runtime.cc:708]   native: #22 pc 0201f850  /memfd:jit-cache (deleted) (offset 2000000) (java.util.concurrent.ThreadPoolExecutor.runWorker+192)
09-13 16:00:31.809  8450  8521 F com.gamepub.pt: runtime.cc:708]   native: #23 pc 00368774  /apex/com.android.art/lib64/libart.so (art_quick_invoke_stub+612) (BuildId: 4ccb65ae9ac5ad5da3af5a342d5b0b92)
09-13 16:00:31.809  8450  8521 F com.gamepub.pt: runtime.cc:708]   native: #24 pc 00361de4  /apex/com.android.art/lib64/libart.so (bool art::interpreter::DoCall<false>+1928) (BuildId: 4ccb65ae9ac5ad5da3af5a342d5b0b92)
09-13 16:00:31.809  8450  8521 F com.gamepub.pt: runtime.cc:708]   native: #25 pc 00770ba4  /apex/com.android.art/lib64/libart.so (void art::interpreter::ExecuteSwitchImplCpp<false>+12208) (BuildId: 4ccb65ae9ac5ad5da3af5a342d5b0b92)
09-13 16:00:31.809  8450  8521 F com.gamepub.pt: runtime.cc:708]   native: #26 pc 003815d8  /apex/com.android.art/lib64/libart.so (ExecuteSwitchImplAsm+8) (BuildId: 4ccb65ae9ac5ad5da3af5a342d5b0b92)
09-13 16:00:31.809  8450  8521 F com.gamepub.pt: runtime.cc:708]   native: #27 pc 0025723c  /apex/com.android.art/javalib/core-oj.jar (java.util.concurrent.ThreadPoolExecutor$Worker.run)
09-13 16:00:31.809  8450  8521 F com.gamepub.pt: runtime.cc:708]   native: #28 pc 00354250  /apex/com.android.art/lib64/libart.so (art::interpreter::Execute +428) (BuildId: 4ccb65ae9ac5ad5da3af5a342d5b0b92)
09-13 16:00:31.809  8450  8521 F com.gamepub.pt: runtime.cc:708]   native: #29 pc 00362678  /apex/com.android.art/lib64/libart.so (bool art::interpreter::DoCall<false>+4124) (BuildId: 4ccb65ae9ac5ad5da3af5a342d5b0b92)
09-13 16:00:31.809  8450  8521 F com.gamepub.pt: runtime.cc:708]   native: #30 pc 00770ba4  /apex/com.android.art/lib64/libart.so (void art::interpreter::ExecuteSwitchImplCpp<false>+12208) (BuildId: 4ccb65ae9ac5ad5da3af5a342d5b0b92)
09-13 16:00:31.809  8450  8521 F com.gamepub.pt: runtime.cc:708]   native: #31 pc 003815d8  /apex/com.android.art/lib64/libart.so (ExecuteSwitchImplAsm+8) (BuildId: 4ccb65ae9ac5ad5da3af5a342d5b0b92)
09-13 16:00:31.809  8450  8521 F com.gamepub.pt: runtime.cc:708]   native: #32 pc 00117a28  /apex/com.android.art/javalib/core-oj.jar (java.lang.Thread.run)
09-13 16:00:31.809  8450  8521 F com.gamepub.pt: runtime.cc:708]   native: #33 pc 003535dc  /apex/com.android.art/lib64/libart.so (artQuickToInterpreterBridge+1932) (BuildId: 4ccb65ae9ac5ad5da3af5a342d5b0b92)
09-13 16:00:31.809  8450  8521 F com.gamepub.pt: runtime.cc:708]   native: #34 pc 0037f098  /apex/com.android.art/lib64/libart.so (art_quick_to_interpreter_bridge+88) (BuildId: 4ccb65ae9ac5ad5da3af5a342d5b0b92)
09-13 16:00:31.809  8450  8521 F com.gamepub.pt: runtime.cc:708]   native: #35 pc 00368774  /apex/com.android.art/lib64/libart.so (art_quick_invoke_stub+612) (BuildId: 4ccb65ae9ac5ad5da3af5a342d5b0b92)
09-13 16:00:31.809  8450  8521 F com.gamepub.pt: runtime.cc:708]   native: #36 pc 00353f24  /apex/com.android.art/lib64/libart.so (art::ArtMethod::Invoke+132) (BuildId: 4ccb65ae9ac5ad5da3af5a342d5b0b92)
09-13 16:00:31.809  8450  8521 F com.gamepub.pt: runtime.cc:708]   native: #37 pc 00947748  /apex/com.android.art/lib64/libart.so (art::detail::ShortyTraits<86>::Type art::ArtMethod::InvokeInstance<86>+60) (BuildId: 4ccb65ae9ac5ad5da3af5a342d5b0b92)
09-13 16:00:31.809  8450  8521 F com.gamepub.pt: runtime.cc:708]   native: #38 pc 00636e80  /apex/com.android.art/lib64/libart.so (art::Thread::CreateCallback+1344) (BuildId: 4ccb65ae9ac5ad5da3af5a342d5b0b92)
09-13 16:00:31.809  8450  8521 F com.gamepub.pt: runtime.cc:708]   native: #39 pc 000deb44  /apex/com.android.runtime/lib64/bionic/libc.so (__pthread_start+264) (BuildId: bbbdeb7c87c74f1491f92c6e605095b0)
09-13 16:00:31.809  8450  8521 F com.gamepub.pt: runtime.cc:708]   native: #40 pc 0007b2fc  /apex/com.android.runtime/lib64/bionic/libc.so (__start_thread+68) (BuildId: bbbdeb7c87c74f1491f92c6e605095b0)
09-13 16:00:31.809  8450  8521 F com.gamepub.pt: runtime.cc:708]   at jdk.internal.misc.Unsafe.park(Native method)
09-13 16:00:31.809  8450  8521 F com.gamepub.pt: runtime.cc:708]   - waiting on an unknown object
09-13 16:00:31.809  8450  8521 F com.gamepub.pt: runtime.cc:708]   at java.util.concurrent.locks.LockSupport.parkNanos(LockSupport.java:252)
09-13 16:00:31.809  8450  8521 F com.gamepub.pt: runtime.cc:708]   at java.util.concurrent.SynchronousQueue$TransferStack.transfer(SynchronousQueue.java:401)
09-13 16:00:31.809  8450  8521 F com.gamepub.pt: runtime.cc:708]   at java.util.concurrent.SynchronousQueue.poll(SynchronousQueue.java:903)
09-13 16:00:31.809  8450  8521 F com.gamepub.pt: runtime.cc:708]   at java.util.concurrent.ThreadPoolExecutor.getTask(ThreadPoolExecutor.java:1070)
09-13 16:00:31.809  8450  8521 F com.gamepub.pt: runtime.cc:708]   at java.util.concurrent.ThreadPoolExecutor.runWorker(ThreadPoolExecutor.java:1131)
09-13 16:00:31.809  8450  8521 F com.gamepub.pt: runtime.cc:708]   at java.util.concurrent.ThreadPoolExecutor$Worker.run(ThreadPoolExecutor.java:644)
09-13 16:00:31.809  8450  8521 F com.gamepub.pt: runtime.cc:708]   at java.lang.Thread.run(Thread.java:1012)
09-13 16:00:31.809  8450  8521 F com.gamepub.pt: runtime.cc:708] 
09-13 16:00:31.809  8450  8521 F com.gamepub.pt: runtime.cc:708] Aborting thread:
09-13 16:00:31.809  8450  8521 F com.gamepub.pt: runtime.cc:708] "UnityMain" prio=5 tid=29 Native
09-13 16:00:31.809  8450  8521 F com.gamepub.pt: runtime.cc:708]   | group="" sCount=0 ucsCount=0 flags=0 obj=0x185c6fc8 self=0xb40000722863ec00
09-13 16:00:31.809  8450  8521 F com.gamepub.pt: runtime.cc:708]   | sysTid=8521 nice=0 cgrp=default sched=0/0 handle=0x71747d3cb0
09-13 16:00:31.809  8450  8521 F com.gamepub.pt: runtime.cc:708]   | state=R schedstat=( 6296980231 866624555 4269 ) utm=575 stm=54 core=7 HZ=100
09-13 16:00:31.809  8450  8521 F com.gamepub.pt: runtime.cc:708]   | stack=0x71746d0000-0x71746d2000 stackSize=1039KB
09-13 16:00:31.809  8450  8521 F com.gamepub.pt: runtime.cc:708]   | held mutexes= "abort lock" "mutator lock"(shared held)
09-13 16:00:31.809  8450  8521 F com.gamepub.pt: runtime.cc:708]   native: #00 pc 004fc1e0  /apex/com.android.art/lib64/libart.so (art::DumpNativeStack+108) (BuildId: 4ccb65ae9ac5ad5da3af5a342d5b0b92)
09-13 16:00:31.809  8450  8521 F com.gamepub.pt: runtime.cc:716] JNI DETECTED ERROR IN APPLICATION: thread Thread[29,tid=8521,Native,Thread*=0xb40000722863ec00,peer=0x185c6fc8,"UnityMain"] using JNIEnv* from thread Thread[1,tid=8450,Runnable,Thread*=0xb40000723c012400,peer=0x70962588,"main"]
09-13 16:00:31.809  8450  8521 F com.gamepub.pt: runtime.cc:716]     in call to FindClass
09-13 16:00:31.809  8450  8521 F com.gamepub.pt: runtime.cc:716]     from int com.nhnent.appguard.Diresu.su(java.lang.String)
09-13 16:00:32.117  8932  8932 W linker64: type=1400 audit(0.0:24188): avc: denied { search } for name="battery" dev="sysfs" ino=62395 scontext=u:r:untrusted_app:s0:c144,c265,c512,c768 tcontext=u:object_r:vendor_sysfs_battery_supply:s0 tclass=dir permissive=0 app=com.gamepub.pt
09-13 16:00:32.603  8450  8521 E CRASH   : pid: 8450, tid: 8521, name: UnityMain  >>> com.gamepub.pt <<<
09-13 16:00:32.738  8450  8521 E CRASH   : Tombstone written to: /storage/emulated/0/Android/data/com.gamepub.pt/files/tombstone_02
09-13 16:00:33.097  8938  8938 W linker64: type=1400 audit(0.0:24189): avc: denied { search } for name="battery" dev="sysfs" ino=62395 scontext=u:r:untrusted_app:s0:c144,c265,c512,c768 tcontext=u:object_r:vendor_sysfs_battery_supply:s0 tclass=dir permissive=0 app=com.gamepub.pt
09-13 16:00:33.108  8450  8521 F libc    : Fatal signal 11 (SIGSEGV), code 1 (SEGV_MAPERR), fault addr 0x33a554abed5a54 in tid 8521 (UnityMain), pid 8450 (com.gamepub.pt)
09-13 16:00:35.227  8942  8942 F DEBUG   : Process name is com.gamepub.pt, not key_process
09-13 16:00:35.227  8942  8942 F DEBUG   : Cmdline: com.gamepub.pt
09-13 16:00:35.227  8942  8942 F DEBUG   : pid: 8450, tid: 8521, name: UnityMain  >>> com.gamepub.pt <<<
09-13 16:00:35.304  2580  8946 W ActivityTaskManager:   Force finishing activity com.gamepub.pt/com.unity3d.player.UnityPlayerActivity
09-13 16:00:35.310  2580  8946 V WindowManager: Changing focus from Window{dc8272a u0 com.gamepub.pt/com.unity3d.player.UnityPlayerActivity} to null,diplayid=0
09-13 16:00:35.311  2580  8946 D CompactWindowManagerService: notifyCompactWindowState task: Task{84926dd #112 type=standard A=12448:com.gamepub.pt U=0 visible=false mode=fullscreen translucent=true sz=1}; hasFocus: false
09-13 16:00:35.313  2580  8946 V OplusZoomWindowManagerService: prepareZoomTransition: curStack=Task{84926dd #112 type=standard A=12448:com.gamepub.pt U=0 visible=false mode=fullscreen translucent=true sz=1}   nextStackTask{96c37a3 #1 type=undefined ?? U=0 visible=true mode=fullscreen translucent=true sz=1}
09-13 16:00:35.680  2580  2969 D ConnectivityService: releasing NetworkRequest [ REQUEST id=2252, [ Capabilities: INTERNET&NOT_RESTRICTED&TRUSTED&NOT_VCN_MANAGED Uid: 12448 RequestorUid: 12448 RequestorPkg: com.gamepub.pt UnderlyingNetworks: Null] ] (release request)
09-13 16:00:35.680  2580  4968 I WindowManager: WIN DEATH: Window{a3568db u0 com.gamepub.pt}
09-13 16:00:35.681  2580  4968 W InputManager-JNI: Input channel object 'a3568db com.gamepub.pt (client)' was disposed without first being removed with the input manager!
09-13 16:00:35.681  2580  2969 D ConnectivityService: releasing NetworkRequest [ REQUEST id=2254, [ Capabilities: INTERNET&NOT_RESTRICTED&TRUSTED&NOT_VCN_MANAGED Uid: 12448 RequestorUid: 12448 RequestorPkg: com.gamepub.pt UnderlyingNetworks: Null] ] (release request)
09-13 16:00:35.681  2580  4968 I OplusZoomWindowManagerService: removeTapExcluedWindow win = Window{a3568db u0 com.gamepub.pt}
09-13 16:00:35.682  2580  2969 D ConnectivityService: releasing NetworkRequest [ REQUEST id=2249, [ Capabilities: INTERNET&NOT_RESTRICTED&TRUSTED&NOT_VCN_MANAGED Uid: 12448 RequestorUid: 12448 RequestorPkg: com.gamepub.pt UnderlyingNetworks: Null] ] (release request)
09-13 16:00:35.686  2580  4982 I WindowManager: WIN DEATH: Window{dc8272a u0 com.gamepub.pt/com.unity3d.player.UnityPlayerActivity}
09-13 16:00:35.686  2580  4982 W InputManager-JNI: Input channel object 'dc8272a com.gamepub.pt/com.unity3d.player.UnityPlayerActivity (client)' was disposed without first being removed with the input manager!
09-13 16:00:35.690  1381  1381 D OplusLayer: ~Layer() sequence=5040, name=a3568db com.gamepub.pt#0 0xb400007e1ac22800
09-13 16:00:35.695  2580  6071 D TheiaManager: KEY:packageNameVALUE:com.gamepub.pt
09-13 16:00:35.695  2580  6071 D TheiaCrashMonitor: com.gamepub.ptcrash
09-13 16:00:35.695  2580  6071 I ActivityManager: Process com.gamepub.pt (pid 8450) has died: prcp TOP 
09-13 16:00:35.702  2580  4502 I OplusHansManager : onUidGone(), 12448 com.gamepub.pt exit SM
09-13 16:00:35.705  2580  6071 V OplusZoomWindowManagerService: onAnimationFinished:  r = ActivityRecord{ceb1252 u0 com.gamepub.pt/com.unity3d.player.UnityPlayerActivity t112 f}}
09-13 16:00:35.706  1381  1381 D OplusLayer: ~Layer() sequence=5036, name=dc8272a com.gamepub.pt/com.unity3d.player.UnityPlayerActivity#0 0xb400007e1a632d80
09-13 16:00:35.707  1381  1381 D OplusLayer: ~Layer() sequence=5042, name=com.gamepub.pt/com.unity3d.player.UnityPlayerActivity#0 0xb400007e1eb81840
09-13 16:00:35.707  1381  1381 D OplusLayer: ~Layer() sequence=5045, name=Bounds for - com.gamepub.pt/com.unity3d.player.UnityPlayerActivity#0 0xb400007e1eb91e80
09-13 16:00:35.707  1381  1381 D OplusLayer: ~Layer() sequence=5046, name=SurfaceView[com.gamepub.pt/com.unity3d.player.UnityPlayerActivity]#0 0xb400007e1eba2640
09-13 16:00:35.707  1381  1381 D OplusLayer: ~Layer() sequence=5048, name=Background for SurfaceView[com.gamepub.pt/com.unity3d.player.UnityPlayerActivity]#0 0xb400007e1ebb8300
09-13 16:00:35.710  1381  1381 D OplusLayer: ~Layer() sequence=5047, name=SurfaceView[com.gamepub.pt/com.unity3d.player.UnityPlayerActivity](BLAST)#0 0xb400007e1eba7280
09-13 16:00:35.710  4564  6654 W oiface  : recved frame stats, layer(SurfaceView[com.gamepub.pt/com.unity3d.player.UnityPlayerActivity](BLAST))
09-13 16:00:35.711  2580  6071 I OplusScreenSecurityMask: onStackRemoved task = Task{84926dd #112 type=standard A=12448:com.gamepub.pt U=0 visible=false mode=fullscreen translucent=true sz=0} record = null displayId = 0
09-13 16:00:35.713  2580  6071 D TaskExtImpl: remove ActivityRecord{ceb1252 u0 com.gamepub.pt/com.unity3d.player.UnityPlayerActivity t-1 f}} to mActivityRecordSum = Counter{ }
09-13 16:00:35.714  2580  6071 W InputManager-JNI: Input channel object 'Letterbox_left_ActivityRecord{ceb1252 u0 com.gamepub.pt/com.unity3d.player.UnityPlayerActivity t112} (client)' was disposed without first being removed with the input manager!
09-13 16:00:35.715  2580  6071 W InputManager-JNI: Input channel object 'Letterbox_top_ActivityRecord{ceb1252 u0 com.gamepub.pt/com.unity3d.player.UnityPlayerActivity t112} (client)' was disposed without first being removed with the input manager!
09-13 16:00:35.715  2580  6071 W InputManager-JNI: Input channel object 'Letterbox_right_ActivityRecord{ceb1252 u0 com.gamepub.pt/com.unity3d.player.UnityPlayerActivity t112} (client)' was disposed without first being removed with the input manager!
09-13 16:00:35.715  2580  6071 W InputManager-JNI: Input channel object 'Letterbox_bottom_ActivityRecord{ceb1252 u0 com.gamepub.pt/com.unity3d.player.UnityPlayerActivity t112} (client)' was disposed without first being removed with the input manager!
09-13 16:00:35.719  2580  6071 I OplusHansManager : front pkg: com.android.launcher, uid: 10181, prev pkg: com.gamepub.pt, prev uid: 12448
09-13 16:00:35.722  2580  3749 I OplusResourcePreloadManager: resume pkg: com.android.launcher, uid:10181, prev pkg: com.gamepub.pt, prev uid: 12448
09-13 16:00:35.722  2580  6066 W InputDispatcher: Letterbox_top_ActivityRecord{ceb1252 u0 com.gamepub.pt/com.unity3d.player.UnityPlayerActivity t112} has FLAG_SLIPPERY. Please report this in b/157929241
09-13 16:00:35.737  2580  2600 D OplusWifiTransactionHelper: notifyGameInfoJsonStr: gameInfo = {"PKG_NAME":"com.gamepub.pt","GAME_PLAYING":0}
09-13 16:00:35.741  1381  1381 D OplusLayer: ~Layer() sequence=5027, name=ActivityRecord{ceb1252 u0 com.gamepub.pt/com.unity3d.player.UnityPlayerActivity#0 0xb400007e1eaacc40
09-13 16:00:35.741  1381  1381 D OplusLayer: ~Layer() sequence=5035, name=3b5dab4 ActivityRecordInputSink com.gamepub.pt/com.unity3d.player.UnityPlayerActivity#0 0xb400007e1eb61cc0
09-13 16:00:35.798  2580  2600 D OplusAppListInterceptManager: shouldFilterTask::packageName = com.gamepub.pt
09-13 16:00:35.815  2580  2600 D OplusAppListInterceptManager: shouldFilterTask::packageName = com.gamepub.pt
09-13 16:00:35.833  5008  5255 D OplusAtlasFeedback: uploadMMCollectData MM_FB_EventID#20002#StreamType#3#SampleRate#48000#PackageName#com.gamepub.pt#StartTime#2025/09/13 16:00:21#TotalTime#14424#PlaySession#1049#PlayPid#8450#UsingDevice#2#StreamVolume#0#AppName#Chuyn cng cha#StopTime#2025/09/13 16:00:35#AudioID#459793299b2e
09-13 16:00:35.854  2580  2612 W ActivityTaskManager: Activity top resumed state loss timeout for ActivityRecord{ceb1252 u0 com.gamepub.pt/com.unity3d.player.UnityPlayerActivity t-1 f}}
09-13 16:00:35.855  2580  4003 D OplusEapManager: mTargetExitName :com.gamepub.pt
09-13 16:00:35.855  2580  4003 V DCSEX-AppSwitchManager: OnAppSwitchObserver: onAppExit, resuming = com.android.launcher, target = com.gamepub.pt, is ResumingFirstStart =  false, is ResumingMultiApp =  false, extensionInfo =  Bundle[{taskId=5, uid=10181}]
09-13 16:00:35.855  2580  4003 D VRR [OPlusFrontAppManager]: OnAppSwitchObserver: onAppExit , info.targetName = com.gamepub.pt
09-13 16:00:35.856  2580  2654 D VRR [OPlusExternalRefreshRateManager]: setFrontPackageName pkgName: null CurPkgName: com.gamepub.pt
09-13 16:00:35.856  2580  7693 D DCSEX-AppLaunchEventRecorder: onAppSwitch from = com.gamepub.pt to = com.android.launcher
09-13 16:00:35.856  2580  7693 D DCSEX-AppLaunchEventRecorder: recordExitApp = com.gamepub.pt
09-13 16:00:35.862  2580  6024 D VRR [OPlusRefreshRateService]:  setFrameRateTargetControl [ 0.0 , com.gamepub.pt , false , com.oplus.battery ]
09-13 16:00:35.862  2580  6024 D VRR [OPlusExternalRefreshRateManager]:  [FRTC] FrameRate : 0 com.gamepub.pt false com.oplus.battery
09-13 16:00:35.863  2580  2654 D VRR [OPlusSurfaceFlingerController]:  add frtc FrameRate : 0 com.gamepub.pt false com.oplus.battery
09-13 16:00:35.863  1381  2904 I VRR [FRTC]: setFrameRateTarget with [0, com.gamepub.pt, 0, com.oplus.battery]
09-13 16:00:35.863  1381  2904 W VRR [FRTC]: invalid param { fps 0, proc_name com.gamepub.pt, strict_mode 0, description com.oplus.battery, rate_status 0, backend Surface, enable at 2025-09-13 16:00:35, disable waiting } for current status.
09-13 16:00:35.889  2580  6069 D OplusWifiTransactionHelper: Get notifyGameModeState: state = false pkgName = com.gamepub.pt
09-13 16:00:35.889  2580  6069 D OplusWifiCoexManager: setGameModeState: gameStateIn=false pkgName=com.gamepub.pt uid=12448
09-13 16:00:35.891  7277  7350 I GameOpt->OplusGameManager: setScreenMode, decisionScreenMode ->screen_refresh_rate, pkgName ->com.gamepub.pt, screenModeType ->2, mode ->0
09-13 16:00:35.909  2580  6068 D OplusWifiTransactionHelper: notifyGameInfoJsonStr: gameInfo = {"PKG_NAME":"com.gamepub.pt","APP_BACKGROUND":true}
09-13 16:00:35.929  2580  6071 D VRR [OPlusRefreshRateService]:  setFrameRateTargetControl [ -1.0 , com.gamepub.pt , false , com.oplus.cosa ]
09-13 16:00:35.929  2580  6071 D VRR [OPlusExternalRefreshRateManager]:  [FRTC] FrameRate : -1 com.gamepub.pt false com.oplus.cosa
09-13 16:00:35.930  2580  2654 D VRR [OPlusSurfaceFlingerController]:  add frtc FrameRate : -1 com.gamepub.pt false com.oplus.cosa
09-13 16:00:35.930  1381  2904 I VRR [FRTC]: setFrameRateTarget with [-1, com.gamepub.pt, 0, com.oplus.cosa]
09-13 16:00:35.930  1381  2904 W VRR [FRTC]: invalid param { fps -1, proc_name com.gamepub.pt, strict_mode 0, description com.oplus.cosa, rate_status 0, backend Surface, enable at 2025-09-13 16:00:35, disable waiting } for current status.
09-13 16:00:35.965  1381  1381 D OplusLayer: ~Layer() sequence=5050, name=Surface(name=dc8272a com.gamepub.pt/com.unity3d.player.UnityPlayerActivity)/@0xf974e8e - animation-leash of starting_reveal#0 0xb400007e1a63aa40
09-13 16:00:35.966  1381  1381 D OplusLayer: ~Layer() sequence=5008, name=Surface(name=de171ae com.gamepub.pt/com.unity3d.player.UnityPlayerActivity)/@0x7d5e623 - animation-leash of starting_reveal#0 0xb400007e1eb059c0
