09-13 15:41:42.241 32035 32125 F com.gamepub.pt: runtime.cc:708]   | held mutexes=
09-13 15:41:42.241 32035 32125 F com.gamepub.pt: runtime.cc:708]   native: #00 pc 00075f30  /apex/com.android.runtime/lib64/bionic/libc.so (syscall+32) (BuildId: bbbdeb7c87c74f1491f92c6e605095b0)
09-13 15:41:42.241 32035 32125 F com.gamepub.pt: runtime.cc:708]   native: #01 pc 0042819c  /apex/com.android.art/lib64/libart.so (art::Thread::Park+668) (BuildId: 4ccb65ae9ac5ad5da3af5a342d5b0b92)
09-13 15:41:42.241 32035 32125 F com.gamepub.pt: runtime.cc:708]   native: #02 pc 00427bf0  /apex/com.android.art/lib64/libart.so (art::Unsafe_park +164) (BuildId: 4ccb65ae9ac5ad5da3af5a342d5b0b92)
09-13 15:41:42.241 32035 32125 F com.gamepub.pt: runtime.cc:708]   native: #03 pc 0037ef70  /apex/com.android.art/lib64/libart.so (art_quick_generic_jni_trampoline+144) (BuildId: 4ccb65ae9ac5ad5da3af5a342d5b0b92)
09-13 15:41:42.241 32035 32125 F com.gamepub.pt: runtime.cc:708]   native: #04 pc 00368774  /apex/com.android.art/lib64/libart.so (art_quick_invoke_stub+612) (BuildId: 4ccb65ae9ac5ad5da3af5a342d5b0b92)
09-13 15:41:42.241 32035 32125 F com.gamepub.pt: runtime.cc:708]   native: #05 pc 00361de4  /apex/com.android.art/lib64/libart.so (bool art::interpreter::DoCall<false>+1928) (BuildId: 4ccb65ae9ac5ad5da3af5a342d5b0b92)
09-13 15:41:42.241 32035 32125 F com.gamepub.pt: runtime.cc:708]   native: #06 pc 00770ba4  /apex/com.android.art/lib64/libart.so (void art::interpreter::ExecuteSwitchImplCpp<false>+12208) (BuildId: 4ccb65ae9ac5ad5da3af5a342d5b0b92)
09-13 15:41:42.241 32035 32125 F com.gamepub.pt: runtime.cc:708]   native: #07 pc 003815d8  /apex/com.android.art/lib64/libart.so (ExecuteSwitchImplAsm+8) (BuildId: 4ccb65ae9ac5ad5da3af5a342d5b0b92)
09-13 15:41:42.241 32035 32125 F com.gamepub.pt: runtime.cc:708]   native: #08 pc 002610b8  /apex/com.android.art/javalib/core-oj.jar (java.util.concurrent.locks.LockSupport.park)
09-13 15:41:42.241 32035 32125 F com.gamepub.pt: runtime.cc:708]   native: #09 pc 00354250  /apex/com.android.art/lib64/libart.so (art::interpreter::Execute +428) (BuildId: 4ccb65ae9ac5ad5da3af5a342d5b0b92)
09-13 15:41:42.241 32035 32125 F com.gamepub.pt: runtime.cc:708]   native: #10 pc 00362678  /apex/com.android.art/lib64/libart.so (bool art::interpreter::DoCall<false>+4124) (BuildId: 4ccb65ae9ac5ad5da3af5a342d5b0b92)
09-13 15:41:42.241 32035 32125 F com.gamepub.pt: runtime.cc:708]   native: #11 pc 00770ba4  /apex/com.android.art/lib64/libart.so (void art::interpreter::ExecuteSwitchImplCpp<false>+12208) (BuildId: 4ccb65ae9ac5ad5da3af5a342d5b0b92)
09-13 15:41:42.241 32035 32125 F com.gamepub.pt: runtime.cc:708]   native: #37 pc 003815d8  /apex/com.android.art/lib64/libart.so (ExecuteSwitchImplAsm+8) (BuildId: 4ccb65ae9ac5ad5da3af5a342d5b0b92)
09-13 15:41:42.241 32035 32125 F com.gamepub.pt: runtime.cc:708]   native: #38 pc 0025723c  /apex/com.android.art/javalib/core-oj.jar (java.util.concurrent.ThreadPoolExecutor$Worker.run)
09-13 15:41:42.241 32035 32125 F com.gamepub.pt: runtime.cc:708]   native: #39 pc 00354250  /apex/com.android.art/lib64/libart.so (art::interpreter::Execute +428) (BuildId: 4ccb65ae9ac5ad5da3af5a342d5b0b92)
09-13 15:41:42.241 32035 32125 F com.gamepub.pt: runtime.cc:708]   native: #40 pc 00362678  /apex/com.android.art/lib64/libart.so (bool art::interpreter::DoCall<false>+4124) (BuildId: 4ccb65ae9ac5ad5da3af5a342d5b0b92)
09-13 15:41:42.241 32035 32125 F com.gamepub.pt: runtime.cc:708]   native: #41 pc 00770ba4  /apex/com.android.art/lib64/libart.so (void art::interpreter::ExecuteSwitchImplCpp<false>+12208) (BuildId: 4ccb65ae9ac5ad5da3af5a342d5b0b92)
09-13 15:41:42.241 32035 32125 F com.gamepub.pt: runtime.cc:708]   native: #42 pc 003815d8  /apex/com.android.art/lib64/libart.so (ExecuteSwitchImplAsm+8) (BuildId: 4ccb65ae9ac5ad5da3af5a342d5b0b92)
09-13 15:41:42.241 32035 32125 F com.gamepub.pt: runtime.cc:708]   native: #43 pc 00117a28  /apex/com.android.art/javalib/core-oj.jar (java.lang.Thread.run)
09-13 15:41:42.241 32035 32125 F com.gamepub.pt: runtime.cc:708]   native: #44 pc 003535dc  /apex/com.android.art/lib64/libart.so (artQuickToInterpreterBridge+1932) (BuildId: 4ccb65ae9ac5ad5da3af5a342d5b0b92)
09-13 15:41:42.241 32035 32125 F com.gamepub.pt: runtime.cc:708]   native: #45 pc 0037f098  /apex/com.android.art/lib64/libart.so (art_quick_to_interpreter_bridge+88) (BuildId: 4ccb65ae9ac5ad5da3af5a342d5b0b92)
09-13 15:41:42.241 32035 32125 F com.gamepub.pt: runtime.cc:708]   native: #46 pc 00368774  /apex/com.android.art/lib64/libart.so (art_quick_invoke_stub+612) (BuildId: 4ccb65ae9ac5ad5da3af5a342d5b0b92)
09-13 15:41:42.241 32035 32125 F com.gamepub.pt: runtime.cc:708]   native: #47 pc 00353f24  /apex/com.android.art/lib64/libart.so (art::ArtMethod::Invoke+132) (BuildId: 4ccb65ae9ac5ad5da3af5a342d5b0b92)
09-13 15:41:42.241 32035 32125 F com.gamepub.pt: runtime.cc:708]   native: #48 pc 00947748  /apex/com.android.art/lib64/libart.so (art::detail::ShortyTraits<86>::Type art::ArtMethod::InvokeInstance<86>+60) (BuildId: 4ccb65ae9ac5ad5da3af5a342d5b0b92)
09-13 15:41:42.241 32035 32125 F com.gamepub.pt: runtime.cc:708]   native: #49 pc 00636e80  /apex/com.android.art/lib64/libart.so (art::Thread::CreateCallback+1344) (BuildId: 4ccb65ae9ac5ad5da3af5a342d5b0b92)
09-13 15:41:42.241 32035 32125 F com.gamepub.pt: runtime.cc:708]   native: #50 pc 000deb44  /apex/com.android.runtime/lib64/bionic/libc.so (__pthread_start+264) (BuildId: bbbdeb7c87c74f1491f92c6e605095b0)
09-13 15:41:42.241 32035 32125 F com.gamepub.pt: runtime.cc:708]   native: #51 pc 0007b2fc  /apex/com.android.runtime/lib64/bionic/libc.so (__start_thread+68) (BuildId: bbbdeb7c87c74f1491f92c6e605095b0)
09-13 15:41:42.241 32035 32125 F com.gamepub.pt: runtime.cc:708]   at jdk.internal.misc.Unsafe.park(Native method)
09-13 15:41:42.241 32035 32125 F com.gamepub.pt: runtime.cc:708]   - waiting on an unknown object
09-13 15:41:42.241 32035 32125 F com.gamepub.pt: runtime.cc:708]   at java.util.concurrent.locks.LockSupport.park(LockSupport.java:341)
09-13 15:41:42.241 32035 32125 F com.gamepub.pt: runtime.cc:708]   at java.util.concurrent.locks.AbstractQueuedSynchronizer$ConditionNode.block(AbstractQueuedSynchronizer.java:506)
09-13 15:41:42.241 32035 32125 F com.gamepub.pt: runtime.cc:708]   at java.util.concurrent.ForkJoinPool.unmanagedBlock(ForkJoinPool.java:3466)
09-13 15:41:42.241 32035 32125 F com.gamepub.pt: runtime.cc:708]   at java.util.concurrent.ForkJoinPool.managedBlock(ForkJoinPool.java:3437)
09-13 15:41:42.241 32035 32125 F com.gamepub.pt: runtime.cc:708]   at java.util.concurrent.locks.AbstractQueuedSynchronizer$ConditionObject.await(AbstractQueuedSynchronizer.java:1623)
09-13 15:41:42.241 32035 32125 F com.gamepub.pt: runtime.cc:708]   at java.util.concurrent.LinkedBlockingQueue.take(LinkedBlockingQueue.java:435)
09-13 15:41:42.241 32035 32125 F com.gamepub.pt: runtime.cc:708]   at java.util.concurrent.ThreadPoolExecutor.getTask(ThreadPoolExecutor.java:1071)
09-13 15:41:42.241 32035 32125 F com.gamepub.pt: runtime.cc:708]   at java.util.concurrent.ThreadPoolExecutor.runWorker(ThreadPoolExecutor.java:1131)
09-13 15:41:42.241 32035 32125 F com.gamepub.pt: runtime.cc:708]   at java.util.concurrent.ThreadPoolExecutor$Worker.run(ThreadPoolExecutor.java:644)
09-13 15:41:42.241 32035 32125 F com.gamepub.pt: runtime.cc:708]   at java.lang.Thread.run(Thread.java:1012)
09-13 15:41:42.241 32035 32125 F com.gamepub.pt: runtime.cc:708] 
09-13 15:41:42.241 32035 32125 F com.gamepub.pt: runtime.cc:708] "OkHttp Http2Connection" prio=5 tid=162 TimedWaiting
09-13 15:41:42.241 32035 32125 F com.gamepub.pt: runtime.cc:708]   | group="" sCount=1 ucsCount=0 flags=1 obj=0x151c0370 self=0xb400006bfab01800
09-13 15:41:42.241 32035 32125 F com.gamepub.pt: runtime.cc:708]   | sysTid=32458 nice=0 cgrp=default sched=0/0 handle=0x700498dcb0
09-13 15:41:42.241 32035 32125 F com.gamepub.pt: runtime.cc:708]   | state=S schedstat=( 216302 94948 1 ) utm=0 stm=0 core=7 HZ=100
09-13 15:41:42.241 32035 32125 F com.gamepub.pt: runtime.cc:708]   | stack=0x700488a000-0x700488c000 stackSize=1039KB
09-13 15:41:42.241 32035 32125 F com.gamepub.pt: runtime.cc:708]   | held mutexes=
09-13 15:41:42.241 32035 32125 F com.gamepub.pt: runtime.cc:708]   native: #25 pc 00770ba4  /apex/com.android.art/lib64/libart.so (void art::interpreter::ExecuteSwitchImplCpp<false>+12208) (BuildId: 4ccb65ae9ac5ad5da3af5a342d5b0b92)
09-13 15:41:42.241 32035 32125 F com.gamepub.pt: runtime.cc:708]   native: #26 pc 003815d8  /apex/com.android.art/lib64/libart.so (ExecuteSwitchImplAsm+8) (BuildId: 4ccb65ae9ac5ad5da3af5a342d5b0b92)
09-13 15:41:42.241 32035 32125 F com.gamepub.pt: runtime.cc:708]   native: #27 pc 0025723c  /apex/com.android.art/javalib/core-oj.jar (java.util.concurrent.ThreadPoolExecutor$Worker.run)
09-13 15:41:42.241 32035 32125 F com.gamepub.pt: runtime.cc:708]   native: #28 pc 00354250  /apex/com.android.art/lib64/libart.so (art::interpreter::Execute +428) (BuildId: 4ccb65ae9ac5ad5da3af5a342d5b0b92)
09-13 15:41:42.241 32035 32125 F com.gamepub.pt: runtime.cc:708]   native: #29 pc 00362678  /apex/com.android.art/lib64/libart.so (bool art::interpreter::DoCall<false>+4124) (BuildId: 4ccb65ae9ac5ad5da3af5a342d5b0b92)
09-13 15:41:42.241 32035 32125 F com.gamepub.pt: runtime.cc:708]   native: #30 pc 00770ba4  /apex/com.android.art/lib64/libart.so (void art::interpreter::ExecuteSwitchImplCpp<false>+12208) (BuildId: 4ccb65ae9ac5ad5da3af5a342d5b0b92)
09-13 15:41:42.241 32035 32125 F com.gamepub.pt: runtime.cc:708]   native: #31 pc 003815d8  /apex/com.android.art/lib64/libart.so (ExecuteSwitchImplAsm+8) (BuildId: 4ccb65ae9ac5ad5da3af5a342d5b0b92)
09-13 15:41:42.241 32035 32125 F com.gamepub.pt: runtime.cc:708]   native: #32 pc 00117a28  /apex/com.android.art/javalib/core-oj.jar (java.lang.Thread.run)
09-13 15:41:42.241 32035 32125 F com.gamepub.pt: runtime.cc:708]   native: #33 pc 003535dc  /apex/com.android.art/lib64/libart.so (artQuickToInterpreterBridge+1932) (BuildId: 4ccb65ae9ac5ad5da3af5a342d5b0b92)
09-13 15:41:42.241 32035 32125 F com.gamepub.pt: runtime.cc:708]   native: #34 pc 0037f098  /apex/com.android.art/lib64/libart.so (art_quick_to_interpreter_bridge+88) (BuildId: 4ccb65ae9ac5ad5da3af5a342d5b0b92)
09-13 15:41:42.241 32035 32125 F com.gamepub.pt: runtime.cc:708]   native: #35 pc 00368774  /apex/com.android.art/lib64/libart.so (art_quick_invoke_stub+612) (BuildId: 4ccb65ae9ac5ad5da3af5a342d5b0b92)
09-13 15:41:42.241 32035 32125 F com.gamepub.pt: runtime.cc:708]   native: #36 pc 00353f24  /apex/com.android.art/lib64/libart.so (art::ArtMethod::Invoke+132) (BuildId: 4ccb65ae9ac5ad5da3af5a342d5b0b92)
09-13 15:41:42.241 32035 32125 F com.gamepub.pt: runtime.cc:708]   native: #37 pc 00947748  /apex/com.android.art/lib64/libart.so (art::detail::ShortyTraits<86>::Type art::ArtMethod::InvokeInstance<86>+60) (BuildId: 4ccb65ae9ac5ad5da3af5a342d5b0b92)
09-13 15:41:42.241 32035 32125 F com.gamepub.pt: runtime.cc:708]   native: #38 pc 00636e80  /apex/com.android.art/lib64/libart.so (art::Thread::CreateCallback+1344) (BuildId: 4ccb65ae9ac5ad5da3af5a342d5b0b92)
09-13 15:41:42.241 32035 32125 F com.gamepub.pt: runtime.cc:708]   native: #39 pc 000deb44  /apex/com.android.runtime/lib64/bionic/libc.so (__pthread_start+264) (BuildId: bbbdeb7c87c74f1491f92c6e605095b0)
09-13 15:41:42.241 32035 32125 F com.gamepub.pt: runtime.cc:708]   native: #40 pc 0007b2fc  /apex/com.android.runtime/lib64/bionic/libc.so (__start_thread+68) (BuildId: bbbdeb7c87c74f1491f92c6e605095b0)
09-13 15:41:42.241 32035 32125 F com.gamepub.pt: runtime.cc:708]   at jdk.internal.misc.Unsafe.park(Native method)
09-13 15:41:42.241 32035 32125 F com.gamepub.pt: runtime.cc:708]   - waiting on an unknown object
09-13 15:41:42.241 32035 32125 F com.gamepub.pt: runtime.cc:708]   at java.util.concurrent.locks.LockSupport.parkNanos(LockSupport.java:252)
09-13 15:41:42.241 32035 32125 F com.gamepub.pt: runtime.cc:708]   at java.util.concurrent.SynchronousQueue$TransferStack.transfer(SynchronousQueue.java:401)
09-13 15:41:42.241 32035 32125 F com.gamepub.pt: runtime.cc:708]   at java.util.concurrent.SynchronousQueue.poll(SynchronousQueue.java:903)
09-13 15:41:42.241 32035 32125 F com.gamepub.pt: runtime.cc:708]   at java.util.concurrent.ThreadPoolExecutor.getTask(ThreadPoolExecutor.java:1070)
09-13 15:41:42.241 32035 32125 F com.gamepub.pt: runtime.cc:708]   at java.util.concurrent.ThreadPoolExecutor.runWorker(ThreadPoolExecutor.java:1131)
09-13 15:41:42.241 32035 32125 F com.gamepub.pt: runtime.cc:708]   at java.util.concurrent.ThreadPoolExecutor$Worker.run(ThreadPoolExecutor.java:644)
09-13 15:41:42.241 32035 32125 F com.gamepub.pt: runtime.cc:708]   at java.lang.Thread.run(Thread.java:1012)
09-13 15:41:42.241 32035 32125 F com.gamepub.pt: runtime.cc:708] 
09-13 15:41:42.241 32035 32125 F com.gamepub.pt: runtime.cc:708] Aborting thread:
09-13 15:41:42.241 32035 32125 F com.gamepub.pt: runtime.cc:708] "UnityMain" prio=5 tid=39 Native
09-13 15:41:42.241 32035 32125 F com.gamepub.pt: runtime.cc:708]   | group="" sCount=0 ucsCount=0 flags=0 obj=0x148c09b0 self=0xb400007213579800
09-13 15:41:42.241 32035 32125 F com.gamepub.pt: runtime.cc:708]   | sysTid=32125 nice=0 cgrp=default sched=0/0 handle=0x717c779cb0
09-13 15:41:42.241 32035 32125 F com.gamepub.pt: runtime.cc:708]   | state=R schedstat=( 6140332662 1146471416 4369 ) utm=552 stm=61 core=6 HZ=100
09-13 15:41:42.241 32035 32125 F com.gamepub.pt: runtime.cc:708]   | stack=0x717c676000-0x717c678000 stackSize=1039KB
09-13 15:41:42.241 32035 32125 F com.gamepub.pt: runtime.cc:708]   | held mutexes= "abort lock" "mutator lock"(shared held)
09-13 15:41:42.241 32035 32125 F com.gamepub.pt: runtime.cc:708]   native: #00 pc 004fc1e0  /apex/com.android.art/lib64/libart.so (art::DumpNativeStack+108) (BuildId: 4ccb65ae9ac5ad5da3af5a342d5b0b92)
09-13 15:41:42.241 32035 32125 F com.gamepub.pt: runtime.cc:716] JNI DETECTED ERROR IN APPLICATION: thread Thread[39,tid=32125,Native,Thread*=0xb400007213579800,peer=0x148c09b0,"UnityMain"] using JNIEnv* from thread Thread[1,tid=32035,Runnable,Thread*=0xb40000723c012400,peer=0x70962588,"main"]
09-13 15:41:42.241 32035 32125 F com.gamepub.pt: runtime.cc:716]     in call to FindClass
09-13 15:41:42.241 32035 32125 F com.gamepub.pt: runtime.cc:716]     from int com.nhnent.appguard.Diresu.su(java.lang.String)
09-13 15:41:42.545 32477 32477 W linker64: type=1400 audit(0.0:22109): avc: denied { search } for name="battery" dev="sysfs" ino=62395 scontext=u:r:untrusted_app:s0:c144,c265,c512,c768 tcontext=u:object_r:vendor_sysfs_battery_supply:s0 tclass=dir permissive=0 app=com.gamepub.pt
09-13 15:41:43.021 32035 32125 E CRASH   : pid: 32035, tid: 32125, name: UnityMain  >>> com.gamepub.pt <<<
09-13 15:41:43.175 32035 32125 E CRASH   : Tombstone written to: /storage/emulated/0/Android/data/com.gamepub.pt/files/tombstone_02
09-13 15:41:43.493 32483 32483 W linker64: type=1400 audit(0.0:22110): avc: denied { search } for name="battery" dev="sysfs" ino=62395 scontext=u:r:untrusted_app:s0:c144,c265,c512,c768 tcontext=u:object_r:vendor_sysfs_battery_supply:s0 tclass=dir permissive=0 app=com.gamepub.pt
09-13 15:41:43.499 32035 32125 F libc    : Fatal signal 11 (SIGSEGV), code 1 (SEGV_MAPERR), fault addr 0x10 in tid 32125 (UnityMain), pid 32035 (com.gamepub.pt)
09-13 15:41:45.621 32486 32486 F DEBUG   : Process name is com.gamepub.pt, not key_process
09-13 15:41:45.621 32486 32486 F DEBUG   : Cmdline: com.gamepub.pt
09-13 15:41:45.621 32486 32486 F DEBUG   : pid: 32035, tid: 32125, name: UnityMain  >>> com.gamepub.pt <<<
09-13 15:41:45.693  2580 32497 W ActivityTaskManager:   Force finishing activity com.gamepub.pt/com.unity3d.player.UnityPlayerActivity
09-13 15:41:45.699  2580 32497 V WindowManager: Changing focus from Window{e742b2b u0 com.gamepub.pt/com.unity3d.player.UnityPlayerActivity} to null,diplayid=0
09-13 15:41:45.700  2580 32497 D CompactWindowManagerService: notifyCompactWindowState task: Task{aca9eb9 #107 type=standard A=12448:com.gamepub.pt U=0 visible=false mode=fullscreen translucent=true sz=1}; hasFocus: false
09-13 15:41:45.704  2580 32497 V OplusZoomWindowManagerService: prepareZoomTransition: curStack=Task{aca9eb9 #107 type=standard A=12448:com.gamepub.pt U=0 visible=false mode=fullscreen translucent=true sz=1}   nextStackTask{96c37a3 #1 type=undefined ?? U=0 visible=true mode=fullscreen translucent=true sz=1}
09-13 15:41:46.025  2580  6043 W ActivityManager: Scheduling restart of crashed service com.gamepub.pt/org.chromium.content.app.SandboxedProcessService0:0 in 1000ms for connection
09-13 15:41:46.072  2580  2969 D ConnectivityService: releasing NetworkRequest [ REQUEST id=2154, [ Capabilities: INTERNET&NOT_RESTRICTED&TRUSTED&NOT_VCN_MANAGED Uid: 12448 RequestorUid: 12448 RequestorPkg: com.gamepub.pt UnderlyingNetworks: Null] ] (release request)
09-13 15:41:46.073  2580  2969 D ConnectivityService: releasing NetworkRequest [ REQUEST id=2152, [ Capabilities: INTERNET&NOT_RESTRICTED&TRUSTED&NOT_VCN_MANAGED Uid: 12448 RequestorUid: 12448 RequestorPkg: com.gamepub.pt UnderlyingNetworks: Null] ] (release request)
09-13 15:41:46.074  2580  3675 I WindowManager: WIN DEATH: Window{e742b2b u0 com.gamepub.pt/com.unity3d.player.UnityPlayerActivity}
09-13 15:41:46.074  2580  3675 W InputManager-JNI: Input channel object 'e742b2b com.gamepub.pt/com.unity3d.player.UnityPlayerActivity (client)' was disposed without first being removed with the input manager!
09-13 15:41:46.077  2580  2969 D ConnectivityService: releasing NetworkRequest [ REQUEST id=2157, [ Capabilities: INTERNET&NOT_RESTRICTED&TRUSTED&NOT_VCN_MANAGED Uid: 12448 RequestorUid: 12448 RequestorPkg: com.gamepub.pt UnderlyingNetworks: Null] ] (release request)
09-13 15:41:46.080  2580  3675 D WindowManager: Releasing screen wakelock due to Window{e742b2b u0 com.gamepub.pt/com.unity3d.player.UnityPlayerActivity}
09-13 15:41:46.083  2580  6073 D TheiaManager: KEY:packageNameVALUE:com.gamepub.pt
09-13 15:41:46.083  2580  6073 D TheiaCrashMonitor: com.gamepub.ptcrash
09-13 15:41:46.084  2580  6073 I ActivityManager: Process com.gamepub.pt (pid 32035) has died: prcp TOP 
09-13 15:41:46.090  1381  1381 D OplusLayer: ~Layer() sequence=4770, name=e742b2b com.gamepub.pt/com.unity3d.player.UnityPlayerActivity#0 0xb400007e1ea864c0
09-13 15:41:46.090  1381  1381 D OplusLayer: ~Layer() sequence=4771, name=com.gamepub.pt/com.unity3d.player.UnityPlayerActivity#0 0xb400007e1eaef140
09-13 15:41:46.090  1381  1381 D OplusLayer: ~Layer() sequence=4774, name=Bounds for - com.gamepub.pt/com.unity3d.player.UnityPlayerActivity#0 0xb400007e1ac12980
09-13 15:41:46.090  1381  1381 D OplusLayer: ~Layer() sequence=4775, name=SurfaceView[com.gamepub.pt/com.unity3d.player.UnityPlayerActivity]#0 0xb400007e1a649380
09-13 15:41:46.090  1381  1381 D OplusLayer: ~Layer() sequence=4777, name=Background for SurfaceView[com.gamepub.pt/com.unity3d.player.UnityPlayerActivity]#0 0xb400007e1a659d00
09-13 15:41:46.093  2580  6073 V OplusZoomWindowManagerService: onAnimationFinished:  r = ActivityRecord{b822fe u0 com.gamepub.pt/com.unity3d.player.UnityPlayerActivity t107 f}}
09-13 15:41:46.095  2580  4502 I OplusHansManager : onUidGone(), 12448 com.gamepub.pt exit SM
09-13 15:41:46.095  1381  1381 D OplusLayer: ~Layer() sequence=4776, name=SurfaceView[com.gamepub.pt/com.unity3d.player.UnityPlayerActivity](BLAST)#0 0xb400007e1a6a0d80
09-13 15:41:46.096  2580  6073 I OplusScreenSecurityMask: onStackRemoved task = Task{aca9eb9 #107 type=standard A=12448:com.gamepub.pt U=0 visible=false mode=fullscreen translucent=true sz=0} record = null displayId = 0
09-13 15:41:46.096  4564  4564 W oiface  : recved frame stats, layer(SurfaceView[com.gamepub.pt/com.unity3d.player.UnityPlayerActivity](BLAST))
09-13 15:41:46.096  2580  6073 D TaskExtImpl: remove ActivityRecord{b822fe u0 com.gamepub.pt/com.unity3d.player.UnityPlayerActivity t-1 f}} to mActivityRecordSum = Counter{ }
09-13 15:41:46.097  2580  6073 W InputManager-JNI: Input channel object 'Letterbox_left_ActivityRecord{b822fe u0 com.gamepub.pt/com.unity3d.player.UnityPlayerActivity t107} (client)' was disposed without first being removed with the input manager!
09-13 15:41:46.097  2580  6073 W InputManager-JNI: Input channel object 'Letterbox_top_ActivityRecord{b822fe u0 com.gamepub.pt/com.unity3d.player.UnityPlayerActivity t107} (client)' was disposed without first being removed with the input manager!
09-13 15:41:46.097  2580  6073 W InputManager-JNI: Input channel object 'Letterbox_right_ActivityRecord{b822fe u0 com.gamepub.pt/com.unity3d.player.UnityPlayerActivity t107} (client)' was disposed without first being removed with the input manager!
09-13 15:41:46.097  2580  6073 W InputManager-JNI: Input channel object 'Letterbox_bottom_ActivityRecord{b822fe u0 com.gamepub.pt/com.unity3d.player.UnityPlayerActivity t107} (client)' was disposed without first being removed with the input manager!
09-13 15:41:46.099  2580  6073 I OplusHansManager : front pkg: com.android.launcher, uid: 10181, prev pkg: com.gamepub.pt, prev uid: 12448
09-13 15:41:46.108  2580  3749 I OplusResourcePreloadManager: resume pkg: com.android.launcher, uid:10181, prev pkg: com.gamepub.pt, prev uid: 12448
09-13 15:41:46.108  2580  2599 W InputDispatcher: Letterbox_top_ActivityRecord{b822fe u0 com.gamepub.pt/com.unity3d.player.UnityPlayerActivity t107} has FLAG_SLIPPERY. Please report this in b/157929241
09-13 15:41:46.114  2580  3384 D OplusWifiTransactionHelper: notifyGameInfoJsonStr: gameInfo = {"PKG_NAME":"com.gamepub.pt","GAME_PLAYING":0}
09-13 15:41:46.125  1381  1381 D OplusLayer: ~Layer() sequence=4761, name=ActivityRecord{b822fe u0 com.gamepub.pt/com.unity3d.player.UnityPlayerActivity#0 0xb400007e1ea3d200
09-13 15:41:46.125  1381  1381 D OplusLayer: ~Layer() sequence=4769, name=fcd1880 ActivityRecordInputSink com.gamepub.pt/com.unity3d.player.UnityPlayerActivity#0 0xb400007e1a644d40
09-13 15:41:46.170  2580  4963 D OplusAppListInterceptManager: shouldFilterTask::packageName = com.gamepub.pt
09-13 15:41:46.172  5008  5255 D OplusAtlasFeedback: uploadMMCollectData MM_FB_EventID#20002#StreamType#3#SampleRate#48000#PackageName#com.gamepub.pt#StartTime#2025/09/13 15:41:31#TotalTime#14452#PlaySession#1009#PlayPid#32035#UsingDevice#2#StreamVolume#0#AppName#Chuyn cng cha#StopTime#2025/09/13 15:41:46#AudioID#56469513984a
09-13 15:41:46.175  2580  6073 D OplusAppListInterceptManager: shouldFilterTask::packageName = com.gamepub.pt
09-13 15:41:46.198  2580  2612 W ActivityTaskManager: Activity top resumed state loss timeout for ActivityRecord{b822fe u0 com.gamepub.pt/com.unity3d.player.UnityPlayerActivity t-1 f}}
09-13 15:41:46.199  2580  4003 D OplusEapManager: mTargetExitName :com.gamepub.pt
09-13 15:41:46.199  2580  4003 V DCSEX-AppSwitchManager: OnAppSwitchObserver: onAppExit, resuming = com.android.launcher, target = com.gamepub.pt, is ResumingFirstStart =  false, is ResumingMultiApp =  false, extensionInfo =  Bundle[{taskId=5, uid=10181}]
09-13 15:41:46.199  2580  4003 D VRR [OPlusFrontAppManager]: OnAppSwitchObserver: onAppExit , info.targetName = com.gamepub.pt
09-13 15:41:46.199  2580  7693 D DCSEX-AppLaunchEventRecorder: onAppSwitch from = com.gamepub.pt to = com.android.launcher
09-13 15:41:46.199  2580  7693 D DCSEX-AppLaunchEventRecorder: recordExitApp = com.gamepub.pt
09-13 15:41:46.200  2580  2654 D VRR [OPlusExternalRefreshRateManager]: setFrontPackageName pkgName: null CurPkgName: com.gamepub.pt
09-13 15:41:46.204  2580  3675 D VRR [OPlusRefreshRateService]:  setFrameRateTargetControl [ 0.0 , com.gamepub.pt , false , com.oplus.battery ]
09-13 15:41:46.204  2580  3675 D VRR [OPlusExternalRefreshRateManager]:  [FRTC] FrameRate : 0 com.gamepub.pt false com.oplus.battery
09-13 15:41:46.205  2580  2654 D VRR [OPlusSurfaceFlingerController]:  add frtc FrameRate : 0 com.gamepub.pt false com.oplus.battery
09-13 15:41:46.205  1381  1545 I VRR [FRTC]: setFrameRateTarget with [0, com.gamepub.pt, 0, com.oplus.battery]
09-13 15:41:46.205  1381  1545 W VRR [FRTC]: invalid param { fps 0, proc_name com.gamepub.pt, strict_mode 0, description com.oplus.battery, rate_status 0, backend Surface, enable at 2025-09-13 15:41:46, disable waiting } for current status.
09-13 15:41:46.215 30844 30899 I GameOpt->OplusGameManager: setScreenMode, decisionScreenMode ->screen_refresh_rate, pkgName ->com.gamepub.pt, screenModeType ->2, mode ->0
09-13 15:41:46.220  2580  3384 D OplusWifiTransactionHelper: Get notifyGameModeState: state = false pkgName = com.gamepub.pt
09-13 15:41:46.221  2580  3384 D OplusWifiCoexManager: setGameModeState: gameStateIn=false pkgName=com.gamepub.pt uid=12448
09-13 15:41:46.222  2580  4982 D OplusWifiTransactionHelper: notifyGameInfoJsonStr: gameInfo = {"PKG_NAME":"com.gamepub.pt","APP_BACKGROUND":true}
09-13 15:41:46.257  2580  6024 D VRR [OPlusRefreshRateService]:  setFrameRateTargetControl [ -1.0 , com.gamepub.pt , false , com.oplus.cosa ]
09-13 15:41:46.257  2580  6024 D VRR [OPlusExternalRefreshRateManager]:  [FRTC] FrameRate : -1 com.gamepub.pt false com.oplus.cosa
09-13 15:41:46.258  2580  2654 D VRR [OPlusSurfaceFlingerController]:  add frtc FrameRate : -1 com.gamepub.pt false com.oplus.cosa
09-13 15:41:46.260  1381  4285 I VRR [FRTC]: setFrameRateTarget with [-1, com.gamepub.pt, 0, com.oplus.cosa]
09-13 15:41:46.260  1381  4285 W VRR [FRTC]: invalid param { fps -1, proc_name com.gamepub.pt, strict_mode 0, description com.oplus.cosa, rate_status 0, backend Surface, enable at 2025-09-13 15:41:46, disable waiting } for current status.
