09-13 16:00:19.285  8450  8450 V GraphicsEnvironment: ANGLE Developer option for 'com.gamepub.pt' set to: 'default'
09-13 16:00:19.307  1377  2981 D AudioFlingerExtImpl: AudioFlingerExtImpl oplusSetParameters: keyvalue currentGamePackageName=com.gamepub.pt
09-13 16:00:19.310  8450  8450 D nativeloader: Load /data/app/~~L6gkTAdUNxoLtiPFoqTL4A==/com.gamepub.pt-B3lnA4DFMVUWyGgGQWM2hg==/lib/arm64/libloader.so using ns clns-5 from class loader (caller=/data/app/~~L6gkTAdUNxoLtiPFoqTL4A==/com.gamepub.pt-B3lnA4DFMVUWyGgGQWM2hg==/base.apk): ok
09-13 16:00:19.310  1377  2981 D AudioFlingerExtImpl: MagicVoiceSetParameters, tempCurrentPackageName:com.gamepub.pt
09-13 16:00:19.313  2580  5835 D OplusWifiTransactionHelper: notifyGameInfoJsonStr: gameInfo = {"PKG_NAME":"com.gamepub.pt","PERFORMANCE_MODE":0}
09-13 16:00:19.315 16172 16443 D AppSortManager: updateApp app:com.gamepub.pt
09-13 16:00:19.315  1317  1317 D audio_hw_primary: adev_set_parameters: enter: currentGamePackageName=com.gamepub.pt
09-13 16:00:19.315  2580  6061 D OplusWifiTransactionHelper: notifyGameInfoJsonStr: gameInfo = {"PKG_NAME":"com.gamepub.pt","PERFORMANCE_MODE":0}
09-13 16:00:19.338 16172 16172 W FrameInsert: getDisplayFunctionCapability for com.gamepub.pt enter
09-13 16:00:19.378 16172 16396 D network : getData for https://games-community-sg.heytapmobile.com/games/tool/recharge/page/jump?pkgName=com.gamepub.pt started !!
09-13 16:00:19.379  8450  8450 D nativeloader: Load /data/app/~~L6gkTAdUNxoLtiPFoqTL4A==/com.gamepub.pt-B3lnA4DFMVUWyGgGQWM2hg==/lib/arm64/libcrashlytics.so using ns clns-5 from class loader (caller=/data/app/~~L6gkTAdUNxoLtiPFoqTL4A==/com.gamepub.pt-B3lnA4DFMVUWyGgGQWM2hg==/base.apk!classes3.dex): ok
09-13 16:00:19.380 16172 16396 I httpdns : HttpDnsInterceptor.preIntercept, input: https://games-community-sg.heytapmobile.com/games/tool/recharge/page/jump?pkgName=com.gamepub.pt
09-13 16:00:19.380 16172 16396 I httpdns : HttpDnsInterceptor.preIntercept, output: https://games-community-sg.heytapmobile.com/games/tool/recharge/page/jump?pkgName=com.gamepub.pt
09-13 16:00:19.401  8450  8450 I FirebaseCrashlytics: Initializing Firebase Crashlytics 18.3.2 for com.gamepub.pt
09-13 16:00:19.436  8450  8482 W com.gamepub.pt: ClassLoaderContext classpath size mismatch. expected=1, found=0 (DLC[];PCL[base.apk*2933616277]{PCL[/system/framework/org.apache.http.legacy.jar*3034548894]#PCL[/apex/com.android.extservices/javalib/android.ext.adservices.jar*114502043]#PCL[/system/framework/com.android.media.remotedisplay.jar*3472798123]#PCL[/system/framework/com.android.location.provider.jar*3633238672]#PCL[/system/framework/org.apache.http.legacy.jar*3034548894]#PCL[/apex/com.android.extservices/javalib/android.ext.adservices.jar*114502043]} | DLC[];PCL[])
09-13 16:00:19.444  3905  4181 W AuthDialogHelper: checkNotificationSwitchFirst() called with: context = [com.oplus.notification.NotificationCenterService@754e682], pkg = [com.gamepub.pt], uid = [12448], userId = [0], init checker
09-13 16:00:19.444  3905  4181 E AuthDialogHelper: CheckNotificationCanBeSetSecond: check com.gamepub.pt , Notification master switch on, unable to pop dialog
09-13 16:00:19.488  8450  8482 W com.gamepub.pt: ClassLoaderContext classpath element checksum mismatch. expected=2933616277, found=3769346125 (DLC[];PCL[base.apk*2933616277]{PCL[/system/framework/org.apache.http.legacy.jar*3034548894]#PCL[/apex/com.android.extservices/javalib/android.ext.adservices.jar*114502043]#PCL[/system/framework/com.android.media.remotedisplay.jar*3472798123]#PCL[/system/framework/com.android.location.provider.jar*3633238672]#PCL[/system/framework/org.apache.http.legacy.jar*3034548894]#PCL[/apex/com.android.extservices/javalib/android.ext.adservices.jar*114502043]} | DLC[];PCL[/data/app/~~L6gkTAdUNxoLtiPFoqTL4A==/com.gamepub.pt-B3lnA4DFMVUWyGgGQWM2hg==/base.apk*3769346125]{PCL[/system/framework/org.apache.http.legacy.jar*3034548894]})
09-13 16:00:19.536 16172 16396 I httpdns : HttpDnsInterceptor.afterIntercept, https://games-community-sg.heytapmobile.com/games/tool/recharge/page/jump?pkgName=com.gamepub.pt#200#null
09-13 16:00:19.537 16172 16396 D network : return  NetworkResponse for https://games-community-sg.heytapmobile.com/games/tool/recharge/page/jump?pkgName=com.gamepub.pt took 159
09-13 16:00:19.538 16172 16396 D network : desiriaize for https://games-community-sg.heytapmobile.com/games/tool/recharge/page/jump?pkgName=com.gamepub.pt return  NetworkResponse took 1
09-13 16:00:19.538 16172 16396 D network : getData for https://games-community-sg.heytapmobile.com/games/tool/recharge/page/jump?pkgName=com.gamepub.pt took : 160
09-13 16:00:19.698  8450  8499 W com.gamepub.pt: Accessing hidden method Ldalvik/system/VMStack;->getStackClass2()Ljava/lang/Class; (unsupported, reflection, allowed)
09-13 16:00:19.724  8450  8497 E com.gamepub.pt: No package ID 6a found for ID 0x6a0b000f.
09-13 16:00:19.727  8450  8497 I FA      :   adb shell setprop debug.firebase.analytics.app com.gamepub.pt
09-13 16:00:19.731  8450  8480 W com.gamepub.pt: ClassLoaderContext type mismatch. expected=PCL, found=DLC (PCL[] | DLC[];PCL[/data/app/~~L6gkTAdUNxoLtiPFoqTL4A==/com.gamepub.pt-B3lnA4DFMVUWyGgGQWM2hg==/base.apk*3769346125]{PCL[/system/framework/org.apache.http.legacy.jar*3034548894]})
09-13 16:00:19.819  2580  4982 W PackageManager: package unknown uid 12448 pid 8450 call SetEnabledSetting(com.gamepub.pt component = androidx.work.impl.background.systemjob.SystemJobService, 1, 0x1, 0)
09-13 16:00:19.876  8450  8450 I Quality : ActivityThread: bindApplication delay 933 com.gamepub.pt 8450
09-13 16:00:19.923  8450  8450 D nativeloader: Load /data/app/~~L6gkTAdUNxoLtiPFoqTL4A==/com.gamepub.pt-B3lnA4DFMVUWyGgGQWM2hg==/lib/arm64/libMyLibName.so using ns clns-5 from class loader (caller=/data/app/~~L6gkTAdUNxoLtiPFoqTL4A==/com.gamepub.pt-B3lnA4DFMVUWyGgGQWM2hg==/base.apk!classes6.dex): ok
09-13 16:00:19.951  8450  8450 D nativeloader: Load /data/app/~~L6gkTAdUNxoLtiPFoqTL4A==/com.gamepub.pt-B3lnA4DFMVUWyGgGQWM2hg==/lib/arm64/libfrida-gadget.so using ns clns-5 from class loader (caller=/data/app/~~L6gkTAdUNxoLtiPFoqTL4A==/com.gamepub.pt-B3lnA4DFMVUWyGgGQWM2hg==/base.apk!classes3.dex): ok
09-13 16:00:19.988  8450  8450 D nativeloader: Load /data/app/~~L6gkTAdUNxoLtiPFoqTL4A==/com.gamepub.pt-B3lnA4DFMVUWyGgGQWM2hg==/lib/arm64/libmain.so using ns clns-5 from class loader (caller=/data/app/~~L6gkTAdUNxoLtiPFoqTL4A==/com.gamepub.pt-B3lnA4DFMVUWyGgGQWM2hg==/base.apk!classes3.dex): ok
09-13 16:00:20.219  8450  8450 I Quality : ActivityThread: activityStart delay 342 com.gamepub.pt 8450
09-13 16:00:20.225  8450  8450 D AudioManagerExtImpl: getStreamVolume packageName=com.gamepub.pt, index=0, streamType=3
09-13 16:00:20.240  8450  8450 D OplusSlideAnimOptHelper: com.gamepub.pt scrollEffectOpt enable = false
09-13 16:00:20.244  8450  8450 D WindowManager: Add to mViews: DecorView@69c6ecb[UnityPlayerActivity],pkg= com.gamepub.pt
09-13 16:00:20.252  2580  6061 D OplusDisplayPolicy: com.gamepub.pt, no change cutoutMode: 0
09-13 16:00:20.276  4471 25148 I PhenotypeResourceReader: unable to find any Phenotype resource metadata for com.gamepub.pt
09-13 16:00:20.285  8450  8450 W com.gamepub.pt: Entry not found
09-13 16:00:20.397  2580  2629 I ActivityManager: Start proc 8532:com.google.android.webview:sandboxed_process0:org.chromium.content.app.SandboxedProcessService0:0/u0i53 for  {com.gamepub.pt/org.chromium.content.app.SandboxedProcessService0:0}
09-13 16:00:20.494  2580  6061 D ConnectivityService: requestNetwork for uid/pid:12448/8450 activeRequest: null callbackRequest: 2248 [NetworkRequest [ REQUEST id=2249, [ Capabilities: INTERNET&NOT_RESTRICTED&TRUSTED&NOT_VCN_MANAGED Uid: 12448 RequestorUid: 12448 RequestorPkg: com.gamepub.pt UnderlyingNetworks: Null] ]] callback flags: 0 order: 2147483647 isUidTracked: false declaredMethods: ALL
09-13 16:00:20.495  2580  2938 D WifiNetworkFactory: got request NetworkRequest [ REQUEST id=2249, [ Capabilities: INTERNET&NOT_RESTRICTED&TRUSTED&NOT_VCN_MANAGED Uid: 12448 RequestorUid: 12448 RequestorPkg: com.gamepub.pt UnderlyingNetworks: Null] ]
09-13 16:00:20.495  2580  2938 D UntrustedWifiNetworkFactory: got request NetworkRequest [ REQUEST id=2249, [ Capabilities: INTERNET&NOT_RESTRICTED&TRUSTED&NOT_VCN_MANAGED Uid: 12448 RequestorUid: 12448 RequestorPkg: com.gamepub.pt UnderlyingNetworks: Null] ]
09-13 16:00:20.495  2580  2938 D OemPaidWifiNetworkFactory: got request NetworkRequest [ REQUEST id=2249, [ Capabilities: INTERNET&NOT_RESTRICTED&TRUSTED&NOT_VCN_MANAGED Uid: 12448 RequestorUid: 12448 RequestorPkg: com.gamepub.pt UnderlyingNetworks: Null] ]
09-13 16:00:20.655  8450  8450 E com.gamepub.pt: ofbOpen failed with error=No such file or directory
09-13 16:00:20.655  8450  8450 E com.gamepub.pt: sysOpen failed with error=No such file or directory
09-13 16:00:20.665  2580  5835 D OplusDisplayPolicy: com.gamepub.pt, no change cutoutMode: 0
09-13 16:00:20.665  2580  5835 I OplusZoomWindowManagerService: addTapExcluedWindow win = Window{a3568db u0 com.gamepub.pt}
09-13 16:00:20.681  8450  8580 I CameraManagerExtImpl: packagename is com.gamepub.pt
09-13 16:00:20.681  8450  8580 I OplusCameraManager: saveOpPackageName, mOpPackageName: com.gamepub.pt
09-13 16:00:20.683  8450  8580 I OplusCameraManagerGlobal: setClientInfo, packageName: com.gamepub.pt, uid: 12448, pid: 8450
09-13 16:00:20.705  2580  6061 D OplusDisplayPolicy: com.gamepub.pt, no change cutoutMode: 0
09-13 16:00:20.710  2580  6061 V WindowManager: Changing focus from null to Window{dc8272a u0 com.gamepub.pt/com.unity3d.player.UnityPlayerActivity},diplayid=0
09-13 16:00:20.711  2580  6061 D CompactWindowManagerService: notifyCompactWindowState task: Task{84926dd #112 type=standard A=12448:com.gamepub.pt U=0 visible=true mode=fullscreen translucent=false sz=1}; hasFocus: true
09-13 16:00:20.711  2580  6061 D ActivityTaskManager: onWindowFocusChanged Task{84926dd #112 type=standard A=12448:com.gamepub.pt U=0 visible=true mode=fullscreen translucent=false sz=1} would transfer to compact
09-13 16:00:20.751  2580  6071 D OplusDisplayPolicy: com.gamepub.pt, no change cutoutMode: 0
09-13 16:00:20.759  1381  1381 D OplusLayer: setBuffer sequence=5042, name=com.gamepub.pt/com.unity3d.player.UnityPlayerActivity#0
09-13 16:00:20.776  2580  2613 D OplusStartingWindowManager: interceptRemoveStartingWindow activity.packageName=com.gamepub.pt isSnapshot=false mStartingSurfaceRunnable=null
09-13 16:00:20.778  2580  2613 I Quality : LaunchTime2.0: com.gamepub.pt/com.unity3d.player.UnityPlayerActivity 1 1971
09-13 16:00:20.782  2580  2608 W ziparchive: Unable to open '/data/app/~~L6gkTAdUNxoLtiPFoqTL4A==/com.gamepub.pt-B3lnA4DFMVUWyGgGQWM2hg==/base.dm': No such file or directory
09-13 16:00:20.787  2580  2608 I ActivityTaskManager: Displayed com.gamepub.pt/com.unity3d.player.UnityPlayerActivity: +2s6ms
09-13 16:00:20.796  2580  6071 I FocusResolver: updateFocusedWindow, dc8272a com.gamepub.pt/com.unity3d.player.UnityPlayerActivity on display 0, reason: Window became focusable. Previous reason: NOT_VISIBLE, result:   FocusedWindows:
09-13 16:00:20.796  2580  6071 I FocusResolver:     displayId=0, name='dc8272a com.gamepub.pt/com.unity3d.player.UnityPlayerActivity'
09-13 16:00:20.817  2580  6071 D InputMethodManagerService: isSecurity: attribute.packageName=com.gamepub.pt mCurMethodId=com.google.android.inputmethod.latin/com.android.inputmethod.latin.LatinIME
09-13 16:00:20.841  8450  8450 I Quality : Skipped: false 1 cost 17.040352 refreshRate 0 processName com.gamepub.pt
09-13 16:00:20.848  8450  8521 W com.gamepub.pt: Accessing hidden method Ljava/lang/invoke/MethodHandles$Lookup;-><init>(Ljava/lang/Class;I)V (unsupported, reflection, allowed)
09-13 16:00:20.853  2580  6066 W InputManager-JNI: Input channel object '5897113 Splash Screen com.gamepub.pt (client)' was disposed without first being removed with the input manager!
09-13 16:00:20.853  8803  8803 I GoogleInputMethodService: GoogleInputMethodService.onStartInput():1315 onStartInput(EditorInfo{EditorInfo{packageName=com.gamepub.pt, inputType=0, inputTypeString=NULL, enableLearning=false, autoCorrection=false, autoComplete=false, imeOptions=0, privateImeOptions=null, actionName=UNSPECIFIED, actionLabel=null, initialSelStart=-1, initialSelEnd=-1, initialCapsMode=0, label=null, fieldId=2131230979, fieldName=null, extras=null, hintText=null, hintLocales=[]}}, false)
09-13 16:00:20.970  8450  8521 I Unity   : ApplicationInfo com.gamepub.pt version 2.5.04 build 71bdce8f-328c-4ebd-bde8-746e4996a98c
09-13 16:00:20.972  2580  2746 D OplusDisplayPolicy: com.gamepub.pt, no change cutoutMode: 0
09-13 16:00:20.990  2580  5835 D OplusDisplayPolicy: com.gamepub.pt, no change cutoutMode: 0
09-13 16:00:21.031 17314  3358 I Finsky  : [3155] requestDownloadInfo() for package: com.gamepub.pt
09-13 16:00:21.035 17314  3358 I Finsky  : [3155] getSessionStates for package: com.gamepub.pt
09-13 16:00:21.038  2580  2613 I WindowStateExtImpl: onSurfaceShowChange show = false mPackageName = com.gamepub.pt parentPkgName = com.gamepub.pt
09-13 16:00:21.040 17314  3358 I Finsky  : [3155] requestDownloadInfo() for package: com.gamepub.pt
09-13 16:00:21.045 17314  7039 I Finsky  : [3672] com.gamepub.pt is installed but certificate mismatch
09-13 16:00:21.054  1381  1381 D OplusLayer: ~Layer() sequence=5051, name=Surface(name=5897113 Splash Screen com.gamepub.pt)/@0x5b1feb5 - animation-leash of window_animation#0 0xb400007e1a615680
09-13 16:00:21.055  1381  1381 D OplusLayer: ~Layer() sequence=5028, name=5897113 Splash Screen com.gamepub.pt#0 0xb400007e1eb0a080
09-13 16:00:21.059  1381  1381 D OplusLayer: ~Layer() sequence=5029, name=Splash Screen com.gamepub.pt#0 0xb400007e1ac28740
09-13 16:00:21.076 17314  7039 I Finsky  : [3672] com.gamepub.pt is installed but certificate mismatch
09-13 16:00:21.129  3233  3233 D InterruptionStateProvider: No bubble up: not allowed to bubble: 0|android|0|com.android.server.wm.AlertWindowNotification - com.gamepub.pt|1000
09-13 16:00:21.129  3233  3233 D InterruptionStateProvider: No heads up: unimportant notification: 0|android|0|com.android.server.wm.AlertWindowNotification - com.gamepub.pt|1000
09-13 16:00:21.262  3233  3233 D InterruptionStateProvider: No bubble up: not allowed to bubble: 0|android|0|com.android.server.wm.AlertWindowNotification - com.gamepub.pt|1000
09-13 16:00:21.371  8450  8521 D com.gamepub.pt: PlayerBase::PlayerBase()
09-13 16:00:21.371  8450  8521 D com.gamepub.pt: TrackPlayerBase::TrackPlayerBase()
09-13 16:00:21.376  1377 22170 V ListServiceUtils: checkInListByUid pid:8450 procName:com.gamepub.pt cost 267us return 0
09-13 16:00:21.377  1377 22170 V ListServiceUtils: checkInListByUid uid:12448 procName:com.gamepub.pt cost 98us return 0
09-13 16:00:21.377  1377 22170 D voice_scence_discern: get scence process name:com.gamepub.pt
09-13 16:00:21.377  1377 22170 D OplusAudioVoiceScence: scenceState=0, flags=0x104, clientPname=com.gamepub.pt
09-13 16:00:21.413  5036 20416 D DetectSceneService: activeAudioAppList = [com.gamepub.pt]
09-13 16:00:21.415  5036 20416 D DetectSceneService: activeAudioAppList = [com.gamepub.pt]
09-13 16:00:21.592  2580  6061 D SensorServiceImpl: isAllowOplusAMD =com.gamepub.pt
09-13 16:00:21.867  2580  6061 D OplusDisplayPolicy: com.gamepub.pt, no change cutoutMode: 0
09-13 16:00:21.899  8450  8521 D nativeloader: Load /data/app/~~L6gkTAdUNxoLtiPFoqTL4A==/com.gamepub.pt-B3lnA4DFMVUWyGgGQWM2hg==/lib/arm64/libFirebaseCppApp-10_1_1.so using ns clns-5 from class loader (caller=/data/app/~~L6gkTAdUNxoLtiPFoqTL4A==/com.gamepub.pt-B3lnA4DFMVUWyGgGQWM2hg==/base.apk!classes3.dex): ok
09-13 16:00:22.032  2580  2746 D ConnectivityService: requestNetwork for uid/pid:12448/8450 activeRequest: null callbackRequest: 2251 [NetworkRequest [ REQUEST id=2252, [ Capabilities: INTERNET&NOT_RESTRICTED&TRUSTED&NOT_VCN_MANAGED Uid: 12448 RequestorUid: 12448 RequestorPkg: com.gamepub.pt UnderlyingNetworks: Null] ]] callback flags: 0 order: 2147483647 isUidTracked: false declaredMethods: ALL
09-13 16:00:22.037  2580  2938 D WifiNetworkFactory: got request NetworkRequest [ REQUEST id=2252, [ Capabilities: INTERNET&NOT_RESTRICTED&TRUSTED&NOT_VCN_MANAGED Uid: 12448 RequestorUid: 12448 RequestorPkg: com.gamepub.pt UnderlyingNetworks: Null] ]
09-13 16:00:22.037  2580  2938 D UntrustedWifiNetworkFactory: got request NetworkRequest [ REQUEST id=2252, [ Capabilities: INTERNET&NOT_RESTRICTED&TRUSTED&NOT_VCN_MANAGED Uid: 12448 RequestorUid: 12448 RequestorPkg: com.gamepub.pt UnderlyingNetworks: Null] ]
09-13 16:00:22.043  2580  2938 D OemPaidWifiNetworkFactory: got request NetworkRequest [ REQUEST id=2252, [ Capabilities: INTERNET&NOT_RESTRICTED&TRUSTED&NOT_VCN_MANAGED Uid: 12448 RequestorUid: 12448 RequestorPkg: com.gamepub.pt UnderlyingNetworks: Null] ]
09-13 16:00:22.145  8450  8521 D AudioManagerExtImpl: getStreamVolume packageName=com.gamepub.pt, index=0, streamType=3
09-13 16:00:22.190  8450  8521 D AudioManagerExtImpl: getStreamVolume packageName=com.gamepub.pt, index=0, streamType=3
09-13 16:00:22.202  8450  8646 E com.gamepub.pt: Attempt to load writable dex file: /data/user/0/com.gamepub.pt/cache/app_resources_lib.jar
09-13 16:00:22.202  8450  8646 W ziparchive: Unable to open '/data/user/0/com.gamepub.pt/cache/app_resources_lib.dm': No such file or directory
09-13 16:00:22.236  8450  8646 E com.gamepub.pt: Attempt to load writable dex file: /data/user/0/com.gamepub.pt/cache/google_api_resources_lib.jar
09-13 16:00:22.240  8450  8646 W ziparchive: Unable to open '/data/user/0/com.gamepub.pt/cache/google_api_resources_lib.dm': No such file or directory
09-13 16:00:22.241  1381  1381 D OplusLayer: setBuffer sequence=5047, name=SurfaceView[com.gamepub.pt/com.unity3d.player.UnityPlayerActivity](BLAST)#0
09-13 16:00:22.329  8450  8647 E com.gamepub.pt: Attempt to load writable dex file: /data/user/0/com.gamepub.pt/cache/app_resources_lib.jar
09-13 16:00:22.329  8450  8647 W ziparchive: Unable to open '/data/user/0/com.gamepub.pt/cache/app_resources_lib.dm': No such file or directory
09-13 16:00:22.335  8450  8647 E com.gamepub.pt: Attempt to load writable dex file: /data/user/0/com.gamepub.pt/cache/google_api_resources_lib.jar
09-13 16:00:22.336  8450  8647 W ziparchive: Unable to open '/data/user/0/com.gamepub.pt/cache/google_api_resources_lib.dm': No such file or directory
09-13 16:00:22.359  2580  2746 D ConnectivityService: requestNetwork for uid/pid:12448/8450 activeRequest: null callbackRequest: 2253 [NetworkRequest [ REQUEST id=2254, [ Capabilities: INTERNET&NOT_RESTRICTED&TRUSTED&NOT_VCN_MANAGED Uid: 12448 RequestorUid: 12448 RequestorPkg: com.gamepub.pt UnderlyingNetworks: Null] ]] callback flags: 0 order: 2147483647 isUidTracked: false declaredMethods: ALL
09-13 16:00:22.364  2580  2938 D WifiNetworkFactory: got request NetworkRequest [ REQUEST id=2254, [ Capabilities: INTERNET&NOT_RESTRICTED&TRUSTED&NOT_VCN_MANAGED Uid: 12448 RequestorUid: 12448 RequestorPkg: com.gamepub.pt UnderlyingNetworks: Null] ]
09-13 16:00:22.366  2580  2938 D UntrustedWifiNetworkFactory: got request NetworkRequest [ REQUEST id=2254, [ Capabilities: INTERNET&NOT_RESTRICTED&TRUSTED&NOT_VCN_MANAGED Uid: 12448 RequestorUid: 12448 RequestorPkg: com.gamepub.pt UnderlyingNetworks: Null] ]
09-13 16:00:22.366  2580  2938 D OemPaidWifiNetworkFactory: got request NetworkRequest [ REQUEST id=2254, [ Capabilities: INTERNET&NOT_RESTRICTED&TRUSTED&NOT_VCN_MANAGED Uid: 12448 RequestorUid: 12448 RequestorPkg: com.gamepub.pt UnderlyingNetworks: Null] ]
09-13 16:00:22.386  8450  8647 D nativeloader: Load libFirebaseCppApp-10_1_0.so using ns clns-5 from class loader (caller=/data/app/~~L6gkTAdUNxoLtiPFoqTL4A==/com.gamepub.pt-B3lnA4DFMVUWyGgGQWM2hg==/base.apk!classes3.dex): dlopen failed: library "libFirebaseCppApp-10_1_0.so" not found
09-13 16:00:22.413  8450  8715 E com.gamepub.pt: Attempt to load writable dex file: /data/user/0/com.gamepub.pt/app_pccache/5/B6EA2E920DF34AD079952BEB09AEEF53F19B467E/pcam.jar
09-13 16:00:22.414  8450  8715 W ziparchive: Unable to open '/data/user/0/com.gamepub.pt/app_pccache/5/B6EA2E920DF34AD079952BEB09AEEF53F19B467E/pcam.dm': No such file or directory
09-13 16:00:22.416  8450  8647 E com.gamepub.pt: Attempt to load writable dex file: /data/user/0/com.gamepub.pt/cache/auth_resources_lib.jar
09-13 16:00:22.417  8450  8647 W ziparchive: Unable to open '/data/user/0/com.gamepub.pt/cache/auth_resources_lib.dm': No such file or directory
09-13 16:00:22.477  8450  8450 W AdWorker(Defaul: type=1400 audit(0.0:24182): avc: granted { execute } for path="/data/data/com.gamepub.pt/app_pccache/5/B6EA2E920DF34AD079952BEB09AEEF53F19B467E/pcam.jar" dev="sda11" ino=2096532 scontext=u:r:untrusted_app:s0:c144,c265,c512,c768 tcontext=u:object_r:app_data_file:s0:c144,c265,c512,c768 tclass=file app=com.gamepub.pt
09-13 16:00:22.485  8450  8715 D nativeloader: Load /data/user/0/com.gamepub.pt/app_pccache/5/B6EA2E920DF34AD079952BEB09AEEF53F19B467E/pcam.jar!/libd61C20FA7A391.so using isolated ns clns-13 (caller=/data/user/0/com.gamepub.pt/app_pccache/5/B6EA2E920DF34AD079952BEB09AEEF53F19B467E/pcam.jar): ok
09-13 16:00:22.585  8450  8670 I AudioManager: In isSpeakerphoneOn(), calling application: com.gamepub.pt
09-13 16:00:22.591  8450  8670 D AudioManagerExtImpl: getStreamVolume packageName=com.gamepub.pt, index=0, streamType=3
09-13 16:00:22.594  8450  8670 D AudioManagerExtImpl: getStreamVolume packageName=com.gamepub.pt, index=0, streamType=2
09-13 16:00:22.606  8450  8750 I AudioManager: In isSpeakerphoneOn(), calling application: com.gamepub.pt
09-13 16:00:22.618  8450  8750 D AudioManagerExtImpl: getStreamVolume packageName=com.gamepub.pt, index=0, streamType=3
09-13 16:00:22.621  8450  8482 E com.gamepub.pt: No package ID 6a found for ID 0x6a0b000f.
09-13 16:00:22.627  8450  8750 D AudioManagerExtImpl: getStreamVolume packageName=com.gamepub.pt, index=0, streamType=2
09-13 16:00:22.685  8450  8674 I AudioManager: In isSpeakerphoneOn(), calling application: com.gamepub.pt
09-13 16:00:22.695  8450  8674 D AudioManagerExtImpl: getStreamVolume packageName=com.gamepub.pt, index=0, streamType=3
09-13 16:00:22.704  8450  8674 D AudioManagerExtImpl: getStreamVolume packageName=com.gamepub.pt, index=0, streamType=2
09-13 16:00:22.707  8450  8748 I AudioManager: In isSpeakerphoneOn(), calling application: com.gamepub.pt
09-13 16:00:22.715  8450  8748 D AudioManagerExtImpl: getStreamVolume packageName=com.gamepub.pt, index=0, streamType=3
09-13 16:00:22.722  8450  8748 D AudioManagerExtImpl: getStreamVolume packageName=com.gamepub.pt, index=0, streamType=2
09-13 16:00:22.928  8450  8450 D AudioManagerExtImpl: getStreamVolume packageName=com.gamepub.pt, index=0, streamType=3
09-13 16:00:22.930  5008 18574 D OplusAtlasService: getAttributeByAppName module:oplus-getStreamMaxVolume packageName:com.gamepub.pt
09-13 16:00:22.965  8450  8450 D UnityAds: com.unity3d.services.core.misc.Utilities.writeFile() (line:129) :: Wrote file: /data/user/0/com.gamepub.pt/files/UnityAdsStorage-public-data.json
09-13 16:00:23.041  8450  8450 W com.gamepub.pt: type=1400 audit(0.0:24183): avc: denied { read } for name="/" dev="dm-15" ino=58 scontext=u:r:untrusted_app:s0:c144,c265,c512,c768 tcontext=u:object_r:rootfs:s0 tclass=dir permissive=0 app=com.gamepub.pt
09-13 16:00:23.100  8450  8450 I Quality : Skipped: false 51 cost 859.5029 refreshRate 0 processName com.gamepub.pt
09-13 16:00:23.103  8450  8788 W com.gamepub.pt: Accessing hidden method Ldalvik/system/CloseGuard;->get()Ldalvik/system/CloseGuard; (unsupported,core-platform-api, reflection, allowed)
09-13 16:00:23.104  8450  8788 W com.gamepub.pt: Accessing hidden method Ldalvik/system/CloseGuard;->open(Ljava/lang/String;)V (unsupported,core-platform-api, reflection, allowed)
09-13 16:00:23.104  8450  8788 W com.gamepub.pt: Accessing hidden method Ldalvik/system/CloseGuard;->warnIfOpen()V (unsupported,core-platform-api, reflection, allowed)
09-13 16:00:23.104  2580  4982 D OplusDisplayPolicy: com.gamepub.pt, no change cutoutMode: 0
09-13 16:00:23.135  8450  8450 W com.gamepub.pt: Attempt to remove non-JNI local reference
09-13 16:00:23.156  8450  8450 I Quality : Skipped: false 3 cost 53.405773 refreshRate 0 processName com.gamepub.pt
09-13 16:00:23.158  2580  6068 D OplusDisplayPolicy: com.gamepub.pt, no change cutoutMode: 0
09-13 16:00:23.160  3905  7076 W ziparchive: Unable to open '/data/app/~~L6gkTAdUNxoLtiPFoqTL4A==/com.gamepub.pt-B3lnA4DFMVUWyGgGQWM2hg==/base.dm': No such file or directory
09-13 16:00:23.157  3905  3905 W LogcatParserThr: type=1400 audit(0.0:24184): avc: denied { write } for name="com.gamepub.pt-B3lnA4DFMVUWyGgGQWM2hg==" dev="sda11" ino=2094148 scontext=u:r:system_app:s0 tcontext=u:object_r:apk_data_file:s0 tclass=dir permissive=0
09-13 16:00:23.191  3905  7076 W ziparchive: Unable to open '/data/app/~~L6gkTAdUNxoLtiPFoqTL4A==/com.gamepub.pt-B3lnA4DFMVUWyGgGQWM2hg==/base.dm': No such file or directory
09-13 16:00:23.225  3905  7076 I Quality-OIDTUtils: Exception type:2; pkgName:com.gamepub.pt;
09-13 16:00:23.389  8450  8772 V ironSourceSDK: INTERNAL: UIThread: false h run - collecting data for events: {isLimitAdTrackingEnabled=false, appVersion=2.5.04, mobileCarrier=Mobifone, tz=Asia/Ho_Chi_Minh, icc=vn, advertisingId=cdda8b38-56dc-4ead-b4a0-6a0b011e718f, language=vi, battery=86, mcc=452, connectionType=wifi, internalFreeMemory=57347, osVersion=31(12), appKey=15faaf7b5, firstSession=false, deviceOEM=OPPO, auid=59d19268-e75e-4e49-96fa-55997a550ac3, mnc=1, deviceOS=Android, mt=AdMob310, bundleId=com.gamepub.pt, sessionId=24d4c76d-ac10-45e2-bf1f-dabd59fa7ba0, externalFreeMemory=57347, advertisingIdType=GAID, jb=false, sdkVersion=7.2.3.1, deviceModel=CPH2113, gmtMinutesOffset=420}
09-13 16:00:23.455  8450  8780 D AudioManagerExtImpl: getStreamVolume packageName=com.gamepub.pt, index=0, streamType=3
09-13 16:00:23.456  5008 18574 D OplusAtlasService: getAttributeByAppName module:oplus-getStreamMaxVolume packageName:com.gamepub.pt
09-13 16:00:23.462 17314  3358 I Finsky  : [3155] com.gamepub.pt: Account from first account - [0lZTY1HnOeF5H89UIj3abDG2uiFQYAS2-dZyNwldDdo]
09-13 16:00:23.464 17314  3358 I Finsky  : [3155] Billing preferred account via installer for com.gamepub.pt: [0lZTY1HnOeF5H89UIj3abDG2uiFQYAS2-dZyNwldDdo]
09-13 16:00:23.501  5008 18574 D OplusAtlasService: getAttributeByAppName module:oplus-getStreamMaxVolume packageName:com.gamepub.pt
09-13 16:00:23.514  8450  8788 D AudioManagerExtImpl: getStreamVolume packageName=com.gamepub.pt, index=0, streamType=3
09-13 16:00:23.528 17314  3358 I Finsky  : [3155] com.gamepub.pt: Account from first account - [0lZTY1HnOeF5H89UIj3abDG2uiFQYAS2-dZyNwldDdo]
09-13 16:00:23.529 17314  3358 I Finsky  : [3155] Billing preferred account via installer for com.gamepub.pt: [0lZTY1HnOeF5H89UIj3abDG2uiFQYAS2-dZyNwldDdo]
09-13 16:00:23.913  8450  8450 I Quality : Skipped: true 7 cost 126.59924 refreshRate 0 processName com.gamepub.pt
09-13 16:00:23.934  8450  8461 I com.gamepub.pt: NativeAlloc concurrent copying GC freed 36MB AllocSpace bytes, 261(32MB) LOS objects, 36% free, 41MB/65MB, paused 485us,61us total 348.552ms
09-13 16:00:23.993  8450  8450 I Quality : Skipped: true 4 cost 76.04481 refreshRate 0 processName com.gamepub.pt
09-13 16:00:24.103  2580  6066 D VRR [OPlusRefreshRateService]:  setFrameRateTargetControl [ 0.0 , com.gamepub.pt , false , com.oplus.battery ]
09-13 16:00:24.103  2580  6066 D VRR [OPlusExternalRefreshRateManager]:  [FRTC] FrameRate : 0 com.gamepub.pt false com.oplus.battery
09-13 16:00:24.105  2580  2654 D VRR [OPlusSurfaceFlingerController]:  add frtc FrameRate : 0 com.gamepub.pt false com.oplus.battery
09-13 16:00:24.105  1381  4285 I VRR [FRTC]: setFrameRateTarget with [0, com.gamepub.pt, 0, com.oplus.battery]
09-13 16:00:24.105  1381  4285 W VRR [FRTC]: invalid param { fps 0, proc_name com.gamepub.pt, strict_mode 0, description com.oplus.battery, rate_status 0, backend Surface, enable at 2025-09-13 16:00:24, disable waiting } for current status.
09-13 16:00:24.421  5008 18574 D OplusAtlasService: getAttributeByAppName module:oplus-getStreamMaxVolume packageName:com.gamepub.pt
09-13 16:00:24.449  8450  8775 D AudioManagerExtImpl: getStreamVolume packageName=com.gamepub.pt, index=0, streamType=3
09-13 16:00:24.450  5008 18574 D OplusAtlasService: getAttributeByAppName module:oplus-getStreamMaxVolume packageName:com.gamepub.pt
09-13 16:00:24.528  8450  8780 D AudioManagerExtImpl: getStreamVolume packageName=com.gamepub.pt, index=0, streamType=3
09-13 16:00:24.529  5008 18574 D OplusAtlasService: getAttributeByAppName module:oplus-getStreamMaxVolume packageName:com.gamepub.pt
09-13 16:00:24.682  8450  8789 I UnityAds: com.unity3d.services.core.api.Sdk.logInfo() (line:85) :: Requesting configuration from https://publisher-config.unityads.unity3d.com/games/4876663/configuration?deviceMake=OPPO&screenDensity=480&screenSize=268435810&idfi=59d19268-e75e-4e49-96fa-55997a550ac3&auid=59d19268-e75e-4e49-96fa-55997a550ac3&advertisingTrackingId=cdda8b38-56dc-4ead-b4a0-6a0b011e718f&limitAdTracking=false&installationId=2caa307f4304b81c39907aad650f897c&connectionType=wifi&screenHeight=2161&screenWidth=1080&usePerPlacementLoad=true&bundleId=com.gamepub.pt&encrypted=false&rooted=false&platform=android&sdkVersion=4210&osVersion=12&deviceModel=CPH2113&language=vi_VN&test=false&analyticsUserId=2caa307f4304b81c39907aad650f897c&analyticsSessionId=8689079536273231217&first=false&mediation.name=AdMob&mediation.version=4.2.1&mediation.adapter_version=4.2.1.1&userLevelFlagDetected=false&store=EuQDEuEDNHVIWdMHaVEoz7Ro7Y_1Pk1GZq9Oc3CBXedWtp-atbmtUPIqY-JTjlDge5HvnnhdaePTLkA2AkButhMetY584BuQC6yPrlKiuPXAO3Mq5leZFysz2sfuYA5akl3VS5DF7-Zg9xajb_mHlFK5VLohfbDJi5Zbj_G9OmyEgweq4umWJqU88Cuyib076LmtJ6nLDsz0XPz0h1-SBVTJ3p_y4BPG9_3Wni37JdKj_ItqCM0-hH77N9U0aFZr3FOqtNhCDt_A4qt8ln3R_QrQLsBeyZkVEAXZ45iKRIf3r-BnyHJA2B5aBVQTVEQTFS-qQUqGsbD_M316Iz1_SsTcQuV6jkL8xQsMGku0yDF7RmsR8FDZo3lEGo-7S3oGWLQwp_te1KiWloaZ2cXSkV_8Bt_qPHDCns2yaPJGS1yyZ6J5Zcd2zZ9X6qoIwvMxLoQfM-2MrXTnewIn5SoxONdzUi1yDGbSupqwXt46XxtrlQKkjSw1IS4Lc689YAZoKBy9dbG0pVsjpBACyxbaRt8XducMIs1soFDSxm1nThXWz5_XLQXb8je1qDEyALCG1tlICGDCqcdPGcnUc-gO5TbDtKu3WSanLnnkbZdwCBZX6VucTe8yGMk4_ZbVaxeo8SDHDaVsVQ%3D%3D
09-13 16:00:24.751  2580  6066 W NotificationService: Toast already killed. pkg=com.gamepub.pt token=android.os.BinderProxy@412753f
09-13 16:00:25.226  8450  8789 D AudioManagerExtImpl: getStreamVolume packageName=com.gamepub.pt, index=0, streamType=1
09-13 16:00:25.388  8450  8789 D AudioManagerExtImpl: getStreamVolume packageName=com.gamepub.pt, index=0, streamType=3
09-13 16:00:25.389  5008 18574 D OplusAtlasService: getAttributeByAppName module:oplus-getStreamMaxVolume packageName:com.gamepub.pt
09-13 16:00:25.747  3905  3905 I Quality-UserEventsCenter: Send jank info: Event{id=218, type=GAME, cost=1, time=1757753995679, subject=com.gamepub.pt/com.unity3d.player.UnityPlayerActivity, pid=7702, jankInfo=06ff217d09cb}
09-13 16:00:30.971  8450  8521 D nativeloader: Load /data/app/~~L6gkTAdUNxoLtiPFoqTL4A==/com.gamepub.pt-B3lnA4DFMVUWyGgGQWM2hg==/lib/arm64/libnative-googlesignin.so using ns clns-5 from class loader (caller=/data/app/~~L6gkTAdUNxoLtiPFoqTL4A==/com.gamepub.pt-B3lnA4DFMVUWyGgGQWM2hg==/base.apk!classes3.dex): ok
09-13 16:00:31.371  8450  8521 D nativeloader: Load /data/app/~~L6gkTAdUNxoLtiPFoqTL4A==/com.gamepub.pt-B3lnA4DFMVUWyGgGQWM2hg==/lib/arm64/libdiresu.so using ns clns-5 from class loader (caller=/data/app/~~L6gkTAdUNxoLtiPFoqTL4A==/com.gamepub.pt-B3lnA4DFMVUWyGgGQWM2hg==/base.apk!classes3.dex): ok
09-13 16:00:31.375  8450  8521 F com.gamepub.pt: java_vm_ext.cc:616] JNI DETECTED ERROR IN APPLICATION: thread Thread[29,tid=8521,Native,Thread*=0xb40000722863ec00,peer=0x185c6fc8,"UnityMain"] using JNIEnv* from thread Thread[1,tid=8450,Runnable,Thread*=0xb40000723c012400,peer=0x70962588,"main"]
09-13 16:00:31.375  8450  8521 F com.gamepub.pt: java_vm_ext.cc:616]     in call to FindClass
09-13 16:00:31.375  8450  8521 F com.gamepub.pt: java_vm_ext.cc:616]     from int com.nhnent.appguard.Diresu.su(java.lang.String)
09-13 16:00:31.749  8450  8450 F com.gamepub.pt: thread-inl.h:373] Transitioning to Runnable with checkpoint flag, flags=2 state=Runnable
09-13 16:00:31.805  8450  8521 F com.gamepub.pt: runtime.cc:708] Runtime aborting...
09-13 16:00:31.805  8450  8521 F com.gamepub.pt: runtime.cc:708] Dumping all threads without mutator lock held
09-13 16:00:31.805  8450  8521 F com.gamepub.pt: runtime.cc:708] All threads:
09-13 16:00:31.805  8450  8521 F com.gamepub.pt: runtime.cc:708] DALVIK THREADS (159):
09-13 16:00:31.805  8450  8521 F com.gamepub.pt: runtime.cc:708] "main" prio=10 tid=1 Runnable
09-13 16:00:31.805  8450  8521 F com.gamepub.pt: runtime.cc:708]   | group="" sCount=0 ucsCount=0 flags=0 obj=0x70962588 self=0xb40000723c012400
09-13 16:00:31.805  8450  8521 F com.gamepub.pt: runtime.cc:708]   | sysTid=8450 nice=-10 cgrp=default sched=0/0 handle=0x72e3de1500
09-13 16:00:31.805  8450  8521 F com.gamepub.pt: runtime.cc:708]   | state=R schedstat=( 3333698500 124752347 1426 ) utm=293 stm=40 core=6 HZ=100
09-13 16:00:31.805  8450  8521 F com.gamepub.pt: runtime.cc:708]   | stack=0x7fd5987000-0x7fd5989000 stackSize=8188KB
09-13 16:00:31.805  8450  8521 F com.gamepub.pt: runtime.cc:708]   | held mutexes= "mutator lock"(shared held)
09-13 16:00:31.805  8450  8521 F com.gamepub.pt: runtime.cc:708]   native: #00 pc 004fc1e0  /apex/com.android.art/lib64/libart.so (art::DumpNativeStack+108) (BuildId: 4ccb65ae9ac5ad5da3af5a342d5b0b92)
09-13 16:00:31.805  8450  8521 F com.gamepub.pt: runtime.cc:708]   native: #01 pc 004fe898  /apex/com.android.art/lib64/libart.so (art::Thread::DumpStack const+376) (BuildId: 4ccb65ae9ac5ad5da3af5a342d5b0b92)
09-13 16:00:31.805  8450  8521 F com.gamepub.pt: runtime.cc:708]   native: #02 pc 0050068c  /apex/com.android.art/lib64/libart.so (art::DumpCheckpoint::Run+216) (BuildId: 4ccb65ae9ac5ad5da3af5a342d5b0b92)
09-13 16:00:31.805  8450  8521 F com.gamepub.pt: runtime.cc:708]   native: #03 pc 0022c2b0  /apex/com.android.art/lib64/libart.so (art::Thread::RunCheckpointFunction+144) (BuildId: 4ccb65ae9ac5ad5da3af5a342d5b0b92)
09-13 16:00:31.805  8450  8521 F com.gamepub.pt: runtime.cc:708]   native: #04 pc 00933e70  /apex/com.android.art/lib64/libart.so (art::Runtime::Abort+1292) (BuildId: 4ccb65ae9ac5ad5da3af5a342d5b0b92)
09-13 16:00:31.805  8450  8521 F com.gamepub.pt: runtime.cc:708]   native: #05 pc 000160fc  /apex/com.android.art/lib64/libbase.so (android::base::SetAborter::$_0::__invoke+80) (BuildId: 1470f61c05962eb04fafe76bd58bf664)
09-13 16:00:31.805  8450  8521 F com.gamepub.pt: runtime.cc:708]   native: #06 pc 000156d0  /apex/com.android.art/lib64/libbase.so (android::base::LogMessage::~LogMessage+516) (BuildId: 1470f61c05962eb04fafe76bd58bf664)
09-13 16:00:31.805  8450  8521 F com.gamepub.pt: runtime.cc:708]   native: #07 pc 00433f08  /apex/com.android.art/lib64/libart.so (artQuickGenericJniEndTrampoline+616) (BuildId: 4ccb65ae9ac5ad5da3af5a342d5b0b92)
09-13 16:00:31.805  8450  8521 F com.gamepub.pt: runtime.cc:708]   native: #08 pc 0037ef80  /apex/com.android.art/lib64/libart.so (art_quick_generic_jni_trampoline+160) (BuildId: 4ccb65ae9ac5ad5da3af5a342d5b0b92)
09-13 16:00:31.805  8450  8521 F com.gamepub.pt: runtime.cc:708]   native: #09 pc 020fc578  /memfd:jit-cache (deleted) (offset 2000000) (android.os.MessageQueue.next+344)
09-13 16:00:31.805  8450  8521 F com.gamepub.pt: runtime.cc:708]   native: #10 pc 020e0ee0  /memfd:jit-cache (deleted) (offset 2000000) (android.os.Looper.loopOnce+176)
09-13 16:00:31.805  8450  8521 F com.gamepub.pt: runtime.cc:708]   native: #11 pc 00368a40  /apex/com.android.art/lib64/libart.so (art_quick_invoke_static_stub+640) (BuildId: 4ccb65ae9ac5ad5da3af5a342d5b0b92)
09-13 16:00:31.805  8450  8521 F com.gamepub.pt: runtime.cc:708]   native: #12 pc 00361e5c  /apex/com.android.art/lib64/libart.so (bool art::interpreter::DoCall<false>+2048) (BuildId: 4ccb65ae9ac5ad5da3af5a342d5b0b92)
09-13 16:00:31.805  8450  8521 F com.gamepub.pt: runtime.cc:708]   native: #13 pc 00770ba4  /apex/com.android.art/lib64/libart.so (void art::interpreter::ExecuteSwitchImplCpp<false>+12208) (BuildId: 4ccb65ae9ac5ad5da3af5a342d5b0b92)
09-13 16:00:31.805  8450  8521 F com.gamepub.pt: runtime.cc:708]   native: #14 pc 003815d8  /apex/com.android.art/lib64/libart.so (ExecuteSwitchImplAsm+8) (BuildId: 4ccb65ae9ac5ad5da3af5a342d5b0b92)
09-13 16:00:31.805  8450  8521 F com.gamepub.pt: runtime.cc:708]   native: #15 pc 00472b20  /system/framework/framework.jar (android.os.Looper.loop)
09-13 16:00:31.805  8450  8521 F com.gamepub.pt: runtime.cc:708]   native: #16 pc 003535dc  /apex/com.android.art/lib64/libart.so (artQuickToInterpreterBridge+1932) (BuildId: 4ccb65ae9ac5ad5da3af5a342d5b0b92)
09-13 16:00:31.805  8450  8521 F com.gamepub.pt: runtime.cc:708]   native: #17 pc 0037f098  /apex/com.android.art/lib64/libart.so (art_quick_to_interpreter_bridge+88) (BuildId: 4ccb65ae9ac5ad5da3af5a342d5b0b92)
09-13 16:00:31.805  8450  8521 F com.gamepub.pt: runtime.cc:708]   native: #18 pc 00781508  /apex/com.android.art/lib64/libart.so (nterp_helper+152) (BuildId: 4ccb65ae9ac5ad5da3af5a342d5b0b92)
09-13 16:00:31.805  8450  8521 F com.gamepub.pt: runtime.cc:708]   native: #19 pc 001b6238  /system/framework/framework.jar (android.app.ActivityThread.main+252)
09-13 16:00:31.805  8450  8521 F com.gamepub.pt: runtime.cc:708]   native: #20 pc 00368a40  /apex/com.android.art/lib64/libart.so (art_quick_invoke_static_stub+640) (BuildId: 4ccb65ae9ac5ad5da3af5a342d5b0b92)
09-13 16:00:31.805  8450  8521 F com.gamepub.pt: runtime.cc:708]   native: #21 pc 003644f4  /apex/com.android.art/lib64/libart.so (_jobject* art::InvokeMethod<8>+732) (BuildId: 4ccb65ae9ac5ad5da3af5a342d5b0b92)
09-13 16:00:31.805  8450  8521 F com.gamepub.pt: runtime.cc:708]   native: #22 pc 006c8668  /apex/com.android.art/lib64/libart.so (art::Method_invoke +32) (BuildId: 4ccb65ae9ac5ad5da3af5a342d5b0b92)
09-13 16:00:31.805  8450  8521 F com.gamepub.pt: runtime.cc:708]   native: #23 pc 0037ef70  /apex/com.android.art/lib64/libart.so (art_quick_generic_jni_trampoline+144) (BuildId: 4ccb65ae9ac5ad5da3af5a342d5b0b92)
09-13 16:00:31.805  8450  8521 F com.gamepub.pt: runtime.cc:708]   native: #24 pc 00368774  /apex/com.android.art/lib64/libart.so (art_quick_invoke_stub+612) (BuildId: 4ccb65ae9ac5ad5da3af5a342d5b0b92)
09-13 16:00:31.805  8450  8521 F com.gamepub.pt: runtime.cc:708]   native: #25 pc 00361de4  /apex/com.android.art/lib64/libart.so (bool art::interpreter::DoCall<false>+1928) (BuildId: 4ccb65ae9ac5ad5da3af5a342d5b0b92)
09-13 16:00:31.805  8450  8521 F com.gamepub.pt: runtime.cc:708]   native: #26 pc 00770ba4  /apex/com.android.art/lib64/libart.so (void art::interpreter::ExecuteSwitchImplCpp<false>+12208) (BuildId: 4ccb65ae9ac5ad5da3af5a342d5b0b92)
09-13 16:00:31.805  8450  8521 F com.gamepub.pt: runtime.cc:708]   native: #27 pc 003815d8  /apex/com.android.art/lib64/libart.so (ExecuteSwitchImplAsm+8) (BuildId: 4ccb65ae9ac5ad5da3af5a342d5b0b92)
09-13 16:00:31.805  8450  8521 F com.gamepub.pt: runtime.cc:708]   native: #28 pc 002b86d4  /system/framework/framework.jar (com.android.internal.os.RuntimeInit$MethodAndArgsCaller.run)
09-13 16:00:31.805  8450  8521 F com.gamepub.pt: runtime.cc:708]   native: #29 pc 003535dc  /apex/com.android.art/lib64/libart.so (artQuickToInterpreterBridge+1932) (BuildId: 4ccb65ae9ac5ad5da3af5a342d5b0b92)
09-13 16:00:31.805  8450  8521 F com.gamepub.pt: runtime.cc:708]   native: #30 pc 0037f098  /apex/com.android.art/lib64/libart.so (art_quick_to_interpreter_bridge+88) (BuildId: 4ccb65ae9ac5ad5da3af5a342d5b0b92)
09-13 16:00:31.805  8450  8521 F com.gamepub.pt: runtime.cc:708]   native: #31 pc 00783244  /apex/com.android.art/lib64/libart.so (nterp_helper+7636) (BuildId: 4ccb65ae9ac5ad5da3af5a342d5b0b92)
09-13 16:00:31.805  8450  8521 F com.gamepub.pt: runtime.cc:708]   native: #32 pc 002be8a2  /system/framework/framework.jar (com.android.internal.os.ZygoteInit.main+694)
09-13 16:00:31.805  8450  8521 F com.gamepub.pt: runtime.cc:708]   native: #33 pc 00368a40  /apex/com.android.art/lib64/libart.so (art_quick_invoke_static_stub+640) (BuildId: 4ccb65ae9ac5ad5da3af5a342d5b0b92)
09-13 16:00:31.805  8450  8521 F com.gamepub.pt: runtime.cc:708]   native: #34 pc 00353f6c  /apex/com.android.art/lib64/libart.so (art::ArtMethod::Invoke+204) (BuildId: 4ccb65ae9ac5ad5da3af5a342d5b0b92)
09-13 16:00:31.805  8450  8521 F com.gamepub.pt: runtime.cc:708]   native: #35 pc 00351f20  /apex/com.android.art/lib64/libart.so (art::JValue art::InvokeWithVarArgs<_jmethodID*>+512) (BuildId: 4ccb65ae9ac5ad5da3af5a342d5b0b92)
09-13 16:00:31.805  8450  8521 F com.gamepub.pt: runtime.cc:708]   native: #36 pc 0073e8d8  /apex/com.android.art/lib64/libart.so (art::JNI<true>::CallStaticVoidMethodV+104) (BuildId: 4ccb65ae9ac5ad5da3af5a342d5b0b92)
09-13 16:00:31.805  8450  8521 F com.gamepub.pt: runtime.cc:708]   native: #37 pc 000b3bf8  /system/lib64/libandroid_runtime.so (_JNIEnv::CallStaticVoidMethod+124) (BuildId: c75d3f6ad57947a5db6d38e9cde30284)
09-13 16:00:31.805  8450  8521 F com.gamepub.pt: runtime.cc:708]   native: #38 pc 000c00fc  /system/lib64/libandroid_runtime.so (android::AndroidRuntime::start+840) (BuildId: c75d3f6ad57947a5db6d38e9cde30284)
09-13 16:00:31.805  8450  8521 F com.gamepub.pt: runtime.cc:708]   native: #39 pc 00002684  /system/bin/app_process64 (main+1580) (BuildId: b66800b6ac5d87b7c521c256d6340555)
09-13 16:00:31.805  8450  8521 F com.gamepub.pt: runtime.cc:708]   native: #40 pc 000720c4  /apex/com.android.runtime/lib64/bionic/libc.so (__libc_init+100) (BuildId: bbbdeb7c87c74f1491f92c6e605095b0)
09-13 16:00:31.805  8450  8521 F com.gamepub.pt: runtime.cc:708]   at android.os.MessageQueue.nativePollOnce(Native method)
09-13 16:00:31.805  8450  8521 F com.gamepub.pt: runtime.cc:708]   at android.os.MessageQueue.next(MessageQueue.java:339)
09-13 16:00:31.805  8450  8521 F com.gamepub.pt: runtime.cc:708]   at android.os.Looper.loopOnce(Looper.java:179)
09-13 16:00:31.805  8450  8521 F com.gamepub.pt: runtime.cc:708]   at android.os.Looper.loop(Looper.java:344)
09-13 16:00:31.805  8450  8521 F com.gamepub.pt: runtime.cc:708]   at android.app.ActivityThread.main(ActivityThread.java:8212)
09-13 16:00:31.805  8450  8521 F com.gamepub.pt: runtime.cc:708]   at java.lang.reflect.Method.invoke(Native method)
09-13 16:00:31.805  8450  8521 F com.gamepub.pt: runtime.cc:708]   at com.android.internal.os.RuntimeInit$MethodAndArgsCaller.run(RuntimeInit.java:584)
09-13 16:00:31.805  8450  8521 F com.gamepub.pt: runtime.cc:708]   at com.android.internal.os.ZygoteInit.main(ZygoteInit.java:1034)
09-13 16:00:31.805  8450  8521 F com.gamepub.pt: runtime.cc:708] 
09-13 16:00:31.805  8450  8521 F com.gamepub.pt: runtime.cc:708] "FinalizerDaemon" prio=5 tid=7 Waiting
09-13 16:00:31.805  8450  8521 F com.gamepub.pt: runtime.cc:708]   | group="" sCount=1 ucsCount=0 flags=1 obj=0x185c05b0 self=0xb400007228637c00
09-13 16:00:31.805  8450  8521 F com.gamepub.pt: runtime.cc:708]   | sysTid=8463 nice=4 cgrp=default sched=0/0 handle=0x721bff2cb0
09-13 16:00:31.805  8450  8521 F com.gamepub.pt: runtime.cc:708]   | state=S schedstat=( 17213386 15347497 51 ) utm=1 stm=0 core=6 HZ=100
09-13 16:00:31.805  8450  8521 F com.gamepub.pt: runtime.cc:708]   | stack=0x721beef000-0x721bef1000 stackSize=1039KB
09-13 16:00:31.805  8450  8521 F com.gamepub.pt: runtime.cc:708]   | held mutexes=
09-13 16:00:31.805  8450  8521 F com.gamepub.pt: runtime.cc:708]   native: #00 pc 00075f30  /apex/com.android.runtime/lib64/bionic/libc.so (syscall+32) (BuildId: bbbdeb7c87c74f1491f92c6e605095b0)
09-13 16:00:31.805  8450  8521 F com.gamepub.pt: runtime.cc:708]   native: #01 pc 0022a29c  /apex/com.android.art/lib64/libart.so (art::ConditionVariable::WaitHoldingLocks+136) (BuildId: 4ccb65ae9ac5ad5da3af5a342d5b0b92)
09-13 16:00:31.805  8450  8521 F com.gamepub.pt: runtime.cc:708]   native: #02 pc 004251bc  /apex/com.android.art/lib64/libart.so (art::Monitor::Wait+7244) (BuildId: 4ccb65ae9ac5ad5da3af5a342d5b0b92)
09-13 16:00:31.805  8450  8521 F com.gamepub.pt: runtime.cc:708]   native: #03 pc 0037ef70  /apex/com.android.art/lib64/libart.so (art_quick_generic_jni_trampoline+144) (BuildId: 4ccb65ae9ac5ad5da3af5a342d5b0b92)
09-13 16:00:31.805  8450  8521 F com.gamepub.pt: runtime.cc:708]   native: #04 pc 00368774  /apex/com.android.art/lib64/libart.so (art_quick_invoke_stub+612) (BuildId: 4ccb65ae9ac5ad5da3af5a342d5b0b92)
09-13 16:00:31.805  8450  8521 F com.gamepub.pt: runtime.cc:708]   native: #05 pc 00361de4  /apex/com.android.art/lib64/libart.so (bool art::interpreter::DoCall<false>+1928) (BuildId: 4ccb65ae9ac5ad5da3af5a342d5b0b92)
09-13 16:00:31.805  8450  8521 F com.gamepub.pt: runtime.cc:708]   native: #06 pc 00770ba4  /apex/com.android.art/lib64/libart.so (void art::interpreter::ExecuteSwitchImplCpp<false>+12208) (BuildId: 4ccb65ae9ac5ad5da3af5a342d5b0b92)
09-13 16:00:31.805  8450  8521 F com.gamepub.pt: runtime.cc:708]   native: #07 pc 003815d8  /apex/com.android.art/lib64/libart.so (ExecuteSwitchImplAsm+8) (BuildId: 4ccb65ae9ac5ad5da3af5a342d5b0b92)
09-13 16:00:31.805  8450  8521 F com.gamepub.pt: runtime.cc:708]   native: #08 pc 00106710  /apex/com.android.art/javalib/core-oj.jar (java.lang.Object.wait)
09-13 16:00:31.805  8450  8521 F com.gamepub.pt: runtime.cc:708]   native: #09 pc 00354250  /apex/com.android.art/lib64/libart.so (art::interpreter::Execute +428) (BuildId: 4ccb65ae9ac5ad5da3af5a342d5b0b92)
09-13 16:00:31.805  8450  8521 F com.gamepub.pt: runtime.cc:708]   native: #10 pc 00362678  /apex/com.android.art/lib64/libart.so (bool art::interpreter::DoCall<false>+4124) (BuildId: 4ccb65ae9ac5ad5da3af5a342d5b0b92)
09-13 16:00:31.805  8450  8521 F com.gamepub.pt: runtime.cc:708]   native: #11 pc 00770ba4  /apex/com.android.art/lib64/libart.so (void art::interpreter::ExecuteSwitchImplCpp<false>+12208) (BuildId: 4ccb65ae9ac5ad5da3af5a342d5b0b92)
09-13 16:00:31.805  8450  8521 F com.gamepub.pt: runtime.cc:708]   native: #12 pc 003815d8  /apex/com.android.art/lib64/libart.so (ExecuteSwitchImplAsm+8) (BuildId: 4ccb65ae9ac5ad5da3af5a342d5b0b92)
09-13 16:00:31.805  8450  8521 F com.gamepub.pt: runtime.cc:708]   native: #13 pc 0012b570  /apex/com.android.art/javalib/core-oj.jar (java.lang.ref.ReferenceQueue.remove)
09-13 16:00:31.805  8450  8521 F com.gamepub.pt: runtime.cc:708]   native: #14 pc 00354250  /apex/com.android.art/lib64/libart.so (art::interpreter::Execute +428) (BuildId: 4ccb65ae9ac5ad5da3af5a342d5b0b92)
09-13 16:00:31.805  8450  8521 F com.gamepub.pt: runtime.cc:708]   native: #15 pc 00362678  /apex/com.android.art/lib64/libart.so (bool art::interpreter::DoCall<false>+4124) (BuildId: 4ccb65ae9ac5ad5da3af5a342d5b0b92)
09-13 16:00:31.805  8450  8521 F com.gamepub.pt: runtime.cc:708]   native: #16 pc 00770ba4  /apex/com.android.art/lib64/libart.so (void art::interpreter::ExecuteSwitchImplCpp<false>+12208) (BuildId: 4ccb65ae9ac5ad5da3af5a342d5b0b92)
09-13 16:00:31.805  8450  8521 F com.gamepub.pt: runtime.cc:708]   native: #17 pc 003815d8  /apex/com.android.art/lib64/libart.so (ExecuteSwitchImplAsm+8) (BuildId: 4ccb65ae9ac5ad5da3af5a342d5b0b92)
09-13 16:00:31.805  8450  8521 F com.gamepub.pt: runtime.cc:708]   native: #18 pc 0012b550  /apex/com.android.art/javalib/core-oj.jar (java.lang.ref.ReferenceQueue.remove)
09-13 16:00:31.805  8450  8521 F com.gamepub.pt: runtime.cc:708]   native: #19 pc 00354250  /apex/com.android.art/lib64/libart.so (art::interpreter::Execute +428) (BuildId: 4ccb65ae9ac5ad5da3af5a342d5b0b92)
09-13 16:00:31.805  8450  8521 F com.gamepub.pt: runtime.cc:708]   native: #20 pc 00362678  /apex/com.android.art/lib64/libart.so (bool art::interpreter::DoCall<false>+4124) (BuildId: 4ccb65ae9ac5ad5da3af5a342d5b0b92)
09-13 16:00:31.805  8450  8521 F com.gamepub.pt: runtime.cc:708]   native: #21 pc 00770ba4  /apex/com.android.art/lib64/libart.so (void art::interpreter::ExecuteSwitchImplCpp<false>+12208) (BuildId: 4ccb65ae9ac5ad5da3af5a342d5b0b92)
09-13 16:00:31.805  8450  8521 F com.gamepub.pt: runtime.cc:708]   native: #22 pc 003815d8  /apex/com.android.art/lib64/libart.so (ExecuteSwitchImplAsm+8) (BuildId: 4ccb65ae9ac5ad5da3af5a342d5b0b92)
09-13 16:00:31.805  8450  8521 F com.gamepub.pt: runtime.cc:708]   native: #23 pc 0002b6dc  /apex/com.android.art/javalib/core-libart.jar (java.lang.Daemons$FinalizerDaemon.runInternal)
09-13 16:00:31.805  8450  8521 F com.gamepub.pt: runtime.cc:708]   native: #24 pc 00354250  /apex/com.android.art/lib64/libart.so (art::interpreter::Execute +428) (BuildId: 4ccb65ae9ac5ad5da3af5a342d5b0b92)
09-13 16:00:31.805  8450  8521 F com.gamepub.pt: runtime.cc:708]   native: #25 pc 00362678  /apex/com.android.art/lib64/libart.so (bool art::interpreter::DoCall<false>+4124) (BuildId: 4ccb65ae9ac5ad5da3af5a342d5b0b92)
09-13 16:00:31.805  8450  8521 F com.gamepub.pt: runtime.cc:708]   native: #26 pc 00770ba4  /apex/com.android.art/lib64/libart.so (void art::interpreter::ExecuteSwitchImplCpp<false>+12208) (BuildId: 4ccb65ae9ac5ad5da3af5a342d5b0b92)
09-13 16:00:31.805  8450  8521 F com.gamepub.pt: runtime.cc:708]   native: #27 pc 003815d8  /apex/com.android.art/lib64/libart.so (ExecuteSwitchImplAsm+8) (BuildId: 4ccb65ae9ac5ad5da3af5a342d5b0b92)
09-13 16:00:31.805  8450  8521 F com.gamepub.pt: runtime.cc:708]   native: #28 pc 0002b314  /apex/com.android.art/javalib/core-libart.jar (java.lang.Daemons$Daemon.run)
09-13 16:00:31.805  8450  8521 F com.gamepub.pt: runtime.cc:708]   native: #29 pc 00354250  /apex/com.android.art/lib64/libart.so (art::interpreter::Execute +428) (BuildId: 4ccb65ae9ac5ad5da3af5a342d5b0b92)
09-13 16:00:31.805  8450  8521 F com.gamepub.pt: runtime.cc:708]   native: #30 pc 00362678  /apex/com.android.art/lib64/libart.so (bool art::interpreter::DoCall<false>+4124) (BuildId: 4ccb65ae9ac5ad5da3af5a342d5b0b92)
