09-13 15:18:03.004 25347 25368 W com.gamepub.pt: ClassLoaderContext type mismatch. expected=PCL, found=DLC (PCL[] | DLC[];PCL[/data/app/~~117SXHVqmey6Q_lw_j7HFQ==/com.gamepub.pt-0N9HN1niVfSntl5N9FcN2Q==/base.apk*2483008267]{PCL[/system/framework/org.apache.http.legacy.jar*3034548894]})
09-13 15:18:03.012  3905  5099 D AppSwitchObserverHelper: packageName: com.gamepub.pt,com.gamepub.pt
09-13 15:18:03.042 25347 25401 W com.gamepub.pt: Accessing hidden method Ldalvik/system/VMStack;->getStackClass2()Ljava/lang/Class; (unsupported, reflection, allowed)
09-13 15:18:03.046  3905  5099 E Battery : AppStats: Uid = 10263; pkgName = com.gamepub.pt; CpuFgTime = 0 ms; CpuBgTime = -598659 ms.
09-13 15:18:03.046  3905  5099 E Battery : AppStats: Uid = 10263; pkgName = com.gamepub.pt; CpuKernelFgTime = 0 ms; CpuKernelBgTime = -137108 ms.
09-13 15:18:03.046  3905  5099 E Battery : AppStats: Uid = 10263; pkgName = com.gamepub.pt; CpuUserFgTime = 0 ms ; CpuUserBgTime = -461551 ms.
09-13 15:18:03.046  3905  5099 E Battery : AppStats: Uid = 10263; pkgName = com.gamepub.pt; CpuFgPower = 0.0 mAh.; CpuBgPower = -10.574766666666667 mAh.
09-13 15:18:03.046  3905  5099 E Battery : AppStats: Uid = 10263; pkgName = com.gamepub.pt; AlarmFgWakeupCount = 0; AlarmBgWakeupCount = 0
09-13 15:18:03.046  3905  5099 E Battery : AppStats: Uid = 10263; pkgName = com.gamepub.pt; JobFgCount = 0; JobBgCount = 0; JobFgTime = 0; JobBgTime = 0
09-13 15:18:03.046  3905  5099 E Battery : AppStats: Uid = 10263; pkgName = com.gamepub.pt; SyncFgCount = 0; SyncBgCount = 0; SyncFgTime = 0; SyncBgTime = 0
09-13 15:18:03.046  3905  5099 E Battery : AppStats: Uid = 10263; pkgName = com.gamepub.pt; WakeLockFgTime = 0 ms; WakeLockFgPower = 0.0 mAh.; WakeLockBgTime = 0 ms; WakeLockBgPower = 0.0 mAh.
09-13 15:18:03.046  3905  5099 E Battery : AppStats: Uid = 10263; pkgName = com.gamepub.pt; ScreenFgTime = 592 ms; ScreenFgPower = 0.01364888888888889 mAh.
09-13 15:18:03.046  3905  5099 E Battery : AppStats: Uid = 10263; pkgName = com.gamepub.pt; FgWifiRxBytes = 1342 Bytes; BgWifiRxBytes = -213175377 Bytes; FgWifiTxBytes = 19 Bytes; BgWifiTxBytes = -3032792 Bytes; FgWifiRxPackets = 1 ; BgWifiRxPackets = -143539 ; FgWifiTxPackets = 0 ; BgWifiTxPackets = -72815 ; FgWiFiScanTimeMs = 0 ; BgWiFiScanTimeMs = 0 ; FgWiFiBatchScanTimeMs = 0 ; BgWiFiBatchScanTimeMs = 0 
09-13 15:18:03.046  3905  5099 E Battery : AppStats: Uid = 10263; pkgName = com.gamepub.pt; FgWifiRxPacketsPower = 9.605208470020443E-5 mAh; BgWifiRxPacketsPower = -13.787220001220703 mAh; FgWifiTxPacketsPower = 0.0 mAh; BgWifiTxPacketsPower = -6.994032382965088 mAh; FgWifiScanPower = 0.0 mAh; BgWifiScanPower = 0.0 mAh; FgWifiBatchScanPower = 0.0 mAh; BgWifiBatchScanPower = 0.0 mAh; FgWiFiTotalPower = 9.605208470020443E-5 mAh; BgWiFiTotalPower = -20.78125238418579 mAh.
09-13 15:18:03.046  3905  5099 E Battery : AppStats: Uid = 10263; pkgName = com.gamepub.pt; FgGpsTime = 0 ms; BgGpsTime = 0 ms.
09-13 15:18:03.046  3905  5099 E Battery : AppStats: Uid = 10263; pkgName = com.gamepub.pt; FgGpsPower = 0.0 mAh; BgGpsPower = 0.0 mAh.
09-13 15:18:03.046  3905  5099 E Battery : AppStats: Uid = 10263; pkgName = com.gamepub.pt; FgSensorTime = 0 ms; BgSensorTime = -1029 ms.
09-13 15:18:03.046  3905  5099 E Battery : AppStats: Uid = 10263; pkgName = com.gamepub.pt; FgSensorPower = 0.0 mAh; BgSensorPower = -3.9372497485601343E-4 mAh.
09-13 15:18:03.046  3905  5099 E Battery : AppStats: Uid = 10263; pkgName = com.gamepub.pt; FgCameraTime = 0 ms; BgCameraTime = 0 ms
09-13 15:18:03.046  3905  5099 E Battery : AppStats: Uid = 10263; pkgName = com.gamepub.pt; FgCameraPower = 0.0 mAh; BgCameraPower = 0.0 mAh
09-13 15:18:03.046  3905  5099 E Battery : AppStats: Uid = 10263; pkgName = com.gamepub.pt; FgFlashLightTime = 0 ms; BgFlashLightTime = 0 ms
09-13 15:18:03.046  3905  5099 E Battery : AppStats: Uid = 10263; pkgName = com.gamepub.pt; FgFlashLightPower = 0.0 mAh; BgFlashLightPower = 0.0 mAh
09-13 15:18:03.057  3905  5099 E Battery : AppStats: Uid = 10263; pkgName = com.gamepub.pt; CpuFgTime = 0 ms; CpuBgTime = -598659 ms.
09-13 15:18:03.057  3905  5099 E Battery : AppStats: Uid = 10263; pkgName = com.gamepub.pt; CpuKernelFgTime = 0 ms; CpuKernelBgTime = -137108 ms.
09-13 15:18:03.058  3905  5099 E Battery : AppStats: Uid = 10263; pkgName = com.gamepub.pt; CpuUserFgTime = 0 ms ; CpuUserBgTime = -461551 ms.
09-13 15:18:03.058  3905  5099 E Battery : AppStats: Uid = 10263; pkgName = com.gamepub.pt; CpuFgPower = 0.0 mAh.; CpuBgPower = -10.574766666666667 mAh.
09-13 15:18:03.058  3905  5099 E Battery : AppStats: Uid = 10263; pkgName = com.gamepub.pt; AlarmFgWakeupCount = 0; AlarmBgWakeupCount = 0
09-13 15:18:03.058  3905  5099 E Battery : AppStats: Uid = 10263; pkgName = com.gamepub.pt; JobFgCount = 0; JobBgCount = 0; JobFgTime = 0; JobBgTime = 0
09-13 15:18:03.058  3905  5099 E Battery : AppStats: Uid = 10263; pkgName = com.gamepub.pt; SyncFgCount = 0; SyncBgCount = 0; SyncFgTime = 0; SyncBgTime = 0
09-13 15:18:03.058  3905  5099 E Battery : AppStats: Uid = 10263; pkgName = com.gamepub.pt; WakeLockFgTime = 0 ms; WakeLockFgPower = 0.0 mAh.; WakeLockBgTime = 0 ms; WakeLockBgPower = 0.0 mAh.
09-13 15:18:03.058  3905  5099 E Battery : AppStats: Uid = 10263; pkgName = com.gamepub.pt; ScreenFgTime = 604 ms; ScreenFgPower = 0.013925555555555556 mAh.
09-13 15:18:03.058  3905  5099 E Battery : AppStats: Uid = 10263; pkgName = com.gamepub.pt; FgWifiRxBytes = 1342 Bytes; BgWifiRxBytes = -213175377 Bytes; FgWifiTxBytes = 19 Bytes; BgWifiTxBytes = -3032792 Bytes; FgWifiRxPackets = 1 ; BgWifiRxPackets = -143539 ; FgWifiTxPackets = 0 ; BgWifiTxPackets = -72815 ; FgWiFiScanTimeMs = 0 ; BgWiFiScanTimeMs = 0 ; FgWiFiBatchScanTimeMs = 0 ; BgWiFiBatchScanTimeMs = 0 
09-13 15:18:03.058  3905  5099 E Battery : AppStats: Uid = 10263; pkgName = com.gamepub.pt; FgWifiRxPacketsPower = 9.605208470020443E-5 mAh; BgWifiRxPacketsPower = -13.787220001220703 mAh; FgWifiTxPacketsPower = 0.0 mAh; BgWifiTxPacketsPower = -6.994032382965088 mAh; FgWifiScanPower = 0.0 mAh; BgWifiScanPower = 0.0 mAh; FgWifiBatchScanPower = 0.0 mAh; BgWifiBatchScanPower = 0.0 mAh; FgWiFiTotalPower = 9.605208470020443E-5 mAh; BgWiFiTotalPower = -20.78125238418579 mAh.
09-13 15:18:03.058  3905  5099 E Battery : AppStats: Uid = 10263; pkgName = com.gamepub.pt; FgGpsTime = 0 ms; BgGpsTime = 0 ms.
09-13 15:18:03.058  3905  5099 E Battery : AppStats: Uid = 10263; pkgName = com.gamepub.pt; FgGpsPower = 0.0 mAh; BgGpsPower = 0.0 mAh.
09-13 15:18:03.058  3905  5099 E Battery : AppStats: Uid = 10263; pkgName = com.gamepub.pt; FgSensorTime = 0 ms; BgSensorTime = -1029 ms.
09-13 15:18:03.058  3905  5099 E Battery : AppStats: Uid = 10263; pkgName = com.gamepub.pt; FgSensorPower = 0.0 mAh; BgSensorPower = -3.9372497485601343E-4 mAh.
09-13 15:18:03.058  3905  5099 E Battery : AppStats: Uid = 10263; pkgName = com.gamepub.pt; FgCameraTime = 0 ms; BgCameraTime = 0 ms
09-13 15:18:03.058  3905  5099 E Battery : AppStats: Uid = 10263; pkgName = com.gamepub.pt; FgCameraPower = 0.0 mAh; BgCameraPower = 0.0 mAh
09-13 15:18:03.058  3905  5099 E Battery : AppStats: Uid = 10263; pkgName = com.gamepub.pt; FgFlashLightTime = 0 ms; BgFlashLightTime = 0 ms
09-13 15:18:03.058  3905  5099 E Battery : AppStats: Uid = 10263; pkgName = com.gamepub.pt; FgFlashLightPower = 0.0 mAh; BgFlashLightPower = 0.0 mAh
09-13 15:18:03.121 25347 25397 E com.gamepub.pt: No package ID 6a found for ID 0x6a0b000f.
09-13 15:18:03.126 25347 25397 I FA      :   adb shell setprop debug.firebase.analytics.app com.gamepub.pt
09-13 15:18:03.716  2580  6068 I ActivityTaskManager: START u0 {act=android.intent.action.MAIN cat=[android.intent.category.LAUNCHER] flg=0x10200000 cmp=com.gamepub.pt/com.unity3d.player.UnityPlayerActivity bnds=[546,466][798,754] mCallingUid=10181} from uid 10181
09-13 15:18:03.729  2580  6068 I OplusScreenSecurityMask: onStackAdded task = Task{dfe42cb #100 type=standard A=12447:com.gamepub.pt U=0 visible=false mode=fullscreen translucent=true sz=0} record = null displayId = 0
09-13 15:18:03.733  2580  6068 D CompactWindowManagerService: onOriginListAdded child: ActivityRecord{19e7aa8 u0 com.gamepub.pt/com.unity3d.player.UnityPlayerActivity t100}; parent: Task{dfe42cb #100 type=standard A=12447:com.gamepub.pt U=0 visible=true mode=fullscreen translucent=true sz=1}
09-13 15:18:03.733  2580  6068 I OplusCompactWindowManagerService: supportMultiResume :true in package :com.gamepub.pt
09-13 15:18:03.734  2580  6068 D TaskExtImpl: add ActivityRecord{19e7aa8 u0 com.gamepub.pt/com.unity3d.player.UnityPlayerActivity t100} to mActivityRecordSum = Counter{ com.gamepub.pt/com.unity3d.player.UnityPlayerActivity(1) }
09-13 15:18:03.736  2580  6068 D ActivityTaskManager: getStartingWindowType: newTask=true, taskSwitch=true, processRunning=true, allowTaskSnapshot=true, activityCreated=false, snapshot=null, record:ActivityRecord{19e7aa8 u0 com.gamepub.pt/com.unity3d.player.UnityPlayerActivity t100}
09-13 15:18:03.738  2580  6068 V OplusZoomWindowManagerService: windowMode: 0 ,stack: Task{dfe42cb #100 type=standard A=12447:com.gamepub.pt U=0 visible=true mode=fullscreen translucent=true sz=1}
09-13 15:18:03.749  3233  3461 D WindowManager: Add to mViews: android.widget.FrameLayout{ae48a0c V.E...... ......I. 0,0-0,0},pkg= com.gamepub.pt
09-13 15:18:03.752  2580  6024 I OplusHansManager : front pkg: com.gamepub.pt, uid: 12447, prev pkg: com.android.launcher, prev uid: 10181
09-13 15:18:03.752  2580  6024 I ActivityTaskManager: The Process com.gamepub.pt Already Exists in BG. So sending its PID: 25347
09-13 15:18:03.758  2580  3724 I OplusHansManager : uid=12447, pkg=com.gamepub.pt R exit SM
09-13 15:18:03.758  2580  3724 I OplusHansManager : uid=12447, pkg=com.gamepub.pt R exit()
09-13 15:18:03.759  2580  6024 I InputDispatcher: setFocusedApplication displayId=0 ActivityRecord{19e7aa8 u0 com.gamepub.pt/com.unity3d.player.UnityPlayerActivity t100}
09-13 15:18:03.760  2580  4003 V DCSEX-AppSwitchManager: OnAppSwitchObserver: onAppExit, resuming = com.gamepub.pt, target = com.android.launcher, is ResumingFirstStart =  false, is ResumingMultiApp =  false, extensionInfo =  Bundle[{taskId=100, uid=12447}]
09-13 15:18:03.761  2580  4003 D OplusEapManager: mTargetEnterName :com.gamepub.pt
09-13 15:18:03.762  2580  4003 V DCSEX-AppSwitchManager: OnAppSwitchObserver: onAppEnter, launchedFrom =  com.android.launcher, target =  com.gamepub.pt, is firstStart =  false, is multiApp =  false, extensionInfo =  Bundle[{taskId=100, pid=25347, uid=12447}]
09-13 15:18:03.762  2580  4003 D VRR [OPlusFrontAppManager]: OnAppSwitchObserver: onAppEnter , info.targetName = com.gamepub.pt
09-13 15:18:03.762  2580  2654 D VRR [OPlusRefreshRateService]: handleFrontAppChange pkgName: com.gamepub.pt
09-13 15:18:03.762  2580  2654 D VRR [OPlusExternalRefreshRateManager]: setFrontPackageName pkgName: com.gamepub.pt CurPkgName: null
09-13 15:18:03.764  2580  7693 D DCSEX-AppLaunchEventRecorder: onAppSwitch from = com.android.launcher to = com.gamepub.pt
09-13 15:18:03.766  2580  3674 D OplusDisplayPolicy: com.gamepub.pt, no change cutoutMode: 0
09-13 15:18:03.766  3905 11574 W Battery : ThermalControlUtils: mForegroundPkg=com.gamepub.pt
09-13 15:18:03.774  2580  6072 D OplusDisplayPolicy: com.gamepub.pt, no change cutoutMode: 0
09-13 15:18:03.794  2580  2613 D CompactWindowManagerService: updateBackgroundSurface openingApp: ActivityRecord{19e7aa8 u0 com.gamepub.pt/com.unity3d.player.UnityPlayerActivity t100}
09-13 15:18:03.796  1381  1381 D OplusLayer: setBuffer sequence=4505, name=Splash Screen com.gamepub.pt#0
09-13 15:18:03.802  2580  2612 D OplusKeepAliveManager: TOP_APP is ProcessRecord{91e55a2 25347:com.gamepub.pt/u0a2447} uid is 12447
09-13 15:18:03.802  2580  2637 E OplusThermalStats: Error getting package info: com.gamepub.pt
09-13 15:18:03.803  2580  5835 W PackageManager: package unknown uid 12447 pid 25347 call SetEnabledSetting(com.gamepub.pt component = androidx.work.impl.background.systemjob.SystemJobService, 1, 0x1, 0)
09-13 15:18:03.815  2580  2613 I WindowStateExtImpl: onSurfaceShowChange show = true mPackageName = com.gamepub.pt parentPkgName = com.gamepub.pt
09-13 15:18:03.816  2580  3749 I OplusResourcePreloadManager: resume pkg: com.gamepub.pt, uid:12447, prev pkg: com.android.launcher, prev uid: 10181
09-13 15:18:03.826  3847  7944 D OplusLinkLatencyManagerService: gameOptimizeSetLoad.id:2, pkgName:com.gamepub.pt
09-13 15:18:03.838  2580  5835 D OplusWifiTransactionHelper: notifyGameInfoJsonStr: gameInfo = {"PKG_NAME":"com.gamepub.pt","GAME_PLAYING":1}
09-13 15:18:03.850 25181 25216 I Quality : 17001301:25347 com.gamepub.pt GAME_START
09-13 15:18:03.865  2580  4970 D OplusWifiTransactionHelper: Get notifyGameModeState: state = true pkgName = com.gamepub.pt
09-13 15:18:03.866  2580  4970 D OplusWifiCoexManager: setGameModeState: gameStateIn=true pkgName=com.gamepub.pt uid=12447
09-13 15:18:03.884  2580  3380 D OplusWifiTransactionHelper: notifyGameInfoJsonStr: gameInfo = {"PKG_NAME":"com.gamepub.pt","APP_FOREGROUND":false}
09-13 15:18:03.906 25347 25347 E ANR_LOG : Blocked msg = { when=-2s860ms what=110 target=android.app.ActivityThread$H obj=AppBindData{appInfo=ApplicationInfo{e8c2e92 com.gamepub.pt}} } , cost  = 2857 ms
09-13 15:18:03.906 25347 25347 E ANR_LOG : Current msg <1> = { when=-1s697ms what=164 target=android.app.ActivityThread$H obj=com.gamepub.pt }
09-13 15:18:03.901  3905  3905 W LogcatParserThr: type=1400 audit(0.0:21738): avc: denied { write } for name="com.gamepub.pt-0N9HN1niVfSntl5N9FcN2Q==" dev="sda11" ino=2095080 scontext=u:r:system_app:s0 tcontext=u:object_r:apk_data_file:s0 tclass=dir permissive=0
09-13 15:18:03.907  3905  7076 W ziparchive: Unable to open '/data/app/~~117SXHVqmey6Q_lw_j7HFQ==/com.gamepub.pt-0N9HN1niVfSntl5N9FcN2Q==/base.dm': No such file or directory
09-13 15:18:03.907  3905  7076 W ziparchive: Unable to open '/data/app/~~117SXHVqmey6Q_lw_j7HFQ==/com.gamepub.pt-0N9HN1niVfSntl5N9FcN2Q==/base.dm': No such file or directory
09-13 15:18:03.916  2580  6072 D OplusAppListInterceptManager: shouldFilterTask::packageName = com.gamepub.pt
09-13 15:18:03.917 25347 25347 I Quality : ActivityThread: bindApplication delay 2868 com.gamepub.pt 25347
09-13 15:18:03.918 25347 25421 I Quality : Blocked msg = Package name: com.gamepub.pt [ schedGroup: 5 schedPolicy: 0 ] process the message: { when=-2s871ms what=110 target=android.app.ActivityThread$H obj=AppBindData{appInfo=ApplicationInfo{e8c2e92 com.gamepub.pt}} } took 2868 ms
09-13 15:18:03.957  4471 25148 I PhenotypeResourceReader: unable to find any Phenotype resource metadata for com.gamepub.pt
09-13 15:18:03.973 25347 25347 D nativeloader: Load /data/app/~~117SXHVqmey6Q_lw_j7HFQ==/com.gamepub.pt-0N9HN1niVfSntl5N9FcN2Q==/lib/arm64/libModLoader.so using ns clns-5 from class loader (caller=/data/app/~~117SXHVqmey6Q_lw_j7HFQ==/com.gamepub.pt-0N9HN1niVfSntl5N9FcN2Q==/base.apk!classes3.dex): ok
09-13 15:18:03.976  3905  7076 W ziparchive: Unable to open '/data/app/~~117SXHVqmey6Q_lw_j7HFQ==/com.gamepub.pt-0N9HN1niVfSntl5N9FcN2Q==/base.dm': No such file or directory
09-13 15:18:03.976  3905  7076 W ziparchive: Unable to open '/data/app/~~117SXHVqmey6Q_lw_j7HFQ==/com.gamepub.pt-0N9HN1niVfSntl5N9FcN2Q==/base.dm': No such file or directory
09-13 15:18:03.979 25347 25347 F libc    : Fatal signal 6 (SIGABRT), code -1 (SI_QUEUE) in tid 25347 (com.gamepub.pt), pid 25347 (com.gamepub.pt)
09-13 15:18:03.973  3905  3905 W LogcatParserThr: type=1400 audit(0.0:21739): avc: denied { write } for name="com.gamepub.pt-0N9HN1niVfSntl5N9FcN2Q==" dev="sda11" ino=2095080 scontext=u:r:system_app:s0 tcontext=u:object_r:apk_data_file:s0 tclass=dir permissive=0
09-13 15:18:04.081  2580  3380 V OplusZoomWindowManagerService: onAnimationFinished:  r = ActivityRecord{19e7aa8 u0 com.gamepub.pt/com.unity3d.player.UnityPlayerActivity t100}
09-13 15:18:04.081  2580  3380 I OplusAppSwitchManagerService:  handleAppVisible , r = ActivityRecord{19e7aa8 u0 com.gamepub.pt/com.unity3d.player.UnityPlayerActivity t100}
09-13 15:18:04.183  1377  8199 D AudioFlingerExtImpl: AudioFlingerExtImpl oplusSetParameters: keyvalue currentGamePackageName=com.gamepub.pt
09-13 15:18:04.184  1377  8199 D AudioFlingerExtImpl: MagicVoiceSetParameters, tempCurrentPackageName:com.gamepub.pt
09-13 15:18:04.185  1317  1317 D audio_hw_primary: adev_set_parameters: enter: currentGamePackageName=com.gamepub.pt
09-13 15:18:04.186 16172 16443 D AppSortManager: updateApp app:com.gamepub.pt
09-13 15:18:04.190 16172 16172 W FrameInsert: getDisplayFunctionCapability for com.gamepub.pt enter
09-13 15:18:04.203  2580  4970 D OplusWifiTransactionHelper: notifyGameInfoJsonStr: gameInfo = {"PKG_NAME":"com.gamepub.pt","PERFORMANCE_MODE":0}
09-13 15:18:04.207  2580  3674 D OplusWifiTransactionHelper: notifyGameInfoJsonStr: gameInfo = {"PKG_NAME":"com.gamepub.pt","PERFORMANCE_MODE":0}
09-13 15:18:04.228 16172 16396 D network : getData for https://games-community-sg.heytapmobile.com/games/tool/recharge/page/jump?pkgName=com.gamepub.pt started !!
09-13 15:18:04.229 16172 16396 I httpdns : HttpDnsInterceptor.preIntercept, input: https://games-community-sg.heytapmobile.com/games/tool/recharge/page/jump?pkgName=com.gamepub.pt
09-13 15:18:04.230 16172 16396 I httpdns : HttpDnsInterceptor.preIntercept, output: https://games-community-sg.heytapmobile.com/games/tool/recharge/page/jump?pkgName=com.gamepub.pt
09-13 15:18:04.274  3905  4181 W AuthDialogHelper: checkNotificationSwitchFirst() called with: context = [com.oplus.notification.NotificationCenterService@754e682], pkg = [com.gamepub.pt], uid = [12447], userId = [0], init checker
09-13 15:18:04.274  3905  4181 E AuthDialogHelper: CheckNotificationCanBeSetSecond: check com.gamepub.pt , Notification master switch on, unable to pop dialog
09-13 15:18:04.356 16172 16396 I httpdns : HttpDnsInterceptor.afterIntercept, https://games-community-sg.heytapmobile.com/games/tool/recharge/page/jump?pkgName=com.gamepub.pt#200#null
09-13 15:18:04.357 16172 16396 D network : return  NetworkResponse for https://games-community-sg.heytapmobile.com/games/tool/recharge/page/jump?pkgName=com.gamepub.pt took 129
09-13 15:18:04.358 16172 16396 D network : desiriaize for https://games-community-sg.heytapmobile.com/games/tool/recharge/page/jump?pkgName=com.gamepub.pt return  NetworkResponse took 1
09-13 15:18:04.358 16172 16396 D network : getData for https://games-community-sg.heytapmobile.com/games/tool/recharge/page/jump?pkgName=com.gamepub.pt took : 130
09-13 15:18:04.704 25427 25427 F DEBUG   : Process name is com.gamepub.pt, not key_process
09-13 15:18:04.704 25427 25427 F DEBUG   : Cmdline: com.gamepub.pt
09-13 15:18:04.704 25427 25427 F DEBUG   : pid: 25347, tid: 25347, name: com.gamepub.pt  >>> com.gamepub.pt <<<
09-13 15:18:04.705 25427 25427 F DEBUG   :       #04 pc 00000000001eda08  /data/app/~~117SXHVqmey6Q_lw_j7HFQ==/com.gamepub.pt-0N9HN1niVfSntl5N9FcN2Q==/lib/arm64/libloader.so!libloader.so
09-13 15:18:04.748  2580 25439 W ActivityTaskManager:   Force finishing activity com.gamepub.pt/com.unity3d.player.UnityPlayerActivity
09-13 15:18:04.751  2580 25439 V OplusZoomWindowManagerService: prepareZoomTransition: curStack=Task{dfe42cb #100 type=standard A=12447:com.gamepub.pt U=0 visible=false mode=fullscreen translucent=true sz=1}   nextStackTask{96c37a3 #1 type=undefined ?? U=0 visible=true mode=fullscreen translucent=true sz=1}
09-13 15:18:04.832  2580  6072 D TheiaManager: KEY:packageNameVALUE:com.gamepub.pt
09-13 15:18:04.832  2580  6072 D TheiaCrashMonitor: com.gamepub.ptcrash
09-13 15:18:04.832  2580  6072 I ActivityManager: Process com.gamepub.pt (pid 25347) has died: prcp TOP 
09-13 15:18:04.842  2580  4502 I OplusHansManager : onUidGone(), 12447 com.gamepub.pt exit SM
09-13 15:18:04.856  2580  3380 D OplusWifiTransactionHelper: notifyGameInfoJsonStr: gameInfo = {"PKG_NAME":"com.gamepub.pt","GAME_PLAYING":0}
09-13 15:18:04.857  2580  6072 V OplusZoomWindowManagerService: onAnimationFinished:  r = ActivityRecord{19e7aa8 u0 com.gamepub.pt/com.unity3d.player.UnityPlayerActivity t100 f}}
09-13 15:18:04.857  2580  6072 I WindowStateExtImpl: onSurfaceShowChange show = false mPackageName = com.gamepub.pt parentPkgName = com.gamepub.pt
09-13 15:18:04.859  2580  6072 W InputManager-JNI: Input channel object '30ff77c Splash Screen com.gamepub.pt (client)' was disposed without first being removed with the input manager!
09-13 15:18:04.859  2580  6072 D OplusStartingWindowManager: interceptRemoveStartingWindow activity.packageName=com.gamepub.pt isSnapshot=false mStartingSurfaceRunnable=null
09-13 15:18:04.866  2580  6072 I OplusScreenSecurityMask: onStackRemoved task = Task{dfe42cb #100 type=standard A=12447:com.gamepub.pt U=0 visible=false mode=fullscreen translucent=true sz=0} record = null displayId = 0
09-13 15:18:04.867  2580  6072 D TaskExtImpl: remove ActivityRecord{19e7aa8 u0 com.gamepub.pt/com.unity3d.player.UnityPlayerActivity t-1 f}} to mActivityRecordSum = Counter{ }
09-13 15:18:04.868  2580  6072 I OplusHansManager : front pkg: com.android.launcher, uid: 10181, prev pkg: com.gamepub.pt, prev uid: 12447
09-13 15:18:04.872  1381  1381 D OplusLayer: ~Layer() sequence=4504, name=30ff77c Splash Screen com.gamepub.pt#0 0xb400007e36dcdfc0
09-13 15:18:04.872  2580  3749 I OplusResourcePreloadManager: resume pkg: com.android.launcher, uid:10181, prev pkg: com.gamepub.pt, prev uid: 12447
09-13 15:18:04.875  1381  1381 D OplusLayer: ~Layer() sequence=4505, name=Splash Screen com.gamepub.pt#0 0xb400007e369a3f80
09-13 15:18:04.889  1381  1381 D OplusLayer: ~Layer() sequence=4503, name=ActivityRecord{19e7aa8 u0 com.gamepub.pt/com.unity3d.player.UnityPlayerActivity#0 0xb400007e4e5e5440
09-13 15:18:04.889  1381  1381 D OplusLayer: ~Layer() sequence=4511, name=7cb599a ActivityRecordInputSink com.gamepub.pt/com.unity3d.player.UnityPlayerActivity#0 0xb400007e1a786d00
09-13 15:18:04.928  2580  3380 D OplusAppListInterceptManager: shouldFilterTask::packageName = com.gamepub.pt
09-13 15:18:04.942  2580  6072 D OplusAppListInterceptManager: shouldFilterTask::packageName = com.gamepub.pt
09-13 15:18:05.250  2580  2612 W ActivityTaskManager: Activity top resumed state loss timeout for ActivityRecord{19e7aa8 u0 com.gamepub.pt/com.unity3d.player.UnityPlayerActivity t-1 f}}
09-13 15:18:05.251  2580  4003 D OplusEapManager: mTargetExitName :com.gamepub.pt
09-13 15:18:05.251  2580  4003 V DCSEX-AppSwitchManager: OnAppSwitchObserver: onAppExit, resuming = com.android.launcher, target = com.gamepub.pt, is ResumingFirstStart =  false, is ResumingMultiApp =  false, extensionInfo =  Bundle[{taskId=5, uid=10181}]
09-13 15:18:05.251  2580  7693 D DCSEX-AppLaunchEventRecorder: onAppSwitch from = com.gamepub.pt to = com.android.launcher
09-13 15:18:05.251  2580  7693 D DCSEX-AppLaunchEventRecorder: recordExitApp = com.gamepub.pt
09-13 15:18:05.261  2580  4003 D VRR [OPlusFrontAppManager]: OnAppSwitchObserver: onAppExit , info.targetName = com.gamepub.pt
09-13 15:18:05.261  2580  2654 D VRR [OPlusExternalRefreshRateManager]: setFrontPackageName pkgName: null CurPkgName: com.gamepub.pt
09-13 15:18:05.284  2580  4970 D OplusWifiTransactionHelper: Get notifyGameModeState: state = false pkgName = com.gamepub.pt
09-13 15:18:05.285  2580  4970 D OplusWifiCoexManager: setGameModeState: gameStateIn=false pkgName=com.gamepub.pt uid=12447
09-13 15:18:05.286 25166 25224 I GameOpt->OplusGameManager: setScreenMode, decisionScreenMode ->screen_refresh_rate, pkgName ->com.gamepub.pt, screenModeType ->2, mode ->0
09-13 15:18:05.291  2580  4970 D OplusWifiTransactionHelper: notifyGameInfoJsonStr: gameInfo = {"PKG_NAME":"com.gamepub.pt","APP_BACKGROUND":true}
09-13 15:18:05.307  2580  6072 D VRR [OPlusRefreshRateService]:  setFrameRateTargetControl [ -1.0 , com.gamepub.pt , false , com.oplus.cosa ]
09-13 15:18:05.307  2580  6072 D VRR [OPlusExternalRefreshRateManager]:  [FRTC] FrameRate : -1 com.gamepub.pt false com.oplus.cosa
09-13 15:18:05.308  2580  2654 D VRR [OPlusSurfaceFlingerController]:  add frtc FrameRate : -1 com.gamepub.pt false com.oplus.cosa
09-13 15:18:05.309  1381  4285 I VRR [FRTC]: setFrameRateTarget with [-1, com.gamepub.pt, 0, com.oplus.cosa]
09-13 15:18:05.309  1381  4285 W VRR [FRTC]: invalid param { fps -1, proc_name com.gamepub.pt, strict_mode 0, description com.oplus.cosa, rate_status 0, backend Surface, enable at 2025-09-13 15:18:05, disable waiting } for current status.
