09-13 14:39:00.863  2580  3749 I OplusResourcePreloadManager: resume pkg: com.gamepub.pt, uid:12440, prev pkg: com.android.launcher, prev uid: 10181
09-13 14:39:00.864  2580  4970 D OplusDisplayPolicy: com.gamepub.pt, no change cutoutMode: 0
09-13 14:39:00.886  2580  2613 D CompactWindowManagerService: updateBackgroundSurface openingApp: ActivityRecord{64472f1 u0 com.gamepub.pt/com.unity3d.player.UnityPlayerActivity t85}
09-13 14:39:00.890  1381  1381 D OplusLayer: setBuffer sequence=3958, name=Splash Screen com.gamepub.pt#0
09-13 14:39:00.909  2580  2613 I WindowStateExtImpl: onSurfaceShowChange show = true mPackageName = com.gamepub.pt parentPkgName = com.gamepub.pt
09-13 14:39:00.909  2580  2629 I ActivityManager: Start proc 4110:com.gamepub.pt/u0a2440 for pre-top-activity {com.gamepub.pt/com.unity3d.player.UnityPlayerActivity}
09-13 14:39:00.919  4110  4110 I com.gamepub.pt: Late-enabling -Xcheck:jni
09-13 14:39:00.938  4110  4110 E com.gamepub.pt: Unknown bits set in runtime_flags: 0x40000000
09-13 14:39:00.938  4110  4110 I com.gamepub.pt: Using CollectorTypeCC GC.
09-13 14:39:00.960  2580  4970 D OplusAppListInterceptManager: shouldFilterTask::packageName = com.gamepub.pt
09-13 14:39:00.969  2580  3846 I OplusAppSwitchManagerService: appswitch hasProcess ActivityRecord{64472f1 u0 com.gamepub.pt/com.unity3d.player.UnityPlayerActivity t85}
09-13 14:39:00.970  2580  3846 I OplusAppSwitchManagerService: appswitch hasProcess ActivityRecord{64472f1 u0 com.gamepub.pt/com.unity3d.player.UnityPlayerActivity t85}
09-13 14:39:00.970  2580  3846 I InputDispatcher: setFocusedApplication displayId=0 ActivityRecord{64472f1 u0 com.gamepub.pt/com.unity3d.player.UnityPlayerActivity t85}
09-13 14:39:00.975  2580  4003 V DCSEX-AppSwitchManager: OnAppSwitchObserver: onAppExit, resuming = com.gamepub.pt, target = com.android.launcher, is ResumingFirstStart =  true, is ResumingMultiApp =  false, extensionInfo =  Bundle[{taskId=85, uid=12440}]
09-13 14:39:00.975  2580  7693 D DCSEX-AppLaunchEventRecorder: onAppSwitch from = com.android.launcher to = com.gamepub.pt
09-13 14:39:00.979  2580  2612 D OplusKeepAliveManager: TOP_APP is ProcessRecord{f9a8c0f 4110:com.gamepub.pt/u0a2440} uid is 12440
09-13 14:39:00.979  2580  2637 E OplusThermalStats: Error getting package info: com.gamepub.pt
09-13 14:39:00.983  2580  4003 D OplusEapManager: mTargetEnterName :com.gamepub.pt
09-13 14:39:00.983  2580  4003 V DCSEX-AppSwitchManager: OnAppSwitchObserver: onAppEnter, launchedFrom =  com.android.launcher, target =  com.gamepub.pt, is firstStart =  true, is multiApp =  false, extensionInfo =  Bundle[{taskId=85, pid=4110, uid=12440}]
09-13 14:39:00.983  2580  4003 D VRR [OPlusFrontAppManager]: OnAppSwitchObserver: onAppEnter , info.targetName = com.gamepub.pt
09-13 14:39:00.988  2580  2654 D VRR [OPlusRefreshRateService]: handleFrontAppChange pkgName: com.gamepub.pt
09-13 14:39:00.988  2580  2654 D VRR [OPlusExternalRefreshRateManager]: setFrontPackageName pkgName: com.gamepub.pt CurPkgName: null
09-13 14:39:00.988  3905 11574 W Battery : ThermalControlUtils: mForegroundPkg=com.gamepub.pt
09-13 14:39:01.014  3847  4401 D OplusLinkLatencyManagerService: gameOptimizeSetLoad.id:2, pkgName:com.gamepub.pt
09-13 14:39:01.029  5400  5400 W athena_handler_: type=1400 audit(0.0:14223): avc: denied { write } for name="com.gamepub.pt-P7m9oYr02IG4y8m1ZIArUw==" dev="sda11" ino=829866 scontext=u:r:system_app:s0 tcontext=u:object_r:apk_data_file:s0 tclass=dir permissive=0
09-13 14:39:01.035  5400  5594 W ziparchive: Unable to open '/data/app/~~xiPRlVMuCZdGxZ5MFG75iA==/com.gamepub.pt-P7m9oYr02IG4y8m1ZIArUw==/base.dm': No such file or directory
09-13 14:39:01.035  5400  5594 W ziparchive: Unable to open '/data/app/~~xiPRlVMuCZdGxZ5MFG75iA==/com.gamepub.pt-P7m9oYr02IG4y8m1ZIArUw==/base.dm': No such file or directory
09-13 14:39:01.045  2580  6066 D OplusWifiTransactionHelper: notifyGameInfoJsonStr: gameInfo = {"PKG_NAME":"com.gamepub.pt","GAME_PLAYING":1}
09-13 14:39:01.050 19868 19955 I Quality : 17001301:4110 com.gamepub.pt GAME_START
09-13 14:39:01.073  2580  4970 D OplusWifiTransactionHelper: Get notifyGameModeState: state = true pkgName = com.gamepub.pt
09-13 14:39:01.073  2580  4970 D OplusWifiCoexManager: setGameModeState: gameStateIn=true pkgName=com.gamepub.pt uid=12440
09-13 14:39:01.077  2580  6066 D OplusWifiTransactionHelper: notifyGameInfoJsonStr: gameInfo = {"PKG_NAME":"com.gamepub.pt","APP_FOREGROUND":true}
09-13 14:39:01.100  3905  7076 W ziparchive: Unable to open '/data/app/~~xiPRlVMuCZdGxZ5MFG75iA==/com.gamepub.pt-P7m9oYr02IG4y8m1ZIArUw==/base.dm': No such file or directory
09-13 14:39:01.100  3905  7076 W ziparchive: Unable to open '/data/app/~~xiPRlVMuCZdGxZ5MFG75iA==/com.gamepub.pt-P7m9oYr02IG4y8m1ZIArUw==/base.dm': No such file or directory
09-13 14:39:01.097  3905  3905 W LogcatParserThr: type=1400 audit(0.0:14224): avc: denied { write } for name="com.gamepub.pt-P7m9oYr02IG4y8m1ZIArUw==" dev="sda11" ino=829866 scontext=u:r:system_app:s0 tcontext=u:object_r:apk_data_file:s0 tclass=dir permissive=0
09-13 14:39:01.112  4110  4110 D nativeloader: Configuring clns-4 for other apk /system/framework/org.apache.http.legacy.jar. target_sdk_version=33, uses_libraries=ALL, library_path=/data/app/~~xiPRlVMuCZdGxZ5MFG75iA==/com.gamepub.pt-P7m9oYr02IG4y8m1ZIArUw==/lib/arm64:/data/app/~~xiPRlVMuCZdGxZ5MFG75iA==/com.gamepub.pt-P7m9oYr02IG4y8m1ZIArUw==/base.apk!/lib/arm64-v8a, permitted_path=/data:/mnt/expand:/data/user/0/com.gamepub.pt
09-13 14:39:01.114  4110  4110 W ziparchive: Unable to open '/data/app/~~xiPRlVMuCZdGxZ5MFG75iA==/com.gamepub.pt-P7m9oYr02IG4y8m1ZIArUw==/base.dm': No such file or directory
09-13 14:39:01.114  4110  4110 W ziparchive: Unable to open '/data/app/~~xiPRlVMuCZdGxZ5MFG75iA==/com.gamepub.pt-P7m9oYr02IG4y8m1ZIArUw==/base.dm': No such file or directory
09-13 14:39:01.176  2580  6066 V OplusZoomWindowManagerService: onAnimationFinished:  r = ActivityRecord{64472f1 u0 com.gamepub.pt/com.unity3d.player.UnityPlayerActivity t85}
09-13 14:39:01.176  2580  6066 I OplusAppSwitchManagerService:  handleAppVisible , r = ActivityRecord{64472f1 u0 com.gamepub.pt/com.unity3d.player.UnityPlayerActivity t85}
09-13 14:39:01.322  4110  4110 D nativeloader: Configuring clns-5 for other apk /data/app/~~xiPRlVMuCZdGxZ5MFG75iA==/com.gamepub.pt-P7m9oYr02IG4y8m1ZIArUw==/base.apk. target_sdk_version=33, uses_libraries=, library_path=/data/app/~~xiPRlVMuCZdGxZ5MFG75iA==/com.gamepub.pt-P7m9oYr02IG4y8m1ZIArUw==/lib/arm64:/data/app/~~xiPRlVMuCZdGxZ5MFG75iA==/com.gamepub.pt-P7m9oYr02IG4y8m1ZIArUw==/base.apk!/lib/arm64-v8a, permitted_path=/data:/mnt/expand:/data/user/0/com.gamepub.pt
09-13 14:39:01.349  4110  4110 V GraphicsEnvironment: ANGLE Developer option for 'com.gamepub.pt' set to: 'default'
09-13 14:39:01.375  4110  4110 D nativeloader: Load /data/app/~~xiPRlVMuCZdGxZ5MFG75iA==/com.gamepub.pt-P7m9oYr02IG4y8m1ZIArUw==/lib/arm64/libloader.so using ns clns-5 from class loader (caller=/data/app/~~xiPRlVMuCZdGxZ5MFG75iA==/com.gamepub.pt-P7m9oYr02IG4y8m1ZIArUw==/base.apk): ok
09-13 14:39:01.425  1377  2981 D AudioFlingerExtImpl: AudioFlingerExtImpl oplusSetParameters: keyvalue currentGamePackageName=com.gamepub.pt
09-13 14:39:01.426  1377  2981 D AudioFlingerExtImpl: MagicVoiceSetParameters, tempCurrentPackageName:com.gamepub.pt
09-13 14:39:01.426  1317  1453 D audio_hw_primary: adev_set_parameters: enter: currentGamePackageName=com.gamepub.pt
09-13 14:39:01.431 16172 16443 D AppSortManager: updateApp app:com.gamepub.pt
09-13 14:39:01.458  4110  4110 D nativeloader: Load /data/app/~~xiPRlVMuCZdGxZ5MFG75iA==/com.gamepub.pt-P7m9oYr02IG4y8m1ZIArUw==/lib/arm64/libcrashlytics.so using ns clns-5 from class loader (caller=/data/app/~~xiPRlVMuCZdGxZ5MFG75iA==/com.gamepub.pt-P7m9oYr02IG4y8m1ZIArUw==/base.apk!classes3.dex): ok
09-13 14:39:01.460 16172 16172 W FrameInsert: getDisplayFunctionCapability for com.gamepub.pt enter
09-13 14:39:01.466  2580  3384 D OplusWifiTransactionHelper: notifyGameInfoJsonStr: gameInfo = {"PKG_NAME":"com.gamepub.pt","PERFORMANCE_MODE":0}
09-13 14:39:01.483  4110  4110 I FirebaseCrashlytics: Initializing Firebase Crashlytics 18.3.2 for com.gamepub.pt
09-13 14:39:01.488  2580  6066 D OplusWifiTransactionHelper: notifyGameInfoJsonStr: gameInfo = {"PKG_NAME":"com.gamepub.pt","PERFORMANCE_MODE":0}
09-13 14:39:01.555  3905  4181 W AuthDialogHelper: checkNotificationSwitchFirst() called with: context = [com.oplus.notification.NotificationCenterService@754e682], pkg = [com.gamepub.pt], uid = [12440], userId = [0], init checker
09-13 14:39:01.556 16172 16374 D network : getData for https://games-community-sg.heytapmobile.com/games/tool/recharge/page/jump?pkgName=com.gamepub.pt started !!
09-13 14:39:01.556  3905  4181 E AuthDialogHelper: CheckNotificationCanBeSetSecond: check com.gamepub.pt , Notification master switch on, unable to pop dialog
09-13 14:39:01.561 16172 16374 I httpdns : HttpDnsInterceptor.preIntercept, input: https://games-community-sg.heytapmobile.com/games/tool/recharge/page/jump?pkgName=com.gamepub.pt
09-13 14:39:01.562 16172 16374 I httpdns : HttpDnsInterceptor.preIntercept, output: https://games-community-sg.heytapmobile.com/games/tool/recharge/page/jump?pkgName=com.gamepub.pt
09-13 14:39:01.565  4110  4236 W com.gamepub.pt: ClassLoaderContext classpath size mismatch. expected=1, found=0 (DLC[];PCL[base.apk*2933616277]{PCL[/system/framework/org.apache.http.legacy.jar*3034548894]#PCL[/apex/com.android.extservices/javalib/android.ext.adservices.jar*114502043]#PCL[/system/framework/com.android.media.remotedisplay.jar*3472798123]#PCL[/system/framework/com.android.location.provider.jar*3633238672]#PCL[/system/framework/org.apache.http.legacy.jar*3034548894]#PCL[/apex/com.android.extservices/javalib/android.ext.adservices.jar*114502043]} | DLC[];PCL[])
09-13 14:39:01.613  4110  4110 W Thread-3: type=1400 audit(0.0:14225): avc: granted { execute } for path="/data/data/com.gamepub.pt/.kdpzhivzd/tiwiotcuk" dev="sda11" ino=2098970 scontext=u:r:untrusted_app:s0:c136,c265,c512,c768 tcontext=u:object_r:app_data_file:s0:c136,c265,c512,c768 tclass=file app=com.gamepub.pt
09-13 14:39:01.623  4110  4236 W com.gamepub.pt: ClassLoaderContext classpath element checksum mismatch. expected=2933616277, found=451981290 (DLC[];PCL[base.apk*2933616277]{PCL[/system/framework/org.apache.http.legacy.jar*3034548894]#PCL[/apex/com.android.extservices/javalib/android.ext.adservices.jar*114502043]#PCL[/system/framework/com.android.media.remotedisplay.jar*3472798123]#PCL[/system/framework/com.android.location.provider.jar*3633238672]#PCL[/system/framework/org.apache.http.legacy.jar*3034548894]#PCL[/apex/com.android.extservices/javalib/android.ext.adservices.jar*114502043]} | DLC[];PCL[/data/app/~~xiPRlVMuCZdGxZ5MFG75iA==/com.gamepub.pt-P7m9oYr02IG4y8m1ZIArUw==/base.apk*451981290]{PCL[/system/framework/org.apache.http.legacy.jar*3034548894]})
09-13 14:39:01.642 16172 16374 I httpdns : HttpDnsInterceptor.afterIntercept, https://games-community-sg.heytapmobile.com/games/tool/recharge/page/jump?pkgName=com.gamepub.pt#200#null
09-13 14:39:01.655 16172 16374 D network : return  NetworkResponse for https://games-community-sg.heytapmobile.com/games/tool/recharge/page/jump?pkgName=com.gamepub.pt took 99
09-13 14:39:01.656 16172 16374 D network : desiriaize for https://games-community-sg.heytapmobile.com/games/tool/recharge/page/jump?pkgName=com.gamepub.pt return  NetworkResponse took 1
09-13 14:39:01.656 16172 16374 D network : getData for https://games-community-sg.heytapmobile.com/games/tool/recharge/page/jump?pkgName=com.gamepub.pt took : 100
09-13 14:39:01.949  4110  4266 W com.gamepub.pt: Accessing hidden method Ldalvik/system/VMStack;->getStackClass2()Ljava/lang/Class; (unsupported, reflection, allowed)
09-13 14:39:01.979  4110  4263 E com.gamepub.pt: No package ID 6a found for ID 0x6a0b000f.
09-13 14:39:01.984  4110  4263 I FA      :   adb shell setprop debug.firebase.analytics.app com.gamepub.pt
09-13 14:39:01.988  4110  4215 W com.gamepub.pt: ClassLoaderContext type mismatch. expected=PCL, found=DLC (PCL[] | DLC[];PCL[/data/app/~~xiPRlVMuCZdGxZ5MFG75iA==/com.gamepub.pt-P7m9oYr02IG4y8m1ZIArUw==/base.apk*451981290]{PCL[/system/framework/org.apache.http.legacy.jar*3034548894]})
09-13 14:39:02.009  4110  4110 W Thread-3: type=1400 audit(0.0:14226): avc: denied { execmod } for path="/system/lib64/libandroid_runtime.so" dev="dm-15" ino=15816713 scontext=u:r:untrusted_app:s0:c136,c265,c512,c768 tcontext=u:object_r:system_lib_file:s0 tclass=file permissive=0 app=com.gamepub.pt
09-13 14:39:02.025  2580  4963 W PackageManager: package unknown uid 12440 pid 4110 call SetEnabledSetting(com.gamepub.pt component = androidx.work.impl.background.systemjob.SystemJobService, 1, 0x1, 0)
09-13 14:39:02.079  4110  4110 I Quality : ActivityThread: bindApplication delay 1073 com.gamepub.pt 4110
09-13 14:39:02.081  4110  4146 I Quality : Blocked msg = Package name: com.gamepub.pt [ schedGroup: 5 schedPolicy: 0 ] process the message: { when=-1s112ms what=110 target=android.app.ActivityThread$H obj=AppBindData{appInfo=ApplicationInfo{dd59473 com.gamepub.pt}} } took 1073 ms
09-13 14:39:02.085  4110  4110 W Thread-3: type=1400 audit(0.0:14227): avc: granted { execute } for path="/data/data/com.gamepub.pt/.kdpzhivzd/tiwiotcuk" dev="sda11" ino=2098970 scontext=u:r:untrusted_app:s0:c136,c265,c512,c768 tcontext=u:object_r:app_data_file:s0:c136,c265,c512,c768 tclass=file app=com.gamepub.pt
09-13 14:39:02.085  4110  4110 W Thread-3: type=1400 audit(0.0:14228): avc: granted { execute } for path="/data/data/com.gamepub.pt/.kdpzhivzd/tiwiotcuk" dev="sda11" ino=2098970 scontext=u:r:untrusted_app:s0:c136,c265,c512,c768 tcontext=u:object_r:app_data_file:s0:c136,c265,c512,c768 tclass=file app=com.gamepub.pt
09-13 14:39:02.123  4110  4110 D nativeloader: Load /data/app/~~xiPRlVMuCZdGxZ5MFG75iA==/com.gamepub.pt-P7m9oYr02IG4y8m1ZIArUw==/lib/arm64/libModLoader.so using ns clns-5 from class loader (caller=/data/app/~~xiPRlVMuCZdGxZ5MFG75iA==/com.gamepub.pt-P7m9oYr02IG4y8m1ZIArUw==/base.apk!classes3.dex): ok
09-13 14:39:02.128  4110  4110 F libc    : Fatal signal 6 (SIGABRT), code -1 (SI_QUEUE) in tid 4110 (com.gamepub.pt), pid 4110 (com.gamepub.pt)
09-13 14:39:02.131  3905  7076 W ziparchive: Unable to open '/data/app/~~xiPRlVMuCZdGxZ5MFG75iA==/com.gamepub.pt-P7m9oYr02IG4y8m1ZIArUw==/base.dm': No such file or directory
09-13 14:39:02.131  3905  7076 W ziparchive: Unable to open '/data/app/~~xiPRlVMuCZdGxZ5MFG75iA==/com.gamepub.pt-P7m9oYr02IG4y8m1ZIArUw==/base.dm': No such file or directory
09-13 14:39:02.125  3905  3905 W LogcatParserThr: type=1400 audit(0.0:14231): avc: denied { write } for name="com.gamepub.pt-P7m9oYr02IG4y8m1ZIArUw==" dev="sda11" ino=829866 scontext=u:r:system_app:s0 tcontext=u:object_r:apk_data_file:s0 tclass=dir permissive=0
09-13 14:39:02.248  2580  5835 D OplusAppListInterceptManager: shouldFilterTask::packageName = com.gamepub.pt
09-13 14:39:02.786  4308  4308 F DEBUG   : Process name is com.gamepub.pt, not key_process
09-13 14:39:02.786  4308  4308 F DEBUG   : Cmdline: com.gamepub.pt
09-13 14:39:02.786  4308  4308 F DEBUG   : pid: 4110, tid: 4110, name: com.gamepub.pt  >>> com.gamepub.pt <<<
09-13 14:39:02.786  4308  4308 F DEBUG   :       #04 pc 0000000000295f90  /data/data/com.gamepub.pt/.kdpzhivzd/tiwiotcuk (deleted)
09-13 14:39:02.806  2580  4319 W ActivityTaskManager:   Force finishing activity com.gamepub.pt/com.unity3d.player.UnityPlayerActivity
09-13 14:39:02.810  2580  4319 V OplusZoomWindowManagerService: prepareZoomTransition: curStack=Task{cc94c7b #85 type=standard A=12440:com.gamepub.pt U=0 visible=false mode=fullscreen translucent=true sz=1}   nextStackTask{96c37a3 #1 type=undefined ?? U=0 visible=true mode=fullscreen translucent=true sz=1}
09-13 14:39:02.878  2580  5835 D TheiaManager: KEY:packageNameVALUE:com.gamepub.pt
09-13 14:39:02.878  2580  5835 D TheiaCrashMonitor: com.gamepub.ptcrash
09-13 14:39:02.878  2580  5835 I ActivityManager: Process com.gamepub.pt (pid 4110) has died: prcp TOP 
09-13 14:39:02.886  2580  4502 I OplusHansManager : onUidGone(), 12440 com.gamepub.pt exit SM
09-13 14:39:02.893  2580  3384 D OplusWifiTransactionHelper: notifyGameInfoJsonStr: gameInfo = {"PKG_NAME":"com.gamepub.pt","GAME_PLAYING":0}
09-13 14:39:02.898  2580  5835 V OplusZoomWindowManagerService: onAnimationFinished:  r = ActivityRecord{64472f1 u0 com.gamepub.pt/com.unity3d.player.UnityPlayerActivity t85 f}}
09-13 14:39:02.898  2580  5835 I WindowStateExtImpl: onSurfaceShowChange show = false mPackageName = com.gamepub.pt parentPkgName = com.gamepub.pt
09-13 14:39:02.898  2580  5835 W InputManager-JNI: Input channel object '8796eed Splash Screen com.gamepub.pt (client)' was disposed without first being removed with the input manager!
09-13 14:39:02.899  2580  5835 D OplusStartingWindowManager: interceptRemoveStartingWindow activity.packageName=com.gamepub.pt isSnapshot=false mStartingSurfaceRunnable=null
09-13 14:39:02.906  2580  5835 I OplusScreenSecurityMask: onStackRemoved task = Task{cc94c7b #85 type=standard A=12440:com.gamepub.pt U=0 visible=false mode=fullscreen translucent=true sz=0} record = null displayId = 0
09-13 14:39:02.907  2580  5835 D TaskExtImpl: remove ActivityRecord{64472f1 u0 com.gamepub.pt/com.unity3d.player.UnityPlayerActivity t-1 f}} to mActivityRecordSum = Counter{ }
09-13 14:39:02.908  1381  1381 D OplusLayer: ~Layer() sequence=3957, name=8796eed Splash Screen com.gamepub.pt#0 0xb400007e1eae3940
09-13 14:39:02.908  2580  5835 I OplusHansManager : front pkg: com.android.launcher, uid: 10181, prev pkg: com.gamepub.pt, prev uid: 12440
09-13 14:39:02.911  2580  3749 I OplusResourcePreloadManager: resume pkg: com.android.launcher, uid:10181, prev pkg: com.gamepub.pt, prev uid: 12440
09-13 14:39:02.912  1381  1381 D OplusLayer: ~Layer() sequence=3958, name=Splash Screen com.gamepub.pt#0 0xb400007e4e5e2d80
09-13 14:39:02.925  1381  1381 D OplusLayer: ~Layer() sequence=3956, name=ActivityRecord{64472f1 u0 com.gamepub.pt/com.unity3d.player.UnityPlayerActivity#0 0xb400007e1eaaca80
09-13 14:39:02.925  1381  1381 D OplusLayer: ~Layer() sequence=3964, name=ffabc0a ActivityRecordInputSink com.gamepub.pt/com.unity3d.player.UnityPlayerActivity#0 0xb400007e1ea97ac0
09-13 14:39:02.962  2580  3384 D OplusAppListInterceptManager: shouldFilterTask::packageName = com.gamepub.pt
09-13 14:39:02.975  2580  3384 D OplusAppListInterceptManager: shouldFilterTask::packageName = com.gamepub.pt
09-13 14:39:03.309  2580  2612 W ActivityTaskManager: Activity top resumed state loss timeout for ActivityRecord{64472f1 u0 com.gamepub.pt/com.unity3d.player.UnityPlayerActivity t-1 f}}
09-13 14:39:03.311  2580  4003 D OplusEapManager: mTargetExitName :com.gamepub.pt
09-13 14:39:03.311  2580  4003 V DCSEX-AppSwitchManager: OnAppSwitchObserver: onAppExit, resuming = com.android.launcher, target = com.gamepub.pt, is ResumingFirstStart =  false, is ResumingMultiApp =  false, extensionInfo =  Bundle[{taskId=5, uid=10181}]
09-13 14:39:03.311  2580  4003 D VRR [OPlusFrontAppManager]: OnAppSwitchObserver: onAppExit , info.targetName = com.gamepub.pt
09-13 14:39:03.311  2580  7693 D DCSEX-AppLaunchEventRecorder: onAppSwitch from = com.gamepub.pt to = com.android.launcher
09-13 14:39:03.311  2580  7693 D DCSEX-AppLaunchEventRecorder: recordExitApp = com.gamepub.pt
09-13 14:39:03.313  2580  2654 D VRR [OPlusExternalRefreshRateManager]: setFrontPackageName pkgName: null CurPkgName: com.gamepub.pt
09-13 14:39:03.316  2580  3384 D VRR [OPlusRefreshRateService]:  setFrameRateTargetControl [ 0.0 , com.gamepub.pt , false , com.oplus.battery ]
09-13 14:39:03.316  2580  3384 D VRR [OPlusExternalRefreshRateManager]:  [FRTC] FrameRate : 0 com.gamepub.pt false com.oplus.battery
09-13 14:39:03.317  2580  2654 D VRR [OPlusSurfaceFlingerController]:  add frtc FrameRate : 0 com.gamepub.pt false com.oplus.battery
09-13 14:39:03.317  1381  1545 I VRR [FRTC]: setFrameRateTarget with [0, com.gamepub.pt, 0, com.oplus.battery]
09-13 14:39:03.317  1381  1545 W VRR [FRTC]: invalid param { fps 0, proc_name com.gamepub.pt, strict_mode 0, description com.oplus.battery, rate_status 0, backend Surface, enable at 2025-09-13 14:39:03, disable waiting } for current status.
09-13 14:39:03.331  2580  4970 D OplusWifiTransactionHelper: Get notifyGameModeState: state = false pkgName = com.gamepub.pt
09-13 14:39:03.331  2580  4970 D OplusWifiCoexManager: setGameModeState: gameStateIn=false pkgName=com.gamepub.pt uid=12440
09-13 14:39:03.333  2580  6043 D OplusWifiTransactionHelper: notifyGameInfoJsonStr: gameInfo = {"PKG_NAME":"com.gamepub.pt","APP_BACKGROUND":true}
09-13 14:39:03.351 19840 19969 I GameOpt->OplusGameManager: setScreenMode, decisionScreenMode ->screen_refresh_rate, pkgName ->com.gamepub.pt, screenModeType ->2, mode ->0
09-13 14:39:03.403  2580  4970 D VRR [OPlusRefreshRateService]:  setFrameRateTargetControl [ -1.0 , com.gamepub.pt , false , com.oplus.cosa ]
09-13 14:39:03.403  2580  4970 D VRR [OPlusExternalRefreshRateManager]:  [FRTC] FrameRate : -1 com.gamepub.pt false com.oplus.cosa
09-13 14:39:03.403  2580  2654 D VRR [OPlusSurfaceFlingerController]:  add frtc FrameRate : -1 com.gamepub.pt false com.oplus.cosa
09-13 14:39:03.403  1381  1545 I VRR [FRTC]: setFrameRateTarget with [-1, com.gamepub.pt, 0, com.oplus.cosa]
09-13 14:39:03.403  1381  1545 W VRR [FRTC]: invalid param { fps -1, proc_name com.gamepub.pt, strict_mode 0, description com.oplus.cosa, rate_status 0, backend Surface, enable at 2025-09-13 14:39:03, disable waiting } for current status.
