09-13 15:11:51.202  2580  3379 I ActivityTaskManager: START u0 {act=android.intent.action.MAIN cat=[android.intent.category.LAUNCHER] flg=0x10200000 cmp=com.gamepub.pt/com.unity3d.player.UnityPlayerActivity bnds=[541,461][793,749] mCallingUid=10181} from uid 10181
09-13 15:11:51.218  2580  3379 I OplusScreenSecurityMask: onStackAdded task = Task{fd83897 #98 type=standard A=12446:com.gamepub.pt U=0 visible=false mode=fullscreen translucent=true sz=0} record = null displayId = 0
09-13 15:11:51.221  2580  3379 D CompactWindowManagerService: onOriginListAdded child: ActivityRecord{c184a84 u0 com.gamepub.pt/com.unity3d.player.UnityPlayerActivity t98}; parent: Task{fd83897 #98 type=standard A=12446:com.gamepub.pt U=0 visible=true mode=fullscreen translucent=true sz=1}
09-13 15:11:51.222  2580  3379 I OplusCompactWindowManagerService: supportMultiResume :true in package :com.gamepub.pt
09-13 15:11:51.222  2580  3379 D TaskExtImpl: add ActivityRecord{c184a84 u0 com.gamepub.pt/com.unity3d.player.UnityPlayerActivity t98} to mActivityRecordSum = Counter{ com.gamepub.pt/com.unity3d.player.UnityPlayerActivity(1) }
09-13 15:11:51.224  2580  3379 D ActivityTaskManager: getStartingWindowType: newTask=true, taskSwitch=true, processRunning=false, allowTaskSnapshot=true, activityCreated=false, snapshot=null, record:ActivityRecord{c184a84 u0 com.gamepub.pt/com.unity3d.player.UnityPlayerActivity t98}
09-13 15:11:51.226  2580  3379 V OplusZoomWindowManagerService: windowMode: 0 ,stack: Task{fd83897 #98 type=standard A=12446:com.gamepub.pt U=0 visible=true mode=fullscreen translucent=true sz=1}
09-13 15:11:51.236  3233  3461 D WindowManager: Add to mViews: android.widget.FrameLayout{bb1949c V.E...... ......I. 0,0-0,0},pkg= com.gamepub.pt
09-13 15:11:51.240  2580  6043 I OplusHansManager : front pkg: com.gamepub.pt, uid: 12446, prev pkg: com.android.launcher, prev uid: 10181
09-13 15:11:51.245  2580  3749 I OplusResourcePreloadManager: resume pkg: com.gamepub.pt, uid:12446, prev pkg: com.android.launcher, prev uid: 10181
09-13 15:11:51.248  2580  3379 D OplusDisplayPolicy: com.gamepub.pt, no change cutoutMode: 0
09-13 15:11:51.253  2580  3379 D OplusDisplayPolicy: com.gamepub.pt, no change cutoutMode: 0
09-13 15:11:51.265  1381  1381 D OplusLayer: setBuffer sequence=4430, name=Splash Screen com.gamepub.pt#0
09-13 15:11:51.268  2580  2613 D CompactWindowManagerService: updateBackgroundSurface openingApp: ActivityRecord{c184a84 u0 com.gamepub.pt/com.unity3d.player.UnityPlayerActivity t98}
09-13 15:11:51.287  2580  2613 I WindowStateExtImpl: onSurfaceShowChange show = true mPackageName = com.gamepub.pt parentPkgName = com.gamepub.pt
09-13 15:11:51.303  2580  2629 I ActivityManager: Start proc 24176:com.gamepub.pt/u0a2446 for pre-top-activity {com.gamepub.pt/com.unity3d.player.UnityPlayerActivity}
09-13 15:11:51.308 24176 24176 I com.gamepub.pt: Late-enabling -Xcheck:jni
09-13 15:11:51.327 24176 24176 E com.gamepub.pt: Unknown bits set in runtime_flags: 0x40000000
09-13 15:11:51.327 24176 24176 I com.gamepub.pt: Using CollectorTypeCC GC.
09-13 15:11:51.352  2580  6068 D OplusAppListInterceptManager: shouldFilterTask::packageName = com.gamepub.pt
09-13 15:11:51.362  2580  3379 I OplusAppSwitchManagerService: appswitch hasProcess ActivityRecord{c184a84 u0 com.gamepub.pt/com.unity3d.player.UnityPlayerActivity t98}
09-13 15:11:51.363  2580  4003 V DCSEX-AppSwitchManager: OnAppSwitchObserver: onAppExit, resuming = com.gamepub.pt, target = com.android.launcher, is ResumingFirstStart =  true, is ResumingMultiApp =  false, extensionInfo =  Bundle[{taskId=98, uid=12446}]
09-13 15:11:51.363  2580  7693 D DCSEX-AppLaunchEventRecorder: onAppSwitch from = com.android.launcher to = com.gamepub.pt
09-13 15:11:51.365  3905 11574 W Battery : ThermalControlUtils: mForegroundPkg=com.gamepub.pt
09-13 15:11:51.369  2580  3379 I OplusAppSwitchManagerService: appswitch hasProcess ActivityRecord{c184a84 u0 com.gamepub.pt/com.unity3d.player.UnityPlayerActivity t98}
09-13 15:11:51.369  2580  4003 D OplusEapManager: mTargetEnterName :com.gamepub.pt
09-13 15:11:51.369  2580  3379 I InputDispatcher: setFocusedApplication displayId=0 ActivityRecord{c184a84 u0 com.gamepub.pt/com.unity3d.player.UnityPlayerActivity t98}
09-13 15:11:51.370  2580  4003 V DCSEX-AppSwitchManager: OnAppSwitchObserver: onAppEnter, launchedFrom =  com.android.launcher, target =  com.gamepub.pt, is firstStart =  true, is multiApp =  false, extensionInfo =  Bundle[{taskId=98, pid=24176, uid=12446}]
09-13 15:11:51.370  2580  4003 D VRR [OPlusFrontAppManager]: OnAppSwitchObserver: onAppEnter , info.targetName = com.gamepub.pt
09-13 15:11:51.373  2580  2654 D VRR [OPlusRefreshRateService]: handleFrontAppChange pkgName: com.gamepub.pt
09-13 15:11:51.373  2580  2654 D VRR [OPlusExternalRefreshRateManager]: setFrontPackageName pkgName: com.gamepub.pt CurPkgName: null
09-13 15:11:51.373  2580  2612 D OplusKeepAliveManager: TOP_APP is ProcessRecord{ad8bcc8 24176:com.gamepub.pt/u0a2446} uid is 12446
09-13 15:11:51.379  2580  2637 E OplusThermalStats: Error getting package info: com.gamepub.pt
09-13 15:11:51.408  5400  5594 W ziparchive: Unable to open '/data/app/~~sYdcGGQM2UhFk4-DptC88g==/com.gamepub.pt-W8LN09dv49kUQZ5YvRr_cw==/base.dm': No such file or directory
09-13 15:11:51.408  5400  5594 W ziparchive: Unable to open '/data/app/~~sYdcGGQM2UhFk4-DptC88g==/com.gamepub.pt-W8LN09dv49kUQZ5YvRr_cw==/base.dm': No such file or directory
09-13 15:11:51.405  5400  5400 W athena_handler_: type=1400 audit(0.0:21684): avc: denied { write } for name="com.gamepub.pt-W8LN09dv49kUQZ5YvRr_cw==" dev="sda11" ino=2097698 scontext=u:r:system_app:s0 tcontext=u:object_r:apk_data_file:s0 tclass=dir permissive=0
09-13 15:11:51.441  3847  8115 D OplusLinkLatencyManagerService: gameOptimizeSetLoad.id:2, pkgName:com.gamepub.pt
09-13 15:11:51.443  2580  6068 D OplusWifiTransactionHelper: notifyGameInfoJsonStr: gameInfo = {"PKG_NAME":"com.gamepub.pt","GAME_PLAYING":1}
09-13 15:11:51.452 23437 23475 I Quality : 17001301:24176 com.gamepub.pt GAME_START
09-13 15:11:51.472  2580  3379 D OplusWifiTransactionHelper: Get notifyGameModeState: state = true pkgName = com.gamepub.pt
09-13 15:11:51.472  2580  3379 D OplusWifiCoexManager: setGameModeState: gameStateIn=true pkgName=com.gamepub.pt uid=12446
09-13 15:11:51.474  2580  3379 D OplusWifiTransactionHelper: notifyGameInfoJsonStr: gameInfo = {"PKG_NAME":"com.gamepub.pt","APP_FOREGROUND":true}
09-13 15:11:51.478 24176 24176 D nativeloader: Configuring clns-4 for other apk /system/framework/org.apache.http.legacy.jar. target_sdk_version=33, uses_libraries=ALL, library_path=/data/app/~~sYdcGGQM2UhFk4-DptC88g==/com.gamepub.pt-W8LN09dv49kUQZ5YvRr_cw==/lib/arm64:/data/app/~~sYdcGGQM2UhFk4-DptC88g==/com.gamepub.pt-W8LN09dv49kUQZ5YvRr_cw==/base.apk!/lib/arm64-v8a, permitted_path=/data:/mnt/expand:/data/user/0/com.gamepub.pt
09-13 15:11:51.481 24176 24176 W ziparchive: Unable to open '/data/app/~~sYdcGGQM2UhFk4-DptC88g==/com.gamepub.pt-W8LN09dv49kUQZ5YvRr_cw==/base.dm': No such file or directory
09-13 15:11:51.481 24176 24176 W ziparchive: Unable to open '/data/app/~~sYdcGGQM2UhFk4-DptC88g==/com.gamepub.pt-W8LN09dv49kUQZ5YvRr_cw==/base.dm': No such file or directory
09-13 15:11:51.503  3905  7076 W ziparchive: Unable to open '/data/app/~~sYdcGGQM2UhFk4-DptC88g==/com.gamepub.pt-W8LN09dv49kUQZ5YvRr_cw==/base.dm': No such file or directory
09-13 15:11:51.503  3905  7076 W ziparchive: Unable to open '/data/app/~~sYdcGGQM2UhFk4-DptC88g==/com.gamepub.pt-W8LN09dv49kUQZ5YvRr_cw==/base.dm': No such file or directory
09-13 15:11:51.497  3905  3905 W LogcatParserThr: type=1400 audit(0.0:21685): avc: denied { write } for name="com.gamepub.pt-W8LN09dv49kUQZ5YvRr_cw==" dev="sda11" ino=2097698 scontext=u:r:system_app:s0 tcontext=u:object_r:apk_data_file:s0 tclass=dir permissive=0
09-13 15:11:51.552  2580  6072 V OplusZoomWindowManagerService: onAnimationFinished:  r = ActivityRecord{c184a84 u0 com.gamepub.pt/com.unity3d.player.UnityPlayerActivity t98}
09-13 15:11:51.553  2580  6072 I OplusAppSwitchManagerService:  handleAppVisible , r = ActivityRecord{c184a84 u0 com.gamepub.pt/com.unity3d.player.UnityPlayerActivity t98}
09-13 15:11:51.694 24176 24176 D nativeloader: Configuring clns-5 for other apk /data/app/~~sYdcGGQM2UhFk4-DptC88g==/com.gamepub.pt-W8LN09dv49kUQZ5YvRr_cw==/base.apk. target_sdk_version=33, uses_libraries=, library_path=/data/app/~~sYdcGGQM2UhFk4-DptC88g==/com.gamepub.pt-W8LN09dv49kUQZ5YvRr_cw==/lib/arm64:/data/app/~~sYdcGGQM2UhFk4-DptC88g==/com.gamepub.pt-W8LN09dv49kUQZ5YvRr_cw==/base.apk!/lib/arm64-v8a, permitted_path=/data:/mnt/expand:/data/user/0/com.gamepub.pt
09-13 15:11:51.722 24176 24176 V GraphicsEnvironment: ANGLE Developer option for 'com.gamepub.pt' set to: 'default'
09-13 15:11:51.752 24176 24176 D nativeloader: Load /data/app/~~sYdcGGQM2UhFk4-DptC88g==/com.gamepub.pt-W8LN09dv49kUQZ5YvRr_cw==/lib/arm64/libloader.so using ns clns-5 from class loader (caller=/data/app/~~sYdcGGQM2UhFk4-DptC88g==/com.gamepub.pt-W8LN09dv49kUQZ5YvRr_cw==/base.apk): ok
09-13 15:11:51.762  1377 31163 D AudioFlingerExtImpl: AudioFlingerExtImpl oplusSetParameters: keyvalue currentGamePackageName=com.gamepub.pt
09-13 15:11:51.763  1377 31163 D AudioFlingerExtImpl: MagicVoiceSetParameters, tempCurrentPackageName:com.gamepub.pt
09-13 15:11:51.763  1317 15529 D audio_hw_primary: adev_set_parameters: enter: currentGamePackageName=com.gamepub.pt
09-13 15:11:51.772  2580  6068 D OplusWifiTransactionHelper: notifyGameInfoJsonStr: gameInfo = {"PKG_NAME":"com.gamepub.pt","PERFORMANCE_MODE":0}
09-13 15:11:51.776  2580  6284 D OplusWifiTransactionHelper: notifyGameInfoJsonStr: gameInfo = {"PKG_NAME":"com.gamepub.pt","PERFORMANCE_MODE":0}
09-13 15:11:51.777 16172 16436 D AppSortManager: updateApp app:com.gamepub.pt
09-13 15:11:51.782 16172 16172 W FrameInsert: getDisplayFunctionCapability for com.gamepub.pt enter
09-13 15:11:51.814 16172 16504 D network : getData for https://games-community-sg.heytapmobile.com/games/tool/recharge/page/jump?pkgName=com.gamepub.pt started !!
09-13 15:11:51.819 16172 16504 I httpdns : HttpDnsInterceptor.preIntercept, input: https://games-community-sg.heytapmobile.com/games/tool/recharge/page/jump?pkgName=com.gamepub.pt
09-13 15:11:51.821 16172 16504 I httpdns : HttpDnsInterceptor.preIntercept, output: https://games-community-sg.heytapmobile.com/games/tool/recharge/page/jump?pkgName=com.gamepub.pt
09-13 15:11:51.827 24176 24176 D nativeloader: Load /data/app/~~sYdcGGQM2UhFk4-DptC88g==/com.gamepub.pt-W8LN09dv49kUQZ5YvRr_cw==/lib/arm64/libcrashlytics.so using ns clns-5 from class loader (caller=/data/app/~~sYdcGGQM2UhFk4-DptC88g==/com.gamepub.pt-W8LN09dv49kUQZ5YvRr_cw==/base.apk!classes3.dex): ok
09-13 15:11:51.848 24176 24176 I FirebaseCrashlytics: Initializing Firebase Crashlytics 18.3.2 for com.gamepub.pt
09-13 15:11:51.876 24176 24207 W com.gamepub.pt: ClassLoaderContext classpath size mismatch. expected=1, found=0 (DLC[];PCL[base.apk*2933616277]{PCL[/system/framework/org.apache.http.legacy.jar*3034548894]#PCL[/apex/com.android.extservices/javalib/android.ext.adservices.jar*114502043]#PCL[/system/framework/com.android.media.remotedisplay.jar*3472798123]#PCL[/system/framework/com.android.location.provider.jar*3633238672]#PCL[/system/framework/org.apache.http.legacy.jar*3034548894]#PCL[/apex/com.android.extservices/javalib/android.ext.adservices.jar*114502043]} | DLC[];PCL[])
09-13 15:11:51.877  3905  4181 W AuthDialogHelper: checkNotificationSwitchFirst() called with: context = [com.oplus.notification.NotificationCenterService@754e682], pkg = [com.gamepub.pt], uid = [12446], userId = [0], init checker
09-13 15:11:51.878  3905  4181 E AuthDialogHelper: CheckNotificationCanBeSetSecond: check com.gamepub.pt , Notification master switch on, unable to pop dialog
09-13 15:11:51.887 16172 16504 I httpdns : HttpDnsInterceptor.afterIntercept, https://games-community-sg.heytapmobile.com/games/tool/recharge/page/jump?pkgName=com.gamepub.pt#200#null
09-13 15:11:51.889 16172 16504 D network : return  NetworkResponse for https://games-community-sg.heytapmobile.com/games/tool/recharge/page/jump?pkgName=com.gamepub.pt took 75
09-13 15:11:51.889 16172 16504 D network : desiriaize for https://games-community-sg.heytapmobile.com/games/tool/recharge/page/jump?pkgName=com.gamepub.pt return  NetworkResponse took 0
09-13 15:11:51.889 16172 16504 D network : getData for https://games-community-sg.heytapmobile.com/games/tool/recharge/page/jump?pkgName=com.gamepub.pt took : 75
09-13 15:11:51.918 24176 24207 W com.gamepub.pt: ClassLoaderContext classpath element checksum mismatch. expected=2933616277, found=2483008267 (DLC[];PCL[base.apk*2933616277]{PCL[/system/framework/org.apache.http.legacy.jar*3034548894]#PCL[/apex/com.android.extservices/javalib/android.ext.adservices.jar*114502043]#PCL[/system/framework/com.android.media.remotedisplay.jar*3472798123]#PCL[/system/framework/com.android.location.provider.jar*3633238672]#PCL[/system/framework/org.apache.http.legacy.jar*3034548894]#PCL[/apex/com.android.extservices/javalib/android.ext.adservices.jar*114502043]} | DLC[];PCL[/data/app/~~sYdcGGQM2UhFk4-DptC88g==/com.gamepub.pt-W8LN09dv49kUQZ5YvRr_cw==/base.apk*2483008267]{PCL[/system/framework/org.apache.http.legacy.jar*3034548894]})
09-13 15:11:52.212 24176 24231 W com.gamepub.pt: Accessing hidden method Ldalvik/system/VMStack;->getStackClass2()Ljava/lang/Class; (unsupported, reflection, allowed)
09-13 15:11:52.240 24176 24229 E com.gamepub.pt: No package ID 6a found for ID 0x6a0b000f.
09-13 15:11:52.244 24176 24229 I FA      :   adb shell setprop debug.firebase.analytics.app com.gamepub.pt
09-13 15:11:52.430 24176 24204 W com.gamepub.pt: ClassLoaderContext type mismatch. expected=PCL, found=DLC (PCL[] | DLC[];PCL[/data/app/~~sYdcGGQM2UhFk4-DptC88g==/com.gamepub.pt-W8LN09dv49kUQZ5YvRr_cw==/base.apk*2483008267]{PCL[/system/framework/org.apache.http.legacy.jar*3034548894]})
09-13 15:11:52.447  2580  6043 W PackageManager: package unknown uid 12446 pid 24176 call SetEnabledSetting(com.gamepub.pt component = androidx.work.impl.background.systemjob.SystemJobService, 1, 0x1, 0)
09-13 15:11:52.507 24176 24176 I Quality : ActivityThread: bindApplication delay 1129 com.gamepub.pt 24176
09-13 15:11:52.509 24176 24241 I Quality : Blocked msg = Package name: com.gamepub.pt [ schedGroup: 5 schedPolicy: 0 ] process the message: { when=-1s149ms what=110 target=android.app.ActivityThread$H obj=AppBindData{appInfo=ApplicationInfo{e8c2e92 com.gamepub.pt}} } took 1129 ms
09-13 15:11:52.552 24176 24176 D nativeloader: Load /data/app/~~sYdcGGQM2UhFk4-DptC88g==/com.gamepub.pt-W8LN09dv49kUQZ5YvRr_cw==/lib/arm64/libModLoader.so using ns clns-5 from class loader (caller=/data/app/~~sYdcGGQM2UhFk4-DptC88g==/com.gamepub.pt-W8LN09dv49kUQZ5YvRr_cw==/base.apk!classes3.dex): ok
09-13 15:11:52.556 24176 24176 F libc    : Fatal signal 6 (SIGABRT), code -1 (SI_QUEUE) in tid 24176 (com.gamepub.pt), pid 24176 (com.gamepub.pt)
09-13 15:11:52.557  3905  7076 W ziparchive: Unable to open '/data/app/~~sYdcGGQM2UhFk4-DptC88g==/com.gamepub.pt-W8LN09dv49kUQZ5YvRr_cw==/base.dm': No such file or directory
09-13 15:11:52.557  3905  7076 W ziparchive: Unable to open '/data/app/~~sYdcGGQM2UhFk4-DptC88g==/com.gamepub.pt-W8LN09dv49kUQZ5YvRr_cw==/base.dm': No such file or directory
09-13 15:11:52.553  3905  3905 W LogcatParserThr: type=1400 audit(0.0:21686): avc: denied { write } for name="com.gamepub.pt-W8LN09dv49kUQZ5YvRr_cw==" dev="sda11" ino=2097698 scontext=u:r:system_app:s0 tcontext=u:object_r:apk_data_file:s0 tclass=dir permissive=0
09-13 15:11:53.131 24249 24249 F DEBUG   : Process name is com.gamepub.pt, not key_process
09-13 15:11:53.131 24249 24249 F DEBUG   : Cmdline: com.gamepub.pt
09-13 15:11:53.131 24249 24249 F DEBUG   : pid: 24176, tid: 24176, name: com.gamepub.pt  >>> com.gamepub.pt <<<
09-13 15:11:53.131 24249 24249 F DEBUG   :       #04 pc 00000000001eda08  /data/app/~~sYdcGGQM2UhFk4-DptC88g==/com.gamepub.pt-W8LN09dv49kUQZ5YvRr_cw==/lib/arm64/libloader.so!libloader.so
09-13 15:11:53.159  2580 24252 W ActivityTaskManager:   Force finishing activity com.gamepub.pt/com.unity3d.player.UnityPlayerActivity
09-13 15:11:53.164  2580 24252 V OplusZoomWindowManagerService: prepareZoomTransition: curStack=Task{fd83897 #98 type=standard A=12446:com.gamepub.pt U=0 visible=false mode=fullscreen translucent=true sz=1}   nextStackTask{96c37a3 #1 type=undefined ?? U=0 visible=true mode=fullscreen translucent=true sz=1}
09-13 15:11:53.240  2580  6043 D TheiaManager: KEY:packageNameVALUE:com.gamepub.pt
09-13 15:11:53.240  2580  6043 D TheiaCrashMonitor: com.gamepub.ptcrash
09-13 15:11:53.240  2580  6043 I ActivityManager: Process com.gamepub.pt (pid 24176) has died: prcp TOP 
09-13 15:11:53.249  2580  4502 I OplusHansManager : onUidGone(), 12446 com.gamepub.pt exit SM
09-13 15:11:53.262  2580  4982 D OplusWifiTransactionHelper: notifyGameInfoJsonStr: gameInfo = {"PKG_NAME":"com.gamepub.pt","GAME_PLAYING":0}
09-13 15:11:53.270  2580  6043 V OplusZoomWindowManagerService: onAnimationFinished:  r = ActivityRecord{c184a84 u0 com.gamepub.pt/com.unity3d.player.UnityPlayerActivity t98 f}}
09-13 15:11:53.271  2580  6043 I WindowStateExtImpl: onSurfaceShowChange show = false mPackageName = com.gamepub.pt parentPkgName = com.gamepub.pt
09-13 15:11:53.272  2580  6043 W InputManager-JNI: Input channel object '82a06ba Splash Screen com.gamepub.pt (client)' was disposed without first being removed with the input manager!
09-13 15:11:53.273  2580  6043 D OplusStartingWindowManager: interceptRemoveStartingWindow activity.packageName=com.gamepub.pt isSnapshot=false mStartingSurfaceRunnable=null
09-13 15:11:53.282  2580  6043 I OplusScreenSecurityMask: onStackRemoved task = Task{fd83897 #98 type=standard A=12446:com.gamepub.pt U=0 visible=false mode=fullscreen translucent=true sz=0} record = null displayId = 0
09-13 15:11:53.283  2580  6043 D TaskExtImpl: remove ActivityRecord{c184a84 u0 com.gamepub.pt/com.unity3d.player.UnityPlayerActivity t-1 f}} to mActivityRecordSum = Counter{ }
09-13 15:11:53.284  1381  1381 D OplusLayer: ~Layer() sequence=4429, name=82a06ba Splash Screen com.gamepub.pt#0 0xb400007e1a77fc40
09-13 15:11:53.284  1381  1381 D OplusLayer: ~Layer() sequence=4430, name=Splash Screen com.gamepub.pt#0 0xb400007e1a615140
09-13 15:11:53.286  2580  6043 I OplusHansManager : front pkg: com.android.launcher, uid: 10181, prev pkg: com.gamepub.pt, prev uid: 12446
09-13 15:11:53.288  2580  3749 I OplusResourcePreloadManager: resume pkg: com.android.launcher, uid:10181, prev pkg: com.gamepub.pt, prev uid: 12446
09-13 15:11:53.318  1381  1381 D OplusLayer: ~Layer() sequence=4428, name=ActivityRecord{c184a84 u0 com.gamepub.pt/com.unity3d.player.UnityPlayerActivity#0 0xb400007e36874400
09-13 15:11:53.318  1381  1381 D OplusLayer: ~Layer() sequence=4436, name=fd79716 ActivityRecordInputSink com.gamepub.pt/com.unity3d.player.UnityPlayerActivity#0 0xb400007e1a68e540
09-13 15:11:53.350  2580  4982 D OplusAppListInterceptManager: shouldFilterTask::packageName = com.gamepub.pt
09-13 15:11:53.364  2580  3752 D OplusAppListInterceptManager: shouldFilterTask::packageName = com.gamepub.pt
09-13 15:11:53.663  2580  2612 W ActivityTaskManager: Activity top resumed state loss timeout for ActivityRecord{c184a84 u0 com.gamepub.pt/com.unity3d.player.UnityPlayerActivity t-1 f}}
09-13 15:11:53.664  2580  4003 D OplusEapManager: mTargetExitName :com.gamepub.pt
09-13 15:11:53.664  2580  4003 V DCSEX-AppSwitchManager: OnAppSwitchObserver: onAppExit, resuming = com.android.launcher, target = com.gamepub.pt, is ResumingFirstStart =  false, is ResumingMultiApp =  false, extensionInfo =  Bundle[{taskId=5, uid=10181}]
09-13 15:11:53.664  2580  4003 D VRR [OPlusFrontAppManager]: OnAppSwitchObserver: onAppExit , info.targetName = com.gamepub.pt
09-13 15:11:53.664  2580  2654 D VRR [OPlusExternalRefreshRateManager]: setFrontPackageName pkgName: null CurPkgName: com.gamepub.pt
09-13 15:11:53.669  2580  7693 D DCSEX-AppLaunchEventRecorder: onAppSwitch from = com.gamepub.pt to = com.android.launcher
09-13 15:11:53.669  2580  7693 D DCSEX-AppLaunchEventRecorder: recordExitApp = com.gamepub.pt
09-13 15:11:53.689  2580  4982 D OplusWifiTransactionHelper: Get notifyGameModeState: state = false pkgName = com.gamepub.pt
09-13 15:11:53.690  2580  4982 D OplusWifiCoexManager: setGameModeState: gameStateIn=false pkgName=com.gamepub.pt uid=12446
09-13 15:11:53.693  2580  3752 D OplusWifiTransactionHelper: notifyGameInfoJsonStr: gameInfo = {"PKG_NAME":"com.gamepub.pt","APP_BACKGROUND":true}
09-13 15:11:53.712 23431 23523 I GameOpt->OplusGameManager: setScreenMode, decisionScreenMode ->screen_refresh_rate, pkgName ->com.gamepub.pt, screenModeType ->2, mode ->0
09-13 15:11:53.734  2580  4982 D VRR [OPlusRefreshRateService]:  setFrameRateTargetControl [ -1.0 , com.gamepub.pt , false , com.oplus.cosa ]
09-13 15:11:53.734  2580  4982 D VRR [OPlusExternalRefreshRateManager]:  [FRTC] FrameRate : -1 com.gamepub.pt false com.oplus.cosa
09-13 15:11:53.735  2580  2654 D VRR [OPlusSurfaceFlingerController]:  add frtc FrameRate : -1 com.gamepub.pt false com.oplus.cosa
09-13 15:11:53.735  1381  2655 I VRR [FRTC]: setFrameRateTarget with [-1, com.gamepub.pt, 0, com.oplus.cosa]
09-13 15:11:53.736  1381  2655 W VRR [FRTC]: invalid param { fps -1, proc_name com.gamepub.pt, strict_mode 0, description com.oplus.cosa, rate_status 0, backend Surface, enable at 2025-09-13 15:11:53, disable waiting } for current status.
