09-13 15:35:03.220  3905  5099 D AppSwitchObserverHelper: packageName: com.gamepub.pt,com.gamepub.pt
09-13 15:35:03.286  3905  5099 E Battery : AppStats: Uid = 10263; pkgName = com.gamepub.pt; CpuFgTime = 0 ms; CpuBgTime = -598659 ms.
09-13 15:35:03.286  3905  5099 E Battery : AppStats: Uid = 10263; pkgName = com.gamepub.pt; CpuKernelFgTime = 0 ms; CpuKernelBgTime = -137108 ms.
09-13 15:35:03.286  3905  5099 E Battery : AppStats: Uid = 10263; pkgName = com.gamepub.pt; CpuUserFgTime = 0 ms ; CpuUserBgTime = -461551 ms.
09-13 15:35:03.286  3905  5099 E Battery : AppStats: Uid = 10263; pkgName = com.gamepub.pt; CpuFgPower = 0.0 mAh.; CpuBgPower = -10.574766666666667 mAh.
09-13 15:35:03.286  3905  5099 E Battery : AppStats: Uid = 10263; pkgName = com.gamepub.pt; AlarmFgWakeupCount = 0; AlarmBgWakeupCount = 0
09-13 15:35:03.286  3905  5099 E Battery : AppStats: Uid = 10263; pkgName = com.gamepub.pt; JobFgCount = 0; JobBgCount = 0; JobFgTime = 0; JobBgTime = 0
09-13 15:35:03.286  3905  5099 E Battery : AppStats: Uid = 10263; pkgName = com.gamepub.pt; SyncFgCount = 0; SyncBgCount = 0; SyncFgTime = 0; SyncBgTime = 0
09-13 15:35:03.287  3905  5099 E Battery : AppStats: Uid = 10263; pkgName = com.gamepub.pt; WakeLockFgTime = 0 ms; WakeLockFgPower = 0.0 mAh.; WakeLockBgTime = 0 ms; WakeLockBgPower = 0.0 mAh.
09-13 15:35:03.287  3905  5099 E Battery : AppStats: Uid = 10263; pkgName = com.gamepub.pt; ScreenFgTime = 659 ms; ScreenFgPower = 0.01519361111111111 mAh.
09-13 15:35:03.287  3905  5099 E Battery : AppStats: Uid = 10263; pkgName = com.gamepub.pt; FgWifiRxBytes = 1342 Bytes; BgWifiRxBytes = -213175377 Bytes; FgWifiTxBytes = 19 Bytes; BgWifiTxBytes = -3032792 Bytes; FgWifiRxPackets = 1 ; BgWifiRxPackets = -143539 ; FgWifiTxPackets = 0 ; BgWifiTxPackets = -72815 ; FgWiFiScanTimeMs = 0 ; BgWiFiScanTimeMs = 0 ; FgWiFiBatchScanTimeMs = 0 ; BgWiFiBatchScanTimeMs = 0 
09-13 15:35:03.287  3905  5099 E Battery : AppStats: Uid = 10263; pkgName = com.gamepub.pt; FgWifiRxPacketsPower = 9.605208470020443E-5 mAh; BgWifiRxPacketsPower = -13.787220001220703 mAh; FgWifiTxPacketsPower = 0.0 mAh; BgWifiTxPacketsPower = -6.994032382965088 mAh; FgWifiScanPower = 0.0 mAh; BgWifiScanPower = 0.0 mAh; FgWifiBatchScanPower = 0.0 mAh; BgWifiBatchScanPower = 0.0 mAh; FgWiFiTotalPower = 9.605208470020443E-5 mAh; BgWiFiTotalPower = -20.78125238418579 mAh.
09-13 15:35:03.287  3905  5099 E Battery : AppStats: Uid = 10263; pkgName = com.gamepub.pt; FgGpsTime = 0 ms; BgGpsTime = 0 ms.
09-13 15:35:03.287  3905  5099 E Battery : AppStats: Uid = 10263; pkgName = com.gamepub.pt; FgGpsPower = 0.0 mAh; BgGpsPower = 0.0 mAh.
09-13 15:35:03.287  3905  5099 E Battery : AppStats: Uid = 10263; pkgName = com.gamepub.pt; FgSensorTime = 0 ms; BgSensorTime = -1029 ms.
09-13 15:35:03.287  3905  5099 E Battery : AppStats: Uid = 10263; pkgName = com.gamepub.pt; FgSensorPower = 0.0 mAh; BgSensorPower = -3.9372497485601343E-4 mAh.
09-13 15:35:03.287  3905  5099 E Battery : AppStats: Uid = 10263; pkgName = com.gamepub.pt; FgCameraTime = 0 ms; BgCameraTime = 0 ms
09-13 15:35:03.287  3905  5099 E Battery : AppStats: Uid = 10263; pkgName = com.gamepub.pt; FgCameraPower = 0.0 mAh; BgCameraPower = 0.0 mAh
09-13 15:35:03.287  3905  5099 E Battery : AppStats: Uid = 10263; pkgName = com.gamepub.pt; FgFlashLightTime = 0 ms; BgFlashLightTime = 0 ms
09-13 15:35:03.287  3905  5099 E Battery : AppStats: Uid = 10263; pkgName = com.gamepub.pt; FgFlashLightPower = 0.0 mAh; BgFlashLightPower = 0.0 mAh
09-13 15:35:03.310  3905  5099 E Battery : AppStats: Uid = 10263; pkgName = com.gamepub.pt; CpuFgTime = 0 ms; CpuBgTime = -598659 ms.
09-13 15:35:03.310  3905  5099 E Battery : AppStats: Uid = 10263; pkgName = com.gamepub.pt; CpuKernelFgTime = 0 ms; CpuKernelBgTime = -137108 ms.
09-13 15:35:03.310  3905  5099 E Battery : AppStats: Uid = 10263; pkgName = com.gamepub.pt; CpuUserFgTime = 0 ms ; CpuUserBgTime = -461551 ms.
09-13 15:35:03.310  3905  5099 E Battery : AppStats: Uid = 10263; pkgName = com.gamepub.pt; CpuFgPower = 0.0 mAh.; CpuBgPower = -10.574766666666667 mAh.
09-13 15:35:03.310  3905  5099 E Battery : AppStats: Uid = 10263; pkgName = com.gamepub.pt; AlarmFgWakeupCount = 0; AlarmBgWakeupCount = 0
09-13 15:35:03.310  3905  5099 E Battery : AppStats: Uid = 10263; pkgName = com.gamepub.pt; JobFgCount = 0; JobBgCount = 0; JobFgTime = 0; JobBgTime = 0
09-13 15:35:03.310  3905  5099 E Battery : AppStats: Uid = 10263; pkgName = com.gamepub.pt; SyncFgCount = 0; SyncBgCount = 0; SyncFgTime = 0; SyncBgTime = 0
09-13 15:35:03.310  3905  5099 E Battery : AppStats: Uid = 10263; pkgName = com.gamepub.pt; WakeLockFgTime = 0 ms; WakeLockFgPower = 0.0 mAh.; WakeLockBgTime = 0 ms; WakeLockBgPower = 0.0 mAh.
09-13 15:35:03.310  3905  5099 E Battery : AppStats: Uid = 10263; pkgName = com.gamepub.pt; ScreenFgTime = 684 ms; ScreenFgPower = 0.01577 mAh.
09-13 15:35:03.310  3905  5099 E Battery : AppStats: Uid = 10263; pkgName = com.gamepub.pt; FgWifiRxBytes = 1342 Bytes; BgWifiRxBytes = -213175377 Bytes; FgWifiTxBytes = 19 Bytes; BgWifiTxBytes = -3032792 Bytes; FgWifiRxPackets = 1 ; BgWifiRxPackets = -143539 ; FgWifiTxPackets = 0 ; BgWifiTxPackets = -72815 ; FgWiFiScanTimeMs = 0 ; BgWiFiScanTimeMs = 0 ; FgWiFiBatchScanTimeMs = 0 ; BgWiFiBatchScanTimeMs = 0 
09-13 15:35:03.310  3905  5099 E Battery : AppStats: Uid = 10263; pkgName = com.gamepub.pt; FgWifiRxPacketsPower = 9.605208470020443E-5 mAh; BgWifiRxPacketsPower = -13.787220001220703 mAh; FgWifiTxPacketsPower = 0.0 mAh; BgWifiTxPacketsPower = -6.994032382965088 mAh; FgWifiScanPower = 0.0 mAh; BgWifiScanPower = 0.0 mAh; FgWifiBatchScanPower = 0.0 mAh; BgWifiBatchScanPower = 0.0 mAh; FgWiFiTotalPower = 9.605208470020443E-5 mAh; BgWiFiTotalPower = -20.78125238418579 mAh.
09-13 15:35:03.310  3905  5099 E Battery : AppStats: Uid = 10263; pkgName = com.gamepub.pt; FgGpsTime = 0 ms; BgGpsTime = 0 ms.
09-13 15:35:03.310  3905  5099 E Battery : AppStats: Uid = 10263; pkgName = com.gamepub.pt; FgGpsPower = 0.0 mAh; BgGpsPower = 0.0 mAh.
09-13 15:35:03.311  3905  5099 E Battery : AppStats: Uid = 10263; pkgName = com.gamepub.pt; FgSensorTime = 0 ms; BgSensorTime = -1029 ms.
09-13 15:35:03.311  3905  5099 E Battery : AppStats: Uid = 10263; pkgName = com.gamepub.pt; FgSensorPower = 0.0 mAh; BgSensorPower = -3.9372497485601343E-4 mAh.
09-13 15:35:03.311  3905  5099 E Battery : AppStats: Uid = 10263; pkgName = com.gamepub.pt; FgCameraTime = 0 ms; BgCameraTime = 0 ms
09-13 15:35:03.311  3905  5099 E Battery : AppStats: Uid = 10263; pkgName = com.gamepub.pt; FgCameraPower = 0.0 mAh; BgCameraPower = 0.0 mAh
09-13 15:35:03.311  3905  5099 E Battery : AppStats: Uid = 10263; pkgName = com.gamepub.pt; FgFlashLightTime = 0 ms; BgFlashLightTime = 0 ms
09-13 15:35:03.311  3905  5099 E Battery : AppStats: Uid = 10263; pkgName = com.gamepub.pt; FgFlashLightPower = 0.0 mAh; BgFlashLightPower = 0.0 mAh
09-13 15:35:03.690  3630  3630 I Quality : 11009101: com.gamepub.pt 19 13
09-13 15:35:03.709  2580  6067 I ActivityTaskManager: START u0 {act=android.intent.action.MAIN cat=[android.intent.category.LAUNCHER] flg=0x10200000 cmp=com.gamepub.pt/com.unity3d.player.UnityPlayerActivity bnds=[541,460][793,748] mCallingUid=10181} from uid 10181
09-13 15:35:03.722  2580  6067 I OplusScreenSecurityMask: onStackAdded task = Task{3a73429 #104 type=standard A=12448:com.gamepub.pt U=0 visible=false mode=fullscreen translucent=true sz=0} record = null displayId = 0
09-13 15:35:03.726  2580  6067 D CompactWindowManagerService: onOriginListAdded child: ActivityRecord{cbe3ae u0 com.gamepub.pt/com.unity3d.player.UnityPlayerActivity t104}; parent: Task{3a73429 #104 type=standard A=12448:com.gamepub.pt U=0 visible=true mode=fullscreen translucent=true sz=1}
09-13 15:35:03.726  2580  6067 I OplusCompactWindowManagerService: supportMultiResume :true in package :com.gamepub.pt
09-13 15:35:03.726  2580  6067 D TaskExtImpl: add ActivityRecord{cbe3ae u0 com.gamepub.pt/com.unity3d.player.UnityPlayerActivity t104} to mActivityRecordSum = Counter{ com.gamepub.pt/com.unity3d.player.UnityPlayerActivity(1) }
09-13 15:35:03.728  2580  6067 D ActivityTaskManager: getStartingWindowType: newTask=true, taskSwitch=true, processRunning=false, allowTaskSnapshot=true, activityCreated=false, snapshot=null, record:ActivityRecord{cbe3ae u0 com.gamepub.pt/com.unity3d.player.UnityPlayerActivity t104}
09-13 15:35:03.730  2580  6067 V OplusZoomWindowManagerService: windowMode: 0 ,stack: Task{3a73429 #104 type=standard A=12448:com.gamepub.pt U=0 visible=true mode=fullscreen translucent=true sz=1}
09-13 15:35:03.736  3233  3461 D WindowManager: Add to mViews: android.widget.FrameLayout{d7812f7 V.E...... ......I. 0,0-0,0},pkg= com.gamepub.pt
09-13 15:35:03.741  2580  5835 D OplusDisplayPolicy: com.gamepub.pt, no change cutoutMode: 0
09-13 15:35:03.745  2580  3846 I OplusHansManager : front pkg: com.gamepub.pt, uid: 12448, prev pkg: com.android.launcher, prev uid: 10181
09-13 15:35:03.756  2580  3749 I OplusResourcePreloadManager: resume pkg: com.gamepub.pt, uid:12448, prev pkg: com.android.launcher, prev uid: 10181
09-13 15:35:03.756  2580  3846 D OplusDisplayPolicy: com.gamepub.pt, no change cutoutMode: 0
09-13 15:35:03.782  2580  2613 D CompactWindowManagerService: updateBackgroundSurface openingApp: ActivityRecord{cbe3ae u0 com.gamepub.pt/com.unity3d.player.UnityPlayerActivity t104}
09-13 15:35:03.784  1381  1381 D OplusLayer: setBuffer sequence=4649, name=Splash Screen com.gamepub.pt#0
09-13 15:35:03.797  2580  2629 I ActivityManager: Start proc 29826:com.gamepub.pt/u0a2448 for pre-top-activity {com.gamepub.pt/com.unity3d.player.UnityPlayerActivity}
09-13 15:35:03.800  2580  2613 I WindowStateExtImpl: onSurfaceShowChange show = true mPackageName = com.gamepub.pt parentPkgName = com.gamepub.pt
09-13 15:35:03.810 29826 29826 I com.gamepub.pt: Late-enabling -Xcheck:jni
09-13 15:35:03.827 29826 29826 E com.gamepub.pt: Unknown bits set in runtime_flags: 0x40000000
09-13 15:35:03.827 29826 29826 I com.gamepub.pt: Using CollectorTypeCC GC.
09-13 15:35:03.850  2580  6071 D OplusAppListInterceptManager: shouldFilterTask::packageName = com.gamepub.pt
09-13 15:35:03.864  2580  3846 I OplusAppSwitchManagerService: appswitch hasProcess ActivityRecord{cbe3ae u0 com.gamepub.pt/com.unity3d.player.UnityPlayerActivity t104}
09-13 15:35:03.864  2580  3846 I OplusAppSwitchManagerService: appswitch hasProcess ActivityRecord{cbe3ae u0 com.gamepub.pt/com.unity3d.player.UnityPlayerActivity t104}
09-13 15:35:03.864  2580  3846 I InputDispatcher: setFocusedApplication displayId=0 ActivityRecord{cbe3ae u0 com.gamepub.pt/com.unity3d.player.UnityPlayerActivity t104}
09-13 15:35:03.872  2580  4003 V DCSEX-AppSwitchManager: OnAppSwitchObserver: onAppExit, resuming = com.gamepub.pt, target = com.android.launcher, is ResumingFirstStart =  true, is ResumingMultiApp =  false, extensionInfo =  Bundle[{taskId=104, uid=12448}]
09-13 15:35:03.872  2580  7693 D DCSEX-AppLaunchEventRecorder: onAppSwitch from = com.android.launcher to = com.gamepub.pt
09-13 15:35:03.873  2580  2637 E OplusThermalStats: Error getting package info: com.gamepub.pt
09-13 15:35:03.888  2580  2612 D OplusKeepAliveManager: TOP_APP is ProcessRecord{45e003f 29826:com.gamepub.pt/u0a2448} uid is 12448
09-13 15:35:03.895  2580  4003 D OplusEapManager: mTargetEnterName :com.gamepub.pt
09-13 15:35:03.895  2580  4003 V DCSEX-AppSwitchManager: OnAppSwitchObserver: onAppEnter, launchedFrom =  com.android.launcher, target =  com.gamepub.pt, is firstStart =  true, is multiApp =  false, extensionInfo =  Bundle[{taskId=104, pid=29826, uid=12448}]
09-13 15:35:03.895  2580  4003 D VRR [OPlusFrontAppManager]: OnAppSwitchObserver: onAppEnter , info.targetName = com.gamepub.pt
09-13 15:35:03.895  2580  2654 D VRR [OPlusRefreshRateService]: handleFrontAppChange pkgName: com.gamepub.pt
09-13 15:35:03.895  2580  2654 D VRR [OPlusExternalRefreshRateManager]: setFrontPackageName pkgName: com.gamepub.pt CurPkgName: null
09-13 15:35:03.896  3905 17163 W Battery : ThermalControlUtils: mForegroundPkg=com.gamepub.pt
09-13 15:35:03.897  5400  5400 W athena_handler_: type=1400 audit(0.0:21995): avc: denied { write } for name="com.gamepub.pt-5pelR0cQJ7NzVAWFgBt13Q==" dev="sda11" ino=2101084 scontext=u:r:system_app:s0 tcontext=u:object_r:apk_data_file:s0 tclass=dir permissive=0
09-13 15:35:03.904  5400  5594 W ziparchive: Unable to open '/data/app/~~jSXVJprLM3Wjz7EVLR39uA==/com.gamepub.pt-5pelR0cQJ7NzVAWFgBt13Q==/base.dm': No such file or directory
09-13 15:35:03.904  5400  5594 W ziparchive: Unable to open '/data/app/~~jSXVJprLM3Wjz7EVLR39uA==/com.gamepub.pt-5pelR0cQJ7NzVAWFgBt13Q==/base.dm': No such file or directory
09-13 15:35:03.924  3847  8115 D OplusLinkLatencyManagerService: gameOptimizeSetLoad.id:2, pkgName:com.gamepub.pt
09-13 15:35:03.955  2580  6068 D OplusWifiTransactionHelper: notifyGameInfoJsonStr: gameInfo = {"PKG_NAME":"com.gamepub.pt","GAME_PLAYING":1}
09-13 15:35:03.957 27268 27304 I Quality : 17001301:29826 com.gamepub.pt GAME_START
09-13 15:35:03.974  2580  6284 D OplusWifiTransactionHelper: Get notifyGameModeState: state = true pkgName = com.gamepub.pt
09-13 15:35:03.974 29826 29826 D nativeloader: Configuring clns-4 for other apk /system/framework/org.apache.http.legacy.jar. target_sdk_version=33, uses_libraries=ALL, library_path=/data/app/~~jSXVJprLM3Wjz7EVLR39uA==/com.gamepub.pt-5pelR0cQJ7NzVAWFgBt13Q==/lib/arm64:/data/app/~~jSXVJprLM3Wjz7EVLR39uA==/com.gamepub.pt-5pelR0cQJ7NzVAWFgBt13Q==/base.apk!/lib/arm64-v8a, permitted_path=/data:/mnt/expand:/data/user/0/com.gamepub.pt
09-13 15:35:03.974  2580  6284 D OplusWifiCoexManager: setGameModeState: gameStateIn=true pkgName=com.gamepub.pt uid=12448
09-13 15:35:03.977 29826 29826 W ziparchive: Unable to open '/data/app/~~jSXVJprLM3Wjz7EVLR39uA==/com.gamepub.pt-5pelR0cQJ7NzVAWFgBt13Q==/base.dm': No such file or directory
09-13 15:35:03.977 29826 29826 W ziparchive: Unable to open '/data/app/~~jSXVJprLM3Wjz7EVLR39uA==/com.gamepub.pt-5pelR0cQJ7NzVAWFgBt13Q==/base.dm': No such file or directory
09-13 15:35:03.987  2580  3846 D OplusWifiTransactionHelper: notifyGameInfoJsonStr: gameInfo = {"PKG_NAME":"com.gamepub.pt","APP_FOREGROUND":true}
09-13 15:35:04.005  3905  7076 W ziparchive: Unable to open '/data/app/~~jSXVJprLM3Wjz7EVLR39uA==/com.gamepub.pt-5pelR0cQJ7NzVAWFgBt13Q==/base.dm': No such file or directory
09-13 15:35:04.005  3905  7076 W ziparchive: Unable to open '/data/app/~~jSXVJprLM3Wjz7EVLR39uA==/com.gamepub.pt-5pelR0cQJ7NzVAWFgBt13Q==/base.dm': No such file or directory
09-13 15:35:04.001  3905  3905 W LogcatParserThr: type=1400 audit(0.0:21996): avc: denied { write } for name="com.gamepub.pt-5pelR0cQJ7NzVAWFgBt13Q==" dev="sda11" ino=2101084 scontext=u:r:system_app:s0 tcontext=u:object_r:apk_data_file:s0 tclass=dir permissive=0
09-13 15:35:04.045  1381  1381 D OplusLayer: ~Layer() sequence=4588, name=Surface(name=3c5a268 com.gamepub.pt/com.unity3d.player.UnityPlayerActivity)/@0x67804b9 - animation-leash of starting_reveal#0 0xb400007e1ac12640
09-13 15:35:04.045  1381  1381 D OplusLayer: ~Layer() sequence=4550, name=Surface(name=3e938a4 com.gamepub.pt/com.unity3d.player.UnityPlayerActivity)/@0xe440e35 - animation-leash of starting_reveal#0 0xb400007e1eaf4480
09-13 15:35:04.045  1381  1381 D OplusLayer: ~Layer() sequence=4626, name=Surface(name=4244172 com.gamepub.pt/com.unity3d.player.UnityPlayerActivity)/@0xf98826c - animation-leash of starting_reveal#0 0xb400007e1eb8c6c0
09-13 15:35:04.071  2580  3380 V OplusZoomWindowManagerService: onAnimationFinished:  r = ActivityRecord{cbe3ae u0 com.gamepub.pt/com.unity3d.player.UnityPlayerActivity t104}
09-13 15:35:04.072  2580  3380 I OplusAppSwitchManagerService:  handleAppVisible , r = ActivityRecord{cbe3ae u0 com.gamepub.pt/com.unity3d.player.UnityPlayerActivity t104}
09-13 15:35:04.192 29826 29826 D nativeloader: Configuring clns-5 for other apk /data/app/~~jSXVJprLM3Wjz7EVLR39uA==/com.gamepub.pt-5pelR0cQJ7NzVAWFgBt13Q==/base.apk. target_sdk_version=33, uses_libraries=, library_path=/data/app/~~jSXVJprLM3Wjz7EVLR39uA==/com.gamepub.pt-5pelR0cQJ7NzVAWFgBt13Q==/lib/arm64:/data/app/~~jSXVJprLM3Wjz7EVLR39uA==/com.gamepub.pt-5pelR0cQJ7NzVAWFgBt13Q==/base.apk!/lib/arm64-v8a, permitted_path=/data:/mnt/expand:/data/user/0/com.gamepub.pt
09-13 15:35:04.219 29826 29826 V GraphicsEnvironment: ANGLE Developer option for 'com.gamepub.pt' set to: 'default'
09-13 15:35:04.244 29826 29826 D nativeloader: Load /data/app/~~jSXVJprLM3Wjz7EVLR39uA==/com.gamepub.pt-5pelR0cQJ7NzVAWFgBt13Q==/lib/arm64/libloader.so using ns clns-5 from class loader (caller=/data/app/~~jSXVJprLM3Wjz7EVLR39uA==/com.gamepub.pt-5pelR0cQJ7NzVAWFgBt13Q==/base.apk): ok
09-13 15:35:04.280  1377  1377 D AudioFlingerExtImpl: AudioFlingerExtImpl oplusSetParameters: keyvalue currentGamePackageName=com.gamepub.pt
09-13 15:35:04.280  1377  1377 D AudioFlingerExtImpl: MagicVoiceSetParameters, tempCurrentPackageName:com.gamepub.pt
09-13 15:35:04.281  1317  1317 D audio_hw_primary: adev_set_parameters: enter: currentGamePackageName=com.gamepub.pt
09-13 15:35:04.283 16172 16525 D AppSortManager: updateApp app:com.gamepub.pt
09-13 15:35:04.298  2580  3380 D OplusWifiTransactionHelper: notifyGameInfoJsonStr: gameInfo = {"PKG_NAME":"com.gamepub.pt","PERFORMANCE_MODE":0}
09-13 15:35:04.298 16172 16172 W FrameInsert: getDisplayFunctionCapability for com.gamepub.pt enter
09-13 15:35:04.308  2580  3846 D OplusWifiTransactionHelper: notifyGameInfoJsonStr: gameInfo = {"PKG_NAME":"com.gamepub.pt","PERFORMANCE_MODE":0}
09-13 15:35:04.317 29826 29826 D nativeloader: Load /data/app/~~jSXVJprLM3Wjz7EVLR39uA==/com.gamepub.pt-5pelR0cQJ7NzVAWFgBt13Q==/lib/arm64/libcrashlytics.so using ns clns-5 from class loader (caller=/data/app/~~jSXVJprLM3Wjz7EVLR39uA==/com.gamepub.pt-5pelR0cQJ7NzVAWFgBt13Q==/base.apk!classes3.dex): ok
09-13 15:35:04.334 16172 22217 D network : getData for https://games-community-sg.heytapmobile.com/games/tool/recharge/page/jump?pkgName=com.gamepub.pt started !!
09-13 15:35:04.339 29826 29826 I FirebaseCrashlytics: Initializing Firebase Crashlytics 18.3.2 for com.gamepub.pt
09-13 15:35:04.339 16172 22217 I httpdns : HttpDnsInterceptor.preIntercept, input: https://games-community-sg.heytapmobile.com/games/tool/recharge/page/jump?pkgName=com.gamepub.pt
09-13 15:35:04.342 16172 22217 I httpdns : HttpDnsInterceptor.preIntercept, output: https://games-community-sg.heytapmobile.com/games/tool/recharge/page/jump?pkgName=com.gamepub.pt
09-13 15:35:04.390 29826 29855 W com.gamepub.pt: ClassLoaderContext classpath size mismatch. expected=1, found=0 (DLC[];PCL[base.apk*2933616277]{PCL[/system/framework/org.apache.http.legacy.jar*3034548894]#PCL[/apex/com.android.extservices/javalib/android.ext.adservices.jar*114502043]#PCL[/system/framework/com.android.media.remotedisplay.jar*3472798123]#PCL[/system/framework/com.android.location.provider.jar*3633238672]#PCL[/system/framework/org.apache.http.legacy.jar*3034548894]#PCL[/apex/com.android.extservices/javalib/android.ext.adservices.jar*114502043]} | DLC[];PCL[])
09-13 15:35:04.397  3905  4181 W AuthDialogHelper: checkNotificationSwitchFirst() called with: context = [com.oplus.notification.NotificationCenterService@754e682], pkg = [com.gamepub.pt], uid = [12448], userId = [0], init checker
09-13 15:35:04.398  3905  4181 E AuthDialogHelper: CheckNotificationCanBeSetSecond: check com.gamepub.pt , Notification master switch on, unable to pop dialog
09-13 15:35:04.417 16172 22217 I httpdns : HttpDnsInterceptor.afterIntercept, https://games-community-sg.heytapmobile.com/games/tool/recharge/page/jump?pkgName=com.gamepub.pt#200#null
09-13 15:35:04.420 16172 22217 D network : return  NetworkResponse for https://games-community-sg.heytapmobile.com/games/tool/recharge/page/jump?pkgName=com.gamepub.pt took 86
09-13 15:35:04.420 16172 22217 D network : desiriaize for https://games-community-sg.heytapmobile.com/games/tool/recharge/page/jump?pkgName=com.gamepub.pt return  NetworkResponse took 0
09-13 15:35:04.420 16172 22217 D network : getData for https://games-community-sg.heytapmobile.com/games/tool/recharge/page/jump?pkgName=com.gamepub.pt took : 86
09-13 15:35:04.451 29826 29855 W com.gamepub.pt: ClassLoaderContext classpath element checksum mismatch. expected=2933616277, found=2483008267 (DLC[];PCL[base.apk*2933616277]{PCL[/system/framework/org.apache.http.legacy.jar*3034548894]#PCL[/apex/com.android.extservices/javalib/android.ext.adservices.jar*114502043]#PCL[/system/framework/com.android.media.remotedisplay.jar*3472798123]#PCL[/system/framework/com.android.location.provider.jar*3633238672]#PCL[/system/framework/org.apache.http.legacy.jar*3034548894]#PCL[/apex/com.android.extservices/javalib/android.ext.adservices.jar*114502043]} | DLC[];PCL[/data/app/~~jSXVJprLM3Wjz7EVLR39uA==/com.gamepub.pt-5pelR0cQJ7NzVAWFgBt13Q==/base.apk*2483008267]{PCL[/system/framework/org.apache.http.legacy.jar*3034548894]})
09-13 15:35:04.643 29826 29872 W com.gamepub.pt: Accessing hidden method Ldalvik/system/VMStack;->getStackClass2()Ljava/lang/Class; (unsupported, reflection, allowed)
09-13 15:35:04.655 29826 29870 E com.gamepub.pt: No package ID 6a found for ID 0x6a0b000f.
09-13 15:35:04.657 29826 29870 I FA      :   adb shell setprop debug.firebase.analytics.app com.gamepub.pt
09-13 15:35:04.722 29826 29853 W com.gamepub.pt: ClassLoaderContext type mismatch. expected=PCL, found=DLC (PCL[] | DLC[];PCL[/data/app/~~jSXVJprLM3Wjz7EVLR39uA==/com.gamepub.pt-5pelR0cQJ7NzVAWFgBt13Q==/base.apk*2483008267]{PCL[/system/framework/org.apache.http.legacy.jar*3034548894]})
09-13 15:35:04.754  2580  6284 W PackageManager: package unknown uid 12448 pid 29826 call SetEnabledSetting(com.gamepub.pt component = androidx.work.impl.background.systemjob.SystemJobService, 1, 0x1, 0)
09-13 15:35:04.815 29826 29826 I Quality : ActivityThread: bindApplication delay 939 com.gamepub.pt 29826
09-13 15:35:04.864 29826 29826 D nativeloader: Load /data/app/~~jSXVJprLM3Wjz7EVLR39uA==/com.gamepub.pt-5pelR0cQJ7NzVAWFgBt13Q==/lib/arm64/libModLoader.so using ns clns-5 from class loader (caller=/data/app/~~jSXVJprLM3Wjz7EVLR39uA==/com.gamepub.pt-5pelR0cQJ7NzVAWFgBt13Q==/base.apk!classes3.dex): ok
09-13 15:35:04.864 29826 29826 I ModMenu : Found native library directory: /data/app/~~jSXVJprLM3Wjz7EVLR39uA==/com.gamepub.pt-5pelR0cQJ7NzVAWFgBt13Q==/lib/arm64/
09-13 15:35:04.888 29826 29826 D nativeloader: Load /data/app/~~jSXVJprLM3Wjz7EVLR39uA==/com.gamepub.pt-5pelR0cQJ7NzVAWFgBt13Q==/lib/arm64/libfrida-gadget.so using ns clns-5 from class loader (caller=/data/app/~~jSXVJprLM3Wjz7EVLR39uA==/com.gamepub.pt-5pelR0cQJ7NzVAWFgBt13Q==/base.apk!classes3.dex): ok
09-13 15:35:04.925 29826 29826 D nativeloader: Load /data/app/~~jSXVJprLM3Wjz7EVLR39uA==/com.gamepub.pt-5pelR0cQJ7NzVAWFgBt13Q==/lib/arm64/libmain.so using ns clns-5 from class loader (caller=/data/app/~~jSXVJprLM3Wjz7EVLR39uA==/com.gamepub.pt-5pelR0cQJ7NzVAWFgBt13Q==/base.apk!classes3.dex): ok
09-13 15:35:05.153 29826 29826 I Quality : ActivityThread: activityStart delay 337 com.gamepub.pt 29826
09-13 15:35:05.159 29826 29826 D AudioManagerExtImpl: getStreamVolume packageName=com.gamepub.pt, index=0, streamType=3
09-13 15:35:05.174 29826 29826 D OplusSlideAnimOptHelper: com.gamepub.pt scrollEffectOpt enable = false
09-13 15:35:05.178 29826 29826 D WindowManager: Add to mViews: DecorView@c96b59a[UnityPlayerActivity],pkg= com.gamepub.pt
09-13 15:35:05.186  2580  3735 D OplusDisplayPolicy: com.gamepub.pt, no change cutoutMode: 0
09-13 15:35:05.201 29826 29826 E com.gamepub.pt: ofbOpen failed with error=No such file or directory
09-13 15:35:05.201 29826 29826 E com.gamepub.pt: sysOpen failed with error=No such file or directory
09-13 15:35:05.206  2580  6071 D OplusDisplayPolicy: com.gamepub.pt, no change cutoutMode: 0
09-13 15:35:05.210  2580  6071 V WindowManager: Changing focus from null to Window{d2c88fb u0 com.gamepub.pt/com.unity3d.player.UnityPlayerActivity},diplayid=0
09-13 15:35:05.210  2580  6071 D CompactWindowManagerService: notifyCompactWindowState task: Task{3a73429 #104 type=standard A=12448:com.gamepub.pt U=0 visible=true mode=fullscreen translucent=false sz=1}; hasFocus: true
09-13 15:35:05.210  2580  6071 D ActivityTaskManager: onWindowFocusChanged Task{3a73429 #104 type=standard A=12448:com.gamepub.pt U=0 visible=true mode=fullscreen translucent=false sz=1} would transfer to compact
09-13 15:35:05.223  4471 25148 I PhenotypeResourceReader: unable to find any Phenotype resource metadata for com.gamepub.pt
09-13 15:35:05.260  2580  2613 D OplusStartingWindowManager: interceptRemoveStartingWindow activity.packageName=com.gamepub.pt isSnapshot=false mStartingSurfaceRunnable=null
09-13 15:35:05.264  2580  2613 I Quality : LaunchTime2.0: com.gamepub.pt/com.unity3d.player.UnityPlayerActivity 1 1527
09-13 15:35:05.265  1381  1381 D OplusLayer: setBuffer sequence=4657, name=com.gamepub.pt/com.unity3d.player.UnityPlayerActivity#0
09-13 15:35:05.269  2580  2608 W ziparchive: Unable to open '/data/app/~~jSXVJprLM3Wjz7EVLR39uA==/com.gamepub.pt-5pelR0cQJ7NzVAWFgBt13Q==/base.dm': No such file or directory
09-13 15:35:05.277  2580  2608 I ActivityTaskManager: Displayed com.gamepub.pt/com.unity3d.player.UnityPlayerActivity: +1s554ms
09-13 15:35:05.278  2580  6071 W InputManager-JNI: Input channel object '1f0ba86 Splash Screen com.gamepub.pt (client)' was disposed without first being removed with the input manager!
09-13 15:35:05.284  2580  3735 I FocusResolver: updateFocusedWindow, d2c88fb com.gamepub.pt/com.unity3d.player.UnityPlayerActivity on display 0, reason: Window became focusable. Previous reason: NOT_VISIBLE, result:   FocusedWindows:
09-13 15:35:05.284  2580  3735 I FocusResolver:     displayId=0, name='d2c88fb com.gamepub.pt/com.unity3d.player.UnityPlayerActivity'
09-13 15:35:05.289  2580  6071 D InputMethodManagerService: isSecurity: attribute.packageName=com.gamepub.pt mCurMethodId=com.google.android.inputmethod.latin/com.android.inputmethod.latin.LatinIME
09-13 15:35:05.309  8803  8803 I GoogleInputMethodService: GoogleInputMethodService.onStartInput():1315 onStartInput(EditorInfo{EditorInfo{packageName=com.gamepub.pt, inputType=0, inputTypeString=NULL, enableLearning=false, autoCorrection=false, autoComplete=false, imeOptions=0, privateImeOptions=null, actionName=UNSPECIFIED, actionLabel=null, initialSelStart=-1, initialSelEnd=-1, initialCapsMode=0, label=null, fieldId=2131230979, fieldName=null, extras=null, hintText=null, hintLocales=[]}}, false)
09-13 15:35:05.310 29826 29893 W com.gamepub.pt: Accessing hidden method Ljava/lang/invoke/MethodHandles$Lookup;-><init>(Ljava/lang/Class;I)V (unsupported, reflection, allowed)
09-13 15:35:05.362 29826 29893 I Unity   : ApplicationInfo com.gamepub.pt version 2.5.04 build 71bdce8f-328c-4ebd-bde8-746e4996a98c
09-13 15:35:05.363  2580  3104 D OplusDisplayPolicy: com.gamepub.pt, no change cutoutMode: 0
09-13 15:35:05.366  2580  3104 D WindowManager: Acquiring screen wakelock due to Window{d2c88fb u0 com.gamepub.pt/com.unity3d.player.UnityPlayerActivity}
09-13 15:35:05.375 17314 19807 I Finsky  : [3482] requestDownloadInfo() for package: com.gamepub.pt
09-13 15:35:05.377 17314 19807 I Finsky  : [3482] requestDownloadInfo() for package: com.gamepub.pt
09-13 15:35:05.380  2580  6071 D OplusDisplayPolicy: com.gamepub.pt, no change cutoutMode: 0
09-13 15:35:05.388 17314 19807 I Finsky  : [3482] getSessionStates for package: com.gamepub.pt
09-13 15:35:05.389 17314 28952 I Finsky  : [3595] com.gamepub.pt is installed but certificate mismatch
09-13 15:35:05.404 17314 28952 I Finsky  : [3595] com.gamepub.pt is installed but certificate mismatch
09-13 15:35:05.461  2580  2613 I WindowStateExtImpl: onSurfaceShowChange show = false mPackageName = com.gamepub.pt parentPkgName = com.gamepub.pt
09-13 15:35:05.478  1381  1381 D OplusLayer: ~Layer() sequence=4665, name=Surface(name=1f0ba86 Splash Screen com.gamepub.pt)/@0xae30ccf - animation-leash of window_animation#0 0xb400007e1ea44ac0
09-13 15:35:05.478  1381  1381 D OplusLayer: ~Layer() sequence=4648, name=1f0ba86 Splash Screen com.gamepub.pt#0 0xb400007e1eb32340
09-13 15:35:05.481  1381  1381 D OplusLayer: ~Layer() sequence=4649, name=Splash Screen com.gamepub.pt#0 0xb400007e1ea3d700
09-13 15:35:05.713 29826 29893 D com.gamepub.pt: PlayerBase::PlayerBase()
09-13 15:35:05.713 29826 29893 D com.gamepub.pt: TrackPlayerBase::TrackPlayerBase()
09-13 15:35:05.717  1377 31163 V ListServiceUtils: checkInListByUid pid:29826 procName:com.gamepub.pt cost 145us return 0
09-13 15:35:05.717  1377 31163 V ListServiceUtils: checkInListByUid uid:12448 procName:com.gamepub.pt cost 50us return 0
09-13 15:35:05.717  1377 31163 D voice_scence_discern: get scence process name:com.gamepub.pt
09-13 15:35:05.717  1377 31163 D OplusAudioVoiceScence: scenceState=0, flags=0x104, clientPname=com.gamepub.pt
09-13 15:35:05.742  5036 20376 D DetectSceneService: activeAudioAppList = [com.gamepub.pt]
09-13 15:35:05.745  5036 20376 D DetectSceneService: activeAudioAppList = [com.gamepub.pt]
09-13 15:35:05.923  2580  6071 D SensorServiceImpl: isAllowOplusAMD =com.gamepub.pt
09-13 15:35:06.193  2580  3104 D OplusDisplayPolicy: com.gamepub.pt, no change cutoutMode: 0
09-13 15:35:06.233 29826 29893 D nativeloader: Load /data/app/~~jSXVJprLM3Wjz7EVLR39uA==/com.gamepub.pt-5pelR0cQJ7NzVAWFgBt13Q==/lib/arm64/libFirebaseCppApp-10_1_1.so using ns clns-5 from class loader (caller=/data/app/~~jSXVJprLM3Wjz7EVLR39uA==/com.gamepub.pt-5pelR0cQJ7NzVAWFgBt13Q==/base.apk!classes3.dex): ok
09-13 15:35:06.369  2580  3104 D ConnectivityService: requestNetwork for uid/pid:12448/29826 activeRequest: null callbackRequest: 2114 [NetworkRequest [ REQUEST id=2115, [ Capabilities: INTERNET&NOT_RESTRICTED&TRUSTED&NOT_VCN_MANAGED Uid: 12448 RequestorUid: 12448 RequestorPkg: com.gamepub.pt UnderlyingNetworks: Null] ]] callback flags: 0 order: 2147483647 isUidTracked: false declaredMethods: ALL
09-13 15:35:06.374  2580  2938 D WifiNetworkFactory: got request NetworkRequest [ REQUEST id=2115, [ Capabilities: INTERNET&NOT_RESTRICTED&TRUSTED&NOT_VCN_MANAGED Uid: 12448 RequestorUid: 12448 RequestorPkg: com.gamepub.pt UnderlyingNetworks: Null] ]
09-13 15:35:06.374  2580  2938 D UntrustedWifiNetworkFactory: got request NetworkRequest [ REQUEST id=2115, [ Capabilities: INTERNET&NOT_RESTRICTED&TRUSTED&NOT_VCN_MANAGED Uid: 12448 RequestorUid: 12448 RequestorPkg: com.gamepub.pt UnderlyingNetworks: Null] ]
09-13 15:35:06.375  2580  2938 D OemPaidWifiNetworkFactory: got request NetworkRequest [ REQUEST id=2115, [ Capabilities: INTERNET&NOT_RESTRICTED&TRUSTED&NOT_VCN_MANAGED Uid: 12448 RequestorUid: 12448 RequestorPkg: com.gamepub.pt UnderlyingNetworks: Null] ]
09-13 15:35:06.443 29826 29826 W com.gamepub.pt: Entry not found
09-13 15:35:06.528 29826 29893 D AudioManagerExtImpl: getStreamVolume packageName=com.gamepub.pt, index=0, streamType=3
09-13 15:35:06.582 29826 29893 D AudioManagerExtImpl: getStreamVolume packageName=com.gamepub.pt, index=0, streamType=3
09-13 15:35:06.601  2580  2629 I ActivityManager: Start proc 30003:com.google.android.webview:sandboxed_process0:org.chromium.content.app.SandboxedProcessService0:0/u0i46 for  {com.gamepub.pt/org.chromium.content.app.SandboxedProcessService0:0}
09-13 15:35:06.620 29826 29953 E com.gamepub.pt: Attempt to load writable dex file: /data/user/0/com.gamepub.pt/cache/app_resources_lib.jar
09-13 15:35:06.620 29826 29953 W ziparchive: Unable to open '/data/user/0/com.gamepub.pt/cache/app_resources_lib.dm': No such file or directory
09-13 15:35:06.662 29826 29953 E com.gamepub.pt: Attempt to load writable dex file: /data/user/0/com.gamepub.pt/cache/google_api_resources_lib.jar
09-13 15:35:06.662 29826 29953 W ziparchive: Unable to open '/data/user/0/com.gamepub.pt/cache/google_api_resources_lib.dm': No such file or directory
09-13 15:35:06.680  1381  1381 D OplusLayer: setBuffer sequence=4662, name=SurfaceView[com.gamepub.pt/com.unity3d.player.UnityPlayerActivity](BLAST)#0
09-13 15:35:06.689  2580  4026 D ConnectivityService: requestNetwork for uid/pid:12448/29826 activeRequest: null callbackRequest: 2116 [NetworkRequest [ REQUEST id=2117, [ Capabilities: INTERNET&NOT_RESTRICTED&TRUSTED&NOT_VCN_MANAGED Uid: 12448 RequestorUid: 12448 RequestorPkg: com.gamepub.pt UnderlyingNetworks: Null] ]] callback flags: 0 order: 2147483647 isUidTracked: false declaredMethods: ALL
09-13 15:35:06.694  2580  2938 D WifiNetworkFactory: got request NetworkRequest [ REQUEST id=2117, [ Capabilities: INTERNET&NOT_RESTRICTED&TRUSTED&NOT_VCN_MANAGED Uid: 12448 RequestorUid: 12448 RequestorPkg: com.gamepub.pt UnderlyingNetworks: Null] ]
09-13 15:35:06.694  2580  2938 D UntrustedWifiNetworkFactory: got request NetworkRequest [ REQUEST id=2117, [ Capabilities: INTERNET&NOT_RESTRICTED&TRUSTED&NOT_VCN_MANAGED Uid: 12448 RequestorUid: 12448 RequestorPkg: com.gamepub.pt UnderlyingNetworks: Null] ]
09-13 15:35:06.695  2580  2938 D OemPaidWifiNetworkFactory: got request NetworkRequest [ REQUEST id=2117, [ Capabilities: INTERNET&NOT_RESTRICTED&TRUSTED&NOT_VCN_MANAGED Uid: 12448 RequestorUid: 12448 RequestorPkg: com.gamepub.pt UnderlyingNetworks: Null] ]
09-13 15:35:06.728 29826 29954 E com.gamepub.pt: Attempt to load writable dex file: /data/user/0/com.gamepub.pt/cache/app_resources_lib.jar
09-13 15:35:06.728 29826 29954 W ziparchive: Unable to open '/data/user/0/com.gamepub.pt/cache/app_resources_lib.dm': No such file or directory
09-13 15:35:06.785 29826 30052 I CameraManagerExtImpl: packagename is com.gamepub.pt
09-13 15:35:06.786 29826 29954 E com.gamepub.pt: Attempt to load writable dex file: /data/user/0/com.gamepub.pt/cache/google_api_resources_lib.jar
09-13 15:35:06.786 29826 29954 W ziparchive: Unable to open '/data/user/0/com.gamepub.pt/cache/google_api_resources_lib.dm': No such file or directory
09-13 15:35:06.789 29826 30052 I OplusCameraManager: saveOpPackageName, mOpPackageName: com.gamepub.pt
09-13 15:35:06.801 29826 30052 I OplusCameraManagerGlobal: setClientInfo, packageName: com.gamepub.pt, uid: 12448, pid: 29826
09-13 15:35:06.844 29826 29954 D nativeloader: Load libFirebaseCppApp-10_1_0.so using ns clns-5 from class loader (caller=/data/app/~~jSXVJprLM3Wjz7EVLR39uA==/com.gamepub.pt-5pelR0cQJ7NzVAWFgBt13Q==/base.apk!classes3.dex): dlopen failed: library "libFirebaseCppApp-10_1_0.so" not found
09-13 15:35:06.861 29826 29954 E com.gamepub.pt: Attempt to load writable dex file: /data/user/0/com.gamepub.pt/cache/auth_resources_lib.jar
09-13 15:35:06.861 29826 29954 W ziparchive: Unable to open '/data/user/0/com.gamepub.pt/cache/auth_resources_lib.dm': No such file or directory
09-13 15:35:06.984  2580  6067 D ConnectivityService: requestNetwork for uid/pid:12448/29826 activeRequest: null callbackRequest: 2119 [NetworkRequest [ REQUEST id=2120, [ Capabilities: INTERNET&NOT_RESTRICTED&TRUSTED&NOT_VCN_MANAGED Uid: 12448 RequestorUid: 12448 RequestorPkg: com.gamepub.pt UnderlyingNetworks: Null] ]] callback flags: 0 order: 2147483647 isUidTracked: false declaredMethods: ALL
09-13 15:35:06.990  2580  2938 D WifiNetworkFactory: got request NetworkRequest [ REQUEST id=2120, [ Capabilities: INTERNET&NOT_RESTRICTED&TRUSTED&NOT_VCN_MANAGED Uid: 12448 RequestorUid: 12448 RequestorPkg: com.gamepub.pt UnderlyingNetworks: Null] ]
09-13 15:35:06.991  2580  2938 D UntrustedWifiNetworkFactory: got request NetworkRequest [ REQUEST id=2120, [ Capabilities: INTERNET&NOT_RESTRICTED&TRUSTED&NOT_VCN_MANAGED Uid: 12448 RequestorUid: 12448 RequestorPkg: com.gamepub.pt UnderlyingNetworks: Null] ]
09-13 15:35:06.991  2580  2938 D OemPaidWifiNetworkFactory: got request NetworkRequest [ REQUEST id=2120, [ Capabilities: INTERNET&NOT_RESTRICTED&TRUSTED&NOT_VCN_MANAGED Uid: 12448 RequestorUid: 12448 RequestorPkg: com.gamepub.pt UnderlyingNetworks: Null] ]
09-13 15:35:07.030 29826 30080 E com.gamepub.pt: Attempt to load writable dex file: /data/user/0/com.gamepub.pt/app_pccache/5/B6EA2E920DF34AD079952BEB09AEEF53F19B467E/pcam.jar
09-13 15:35:07.030 29826 30080 W ziparchive: Unable to open '/data/user/0/com.gamepub.pt/app_pccache/5/B6EA2E920DF34AD079952BEB09AEEF53F19B467E/pcam.dm': No such file or directory
09-13 15:35:07.097 29826 29826 W AdWorker(Defaul: type=1400 audit(0.0:21997): avc: granted { execute } for path="/data/data/com.gamepub.pt/app_pccache/5/B6EA2E920DF34AD079952BEB09AEEF53F19B467E/pcam.jar" dev="sda11" ino=2096532 scontext=u:r:untrusted_app:s0:c144,c265,c512,c768 tcontext=u:object_r:app_data_file:s0:c144,c265,c512,c768 tclass=file app=com.gamepub.pt
09-13 15:35:07.116 29826 30080 D nativeloader: Load /data/user/0/com.gamepub.pt/app_pccache/5/B6EA2E920DF34AD079952BEB09AEEF53F19B467E/pcam.jar!/libd61C20FA7A391.so using isolated ns clns-13 (caller=/data/user/0/com.gamepub.pt/app_pccache/5/B6EA2E920DF34AD079952BEB09AEEF53F19B467E/pcam.jar): ok
09-13 15:35:07.287 29826 29988 I AudioManager: In isSpeakerphoneOn(), calling application: com.gamepub.pt
09-13 15:35:07.295 29826 29988 D AudioManagerExtImpl: getStreamVolume packageName=com.gamepub.pt, index=0, streamType=3
09-13 15:35:07.305 29826 29988 D AudioManagerExtImpl: getStreamVolume packageName=com.gamepub.pt, index=0, streamType=2
09-13 15:35:07.352 29826 29855 E com.gamepub.pt: No package ID 6a found for ID 0x6a0b000f.
09-13 15:35:07.354 29826 30119 I AudioManager: In isSpeakerphoneOn(), calling application: com.gamepub.pt
09-13 15:35:07.368 29826 30119 D AudioManagerExtImpl: getStreamVolume packageName=com.gamepub.pt, index=0, streamType=3
09-13 15:35:07.372 29826 30119 D AudioManagerExtImpl: getStreamVolume packageName=com.gamepub.pt, index=0, streamType=2
09-13 15:35:07.425 29826 30121 I AudioManager: In isSpeakerphoneOn(), calling application: com.gamepub.pt
09-13 15:35:07.436 29826 30121 D AudioManagerExtImpl: getStreamVolume packageName=com.gamepub.pt, index=0, streamType=3
09-13 15:35:07.444 29826 30121 D AudioManagerExtImpl: getStreamVolume packageName=com.gamepub.pt, index=0, streamType=2
09-13 15:35:07.448 29826 29979 I AudioManager: In isSpeakerphoneOn(), calling application: com.gamepub.pt
09-13 15:35:07.453 29826 29979 D AudioManagerExtImpl: getStreamVolume packageName=com.gamepub.pt, index=0, streamType=3
09-13 15:35:07.478 29826 29979 D AudioManagerExtImpl: getStreamVolume packageName=com.gamepub.pt, index=0, streamType=2
09-13 15:35:07.480 29826 29826 D AudioManagerExtImpl: getStreamVolume packageName=com.gamepub.pt, index=0, streamType=3
09-13 15:35:07.482  5008  5023 D OplusAtlasService: getAttributeByAppName module:oplus-getStreamMaxVolume packageName:com.gamepub.pt
09-13 15:35:07.528 29826 29826 D UnityAds: com.unity3d.services.core.misc.Utilities.writeFile() (line:129) :: Wrote file: /data/user/0/com.gamepub.pt/files/UnityAdsStorage-public-data.json
09-13 15:35:07.593 29826 29826 W com.gamepub.pt: type=1400 audit(0.0:21998): avc: denied { read } for name="/" dev="dm-15" ino=58 scontext=u:r:untrusted_app:s0:c144,c265,c512,c768 tcontext=u:object_r:rootfs:s0 tclass=dir permissive=0 app=com.gamepub.pt
09-13 15:35:07.676 29826 29826 W com.gamepub.pt: Attempt to remove non-JNI local reference
09-13 15:35:07.685 29826 30139 W com.gamepub.pt: Accessing hidden method Ldalvik/system/CloseGuard;->get()Ldalvik/system/CloseGuard; (unsupported,core-platform-api, reflection, allowed)
09-13 15:35:07.685 29826 30139 W com.gamepub.pt: Accessing hidden method Ldalvik/system/CloseGuard;->open(Ljava/lang/String;)V (unsupported,core-platform-api, reflection, allowed)
09-13 15:35:07.685 29826 30139 W com.gamepub.pt: Accessing hidden method Ldalvik/system/CloseGuard;->warnIfOpen()V (unsupported,core-platform-api, reflection, allowed)
09-13 15:35:07.725  2580  3380 D OplusDisplayPolicy: com.gamepub.pt, no change cutoutMode: 0
09-13 15:35:07.816 29826 29826 I Quality : Skipped: true 4 cost 76.101 refreshRate 0 processName com.gamepub.pt
09-13 15:35:07.860 29826 30124 V ironSourceSDK: INTERNAL: UIThread: false h run - collecting data for events: {isLimitAdTrackingEnabled=false, appVersion=2.5.04, mobileCarrier=Mobifone, tz=Asia/Ho_Chi_Minh, icc=vn, advertisingId=cdda8b38-56dc-4ead-b4a0-6a0b011e718f, language=vi, battery=82, mcc=452, connectionType=wifi, internalFreeMemory=57452, osVersion=31(12), appKey=15faaf7b5, firstSession=false, deviceOEM=OPPO, auid=59d19268-e75e-4e49-96fa-55997a550ac3, mnc=1, deviceOS=Android, mt=AdMob310, bundleId=com.gamepub.pt, sessionId=1216e94d-efa3-4718-a8d5-22ad4cc5a656, externalFreeMemory=57452, advertisingIdType=GAID, jb=false, sdkVersion=7.2.3.1, deviceModel=CPH2113, gmtMinutesOffset=420}
09-13 15:35:07.992 17314  3358 I Finsky  : [3155] com.gamepub.pt: Account from first account - [0lZTY1HnOeF5H89UIj3abDG2uiFQYAS2-dZyNwldDdo]
09-13 15:35:07.993 17314  3358 I Finsky  : [3155] Billing preferred account via installer for com.gamepub.pt: [0lZTY1HnOeF5H89UIj3abDG2uiFQYAS2-dZyNwldDdo]
09-13 15:35:08.009 17314  3358 I Finsky  : [3155] com.gamepub.pt: Account from first account - [0lZTY1HnOeF5H89UIj3abDG2uiFQYAS2-dZyNwldDdo]
09-13 15:35:08.009 17314  3358 I Finsky  : [3155] Billing preferred account via installer for com.gamepub.pt: [0lZTY1HnOeF5H89UIj3abDG2uiFQYAS2-dZyNwldDdo]
09-13 15:35:08.144 29826 30133 D AudioManagerExtImpl: getStreamVolume packageName=com.gamepub.pt, index=0, streamType=3
09-13 15:35:08.148  5008  5023 D OplusAtlasService: getAttributeByAppName module:oplus-getStreamMaxVolume packageName:com.gamepub.pt
09-13 15:35:08.251  5008  5023 D OplusAtlasService: getAttributeByAppName module:oplus-getStreamMaxVolume packageName:com.gamepub.pt
09-13 15:35:08.260 29826 30139 D AudioManagerExtImpl: getStreamVolume packageName=com.gamepub.pt, index=0, streamType=3
09-13 15:35:08.481 29826 29826 I Quality : Skipped: true 6 cost 108.46621 refreshRate 0 processName com.gamepub.pt
09-13 15:35:08.508 29826 29826 I Quality : Skipped: true 1 cost 22.438982 refreshRate 0 processName com.gamepub.pt
09-13 15:35:08.606 29826 29837 I com.gamepub.pt: NativeAlloc concurrent copying GC freed 36MB AllocSpace bytes, 231(48MB) LOS objects, 49% free, 22MB/44MB, paused 369us,62us total 220.850ms
09-13 15:35:08.704 29826 29826 I Quality : Skipped: true 1 cost 22.31972 refreshRate 0 processName com.gamepub.pt
09-13 15:35:08.949  5008  5023 D OplusAtlasService: getAttributeByAppName module:oplus-getStreamMaxVolume packageName:com.gamepub.pt
09-13 15:35:08.983 29826 30126 D AudioManagerExtImpl: getStreamVolume packageName=com.gamepub.pt, index=0, streamType=3
09-13 15:35:08.984  5008  5023 D OplusAtlasService: getAttributeByAppName module:oplus-getStreamMaxVolume packageName:com.gamepub.pt
09-13 15:35:09.060 29826 30133 D AudioManagerExtImpl: getStreamVolume packageName=com.gamepub.pt, index=0, streamType=3
09-13 15:35:09.060  5008  5023 D OplusAtlasService: getAttributeByAppName module:oplus-getStreamMaxVolume packageName:com.gamepub.pt
09-13 15:35:09.213 29826 30142 I UnityAds: com.unity3d.services.core.api.Sdk.logInfo() (line:85) :: Requesting configuration from https://publisher-config.unityads.unity3d.com/games/4876663/configuration?deviceMake=OPPO&screenDensity=480&screenSize=268435810&idfi=59d19268-e75e-4e49-96fa-55997a550ac3&auid=59d19268-e75e-4e49-96fa-55997a550ac3&advertisingTrackingId=cdda8b38-56dc-4ead-b4a0-6a0b011e718f&limitAdTracking=false&installationId=2caa307f4304b81c39907aad650f897c&connectionType=wifi&screenHeight=2161&screenWidth=1080&usePerPlacementLoad=true&bundleId=com.gamepub.pt&encrypted=false&rooted=false&platform=android&sdkVersion=4210&osVersion=12&deviceModel=CPH2113&language=vi_VN&test=false&analyticsUserId=2caa307f4304b81c39907aad650f897c&analyticsSessionId=1999679694453126905&first=false&mediation.name=AdMob&mediation.version=4.2.1&mediation.adapter_version=4.2.1.1&userLevelFlagDetected=false&store=EuIDEt8DkgSD03tchdeOUcypg-qou9QF4_u678Lt_F6qURXmGlHTKBBG1oBVLBE1L6YTqG3aNSHFX71w9JPvQQe4TDieVeBtvM3eekfFpLKgOtmBOPN77XoMpK5GQMhSQccOLb5sXW67fit_HnT7vpqGcDg5ArX8Q2sxw0J1O9ljzg47M8EK5Oe5mO5RAxgk77VFVGEBAYsDs-E34PtxtD-4sPuH52mqFDFSFxN2Zo2kmLQOPA9xTp8-ftZGCUzFhWehdZcvdU2DG6_4ht8M2QUkAgci0YZZRM6P5ZhsmRyoPLV4e_lA47UQ15vN3BndW8YvnaFmNvFFzlbd2147xG_tgr8SqZ1XF5OnMOdAJmx8Nlz7XaJqD_UWC0BCDThAKSL8Hv1zjzKjVVQO1xz0jc13_xx2TUIcoyYN0FDPd9R0Wv5awi8C9vfMIYV5B1kuYX2GGpOW69BpmxetEZsOPFkm3fEin-tLVlFwHrtVCuaZu0nQS-U04OiklqA44jg7KCMRlTOdnHvfkHdQQXXpErQWuEa0AocMnms3sMKs7UbSDrHXIKz9PfmZmPUfaYwdLNMbxgrpnmXTAcYoYP1sAd03yWBNsD2exOnpyiPZ7nmi-5NTIiHJRkdq--qD1tYyGEKY-wI%3D
09-13 15:35:09.663 29826 30142 D AudioManagerExtImpl: getStreamVolume packageName=com.gamepub.pt, index=0, streamType=1
09-13 15:35:09.933 29826 30142 D AudioManagerExtImpl: getStreamVolume packageName=com.gamepub.pt, index=0, streamType=3
09-13 15:35:09.937  5008  5023 D OplusAtlasService: getAttributeByAppName module:oplus-getStreamMaxVolume packageName:com.gamepub.pt
09-13 15:35:11.446  2580  6284 D VRR [OPlusRefreshRateService]:  setFrameRateTargetControl [ 0.0 , com.gamepub.pt , false , com.oplus.battery ]
09-13 15:35:11.447  2580  6284 D VRR [OPlusExternalRefreshRateManager]:  [FRTC] FrameRate : 0 com.gamepub.pt false com.oplus.battery
09-13 15:35:11.447  2580  2654 D VRR [OPlusSurfaceFlingerController]:  add frtc FrameRate : 0 com.gamepub.pt false com.oplus.battery
09-13 15:35:11.448  1381  1546 I VRR [FRTC]: setFrameRateTarget with [0, com.gamepub.pt, 0, com.oplus.battery]
09-13 15:35:11.448  1381  1546 W VRR [FRTC]: invalid param { fps 0, proc_name com.gamepub.pt, strict_mode 0, description com.oplus.battery, rate_status 0, backend Surface, enable at 2025-09-13 15:35:11, disable waiting } for current status.
09-13 15:35:12.180  3905  3905 I Quality-UserEventsCenter: Send jank info: Event{id=191, type=GAME, cost=1, time=1757752482122, subject=com.gamepub.pt/com.unity3d.player.UnityPlayerActivity, pid=29348, jankInfo=66448db96d42}
09-13 15:35:14.926 29826 29893 D nativeloader: Load /data/app/~~jSXVJprLM3Wjz7EVLR39uA==/com.gamepub.pt-5pelR0cQJ7NzVAWFgBt13Q==/lib/arm64/libnative-googlesignin.so using ns clns-5 from class loader (caller=/data/app/~~jSXVJprLM3Wjz7EVLR39uA==/com.gamepub.pt-5pelR0cQJ7NzVAWFgBt13Q==/base.apk!classes3.dex): ok
09-13 15:35:15.275 29826 29893 D nativeloader: Load /data/app/~~jSXVJprLM3Wjz7EVLR39uA==/com.gamepub.pt-5pelR0cQJ7NzVAWFgBt13Q==/lib/arm64/libdiresu.so using ns clns-5 from class loader (caller=/data/app/~~jSXVJprLM3Wjz7EVLR39uA==/com.gamepub.pt-5pelR0cQJ7NzVAWFgBt13Q==/base.apk!classes3.dex): ok
09-13 15:35:15.279 29826 29893 F com.gamepub.pt: java_vm_ext.cc:616] JNI DETECTED ERROR IN APPLICATION: thread Thread[31,tid=29893,Native,Thread*=0xb4000072287f1400,peer=0x185863e0,"UnityMain"] using JNIEnv* from thread Thread[1,tid=29826,Runnable,Thread*=0xb40000723c012400,peer=0x70962588,"main"]
09-13 15:35:15.279 29826 29893 F com.gamepub.pt: java_vm_ext.cc:616]     in call to FindClass
09-13 15:35:15.279 29826 29893 F com.gamepub.pt: java_vm_ext.cc:616]     from int com.nhnent.appguard.Diresu.su(java.lang.String)
09-13 15:35:15.717 29826 29826 F com.gamepub.pt: thread-inl.h:373] Transitioning to Runnable with checkpoint flag, flags=2 state=Runnable
09-13 15:35:15.803 29826 29893 F com.gamepub.pt: runtime.cc:708] Runtime aborting...
09-13 15:35:15.803 29826 29893 F com.gamepub.pt: runtime.cc:708] Dumping all threads without mutator lock held
09-13 15:35:15.803 29826 29893 F com.gamepub.pt: runtime.cc:708] All threads:
09-13 15:35:15.803 29826 29893 F com.gamepub.pt: runtime.cc:708] DALVIK THREADS (161):
09-13 15:35:15.803 29826 29893 F com.gamepub.pt: runtime.cc:708] "main" prio=10 tid=1 Runnable
09-13 15:35:15.803 29826 29893 F com.gamepub.pt: runtime.cc:708]   | group="" sCount=0 ucsCount=0 flags=0 obj=0x70962588 self=0xb40000723c012400
09-13 15:35:15.803 29826 29893 F com.gamepub.pt: runtime.cc:708]   | sysTid=29826 nice=-10 cgrp=default sched=0/0 handle=0x72e3de1500
09-13 15:35:15.803 29826 29893 F com.gamepub.pt: runtime.cc:708]   | state=R schedstat=( 3052658197 91646314 1327 ) utm=267 stm=37 core=0 HZ=100
09-13 15:35:15.803 29826 29893 F com.gamepub.pt: runtime.cc:708]   | stack=0x7fd5987000-0x7fd5989000 stackSize=8188KB
09-13 15:35:15.803 29826 29893 F com.gamepub.pt: runtime.cc:708]   | held mutexes= "mutator lock"(shared held)
09-13 15:35:15.803 29826 29893 F com.gamepub.pt: runtime.cc:708]   native: #00 pc 004fc1e0  /apex/com.android.art/lib64/libart.so (art::DumpNativeStack+108) (BuildId: 4ccb65ae9ac5ad5da3af5a342d5b0b92)
09-13 15:35:15.803 29826 29893 F com.gamepub.pt: runtime.cc:708]   native: #01 pc 004fe898  /apex/com.android.art/lib64/libart.so (art::Thread::DumpStack const+376) (BuildId: 4ccb65ae9ac5ad5da3af5a342d5b0b92)
09-13 15:35:15.803 29826 29893 F com.gamepub.pt: runtime.cc:708]   native: #02 pc 0050068c  /apex/com.android.art/lib64/libart.so (art::DumpCheckpoint::Run+216) (BuildId: 4ccb65ae9ac5ad5da3af5a342d5b0b92)
09-13 15:35:15.803 29826 29893 F com.gamepub.pt: runtime.cc:708]   native: #03 pc 0022c2b0  /apex/com.android.art/lib64/libart.so (art::Thread::RunCheckpointFunction+144) (BuildId: 4ccb65ae9ac5ad5da3af5a342d5b0b92)
09-13 15:35:15.803 29826 29893 F com.gamepub.pt: runtime.cc:708]   native: #04 pc 00933e70  /apex/com.android.art/lib64/libart.so (art::Runtime::Abort+1292) (BuildId: 4ccb65ae9ac5ad5da3af5a342d5b0b92)
09-13 15:35:15.803 29826 29893 F com.gamepub.pt: runtime.cc:708]   native: #05 pc 000160fc  /apex/com.android.art/lib64/libbase.so (android::base::SetAborter::$_0::__invoke+80) (BuildId: 1470f61c05962eb04fafe76bd58bf664)
09-13 15:35:15.803 29826 29893 F com.gamepub.pt: runtime.cc:708]   native: #06 pc 000156d0  /apex/com.android.art/lib64/libbase.so (android::base::LogMessage::~LogMessage+516) (BuildId: 1470f61c05962eb04fafe76bd58bf664)
09-13 15:35:15.803 29826 29893 F com.gamepub.pt: runtime.cc:708]   native: #07 pc 00433f08  /apex/com.android.art/lib64/libart.so (artQuickGenericJniEndTrampoline+616) (BuildId: 4ccb65ae9ac5ad5da3af5a342d5b0b92)
09-13 15:35:15.803 29826 29893 F com.gamepub.pt: runtime.cc:708]   native: #08 pc 0037ef80  /apex/com.android.art/lib64/libart.so (art_quick_generic_jni_trampoline+160) (BuildId: 4ccb65ae9ac5ad5da3af5a342d5b0b92)
