09-13 16:29:46.990  2580  6071 D VRR [OPlusRefreshRateService]:  setFrameRateTargetControl [ 0.0 , com.gamepub.pt , false , com.oplus.battery ]
09-13 16:29:46.990  2580  6071 D VRR [OPlusExternalRefreshRateManager]:  [FRTC] FrameRate : 0 com.gamepub.pt false com.oplus.battery
09-13 16:29:46.991  2580  2654 D VRR [OPlusSurfaceFlingerController]:  add frtc FrameRate : 0 com.gamepub.pt false com.oplus.battery
09-13 16:29:46.992  1381  4285 I VRR [FRTC]: setFrameRateTarget with [0, com.gamepub.pt, 0, com.oplus.battery]
09-13 16:29:46.993  1381  4285 W VRR [FRTC]: invalid param { fps 0, proc_name com.gamepub.pt, strict_mode 0, description com.oplus.battery, rate_status 0, backend Surface, enable at 2025-09-13 16:29:46, disable waiting } for current status.
09-13 16:29:49.202  2580  3674 D OplusDisplayPolicy: com.gamepub.pt, no change cutoutMode: 0
09-13 16:29:49.218 12562 12562 I Quality : Skipped: false 1 cost 20.54231 refreshRate 0 processName com.gamepub.pt
09-13 16:29:49.250  2580  3674 D OplusDisplayPolicy: com.gamepub.pt, no change cutoutMode: 0
09-13 16:29:49.266  2580  3674 D OplusDisplayPolicy: com.gamepub.pt, no change cutoutMode: 0
09-13 16:29:49.281  2580  3674 D OplusDisplayPolicy: com.gamepub.pt, no change cutoutMode: 0
09-13 16:29:50.426  2580  3674 D OplusDisplayPolicy: com.gamepub.pt, no change cutoutMode: 0
09-13 16:30:00.328  2580  3380 D OplusAppListInterceptManager: shouldFilterTask::packageName = com.gamepub.pt
09-13 16:30:40.485  2580  4970 D OplusAppListInterceptManager: shouldFilterTask::packageName = com.gamepub.pt
09-13 16:30:41.275 12562 12729 D AudioManagerExtImpl: getStreamVolume packageName=com.gamepub.pt, index=0, streamType=3
09-13 16:30:41.277  5008 25143 D OplusAtlasService: getAttributeByAppName module:oplus-getStreamMaxVolume packageName:com.gamepub.pt
09-13 16:31:00.606  2580  3380 D OplusAppListInterceptManager: shouldFilterTask::packageName = com.gamepub.pt
09-13 16:31:40.797  2580  3380 D OplusAppListInterceptManager: shouldFilterTask::packageName = com.gamepub.pt
09-13 16:31:41.274 12562 12729 D AudioManagerExtImpl: getStreamVolume packageName=com.gamepub.pt, index=0, streamType=3
09-13 16:31:41.275  5008 25143 D OplusAtlasService: getAttributeByAppName module:oplus-getStreamMaxVolume packageName:com.gamepub.pt
09-13 16:32:00.804  2580  2599 D OplusAppListInterceptManager: shouldFilterTask::packageName = com.gamepub.pt
09-13 16:32:41.012  2580  4970 D OplusAppListInterceptManager: shouldFilterTask::packageName = com.gamepub.pt
09-13 16:32:41.299 12562 12729 D AudioManagerExtImpl: getStreamVolume packageName=com.gamepub.pt, index=0, streamType=3
09-13 16:32:41.300  5008 25143 D OplusAtlasService: getAttributeByAppName module:oplus-getStreamMaxVolume packageName:com.gamepub.pt
09-13 16:33:00.988  1381  1381 D OplusLayer: ~Layer() sequence=5158, name=Surface(name=7667dea com.gamepub.pt/com.unity3d.player.UnityPlayerActivity)/@0x758de8b - animation-leash of starting_reveal#0 0xb400007e1eb39b40
09-13 16:33:01.071  2580  4970 D OplusAppListInterceptManager: shouldFilterTask::packageName = com.gamepub.pt
09-13 16:33:41.236  2580  4968 D OplusAppListInterceptManager: shouldFilterTask::packageName = com.gamepub.pt
09-13 16:33:41.298 12562 12729 D AudioManagerExtImpl: getStreamVolume packageName=com.gamepub.pt, index=0, streamType=3
09-13 16:33:41.299  5008 25143 D OplusAtlasService: getAttributeByAppName module:oplus-getStreamMaxVolume packageName:com.gamepub.pt
09-13 16:33:43.009  3905 13819 E Battery : AppStats: Uid = 10263; pkgName = com.gamepub.pt; CpuFgTime = 0 ms; CpuBgTime = -598659 ms.
09-13 16:33:43.009  3905 13819 E Battery : AppStats: Uid = 10263; pkgName = com.gamepub.pt; CpuKernelFgTime = 0 ms; CpuKernelBgTime = -137108 ms.
09-13 16:33:43.009  3905 13819 E Battery : AppStats: Uid = 10263; pkgName = com.gamepub.pt; CpuUserFgTime = 0 ms ; CpuUserBgTime = -461551 ms.
09-13 16:33:43.009  3905 13819 E Battery : AppStats: Uid = 10263; pkgName = com.gamepub.pt; CpuFgPower = 0.0 mAh.; CpuBgPower = -10.574766666666667 mAh.
09-13 16:33:43.009  3905 13819 E Battery : AppStats: Uid = 10263; pkgName = com.gamepub.pt; AlarmFgWakeupCount = 0; AlarmBgWakeupCount = 0
09-13 16:33:43.009  3905 13819 E Battery : AppStats: Uid = 10263; pkgName = com.gamepub.pt; JobFgCount = 0; JobBgCount = 0; JobFgTime = 0; JobBgTime = 0
09-13 16:33:43.009  3905 13819 E Battery : AppStats: Uid = 10263; pkgName = com.gamepub.pt; SyncFgCount = 0; SyncBgCount = 0; SyncFgTime = 0; SyncBgTime = 0
09-13 16:33:43.009  3905 13819 E Battery : AppStats: Uid = 10263; pkgName = com.gamepub.pt; WakeLockFgTime = 0 ms; WakeLockFgPower = 0.0 mAh.; WakeLockBgTime = 0 ms; WakeLockBgPower = 0.0 mAh.
09-13 16:33:43.009  3905 13819 E Battery : AppStats: Uid = 10263; pkgName = com.gamepub.pt; FgWifiRxBytes = 1342 Bytes; BgWifiRxBytes = 110030243 Bytes; FgWifiTxBytes = 19 Bytes; BgWifiTxBytes = 3113129 Bytes; FgWifiRxPackets = 1 ; BgWifiRxPackets = 113931 ; FgWifiTxPackets = 0 ; BgWifiTxPackets = -38087 ; FgWiFiScanTimeMs = 0 ; BgWiFiScanTimeMs = 0 ; FgWiFiBatchScanTimeMs = 0 ; BgWiFiBatchScanTimeMs = 0 
09-13 16:33:43.009  3905 13819 E Battery : AppStats: Uid = 10263; pkgName = com.gamepub.pt; FgWifiRxPacketsPower = 2.8815623954869807E-4 mAh; BgWifiRxPacketsPower = 2.7358274459838867 mAh; FgWifiTxPacketsPower = 0.0 mAh; BgWifiTxPacketsPower = -0.9145839214324951 mAh; FgWifiScanPower = 0.0 mAh; BgWifiScanPower = 0.0 mAh; FgWifiBatchScanPower = 0.0 mAh; BgWifiBatchScanPower = 0.0 mAh; FgWiFiTotalPower = 2.8815623954869807E-4 mAh; BgWiFiTotalPower = 1.8212435245513916 mAh.
09-13 16:33:43.009  3905 13819 E Battery : AppStats: Uid = 10263; pkgName = com.gamepub.pt; FgGpsTime = 0 ms; BgGpsTime = 0 ms.
09-13 16:33:43.009  3905 13819 E Battery : AppStats: Uid = 10263; pkgName = com.gamepub.pt; FgGpsPower = 0.0 mAh; BgGpsPower = 0.0 mAh.
09-13 16:33:43.009  3905 13819 E Battery : AppStats: Uid = 10263; pkgName = com.gamepub.pt; FgSensorTime = 0 ms; BgSensorTime = -1029 ms.
09-13 16:33:43.009  3905 13819 E Battery : AppStats: Uid = 10263; pkgName = com.gamepub.pt; FgSensorPower = 0.0 mAh; BgSensorPower = -3.9372497485601343E-4 mAh.
09-13 16:33:43.010  3905 13819 E Battery : AppStats: Uid = 10263; pkgName = com.gamepub.pt; FgCameraTime = 0 ms; BgCameraTime = 0 ms
09-13 16:33:43.010  3905 13819 E Battery : AppStats: Uid = 10263; pkgName = com.gamepub.pt; FgCameraPower = 0.0 mAh; BgCameraPower = 0.0 mAh
09-13 16:33:43.010  3905 13819 E Battery : AppStats: Uid = 10263; pkgName = com.gamepub.pt; FgFlashLightTime = 0 ms; BgFlashLightTime = 0 ms
09-13 16:33:43.010  3905 13819 E Battery : AppStats: Uid = 10263; pkgName = com.gamepub.pt; FgFlashLightPower = 0.0 mAh; BgFlashLightPower = 0.0 mAh
09-13 16:33:43.091  3905 13819 E Battery : HighPowerHelper: ; pkgName = com.gamepub.pt; mCpuTimeMsPerHourWhileScreenOn = 0 ms; mWakeLockTimeMsPerHourWhileScreenOn = 0 ms; mWakeLockTimeMsPerHourWhileScreenOff = 0 ms; mJobTimeMsPerHourWhileScreenOn = 0 ms; mJobTimeMsPerTwoHoursWhileScreenOn = 0 ms; mWiFiScanTimeMsPerHourWhileScreenOn = 0 ms; mCameraTimeMsPerHourWhileScreenOn = 0 ms; mFlashLightTimeMsPerHourWhileScreenOn = 0 ms; mGpsTimeMsPerHourWhileScreenOn = 0 ms; mAlarmCountPerHourWhileScreenOn = 0 ms
09-13 16:34:01.278  2580  4970 D OplusAppListInterceptManager: shouldFilterTask::packageName = com.gamepub.pt
09-13 16:34:41.299 12562 12729 D AudioManagerExtImpl: getStreamVolume packageName=com.gamepub.pt, index=0, streamType=3
09-13 16:34:41.300  5008 25143 D OplusAtlasService: getAttributeByAppName module:oplus-getStreamMaxVolume packageName:com.gamepub.pt
09-13 16:34:41.500  2580  6071 D OplusAppListInterceptManager: shouldFilterTask::packageName = com.gamepub.pt
09-13 16:35:01.531  2580  4963 D OplusAppListInterceptManager: shouldFilterTask::packageName = com.gamepub.pt
